<html>
<body>
<pre>
<h1>µVision Build Log</h1>
<h2>Tool Versions:</h2>
IDE-Version: ¦ÌVision V5.25.2.0
Copyright (C) 2018 ARM Ltd and ARM Germany GmbH. All rights reserved.
License Information: LI li'feng, ZY, LIC=TIVRA-1BNJ6-II45V-PHL2G-QX6RC-GRUJ8
 
Tool Versions:
Toolchain:       MDK-ARM Plus  Version: 5.25.2.0
Toolchain Path:  C:\Keil_v5\ARM\ARMCC\Bin
C Compiler:      Armcc.exe V5.06 update 6 (build 750)
Assembler:       Armasm.exe V5.06 update 6 (build 750)
Linker/Locator:  ArmLink.exe V5.06 update 6 (build 750)
Library Manager: ArmAr.exe V5.06 update 6 (build 750)
Hex Converter:   FromElf.exe V5.06 update 6 (build 750)
CPU DLL:         SARMCM3.DLL V5.25.2.0
Dialog DLL:      DARMCM1.DLL V1.19.1.0
Target DLL:      Segger\JL2CM3.dll V2.99.29.0
Dialog DLL:      TARMCM1.DLL V1.14.0.0
 
<h2>Project:</h2>
D:\C project\project\KMALER\E10\e10\CODE\BOOT\MDK-ARM\c400 controller.uvproj
Project File Date:  07/25/2024

<h2>Output:</h2>
*** Using Compiler 'V5.06 update 6 (build 750)', folder: 'C:\Keil_v5\ARM\ARMCC\Bin'
Build target 'A610'
compiling system_stm32f0xx.c...
compiling flash.c...
compiling download.c...
..\Src\User\download.c(154): warning:  #177-D: variable "infor"  was declared but never referenced
  	IAP_INF_T infor={0};
..\Src\User\download.c(358): warning:  #550-D: variable "name"  was set but never used
  	u8 name[20] = {0};
..\Src\User\download.c: 2 warnings, 0 errors
compiling ymodem.c...
compiling GPIO.c...
compiling common.c...
compiling main.c...
../Src/main.c(37): warning:  #177-D: variable "device_id"  was declared but never referenced
  	uint8_t device_id[12]={0};
../Src/main.c(38): warning:  #177-D: variable "i"  was declared but never referenced
  	uint8_t i = 0;
../Src/main.c: 2 warnings, 0 errors
compiling stm32f0xx_ll_adc.c...
compiling stm32f0xx_ll_exti.c...
compiling stm32f0xx_ll_utils.c...
compiling stm32f0xx_ll_rcc.c...
compiling stm32f0xx_ll_tim.c...
compiling stm32f0xx_ll_usart.c...
compiling stm32f0xx_it.c...
assembling startup_stm32f030x8.s...
compiling stm32f0xx_ll_pwr.c...
compiling stm32f0xx_ll_dma.c...
compiling stm32f0xx_ll_gpio.c...
compiling stm32f0xx_ll_rtc.c...
linking...
Program Size: Code=6052 RO-data=236 RW-data=52 ZI-data=2324  
FromELF: creating hex file...
After Build - User command #1: C:\Keil\ARM\ARMCC\bin\fromelf.exe --bin --output ../output/bootloader.bin ../output/bootloader.axf
"..\output\bootloader.axf" - 0 Error(s), 4 Warning(s).
Build Time Elapsed:  00:00:02
</pre>
</body>
</html>
