<html>
<body>
<pre>
<h1>µVision Build Log</h1>
<h2>Project:</h2>
D:\C project\project\720\LG-06\lg-06\LG-06 (Motor)\APP\MDK-ARM\A610.uvproj
Project File Date:  06/17/2024

<h2>Output:</h2>
Build target 'A610'
compiling main.c...
../Src/main.c(488): warning:  #177-D: function "MX_RTC_Init" was declared but never referenced
  static void MX_RTC_Init(void)
../Src/main.c(474): warning:  #177-D: function "MX_DMA_Init" was declared but never referenced
  static void MX_DMA_Init(void) 
../Src/main.c(292): warning:  #177-D: function "MX_TIM1_Init" was declared but never referenced
  static void MX_TIM1_Init(void)
../Src/main.c(260): warning:  #177-D: function "MX_IWDG_Init" was declared but never referenced
  static void MX_IWDG_Init(void)
../Src/main.c: 4 warnings, 0 errors
compiling stm32f0xx_it.c...
compiling uart.c...
compiling flash.c...
compiling GPIO.c...
compiling TMC2208.c...
compiling bootloader.c...
compiling RF24L01.c...
compiling pair.c...
compiling motorH.c...
compiling common.c...
compiling motorV.c...
compiling standard.c...
compiling Motor.c...
compiling ADC.c...
compiling wide_angle.c...
compiling specialty_mode.c...
..\Src\User\specialty_mode.c(1193): warning:  #177-D: variable "j" was declared but never referenced
        uint8_t j=0;
..\Src\User\specialty_mode.c: 1 warning, 0 errors
compiling video.c...
compiling timelapse.c...
..\Src\User\timelapse.c(84): warning:  #177-D: variable "move_times" was declared but never referenced
        uint32_t move_times = 0;
..\Src\User\timelapse.c(144): warning:  #177-D: variable "vvdir_check" was declared but never referenced
        uint8_t vvdir_check = 0;
..\Src\User\timelapse.c: 2 warnings, 0 errors
compiling low_power.c...
compiling keyscan.c...
compiling stm32f0xx_hal_pwr.c...
linking...
Program Size: Code=30904 RO-data=284 RW-data=216 ZI-data=5948  
FromELF: creating hex file...
After Build - User command #1: C:\Keil\ARM\ARMCC\bin\fromelf.exe --bin --output ../output/LG-06.bin ../output/LG-06.axf
"..\output\LG-06.axf" - 0 Error(s), 7 Warning(s).
