Component: ARM Compiler 5.06 update 6 (build 750) Tool: armlink [4d35ed]

==============================================================================

Section Cross References

    system_stm32f0xx.o(i.SystemCoreClockUpdate) refers to uidiv.o(.text) for __aeabi_uidivmod
    system_stm32f0xx.o(i.SystemCoreClockUpdate) refers to system_stm32f0xx.o(.data) for .data
    system_stm32f0xx.o(i.SystemCoreClockUpdate) refers to system_stm32f0xx.o(.constdata) for .constdata
    main.o(i.LL_TIM_OC_EnablePreload) refers to main.o(.constdata) for .constdata
    main.o(i.MX_TIM3_Init) refers to main.o(i.LL_APB1_GRP1_EnableClock) for LL_APB1_GRP1_EnableClock
    main.o(i.MX_TIM3_Init) refers to main.o(i.NVIC_SetPriority) for NVIC_SetPriority
    main.o(i.MX_TIM3_Init) refers to stm32f0xx_ll_tim.o(i.LL_TIM_Init) for LL_TIM_Init
    main.o(i.MX_TIM3_Init) refers to main.o(i.LL_TIM_OC_EnablePreload) for LL_TIM_OC_EnablePreload
    main.o(i.MX_TIM3_Init) refers to stm32f0xx_ll_tim.o(i.LL_TIM_OC_Init) for LL_TIM_OC_Init
    main.o(i.MX_TIM3_Init) refers to stm32f0xx_ll_gpio.o(i.LL_GPIO_Init) for LL_GPIO_Init
    main.o(i.MX_TIM3_Init) refers to main.o(.constdata) for .constdata
    main.o(i.SystemClock_Config) refers to stm32f0xx_ll_utils.o(i.LL_Init1msTick) for LL_Init1msTick
    main.o(i.main) refers to main.o(i.SystemClock_Config) for SystemClock_Config
    main.o(i.main) refers to main.o(i.LL_AHB1_GRP1_EnableClock) for LL_AHB1_GRP1_EnableClock
    main.o(i.main) refers to gpio.o(i.Device_init) for Device_init
    main.o(i.main) refers to adc.o(i.A_d_c_int) for A_d_c_int
    main.o(i.main) refers to main.o(i.MX_TIM3_Init) for MX_TIM3_Init
    main.o(i.main) refers to main.o(i.LL_APB1_GRP1_EnableClock) for LL_APB1_GRP1_EnableClock
    main.o(i.main) refers to main.o(i.NVIC_SetPriority) for NVIC_SetPriority
    main.o(i.main) refers to stm32f0xx_ll_tim.o(i.LL_TIM_Init) for LL_TIM_Init
    main.o(i.main) refers to uart.o(i.MX_USART2_UART_Init) for MX_USART2_UART_Init
    main.o(i.main) refers to flash.o(i.check_uid) for check_uid
    main.o(i.main) refers to motor.o(i.motor_init) for motor_init
    main.o(i.main) refers to rf24l01.o(i.Nrf24L01_init) for Nrf24L01_init
    main.o(i.main) refers to pair.o(i.Burn_code_value) for Burn_code_value
    main.o(i.main) refers to gpio.o(i.BLE_PWR_TurnOn) for BLE_PWR_TurnOn
    main.o(i.main) refers to flash.o(i.write_flash_active) for write_flash_active
    main.o(i.main) refers to gpio.o(i.usb_voltage_tatus) for usb_voltage_tatus
    main.o(i.main) refers to keyscan.o(i.keyscan) for keyscan
    main.o(i.main) refers to adc.o(i.read_ADC_value) for read_ADC_value
    main.o(i.main) refers to common.o(i.Angle_real_time_transmission) for Angle_real_time_transmission
    main.o(i.main) refers to gpio.o(i.bluetooth_pair_led) for bluetooth_pair_led
    main.o(i.main) refers to common.o(i.set_abpoint_slow_stopORstart) for set_abpoint_slow_stopORstart
    main.o(i.main) refers to common.o(i.Manual_HH_slowStartOrStop) for Manual_HH_slowStartOrStop
    main.o(i.main) refers to timelapse.o(i.DelayMode_slowly_startedORstop) for DelayMode_slowly_startedORstop
    main.o(i.main) refers to timelapse.o(i.DelayMode_FindABpoint_End) for DelayMode_FindABpoint_End
    main.o(i.main) refers to standard.o(i.BLE_shut_stop) for BLE_shut_stop
    main.o(i.main) refers to specialty_mode.o(i.camera_shutter_shot) for camera_shutter_shot
    main.o(i.main) refers to specialty_mode.o(i.specialty_mode_main) for specialty_mode_main
    main.o(i.main) refers to specialty_mode.o(i.FindOrigin_over_to_Sart) for FindOrigin_over_to_Sart
    main.o(i.main) refers to specialty_mode.o(i.Sync_data_for_controller) for Sync_data_for_controller
    main.o(i.main) refers to specialty_mode.o(i.SpHHmotor_slowly_startedORstop) for SpHHmotor_slowly_startedORstop
    main.o(i.main) refers to video.o(i.Video_MotorHH_slowly_startedORstop) for Video_MotorHH_slowly_startedORstop
    main.o(i.main) refers to video.o(i.Video_FindABpoint_End) for Video_FindABpoint_End
    main.o(i.main) refers to video.o(i.limit_angle_360) for limit_angle_360
    main.o(i.main) refers to timelapse.o(i.delay_mode_main) for delay_mode_main
    main.o(i.main) refers to rf24l01.o(i.wifi24G_data_Dispose) for wifi24G_data_Dispose
    main.o(i.main) refers to common.o(i.All_slow_check) for All_slow_check
    stm32f0xx_it.o(i.DMA1_Channel2_3_IRQHandler) refers to uart.o(i.Dma_SendIRQ_Dispose) for Dma_SendIRQ_Dispose
    stm32f0xx_it.o(i.DMA1_Channel4_5_IRQHandler) refers to uart.o(i.Usart22_Dma_SendIRQ_Dispose) for Usart22_Dma_SendIRQ_Dispose
    stm32f0xx_it.o(i.EXTI4_15_IRQHandler) refers to keyscan.o(i.set_press_time) for set_press_time
    stm32f0xx_it.o(i.EXTI4_15_IRQHandler) refers to gpio.o(i.usb_voltage_tatus) for usb_voltage_tatus
    stm32f0xx_it.o(i.TIM14_IRQHandler) refers to adc.o(i.adc_cout) for adc_cout
    stm32f0xx_it.o(i.TIM14_IRQHandler) refers to keyscan.o(i.scan_cycle_count) for scan_cycle_count
[...]
    _ll_ushift_r                             0x080027a9   Thumb Code     0  llushr.o(.text)
    __aeabi_lasr                             0x080027cb   Thumb Code    38  llsshr.o(.text)
    _ll_sshift_r                             0x080027cb   Thumb Code     0  llsshr.o(.text)
    __I$use$fp                               0x080027f1   Thumb Code     0  iusefp.o(.text)
    _float_round                             0x080027f1   Thumb Code    16  fepilogue.o(.text)
    _float_epilogue                          0x08002801   Thumb Code   114  fepilogue.o(.text)
    _double_round                            0x08002873   Thumb Code    26  depilogue.o(.text)
    _double_epilogue                         0x0800288d   Thumb Code   164  depilogue.o(.text)
    __scatterload                            0x08002931   Thumb Code    28  init.o(.text)
    __scatterload_rt2                        0x08002931   Thumb Code     0  init.o(.text)
    ADC_GetCalibrationFactor                 0x08002955   Thumb Code    52  adc.o(i.ADC_GetCalibrationFactor)
    ADC_shutdown                             0x0800298d   Thumb Code    76  low_power.o(i.ADC_shutdown)
    A_d_c_int                                0x080029e5   Thumb Code    16  adc.o(i.A_d_c_int)
    Absolute_value_calculation               0x080029f5   Thumb Code    12  common.o(i.Absolute_value_calculation)
    Adc_Gpio_init                            0x08002a01   Thumb Code    48  gpio.o(i.Adc_Gpio_init)
    Adc_function_init                        0x08002a35   Thumb Code   110  adc.o(i.Adc_function_init)
    All_slow_check                           0x0800311b   Thumb Code    40  common.o(i.All_slow_check)
    Angle_real_time_transmission             0x08003145   Thumb Code   152  common.o(i.Angle_real_time_transmission)
    BLE_PWR_TurnOn                           0x080031f1   Thumb Code    52  gpio.o(i.BLE_PWR_TurnOn)
    BLE_shut_start                           0x08003225   Thumb Code    30  standard.o(i.BLE_shut_start)
    BLE_shut_stop                            0x08003249   Thumb Code    30  standard.o(i.BLE_shut_stop)
    Burn_code_value                          0x0800326d   Thumb Code   312  pair.o(i.Burn_code_value)
    Cancel_the_para_set_return               0x080033c5   Thumb Code   136  specialty_mode.o(i.Cancel_the_para_set_return)
    Check_Buffer_Empty                       0x08003455   Thumb Code    28  common.o(i.Check_Buffer_Empty)
    DMA1_Channel1_IRQHandler                 0x08003471   Thumb Code     2  stm32f0xx_it.o(i.DMA1_Channel1_IRQHandler)
    DMA1_Channel2_3_IRQHandler               0x08003473   Thumb Code     8  stm32f0xx_it.o(i.DMA1_Channel2_3_IRQHandler)
    DMA1_Channel4_5_IRQHandler               0x0800347b   Thumb Code     8  stm32f0xx_it.o(i.DMA1_Channel4_5_IRQHandler)
    DelayMode_FindABpoint_End                0x08003485   Thumb Code    68  timelapse.o(i.DelayMode_FindABpoint_End)
    DelayMode_slowly_startedORstop           0x080034dd   Thumb Code   156  timelapse.o(i.DelayMode_slowly_startedORstop)
    Delay_FindABpoint_pluse_check            0x08003581   Thumb Code    94  timelapse.o(i.Delay_FindABpoint_pluse_check)
    Delay_FindABpoint_slow_check             0x080035ed   Thumb Code    78  timelapse.o(i.Delay_FindABpoint_slow_check)
    Delay_Max_amount_check                   0x08003649   Thumb Code    34  timelapse.o(i.Delay_Max_amount_check)
    Delay_MotorHH_Start_check_diretion       0x08003671   Thumb Code   116  timelapse.o(i.Delay_MotorHH_Start_check_diretion)
    Delay_find_Origin_checkStop              0x080036f1   Thumb Code    70  timelapse.o(i.Delay_find_Origin_checkStop)
    Delay_find_Origin_slow_check             0x08003745   Thumb Code   122  timelapse.o(i.Delay_find_Origin_slow_check)
    Delay_get_data_from_controller           0x080037d9   Thumb Code   152  timelapse.o(i.Delay_get_data_from_controller)
    Delay_mode_Dir_check                     0x08003881   Thumb Code    54  timelapse.o(i.Delay_mode_Dir_check)
    Delay_mode_find_Apoint                   0x080038c5   Thumb Code   140  timelapse.o(i.Delay_mode_find_Apoint)
    Delay_mode_para_clear                    0x08003961   Thumb Code    42  timelapse.o(i.Delay_mode_para_clear)
    Delay_motorHH_move_time_compara          0x080039a1   Thumb Code    74  timelapse.o(i.Delay_motorHH_move_time_compara)
    Delay_move_speed_calculate               0x08003a01   Thumb Code    76  timelapse.o(i.Delay_move_speed_calculate)
    Delay_set_abPoint                        0x08003a55   Thumb Code   204  timelapse.o(i.Delay_set_abPoint)
    Delay_total_time_calculate               0x08003b2d   Thumb Code   140  timelapse.o(i.Delay_total_time_calculate)
    Delete_mode_para                         0x08003bc1   Thumb Code   204  specialty_mode.o(i.Delete_mode_para)
    Device_init                              0x08003c9d   Thumb Code    28  gpio.o(i.Device_init)
    Dma_SendIRQ_Dispose                      0x08003cb9   Thumb Code    34  uart.o(i.Dma_SendIRQ_Dispose)
    Dma_int                                  0x08003ce1   Thumb Code   156  adc.o(i.Dma_int)
    EXTI4_15_IRQHandler                      0x08003d95   Thumb Code    42  stm32f0xx_it.o(i.EXTI4_15_IRQHandler)
    FLASH_ErasePage                          0x08003dc5   Thumb Code    60  flash.o(i.FLASH_ErasePage)
    FLASH_GetStatus                          0x08003e05   Thumb Code    34  flash.o(i.FLASH_GetStatus)
    FLASH_Lock                               0x08003e2d   Thumb Code    12  flash.o(i.FLASH_Lock)
    FLASH_ProgramHalfWord                    0x08003e3d   Thumb Code    56  flash.o(i.FLASH_ProgramHalfWord)
    FLASH_Unlock                             0x08003e79   Thumb Code    18  flash.o(i.FLASH_Unlock)
    FLASH_WaitForLastOperation               0x08003e99   Thumb Code    34  flash.o(i.FLASH_WaitForLastOperation)
    Feed_IWDG                                0x08003ebb   Thumb Code     2  main.o(i.Feed_IWDG)
    FindOrigin_over_to_Sart                  0x08003ebd   Thumb Code   112  specialty_mode.o(i.FindOrigin_over_to_Sart)
    GPIO_INUP_Init                           0x08003f4d   Thumb Code    26  gpio.o(i.GPIO_INUP_Init)
    GPIO_OUT_init                            0x08003f67   Thumb Code    28  gpio.o(i.GPIO_OUT_init)
    Get_data_from_controller                 0x08003f85   Thumb Code   618  common.o(i.Get_data_from_controller)
    Gpio_time_count                          0x08004211   Thumb Code    14  gpio.o(i.Gpio_time_count)
    Green_Led_Brightness                     0x08004225   Thumb Code    42  gpio.o(i.Green_Led_Brightness)
    Green_led_onORoff                        0x08004259   Thumb Code    26  gpio.o(i.Green_led_onORoff)
    HAL_PWR_EnterSTOPMode                    0x0800427d   Thumb Code    44  stm32f0xx_hal_pwr.o(i.HAL_PWR_EnterSTOPMode)
    HHmotor_return_to_theOrigin_start        0x080042b1   Thumb Code    58  specialty_mode.o(i.HHmotor_return_to_theOrigin_start)
    HardFault_Handler                        0x080042f9   Thumb Code     2  stm32f0xx_it.o(i.HardFault_Handler)
    Horizontal_pulse_goBack                  0x080042fd   Thumb Code    78  specialty_mode.o(i.Horizontal_pulse_goBack)
    Horizontal_start                         0x08004359   Thumb Code    30  standard.o(i.Horizontal_start)
    Irq_gpio_init                            0x08004381   Thumb Code    16  rf24l01.o(i.Irq_gpio_init)
    LL_GPIO_Init                             0x08004579   Thumb Code   168  stm32f0xx_ll_gpio.o(i.LL_GPIO_Init)
    LL_Init1msTick                           0x0800463d   Thumb Code    26  stm32f0xx_ll_utils.o(i.LL_Init1msTick)
    LL_RCC_GetSystemClocksFreq               0x0800465d   Thumb Code    24  stm32f0xx_ll_rcc.o(i.LL_RCC_GetSystemClocksFreq)
    LL_RCC_GetUSARTClockFreq                 0x08004675   Thumb Code    76  stm32f0xx_ll_rcc.o(i.LL_RCC_GetUSARTClockFreq)
    LL_TIM_Init                              0x080046e9   Thumb Code   108  stm32f0xx_ll_tim.o(i.LL_TIM_Init)
    LL_TIM_OC_Init                           0x080047c5   Thumb Code    68  stm32f0xx_ll_tim.o(i.LL_TIM_OC_Init)
    LL_USART_Init                            0x08004809   Thumb Code   156  stm32f0xx_ll_usart.o(i.LL_USART_Init)
    Led_init                                 0x080048b5   Thumb Code    30  gpio.o(i.Led_init)
    LittleEndia_BigEndia_Interconvert_32     0x080048dd   Thumb Code    22  uid_encryption.o(i.LittleEndia_BigEndia_Interconvert_32)
    MX_USART2_UART_Init                      0x080049bd   Thumb Code    20  uart.o(i.MX_USART2_UART_Init)
    Manaul_speed_conversion                  0x080049d1   Thumb Code   238  common.o(i.Manaul_speed_conversion)
    Manu_mode_dir_check                      0x08004ae1   Thumb Code    46  common.o(i.Manu_mode_dir_check)
    Manual_HH_slowStartOrStop                0x08004b1d   Thumb Code   138  common.o(i.Manual_HH_slowStartOrStop)
    Manual_mode_dir_set                      0x08004bb1   Thumb Code    42  common.o(i.Manual_mode_dir_set)
    ManulHH_mode_pulse_check                 0x08004be9   Thumb Code    30  common.o(i.ManulHH_mode_pulse_check)
    Manul_SartOrStop                         0x08004c11   Thumb Code    36  common.o(i.Manul_SartOrStop)
    Manul_Turn_the_shuter                    0x08004c39   Thumb Code    28  standard.o(i.Manul_Turn_the_shuter)
    MotorHH_Video_compensation_check         0x08004c59   Thumb Code   270  video.o(i.MotorHH_Video_compensation_check)
    MotorHH_Video_move_time_check            0x08004d79   Thumb Code   158  video.o(i.MotorHH_Video_move_time_check)
    MotorVV_Video_compensation_check         0x08004e25   Thumb Code   278  video.o(i.MotorVV_Video_compensation_check)
    MotorVV_Video_move_time_check            0x08004f4d   Thumb Code   172  video.o(i.MotorVV_Video_move_time_check)
    NMI_Handler                              0x08005005   Thumb Code     2  stm32f0xx_it.o(i.NMI_Handler)
    NRF24L01_Clear_IRQ_Flag                  0x08005007   Thumb Code    46  rf24l01.o(i.NRF24L01_Clear_IRQ_Flag)
    NRF24L01_Read_Buf                        0x08005035   Thumb Code    44  rf24l01.o(i.NRF24L01_Read_Buf)
    NRF24L01_Read_Reg                        0x08005061   Thumb Code    26  rf24l01.o(i.NRF24L01_Read_Reg)
    NRF24L01_Read_Status_Register            0x0800507b   Thumb Code    22  rf24l01.o(i.NRF24L01_Read_Status_Register)
    NRF24L01_RxPacket                        0x08005091   Thumb Code    80  rf24l01.o(i.NRF24L01_RxPacket)
    NRF24L01_Set_RxAddr                      0x080050e5   Thumb Code    24  rf24l01.o(i.NRF24L01_Set_RxAddr)
    NRF24L01_Set_TxAddr                      0x080050fd   Thumb Code    20  rf24l01.o(i.NRF24L01_Set_TxAddr)
    NRF24L01_TxPacket                        0x08005111   Thumb Code   132  rf24l01.o(i.NRF24L01_TxPacket)
    NRF24L01_Write_Buf                       0x0800519d   Thumb Code    46  rf24l01.o(i.NRF24L01_Write_Buf)
    NRF24L01_Write_Reg                       0x080051cb   Thumb Code    32  rf24l01.o(i.NRF24L01_Write_Reg)
    NRF24L01_check                           0x080051ed   Thumb Code    88  rf24l01.o(i.NRF24L01_check)
    Nrf24L01_init                            0x0800535d   Thumb Code    28  rf24l01.o(i.Nrf24L01_init)
    PULSE_SUM                                0x080055a5   Thumb Code    18  common.o(i.PULSE_SUM)
    Package_dataBufer                        0x080055bd   Thumb Code    42  common.o(i.Package_dataBufer)
    Pairing_time                             0x080055ed   Thumb Code    14  pair.o(i.Pairing_time)
    Panorama_find_end_point_checkStop        0x08005601   Thumb Code    56  standard.o(i.Panorama_find_end_point_checkStop)
    Panorama_find_end_point_slowChcek        0x08005641   Thumb Code    94  standard.o(i.Panorama_find_end_point_slowChcek)
    Panorama_mode_find_Apoint                0x080056b9   Thumb Code    52  standard.o(i.Panorama_mode_find_Apoint)
    PendSV_Handler                           0x080056f5   Thumb Code     2  stm32f0xx_it.o(i.PendSV_Handler)
    RCC_GetHCLKClockFreq                     0x080056f9   Thumb Code    18  stm32f0xx_ll_rcc.o(i.RCC_GetHCLKClockFreq)
    RCC_GetPCLK1ClockFreq                    0x08005715   Thumb Code    16  stm32f0xx_ll_rcc.o(i.RCC_GetPCLK1ClockFreq)
    RCC_GetSystemClockFreq                   0x0800572d   Thumb Code    28  stm32f0xx_ll_rcc.o(i.RCC_GetSystemClockFreq)
    RCC_PLL_GetFreqDomain_SYS                0x08005751   Thumb Code    50  stm32f0xx_ll_rcc.o(i.RCC_PLL_GetFreqDomain_SYS)
    RF24L01_GPIO_Init                        0x0800578d   Thumb Code    52  rf24l01.o(i.RF24L01_GPIO_Init)
    RF24L01_Init                             0x080057c5   Thumb Code   124  rf24l01.o(i.RF24L01_Init)
    RF24L01_Set_Mode                         0x08005849   Thumb Code    40  rf24l01.o(i.RF24L01_Set_Mode)
    RTC_IRQHandler                           0x08005871   Thumb Code    22  stm32f0xx_it.o(i.RTC_IRQHandler)
    Ramp_Speed_Load                          0x08005891   Thumb Code   108  motor.o(i.Ramp_Speed_Load)
    Read_versions                            0x0800590d   Thumb Code    54  bootloader.o(i.Read_versions)
    Red_led_tack                             0x08005943   Thumb Code    10  common.o(i.Red_led_tack)
    Reset_Tx_Complete                        0x0800594d   Thumb Code    12  uart.o(i.Reset_Tx_Complete)
    Reset_theSystem                          0x0800595d   Thumb Code    30  low_power.o(i.Reset_theSystem)
    Reshot_Clear                             0x08005981   Thumb Code    12  specialty_mode.o(i.Reshot_Clear)
    Reshot_move                              0x08005995   Thumb Code    98  specialty_mode.o(i.Reshot_move)
    Reshot_pulses_check_stop                 0x08005a09   Thumb Code    66  specialty_mode.o(i.Reshot_pulses_check_stop)
    SVC_Handler                              0x08005a5d   Thumb Code     2  stm32f0xx_it.o(i.SVC_Handler)
    Send_connect_data_to_controller          0x08005a61   Thumb Code   310  common.o(i.Send_connect_data_to_controller)
    Send_find_the_Apoint_tag                 0x08005bb5   Thumb Code    54  standard.o(i.Send_find_the_Apoint_tag)
    Send_para_data_to_controller             0x08005bf1   Thumb Code    80  common.o(i.Send_para_data_to_controller)
    Set_adc_back                             0x08005c4d   Thumb Code     8  adc.o(i.Set_adc_back)
    Set_origin_OK                            0x08005c59   Thumb Code    48  common.o(i.Set_origin_OK)
    Set_origin_move                          0x08005c95   Thumb Code   272  common.o(i.Set_origin_move)
    ShutDown                                 0x08005dc1   Thumb Code   126  low_power.o(i.ShutDown)
    ShutDown_AllIO_High_resistance_mode      0x08005e59   Thumb Code    66  gpio.o(i.ShutDown_AllIO_High_resistance_mode)
    SpHHmotor_slowly_startedORstop           0x08005eb5   Thumb Code    84  specialty_mode.o(i.SpHHmotor_slowly_startedORstop)
    SpHHorizontal_slow_check                 0x08005f1d   Thumb Code    44  specialty_mode.o(i.SpHHorizontal_slow_check)
    SpHHorizontal_start                      0x08005f55   Thumb Code    32  specialty_mode.o(i.SpHHorizontal_start)
    SpResot_slow_check                       0x08005f7d   Thumb Code    58  specialty_mode.o(i.SpResot_slow_check)
    SpVVertical_start                        0x08005fc9   Thumb Code    36  specialty_mode.o(i.SpVVertical_start)
    Sp_para_start_init                       0x08005ff5   Thumb Code   142  specialty_mode.o(i.Sp_para_start_init)
    Spe_manul_Shuting                        0x08006091   Thumb Code    90  specialty_mode.o(i.Spe_manul_Shuting)
    SpecialtyHH_Ramp_Speed_Load              0x08006101   Thumb Code   134  specialty_mode.o(i.SpecialtyHH_Ramp_Speed_Load)
    Specialty_Get_data_from_controller       0x0800619d   Thumb Code   506  specialty_mode.o(i.Specialty_Get_data_from_controller)
    Specialty_Key_start                      0x080063a9   Thumb Code    34  specialty_mode.o(i.Specialty_Key_start)
    Specialty_Send_data                      0x080063d9   Thumb Code   166  specialty_mode.o(i.Specialty_Send_data)
    Specialty_Send_reshot_to_controller      0x08006489   Thumb Code    64  specialty_mode.o(i.Specialty_Send_reshot_to_controller)
    Specialty_first_begin                    0x080064cd   Thumb Code    74  specialty_mode.o(i.Specialty_first_begin)
    Specialty_loop_check                     0x08006529   Thumb Code    38  specialty_mode.o(i.Specialty_loop_check)
    Specialty_modeID_sendt                   0x08006555   Thumb Code    62  specialty_mode.o(i.Specialty_modeID_sendt)
    Specialty_mode_Start                     0x0800659d   Thumb Code   206  specialty_mode.o(i.Specialty_mode_Start)
    Speialty_Horizontal_pulse_check          0x0800667d   Thumb Code    84  specialty_mode.o(i.Speialty_Horizontal_pulse_check)
    Standard_Get_data_from_controller        0x080066e5   Thumb Code   132  standard.o(i.Standard_Get_data_from_controller)
    String_Printf                            0x08006775   Thumb Code    70  uart.o(i.String_Printf)
    Sync_data_for_controller                 0x080067c5   Thumb Code    62  specialty_mode.o(i.Sync_data_for_controller)
    SysTick_Handler                          0x0800680d   Thumb Code     2  stm32f0xx_it.o(i.SysTick_Handler)
    SystemClock_Config                       0x08006811   Thumb Code   196  main.o(i.SystemClock_Config)
    SystemInit                               0x080068e5   Thumb Code    78  system_stm32f0xx.o(i.SystemInit)
    TIM14_IRQHandler                         0x08006941   Thumb Code    52  stm32f0xx_it.o(i.TIM14_IRQHandler)
    TIM1_BRK_UP_TRG_COM_IRQHandler           0x08006979   Thumb Code     2  stm32f0xx_it.o(i.TIM1_BRK_UP_TRG_COM_IRQHandler)
    TIM3_IRQHandler                          0x0800697d   Thumb Code    36  stm32f0xx_it.o(i.TIM3_IRQHandler)
    TIM6_IRQHandler                          0x080069a5   Thumb Code    16  stm32f0xx_it.o(i.TIM6_IRQHandler)
    TMC22xx_Init                             0x080069b9   Thumb Code    12  gpio.o(i.TMC22xx_Init)
    Timelapse_loop_check                     0x080069c9   Thumb Code    34  timelapse.o(i.Timelapse_loop_check)
    Times_convert_to_speed                   0x080069f1   Thumb Code   106  video.o(i.Times_convert_to_speed)
    UID_Encryption_Key_Check                 0x08006a6d   Thumb Code    70  uid_encryption.o(i.UID_Encryption_Key_Check)
    USART1_IRQHandler                        0x08006abd   Thumb Code    22  stm32f0xx_it.o(i.USART1_IRQHandler)
    USART2_IRQHandler                        0x08006ad9   Thumb Code    22  stm32f0xx_it.o(i.USART2_IRQHandler)
    Usart11_Interval_set                     0x08006af5   Thumb Code     8  uart.o(i.Usart11_Interval_set)
    Usart22_Dma_SendIRQ_Dispose              0x08006b01   Thumb Code    36  uart.o(i.Usart22_Dma_SendIRQ_Dispose)
    Usart22_Receiver                         0x08006b29   Thumb Code    58  uart.o(i.Usart22_Receiver)
    Usart22_Reset_Tx_Complete                0x08006bf9   Thumb Code    12  uart.o(i.Usart22_Reset_Tx_Complete)
    Usart22_init                             0x08006c9d   Thumb Code   152  uart.o(i.Usart22_init)
    Vertical_start                           0x08006d3d   Thumb Code    30  standard.o(i.Vertical_start)
    Video_Fastest_time_check                 0x08006d65   Thumb Code   112  video.o(i.Video_Fastest_time_check)
    Video_FindABpoint_End                    0x08006de1   Thumb Code    80  video.o(i.Video_FindABpoint_End)
    Video_FindABpoint_pluse_check            0x08006e39   Thumb Code    90  video.o(i.Video_FindABpoint_pluse_check)
    Video_FindABpoint_slow_check             0x08006ea1   Thumb Code   134  video.o(i.Video_FindABpoint_slow_check)
    Video_Find_ABpoint_notify                0x08006f41   Thumb Code    38  video.o(i.Video_Find_ABpoint_notify)
    Video_Get_data_from_controller           0x08006f69   Thumb Code   202  video.o(i.Video_Get_data_from_controller)
    Video_MotorHH_Start_check_diretion       0x08007049   Thumb Code   112  video.o(i.Video_MotorHH_Start_check_diretion)
    Video_MotorHH_slowly_startedORstop       0x080070c5   Thumb Code    96  video.o(i.Video_MotorHH_slowly_startedORstop)
    Video_abPoint_set                        0x08007131   Thumb Code   224  video.o(i.Video_abPoint_set)
    Video_compensation_change_speed          0x08007229   Thumb Code   126  video.o(i.Video_compensation_change_speed)
    Video_find_Apoint                        0x080072b5   Thumb Code   172  video.o(i.Video_find_Apoint)
    Video_find_Origin_checkStop              0x0800736d   Thumb Code   148  video.o(i.Video_find_Origin_checkStop)
    Video_find_Origin_slow_check             0x08007415   Thumb Code   210  video.o(i.Video_find_Origin_slow_check)
    Video_loop_check                         0x08007505   Thumb Code    46  video.o(i.Video_loop_check)
    Video_mode_para_clear                    0x08007539   Thumb Code    48  video.o(i.Video_mode_para_clear)
    Video_motorHH_start                      0x08007579   Thumb Code    84  video.o(i.Video_motorHH_start)
    Video_motorVV_start                      0x080075d1   Thumb Code   102  video.o(i.Video_motorVV_start)
    Video_move_times_limit                   0x0800763d   Thumb Code    92  video.o(i.Video_move_times_limit)
    Video_ram_load                           0x080076a1   Thumb Code   236  video.o(i.Video_ram_load)
    Video_slow_pulse_check                   0x080077a1   Thumb Code   220  video.o(i.Video_slow_pulse_check)
    Video_speed_calculate                    0x08007895   Thumb Code    16  video.o(i.Video_speed_calculate)
    Video_start                              0x080078a5   Thumb Code    30  video.o(i.Video_start)
    __ARM_clz                                0x080078c9   Thumb Code    46  depilogue.o(i.__ARM_clz)
    __scatterload_copy                       0x080078f7   Thumb Code    14  handlers.o(i.__scatterload_copy)
    __scatterload_null                       0x08007905   Thumb Code     2  handlers.o(i.__scatterload_null)
    __scatterload_zeroinit                   0x08007907   Thumb Code    14  handlers.o(i.__scatterload_zeroinit)
    adc_cout                                 0x08007915   Thumb Code    14  adc.o(i.adc_cout)
    battery_send_to_controller               0x08007929   Thumb Code    86  common.o(i.battery_send_to_controller)
    ble_init                                 0x08007991   Thumb Code    76  gpio.o(i.ble_init)
    ble_shut_time_count                      0x080079dd   Thumb Code    38  standard.o(i.ble_shut_time_count)
    bluetooth_pair_led                       0x08007a09   Thumb Code   150  gpio.o(i.bluetooth_pair_led)
    bootloader_action_if                     0x08007ac1   Thumb Code   138  bootloader.o(i.bootloader_action_if)
    calculate_fast_speed                     0x08007b65   Thumb Code   126  video.o(i.calculate_fast_speed)
    calculate_fast_speed_and_ramp_time       0x08007bf1   Thumb Code    68  motor.o(i.calculate_fast_speed_and_ramp_time)
    camera_shutter_shot                      0x08007c41   Thumb Code    36  specialty_mode.o(i.camera_shutter_shot)
    check_enter_boot_if                      0x08007c6d   Thumb Code    80  bootloader.o(i.check_enter_boot_if)
    check_sum_add                            0x08007cc5   Thumb Code    28  common.o(i.check_sum_add)
    check_sum_add22                          0x08007ce1   Thumb Code    28  pair.o(i.check_sum_add22)
    check_the_powers_status                  0x08007cfd   Thumb Code    16  keyscan.o(i.check_the_powers_status)
    check_uid                                0x08007d11   Thumb Code    46  flash.o(i.check_uid)
    checksum_verify                          0x08007d55   Thumb Code    38  uart.o(i.checksum_verify)
    delay_mode_countdwon_display             0x08007d7d   Thumb Code    72  timelapse.o(i.delay_mode_countdwon_display)
    delay_mode_main                          0x08007dd1   Thumb Code   198  timelapse.o(i.delay_mode_main)
    delay_mode_para_clear                    0x08007eb9   Thumb Code    12  timelapse.o(i.delay_mode_para_clear)
    delay_mode_start                         0x08007ec9   Thumb Code   102  timelapse.o(i.delay_mode_start)
    delay_mode_time_countdwon                0x08007f4d   Thumb Code   100  timelapse.o(i.delay_mode_time_countdwon)
    delay_move_para_get                      0x08007fc1   Thumb Code    42  timelapse.o(i.delay_move_para_get)
    disable_interrupt                        0x08007ff5   Thumb Code   178  low_power.o(i.disable_interrupt)
    drv_spi_read_write_byte                  0x080080c1   Thumb Code    72  rf24l01.o(i.drv_spi_read_write_byte)
    enable_interrupt                         0x0800810d   Thumb Code    18  low_power.o(i.enable_interrupt)
    enter_bootloader                         0x08008129   Thumb Code    24  bootloader.o(i.enter_bootloader)
    filtering                                0x08008149   Thumb Code    88  adc.o(i.filtering)
    get_countdown_time                       0x080081b1   Thumb Code   162  standard.o(i.get_countdown_time)
    if_write_flash                           0x08008279   Thumb Code     8  flash.o(i.if_write_flash)
    input_opendrain                          0x08008285   Thumb Code    30  gpio.o(i.input_opendrain)
    key_Handle                               0x080082a5   Thumb Code    22  keyscan.o(i.key_Handle)
    key_gpio_init                            0x080082c1   Thumb Code    32  gpio.o(i.key_gpio_init)
    keyscan                                  0x080082e5   Thumb Code   128  keyscan.o(i.keyscan)
    leve_turn_on_shutter                     0x0800836d   Thumb Code    14  specialty_mode.o(i.leve_turn_on_shutter)
    lights_flash                             0x08008385   Thumb Code    36  pair.o(i.lights_flash)
    limit_angle_360                          0x080083b5   Thumb Code   132  video.o(i.limit_angle_360)
    main                                     0x08008455   Thumb Code   294  main.o(i.main)
    manaul_slow_timeSet                      0x08008595   Thumb Code    94  common.o(i.manaul_slow_timeSet)
    motorHH_ToUpdata_timer                   0x080085f9   Thumb Code    22  motorh.o(i.motorHH_ToUpdata_timer)
    motorHH_direction_change                 0x08008619   Thumb Code    18  motorh.o(i.motorHH_direction_change)
    motorHH_pulse_count                      0x08008631   Thumb Code    96  motorh.o(i.motorHH_pulse_count)
    motorHH_speed_set                        0x0800869d   Thumb Code    32  motorh.o(i.motorHH_speed_set)
    motorHH_start                            0x080086c5   Thumb Code    24  motorh.o(i.motorHH_start)
    motorHH_stop                             0x080086e9   Thumb Code    26  motorh.o(i.motorHH_stop)
    motorVV_direction_change                 0x08008711   Thumb Code    18  motorv.o(i.motorVV_direction_change)
    motorVV_speed_set                        0x08008729   Thumb Code    32  motorv.o(i.motorVV_speed_set)
    motorVV_start                            0x08008751   Thumb Code     2  motorv.o(i.motorVV_start)
    motorVV_stop                             0x08008753   Thumb Code     2  motorv.o(i.motorVV_stop)
    motor_init                               0x08008755   Thumb Code    42  motor.o(i.motor_init)
    motor_pwr_init                           0x08008791   Thumb Code    60  gpio.o(i.motor_pwr_init)
    para_init                                0x080087cd   Thumb Code    18  common.o(i.para_init)
    para_init_set                            0x080087e5   Thumb Code    12  common.o(i.para_init_set)
    para_read_from_flash                     0x080087fd   Thumb Code    44  flash.o(i.para_read_from_flash)
    percentage_get                           0x08008839   Thumb Code    62  adc.o(i.percentage_get)
    press_key_continue                       0x0800888d   Thumb Code    54  keyscan.o(i.press_key_continue)
    pwrKey_exti_interrupt                    0x080088d1   Thumb Code    38  gpio.o(i.pwrKey_exti_interrupt)
    read_ADC_value                           0x080088fd   Thumb Code   172  adc.o(i.read_ADC_value)
    read_flash_holfword                      0x080089c1   Thumb Code   124  flash.o(i.read_flash_holfword)
    return_checksum                          0x08008a3d   Thumb Code     6  bootloader.o(i.return_checksum)
    scan_cycle_count                         0x08008a49   Thumb Code    34  keyscan.o(i.scan_cycle_count)
    send_interval_count                      0x08008a71   Thumb Code    28  uart.o(i.send_interval_count)
    set_abpoint_slow_stopORstart             0x08008a91   Thumb Code   146  common.o(i.set_abpoint_slow_stopORstart)
    set_abpoint_start_setting                0x08008b39   Thumb Code    28  video.o(i.set_abpoint_start_setting)
    set_press_time                           0x08008b59   Thumb Code     8  keyscan.o(i.set_press_time)
    set_slow_time_data                       0x08008b69   Thumb Code    26  common.o(i.set_slow_time_data)
    shutdown_motor_pwr                       0x08008b8d   Thumb Code    14  gpio.o(i.shutdown_motor_pwr)
    shutter_gpio_init                        0x08008b9d   Thumb Code    14  gpio.o(i.shutter_gpio_init)
    shutter_processing                       0x08008bb1   Thumb Code    18  gpio.o(i.shutter_processing)
    shutter_time_counts                      0x08008bc9   Thumb Code    14  specialty_mode.o(i.shutter_time_counts)
    slider_upORdown                          0x08008bdd   Thumb Code     6  common.o(i.slider_upORdown)
    sp_Factory_default                       0x08008be9   Thumb Code    38  specialty_mode.o(i.sp_Factory_default)
    sp_para_init                             0x08008c19   Thumb Code    34  specialty_mode.o(i.sp_para_init)
    spe_mode_clear                           0x08008c45   Thumb Code    30  specialty_mode.o(i.spe_mode_clear)
    specialty_mode_main                      0x08008c6d   Thumb Code   420  specialty_mode.o(i.specialty_mode_main)
    specialty_mode_para_clear                0x08008e31   Thumb Code    20  specialty_mode.o(i.specialty_mode_para_clear)
    specialty_mode_param_display             0x08008e4d   Thumb Code   102  specialty_mode.o(i.specialty_mode_param_display)
    specialty_parameter_calculate            0x08008ec5   Thumb Code   110  specialty_mode.o(i.specialty_parameter_calculate)
    speed_calculat                           0x08008f45   Thumb Code    20  motor.o(i.speed_calculat)
    standard_countdown_time_display          0x08008f59   Thumb Code   112  standard.o(i.standard_countdown_time_display)
    standard_mode_para_init                  0x08008fdd   Thumb Code    30  standard.o(i.standard_mode_para_init)
    standard_mode_param_display              0x08009011   Thumb Code   100  standard.o(i.standard_mode_param_display)
    standard_mode_start                      0x08009089   Thumb Code   132  standard.o(i.standard_mode_start)
    string_lengt                             0x08009129   Thumb Code    20  bootloader.o(i.string_lengt)
    time_count                               0x0800913d   Thumb Code   138  common.o(i.time_count)
    time_delay_ms                            0x080091d9   Thumb Code    20  common.o(i.time_delay_ms)
    time_delay_us                            0x080091f1   Thumb Code    22  gpio.o(i.time_delay_us)
    usart1_receiver                          0x08009209   Thumb Code    58  uart.o(i.usart1_receiver)
    usart1_send_byte                         0x08009251   Thumb Code    14  uart.o(i.usart1_send_byte)
    usart22_Recdata_Handling                 0x08009265   Thumb Code    92  uart.o(i.usart22_Recdata_Handling)
    usart22_read_byte                        0x080092cd   Thumb Code    12  uart.o(i.usart22_read_byte)
    usb_status_initerrupt_init               0x080092d9   Thumb Code    48  gpio.o(i.usb_status_initerrupt_init)
    usb_voltage_tatus                        0x0800930d   Thumb Code    90  gpio.o(i.usb_voltage_tatus)
    video_Dir_check                          0x08009369   Thumb Code    94  video.o(i.video_Dir_check)
    video_motorHH_pulse_check                0x080093d5   Thumb Code   162  video.o(i.video_motorHH_pulse_check)
    vidoe_mode_para_clear                    0x08009489   Thumb Code    16  video.o(i.vidoe_mode_para_clear)
    wideAngle_Get_data_from_controller       0x080094a1   Thumb Code   132  wide_angle.o(i.wideAngle_Get_data_from_controller)
    wide_get_countdown_time                  0x08009531   Thumb Code   214  wide_angle.o(i.wide_get_countdown_time)
    wide_mode_para_init                      0x08009625   Thumb Code    12  wide_angle.o(i.wide_mode_para_init)
    wifi24G_data_Dispose                     0x08009635   Thumb Code    12  rf24l01.o(i.wifi24G_data_Dispose)
    wifi24G_read_data                        0x08009641   Thumb Code    70  rf24l01.o(i.wifi24G_read_data)
    wifi24G_send_data                        0x08009695   Thumb Code   228  rf24l01.o(i.wifi24G_send_data)
    wifi_sleep                               0x0800978d   Thumb Code    34  rf24l01.o(i.wifi_sleep)
    write_bootTag                            0x080097b5   Thumb Code    80  flash.o(i.write_bootTag)
    write_flash_active                       0x0800980d   Thumb Code    28  flash.o(i.write_flash_active)
    write_flash_holfword                     0x08009835   Thumb Code     8  flash.o(i.write_flash_holfword)
    write_flash_holfword_buffer              0x0800983d   Thumb Code   188  flash.o(i.write_flash_holfword_buffer)
    AHBPrescTable                            0x080098fc   Data          16  system_stm32f0xx.o(.constdata)
    APBPrescTable                            0x0800990c   Data           8  system_stm32f0xx.o(.constdata)
    Region$$Table$$Base                      0x08009944   Number         0  anon$$obj.o(Region$$Table)
    Region$$Table$$Limit                     0x08009964   Number         0  anon$$obj.o(Region$$Table)
    whether_write_flash                      0x200000c4   Data           1  flash.o(.data)
    brightness                               0x200000c6   Data           1  gpio.o(.data)
    led_time                                 0x200000ca   Data           2  gpio.o(.data)
    boot_action                              0x200000cc   Data           1  bootloader.o(.data)
    firmware_checksum                        0x200000d0   Data           4  bootloader.o(.data)
    Pair_times                               0x200000dc   Data           2  pair.o(.data)
    Updata_time                              0x200000de   Data           1  motorh.o(.data)
    mode_backup                              0x200000e0   Data           1  common.o(.data)
    p_upORdown                               0x200000e1   Data           1  common.o(.data)
    move_begin                               0x200000e2   Data           1  common.o(.data)
    m_start                                  0x200000e3   Data           1  common.o(.data)
    angle_snedt_tag                          0x200000e4   Data           1  common.o(.data)
    angle_snedt_time                         0x200000e5   Data           1  common.o(.data)
    ManulHH_dir_cehck                        0x200000e6   Data           1  common.o(.data)
    ManulVV_dir_cehck                        0x200000e7   Data           1  common.o(.data)
    slow_time                                0x200000ea   Data           2  common.o(.data)
    speed_Gear                               0x200000ec   Data           4  common.o(.data)
    boot_time                                0x200000f0   Data           4  common.o(.data)
    p_move_time                              0x200000f4   Data           4  common.o(.data)
    Manul_p                                  0x20000100   Data           6  common.o(.data)
    find_pata                                0x20000106   Data           8  common.o(.data)
    Angle_basic                              0x20000110   Data           8  common.o(.data)
    find_pataVV                              0x20000118   Data           8  common.o(.data)
    move_begin_backup                        0x20000120   Data           1  common.o(.data)
    dynamic_speed                            0x20000122   Data           2  common.o(.data)
    p_amount                                 0x20000124   Data           4  common.o(.data)
    UpdataVV_time                            0x20000128   Data           1  motorv.o(.data)
    ble_shut_tag                             0x2000012a   Data           1  standard.o(.data)
    ble_shut_time                            0x2000012c   Data           2  standard.o(.data)
    standard_H_frames                        0x20000130   Data           5  standard.o(.data)
    standard_p                               0x20000135   Data           6  standard.o(.data)
    Battery_percentage                       0x2000013c   Data           1  adc.o(.data)
    adc_init                                 0x2000013d   Data           1  adc.o(.data)
    ADCConvertedValue                        0x20000140   Data           2  adc.o(.data)
    adc_send_time                            0x20000142   Data           2  adc.o(.data)
    low_voltage                              0x20000144   Data           2  adc.o(.data)
    adc_back                                 0x20000148   Data           4  adc.o(.data)
    adc_cenrent                              0x2000014c   Data           4  adc.o(.data)
    adc_active                               0x20000150   Data           4  adc.o(.data)
    ch_bat_back                              0x20000154   Data           4  adc.o(.data)
    Sync_sendt                               0x20000158   Data           1  specialty_mode.o(.data)
    Reshot                                   0x20000159   Data           1  specialty_mode.o(.data)
    Reshot_id                                0x2000015a   Data           1  specialty_mode.o(.data)
    Reshot_aid                               0x2000015b   Data           1  specialty_mode.o(.data)
    mid_ct                                   0x2000015c   Data           1  specialty_mode.o(.data)
    run_id                                   0x2000015d   Data           1  specialty_mode.o(.data)
    run_id_b                                 0x2000015e   Data           1  specialty_mode.o(.data)
    run_idVV                                 0x2000015f   Data           1  specialty_mode.o(.data)
    sp_start                                 0x20000160   Data           1  specialty_mode.o(.data)
    delay_cout                               0x20000161   Data           1  specialty_mode.o(.data)
    H_goBack                                 0x20000162   Data           1  specialty_mode.o(.data)
    V_goBack                                 0x20000163   Data           1  specialty_mode.o(.data)
    H_slow_tag                               0x20000164   Data           1  specialty_mode.o(.data)
    V_slow_tag                               0x20000165   Data           1  specialty_mode.o(.data)
    Alon_sendt                               0x20000166   Data           1  specialty_mode.o(.data)
    shutter_teimes                           0x20000168   Data           2  specialty_mode.o(.data)
    limit_360_tag                            0x2000016a   Data           1  video.o(.data)
    RampFastest_time                         0x2000016c   Data           2  video.o(.data)
    minutes                                  0x20000170   Data           1  timelapse.o(.data)
    seconds                                  0x20000171   Data           1  timelapse.o(.data)
    hours                                    0x20000172   Data           1  timelapse.o(.data)
    countdown                                0x20000173   Data           1  timelapse.o(.data)
    exposures_t                              0x20000174   Data           4  timelapse.o(.data)
    sys_stop_t                               0x20000178   Data           4  timelapse.o(.data)
    focu_sopt                                0x2000017c   Data           4  timelapse.o(.data)
    lowbattery_dis_if                        0x20000188   Data           1  low_power.o(.data)
    charge_tag                               0x20000189   Data           1  low_power.o(.data)
    active_time_out                          0x2000018c   Data           4  low_power.o(.data)
    key_final_status                         0x20000190   Data           1  keyscan.o(.data)
    keypowr_status                           0x20000191   Data           1  keyscan.o(.data)
    powers_off                               0x20000192   Data           1  keyscan.o(.data)
    Pwrkey_debounce                          0x20000193   Data           1  keyscan.o(.data)
    key_debounce                             0x20000194   Data           1  keyscan.o(.data)
    scan_cycle                               0x20000196   Data           2  keyscan.o(.data)
    continues                                0x20000198   Data           2  keyscan.o(.data)
    press_time                               0x2000019a   Data           2  keyscan.o(.data)
    app_read_buffer                          0x2000019c   Data          25  uart.o(.bss)
    con_buffer                               0x200001b5   Data          25  uart.o(.bss)
    usart_rev                                0x200001ce   Data          46  uart.o(.bss)
    usart_send                               0x200001fc   Data          32  uart.o(.bss)
    usart22_rev                              0x2000021c   Data          27  uart.o(.bss)
    usart22_send                             0x20000238   Data          32  uart.o(.bss)
    App_Buffer                               0x20000258   Data         729  uart.o(.bss)
    Usart11_shadow                           0x20000531   Data         729  uart.o(.bss)
    glob_para                                0x2000080a   Data        1688  rf24l01.o(.bss)
    motorHH_p                                0x20000ea4   Data          16  motorh.o(.bss)
    con_b                                    0x20000eb4   Data         280  common.o(.bss)
    motorVV_p                                0x20000fcc   Data          16  motorv.o(.bss)
    standard_H_pulse                         0x20000fdc   Data          20  standard.o(.bss)
    standard_V_pulse                         0x20000ff0   Data          20  standard.o(.bss)
    adc_buffer                               0x20001004   Data         200  adc.o(.bss)
    adc_buffer22                             0x200010cc   Data         200  adc.o(.bss)
    H_frame_pulse                            0x20001194   Data          50  specialty_mode.o(.bss)
    sp_move_par                              0x200011c8   Data         300  specialty_mode.o(.bss)
    video_p                                  0x200012f4   Data         360  video.o(.bss)
    delay_p                                  0x2000145c   Data         120  timelapse.o(.bss)
    __initial_sp                             0x200018d8   Data           0  startup_stm32f030x8.o(STACK)



==============================================================================

Memory Map of the image

  Image Entry point : 0x080020b5

  Load Region LR_IROM1 (Base: 0x08002000, Size: 0x00007a3c, Max: 0x0000dfff, ABSOLUTE)

    Execution Region ER_IROM1 (Exec base: 0x08002000, Load base: 0x08002000, Size: 0x00007964, Max: 0x0000dfff, ABSOLUTE)

    Exec Addr    Load Addr    Size         Type   Attr      Idx    E Section Name        Object

    0x08002000   0x08002000   0x000000b4   Data   RO         3964    RESET               startup_stm32f030x8.o
    0x080020b4   0x080020b4   0x00000000   Code   RO         3969  * .ARM.Collect$$$$00000000  mc_p.l(entry.o)
    0x080020b4   0x080020b4   0x00000004   Code   RO         4273    .ARM.Collect$$$$00000001  mc_p.l(entry2.o)
    0x080020b8   0x080020b8   0x00000004   Code   RO         4276    .ARM.Collect$$$$00000004  mc_p.l(entry5.o)
    0x080020bc   0x080020bc   0x00000000   Code   RO         4278    .ARM.Collect$$$$00000008  mc_p.l(entry7b.o)
    0x080020bc   0x080020bc   0x00000000   Code   RO         4280    .ARM.Collect$$$$0000000A  mc_p.l(entry8b.o)
    0x080020bc   0x080020bc   0x00000008   Code   RO         4281    .ARM.Collect$$$$0000000B  mc_p.l(entry9a.o)
    0x080020c4   0x080020c4   0x00000000   Code   RO         4283    .ARM.Collect$$$$0000000D  mc_p.l(entry10a.o)
    0x080020c4   0x080020c4   0x00000000   Code   RO         4285    .ARM.Collect$$$$0000000F  mc_p.l(entry11a.o)
    0x080020c4   0x080020c4   0x00000004   Code   RO         4274    .ARM.Collect$$$$00002712  mc_p.l(entry2.o)
    0x080020c8   0x080020c8   0x0000001c   Code   RO         3965    .text               startup_stm32f030x8.o
    0x080020e4   0x080020e4   0x0000002c   Code   RO         3972    .text               mc_p.l(uidiv.o)
    0x08002110   0x08002110   0x00000024   Code   RO         3974    .text               mc_p.l(memcpya.o)
    0x08002134   0x08002134   0x00000024   Code   RO         3976    .text               mc_p.l(memseta.o)
    0x08002158   0x08002158   0x0000001a   Code   RO         3978    .text               mc_p.l(memcmp.o)
    0x08002172   0x08002172   0x0000001e   Code   RO         3980    .text               mc_p.l(strncmp.o)
    0x08002190   0x08002190   0x000000b2   Code   RO         4245    .text               mf_p.l(fadd.o)
    0x08002242   0x08002242   0x0000007a   Code   RO         4247    .text               mf_p.l(fmul.o)
    0x080022bc   0x080022bc   0x0000007c   Code   RO         4249    .text               mf_p.l(fdiv.o)
    0x08002338   0x08002338   0x00000164   Code   RO         4251    .text               mf_p.l(dadd.o)
    0x0800249c   0x0800249c   0x000000d0   Code   RO         4253    .text               mf_p.l(dmul.o)
    0x0800256c   0x0800256c   0x000000f0   Code   RO         4255    .text               mf_p.l(ddiv.o)
    0x0800265c   0x0800265c   0x0000000e   Code   RO         4257    .text               mf_p.l(ffltui.o)
    0x0800266a   0x0800266a   0x00000002   PAD
    0x0800266c   0x0800266c   0x00000028   Code   RO         4259    .text               mf_p.l(dflti.o)
    0x08002694   0x08002694   0x0000001c   Code   RO         4261    .text               mf_p.l(dfltui.o)
    0x080026b0   0x080026b0   0x00000028   Code   RO         4263    .text               mf_p.l(ffixui.o)
    0x080026d8   0x080026d8   0x0000003c   Code   RO         4265    .text               mf_p.l(dfixui.o)
    0x08002714   0x08002714   0x00000028   Code   RO         4267    .text               mf_p.l(f2d.o)
    0x0800273c   0x0800273c   0x00000038   Code   RO         4269    .text               mf_p.l(d2f.o)
    0x08002774   0x08002774   0x00000014   Code   RO         4271    .text               mf_p.l(cfcmple.o)
    0x08002788   0x08002788   0x00000020   Code   RO         4292    .text               mc_p.l(llshl.o)
    0x080027a8   0x080027a8   0x00000022   Code   RO         4294    .text               mc_p.l(llushr.o)
    0x080027ca   0x080027ca   0x00000026   Code   RO         4296    .text               mc_p.l(llsshr.o)
    0x080027f0   0x080027f0   0x00000000   Code   RO         4298    .text               mc_p.l(iusefp.o)
    0x080027f0   0x080027f0   0x00000082   Code   RO         4299    .text               mf_p.l(fepilogue.o)
    0x08002872   0x08002872   0x000000be   Code   RO         4301    .text               mf_p.l(depilogue.o)
    0x08002930   0x08002930   0x00000024   Code   RO         4309    .text               mc_p.l(init.o)
    0x08002954   0x08002954   0x00000038   Code   RO         2137    i.ADC_GetCalibrationFactor  adc.o
    0x0800298c   0x0800298c   0x00000058   Code   RO         2990    i.ADC_shutdown      low_power.o
    0x080029e4   0x080029e4   0x00000010   Code   RO         2138    i.A_d_c_int         adc.o
    0x080029f4   0x080029f4   0x0000000c   Code   RO         1642    i.Absolute_value_calculation  common.o
    0x08002a00   0x08002a00   0x00000034   Code   RO          910    i.Adc_Gpio_init     gpio.o
    0x08002a34   0x08002a34   0x00000078   Code   RO         2139    i.Adc_function_init  adc.o
    0x08002aac   0x08002aac   0x00000148   Code   RO         1318    i.Algorithm_0       uid_encryption.o
    0x08002bf4   0x08002bf4   0x0000014e   Code   RO         1319    i.Algorithm_1       uid_encryption.o
    0x08002d42   0x08002d42   0x0000014e   Code   RO         1320    i.Algorithm_2       uid_encryption.o
    0x08002e90   0x08002e90   0x00000146   Code   RO         1321    i.Algorithm_3       uid_encryption.o
    0x08002fd6   0x08002fd6   0x00000144   Code   RO         1322    i.Algorithm_4       uid_encryption.o
    0x0800311a   0x0800311a   0x00000028   Code   RO         1643    i.All_slow_check    common.o
    0x08003142   0x08003142   0x00000002   PAD
    0x08003144   0x08003144   0x000000ac   Code   RO         1644    i.Angle_real_time_transmission  common.o
    0x080031f0   0x080031f0   0x00000034   Code   RO          912    i.BLE_PWR_TurnOn    gpio.o
    0x08003224   0x08003224   0x00000024   Code   RO         1925    i.BLE_shut_start    standard.o
    0x08003248   0x08003248   0x00000024   Code   RO         1926    i.BLE_shut_stop     standard.o
    0x0800326c   0x0800326c   0x00000158   Code   RO         1537    i.Burn_code_value   pair.o
    0x080033c4   0x080033c4   0x00000090   Code   RO         2274    i.Cancel_the_para_set_return  specialty_mode.o
    0x08003454   0x08003454   0x0000001c   Code   RO         1645    i.Check_Buffer_Empty  common.o
    0x08003470   0x08003470   0x00000002   Code   RO          191    i.DMA1_Channel1_IRQHandler  stm32f0xx_it.o
    0x08003472   0x08003472   0x00000008   Code   RO          192    i.DMA1_Channel2_3_IRQHandler  stm32f0xx_it.o
    0x0800347a   0x0800347a   0x00000008   Code   RO          193    i.DMA1_Channel4_5_IRQHandler  stm32f0xx_it.o
    0x08003482   0x08003482   0x00000002   PAD
    0x08003484   0x08003484   0x00000058   Code   RO         2805    i.DelayMode_FindABpoint_End  timelapse.o
    0x080034dc   0x080034dc   0x000000a4   Code   RO         2807    i.DelayMode_slowly_startedORstop  timelapse.o
    0x08003580   0x08003580   0x0000006c   Code   RO         2808    i.Delay_FindABpoint_pluse_check  timelapse.o
    0x080035ec   0x080035ec   0x0000005c   Code   RO         2809    i.Delay_FindABpoint_slow_check  timelapse.o
    0x08003648   0x08003648   0x00000028   Code   RO         2810    i.Delay_Max_amount_check  timelapse.o
    0x08003670   0x08003670   0x00000080   Code   RO         2811    i.Delay_MotorHH_Start_check_diretion  timelapse.o
    0x080036f0   0x080036f0   0x00000054   Code   RO         2813    i.Delay_find_Origin_checkStop  timelapse.o
    0x08003744   0x08003744   0x00000094   Code   RO         2814    i.Delay_find_Origin_slow_check  timelapse.o
    0x080037d8   0x080037d8   0x000000a8   Code   RO         2815    i.Delay_get_data_from_controller  timelapse.o
    0x08003880   0x08003880   0x00000044   Code   RO         2816    i.Delay_mode_Dir_check  timelapse.o
    0x080038c4   0x080038c4   0x0000009c   Code   RO         2817    i.Delay_mode_find_Apoint  timelapse.o
    0x08003960   0x08003960   0x00000040   Code   RO         2818    i.Delay_mode_para_clear  timelapse.o
    0x080039a0   0x080039a0   0x00000060   Code   RO         2819    i.Delay_motorHH_move_time_compara  timelapse.o
    0x08003a00   0x08003a00   0x00000054   Code   RO         2821    i.Delay_move_speed_calculate  timelapse.o
    0x08003a54   0x08003a54   0x000000d8   Code   RO         2822    i.Delay_set_abPoint  timelapse.o
    0x08003b2c   0x08003b2c   0x00000094   Code   RO         2824    i.Delay_total_time_calculate  timelapse.o
    0x08003bc0   0x08003bc0   0x000000dc   Code   RO         2275    i.Delete_mode_para  specialty_mode.o
    0x08003c9c   0x08003c9c   0x0000001c   Code   RO          914    i.Device_init       gpio.o
    0x08003cb8   0x08003cb8   0x00000028   Code   RO          328    i.Dma_SendIRQ_Dispose  uart.o
    0x08003ce0   0x08003ce0   0x000000b4   Code   RO         2140    i.Dma_int           adc.o
    0x08003d94   0x08003d94   0x00000030   Code   RO          194    i.EXTI4_15_IRQHandler  stm32f0xx_it.o
    0x08003dc4   0x08003dc4   0x00000040   Code   RO          770    i.FLASH_ErasePage   flash.o
    0x08003e04   0x08003e04   0x00000028   Code   RO          771    i.FLASH_GetStatus   flash.o
    0x08003e2c   0x08003e2c   0x00000010   Code   RO          772    i.FLASH_Lock        flash.o
    0x08003e3c   0x08003e3c   0x0000003c   Code   RO          777    i.FLASH_ProgramHalfWord  flash.o
    0x08003e78   0x08003e78   0x00000020   Code   RO          778    i.FLASH_Unlock      flash.o
    0x08003e98   0x08003e98   0x00000022   Code   RO          779    i.FLASH_WaitForLastOperation  flash.o
    0x08003eba   0x08003eba   0x00000002   Code   RO           61    i.Feed_IWDG         main.o
    0x08003ebc   0x08003ebc   0x00000090   Code   RO         2276    i.FindOrigin_over_to_Sart  specialty_mode.o
    0x08003f4c   0x08003f4c   0x0000001a   Code   RO          915    i.GPIO_INUP_Init    gpio.o
    0x08003f66   0x08003f66   0x0000001c   Code   RO          916    i.GPIO_OUT_init     gpio.o
    0x08003f82   0x08003f82   0x00000002   PAD
    0x08003f84   0x08003f84   0x0000028c   Code   RO         1646    i.Get_data_from_controller  common.o
    0x08004210   0x08004210   0x00000014   Code   RO          917    i.Gpio_time_count   gpio.o
    0x08004224   0x08004224   0x00000034   Code   RO          918    i.Green_Led_Brightness  gpio.o
    0x08004258   0x08004258   0x00000024   Code   RO          919    i.Green_led_onORoff  gpio.o
    0x0800427c   0x0800427c   0x00000034   Code   RO         3847    i.HAL_PWR_EnterSTOPMode  stm32f0xx_hal_pwr.o
    0x080042b0   0x080042b0   0x00000048   Code   RO         2277    i.HHmotor_return_to_theOrigin_start  specialty_mode.o
    0x080042f8   0x080042f8   0x00000002   Code   RO          195    i.HardFault_Handler  stm32f0xx_it.o
    0x080042fa   0x080042fa   0x00000002   PAD
    0x080042fc   0x080042fc   0x0000005c   Code   RO         2278    i.Horizontal_pulse_goBack  specialty_mode.o
    0x08004358   0x08004358   0x00000028   Code   RO         1929    i.Horizontal_start  standard.o
    0x08004380   0x08004380   0x00000010   Code   RO         1372    i.Irq_gpio_init     rf24l01.o
    0x08004390   0x08004390   0x00000018   Code   RO           62    i.LL_AHB1_GRP1_EnableClock  main.o
    0x080043a8   0x080043a8   0x00000018   Code   RO          329    i.LL_AHB1_GRP1_EnableClock  uart.o
    0x080043c0   0x080043c0   0x00000018   Code   RO           63    i.LL_APB1_GRP1_EnableClock  main.o
    0x080043d8   0x080043d8   0x00000018   Code   RO          330    i.LL_DMA_DisableChannel  uart.o
    0x080043f0   0x080043f0   0x00000018   Code   RO          331    i.LL_DMA_DisableIT_TC  uart.o
    0x08004408   0x08004408   0x00000018   Code   RO          332    i.LL_DMA_EnableChannel  uart.o
    0x08004420   0x08004420   0x00000018   Code   RO          333    i.LL_DMA_EnableIT_TC  uart.o
    0x08004438   0x08004438   0x00000014   Code   RO          334    i.LL_DMA_GetDataLength  uart.o
    0x0800444c   0x0800444c   0x0000001c   Code   RO          335    i.LL_DMA_SetChannelPriorityLevel  uart.o
    0x08004468   0x08004468   0x0000001c   Code   RO          336    i.LL_DMA_SetDataLength  uart.o
    0x08004484   0x08004484   0x00000020   Code   RO          337    i.LL_DMA_SetDataTransferDirection  uart.o
    0x080044a4   0x080044a4   0x00000014   Code   RO          338    i.LL_DMA_SetMemoryAddress  uart.o
    0x080044b8   0x080044b8   0x0000001c   Code   RO          339    i.LL_DMA_SetMemoryIncMode  uart.o
    0x080044d4   0x080044d4   0x0000001c   Code   RO          340    i.LL_DMA_SetMemorySize  uart.o
    0x080044f0   0x080044f0   0x0000001c   Code   RO          341    i.LL_DMA_SetMode    uart.o
    0x0800450c   0x0800450c   0x00000014   Code   RO          342    i.LL_DMA_SetPeriphAddress  uart.o
    0x08004520   0x08004520   0x0000001c   Code   RO          343    i.LL_DMA_SetPeriphIncMode  uart.o
    0x0800453c   0x0800453c   0x0000001c   Code   RO          344    i.LL_DMA_SetPeriphSize  uart.o
    0x08004558   0x08004558   0x00000010   Code   RO          920    i.LL_EXTI_EnableFallingTrig_0_31  gpio.o
    0x08004568   0x08004568   0x00000010   Code   RO          921    i.LL_EXTI_EnableIT_0_31  gpio.o
    0x08004578   0x08004578   0x000000a8   Code   RO         3684    i.LL_GPIO_Init      stm32f0xx_ll_gpio.o
    0x08004620   0x08004620   0x0000000e   Code   RO          922    i.LL_GPIO_IsInputPinSet  gpio.o
    0x0800462e   0x0800462e   0x0000000e   Code   RO         1373    i.LL_GPIO_IsInputPinSet  rf24l01.o
    0x0800463c   0x0800463c   0x00000020   Code   RO         3273    i.LL_Init1msTick    stm32f0xx_ll_utils.o
    0x0800465c   0x0800465c   0x00000018   Code   RO         3385    i.LL_RCC_GetSystemClocksFreq  stm32f0xx_ll_rcc.o
    0x08004674   0x08004674   0x00000054   Code   RO         3386    i.LL_RCC_GetUSARTClockFreq  stm32f0xx_ll_rcc.o
    0x080046c8   0x080046c8   0x00000020   Code   RO          923    i.LL_SYSCFG_SetEXTISource  gpio.o
    0x080046e8   0x080046e8   0x00000084   Code   RO         3457    i.LL_TIM_Init       stm32f0xx_ll_tim.o
    0x0800476c   0x0800476c   0x00000058   Code   RO           64    i.LL_TIM_OC_EnablePreload  main.o
    0x080047c4   0x080047c4   0x00000044   Code   RO         3458    i.LL_TIM_OC_Init    stm32f0xx_ll_tim.o
    0x08004808   0x08004808   0x000000ac   Code   RO         3577    i.LL_USART_Init     stm32f0xx_ll_usart.o
    0x080048b4   0x080048b4   0x00000028   Code   RO          924    i.Led_init          gpio.o
    0x080048dc   0x080048dc   0x00000016   Code   RO         1323    i.LittleEndia_BigEndia_Interconvert_32  uid_encryption.o
    0x080048f2   0x080048f2   0x00000002   PAD
    0x080048f4   0x080048f4   0x000000c8   Code   RO           65    i.MX_TIM3_Init      main.o
    0x080049bc   0x080049bc   0x00000014   Code   RO          346    i.MX_USART2_UART_Init  uart.o
    0x080049d0   0x080049d0   0x00000110   Code   RO         1648    i.Manaul_speed_conversion  common.o
    0x08004ae0   0x08004ae0   0x0000003c   Code   RO         1649    i.Manu_mode_dir_check  common.o
    0x08004b1c   0x08004b1c   0x00000094   Code   RO         1650    i.Manual_HH_slowStartOrStop  common.o
    0x08004bb0   0x08004bb0   0x00000038   Code   RO         1652    i.Manual_mode_dir_set  common.o
    0x08004be8   0x08004be8   0x00000028   Code   RO         1653    i.ManulHH_mode_pulse_check  common.o
    0x08004c10   0x08004c10   0x00000028   Code   RO         1655    i.Manul_SartOrStop  common.o
    0x08004c38   0x08004c38   0x00000020   Code   RO         1930    i.Manul_Turn_the_shuter  standard.o
    0x08004c58   0x08004c58   0x00000120   Code   RO         2567    i.MotorHH_Video_compensation_check  video.o
    0x08004d78   0x08004d78   0x000000ac   Code   RO         2568    i.MotorHH_Video_move_time_check  video.o
    0x08004e24   0x08004e24   0x00000128   Code   RO         2569    i.MotorVV_Video_compensation_check  video.o
    0x08004f4c   0x08004f4c   0x000000b8   Code   RO         2570    i.MotorVV_Video_move_time_check  video.o
    0x08005004   0x08005004   0x00000002   Code   RO          196    i.NMI_Handler       stm32f0xx_it.o
    0x08005006   0x08005006   0x0000002e   Code   RO         1374    i.NRF24L01_Clear_IRQ_Flag  rf24l01.o
    0x08005034   0x08005034   0x0000002c   Code   RO         1375    i.NRF24L01_Read_Buf  rf24l01.o
    0x08005060   0x08005060   0x0000001a   Code   RO         1376    i.NRF24L01_Read_Reg  rf24l01.o
    0x0800507a   0x0800507a   0x00000016   Code   RO         1377    i.NRF24L01_Read_Status_Register  rf24l01.o
    0x08005090   0x08005090   0x00000054   Code   RO         1378    i.NRF24L01_RxPacket  rf24l01.o
    0x080050e4   0x080050e4   0x00000018   Code   RO         1379    i.NRF24L01_Set_RxAddr  rf24l01.o
    0x080050fc   0x080050fc   0x00000014   Code   RO         1380    i.NRF24L01_Set_TxAddr  rf24l01.o
    0x08005110   0x08005110   0x0000008c   Code   RO         1381    i.NRF24L01_TxPacket  rf24l01.o
    0x0800519c   0x0800519c   0x0000002e   Code   RO         1382    i.NRF24L01_Write_Buf  rf24l01.o
    0x080051ca   0x080051ca   0x00000020   Code   RO         1383    i.NRF24L01_Write_Reg  rf24l01.o
    0x080051ea   0x080051ea   0x00000002   PAD
    0x080051ec   0x080051ec   0x00000068   Code   RO         1384    i.NRF24L01_check    rf24l01.o
    0x08005254   0x08005254   0x00000014   Code   RO         2992    i.NVIC_DisableIRQ   low_power.o
    0x08005268   0x08005268   0x00000014   Code   RO          347    i.NVIC_EnableIRQ    uart.o
    0x0800527c   0x0800527c   0x00000014   Code   RO          925    i.NVIC_EnableIRQ    gpio.o
    0x08005290   0x08005290   0x00000044   Code   RO           66    i.NVIC_SetPriority  main.o
    0x080052d4   0x080052d4   0x00000044   Code   RO          348    i.NVIC_SetPriority  uart.o
    0x08005318   0x08005318   0x00000044   Code   RO          926    i.NVIC_SetPriority  gpio.o
    0x0800535c   0x0800535c   0x00000020   Code   RO         1385    i.Nrf24L01_init     rf24l01.o
    0x0800537c   0x0800537c   0x0000008c   Code   RO         3461    i.OC1Config         stm32f0xx_ll_tim.o
    0x08005408   0x08005408   0x00000090   Code   RO         3462    i.OC2Config         stm32f0xx_ll_tim.o
    0x08005498   0x08005498   0x00000098   Code   RO         3463    i.OC3Config         stm32f0xx_ll_tim.o
    0x08005530   0x08005530   0x00000074   Code   RO         3464    i.OC4Config         stm32f0xx_ll_tim.o
    0x080055a4   0x080055a4   0x00000018   Code   RO         1656    i.PULSE_SUM         common.o
    0x080055bc   0x080055bc   0x00000030   Code   RO         1657    i.Package_dataBufer  common.o
    0x080055ec   0x080055ec   0x00000014   Code   RO         1538    i.Pairing_time      pair.o
    0x08005600   0x08005600   0x00000040   Code   RO         1931    i.Panorama_find_end_point_checkStop  standard.o
    0x08005640   0x08005640   0x00000078   Code   RO         1932    i.Panorama_find_end_point_slowChcek  standard.o
    0x080056b8   0x080056b8   0x0000003c   Code   RO         1934    i.Panorama_mode_find_Apoint  standard.o
    0x080056f4   0x080056f4   0x00000002   Code   RO          197    i.PendSV_Handler    stm32f0xx_it.o
    0x080056f6   0x080056f6   0x00000002   PAD
    0x080056f8   0x080056f8   0x0000001c   Code   RO         3387    i.RCC_GetHCLKClockFreq  stm32f0xx_ll_rcc.o
    0x08005714   0x08005714   0x00000018   Code   RO         3388    i.RCC_GetPCLK1ClockFreq  stm32f0xx_ll_rcc.o
    0x0800572c   0x0800572c   0x00000024   Code   RO         3389    i.RCC_GetSystemClockFreq  stm32f0xx_ll_rcc.o
    0x08005750   0x08005750   0x0000003c   Code   RO         3390    i.RCC_PLL_GetFreqDomain_SYS  stm32f0xx_ll_rcc.o
    0x0800578c   0x0800578c   0x00000038   Code   RO         1386    i.RF24L01_GPIO_Init  rf24l01.o
    0x080057c4   0x080057c4   0x00000084   Code   RO         1387    i.RF24L01_Init      rf24l01.o
    0x08005848   0x08005848   0x00000028   Code   RO         1389    i.RF24L01_Set_Mode  rf24l01.o
    0x08005870   0x08005870   0x00000020   Code   RO          198    i.RTC_IRQHandler    stm32f0xx_it.o
    0x08005890   0x08005890   0x0000007c   Code   RO         2096    i.Ramp_Speed_Load   motor.o
    0x0800590c   0x0800590c   0x00000036   Code   RO         1236    i.Read_versions     bootloader.o
    0x08005942   0x08005942   0x0000000a   Code   RO         1658    i.Red_led_tack      common.o
    0x0800594c   0x0800594c   0x00000010   Code   RO          352    i.Reset_Tx_Complete  uart.o
    0x0800595c   0x0800595c   0x00000024   Code   RO         2997    i.Reset_theSystem   low_power.o
    0x08005980   0x08005980   0x00000014   Code   RO         2279    i.Reshot_Clear      specialty_mode.o
    0x08005994   0x08005994   0x00000074   Code   RO         2280    i.Reshot_move       specialty_mode.o
    0x08005a08   0x08005a08   0x00000054   Code   RO         2281    i.Reshot_pulses_check_stop  specialty_mode.o
    0x08005a5c   0x08005a5c   0x00000002   Code   RO          199    i.SVC_Handler       stm32f0xx_it.o
    0x08005a5e   0x08005a5e   0x00000002   PAD
    0x08005a60   0x08005a60   0x00000154   Code   RO         1659    i.Send_connect_data_to_controller  common.o
    0x08005bb4   0x08005bb4   0x0000003c   Code   RO         1936    i.Send_find_the_Apoint_tag  standard.o
    0x08005bf0   0x08005bf0   0x0000005c   Code   RO         1660    i.Send_para_data_to_controller  common.o
    0x08005c4c   0x08005c4c   0x0000000c   Code   RO         2141    i.Set_adc_back      adc.o
    0x08005c58   0x08005c58   0x0000003c   Code   RO         1661    i.Set_origin_OK     common.o
    0x08005c94   0x08005c94   0x0000012c   Code   RO         1662    i.Set_origin_move   common.o
    0x08005dc0   0x08005dc0   0x00000098   Code   RO         2998    i.ShutDown          low_power.o
    0x08005e58   0x08005e58   0x0000005c   Code   RO          929    i.ShutDown_AllIO_High_resistance_mode  gpio.o
    0x08005eb4   0x08005eb4   0x00000068   Code   RO         2282    i.SpHHmotor_slowly_startedORstop  specialty_mode.o
    0x08005f1c   0x08005f1c   0x00000038   Code   RO         2283    i.SpHHorizontal_slow_check  specialty_mode.o
    0x08005f54   0x08005f54   0x00000028   Code   RO         2284    i.SpHHorizontal_start  specialty_mode.o
    0x08005f7c   0x08005f7c   0x0000004c   Code   RO         2285    i.SpResot_slow_check  specialty_mode.o
    0x08005fc8   0x08005fc8   0x0000002c   Code   RO         2288    i.SpVVertical_start  specialty_mode.o
    0x08005ff4   0x08005ff4   0x0000009c   Code   RO         2292    i.Sp_para_start_init  specialty_mode.o
    0x08006090   0x08006090   0x00000070   Code   RO         2293    i.Spe_manul_Shuting  specialty_mode.o
    0x08006100   0x08006100   0x0000009c   Code   RO         2294    i.SpecialtyHH_Ramp_Speed_Load  specialty_mode.o
    0x0800619c   0x0800619c   0x0000020c   Code   RO         2295    i.Specialty_Get_data_from_controller  specialty_mode.o
    0x080063a8   0x080063a8   0x00000030   Code   RO         2296    i.Specialty_Key_start  specialty_mode.o
    0x080063d8   0x080063d8   0x000000b0   Code   RO         2297    i.Specialty_Send_data  specialty_mode.o
    0x08006488   0x08006488   0x00000044   Code   RO         2298    i.Specialty_Send_reshot_to_controller  specialty_mode.o
    0x080064cc   0x080064cc   0x0000005c   Code   RO         2299    i.Specialty_first_begin  specialty_mode.o
    0x08006528   0x08006528   0x0000002c   Code   RO         2300    i.Specialty_loop_check  specialty_mode.o
    0x08006554   0x08006554   0x00000048   Code   RO         2301    i.Specialty_modeID_sendt  specialty_mode.o
    0x0800659c   0x0800659c   0x000000e0   Code   RO         2302    i.Specialty_mode_Start  specialty_mode.o
    0x0800667c   0x0800667c   0x00000068   Code   RO         2304    i.Speialty_Horizontal_pulse_check  specialty_mode.o
    0x080066e4   0x080066e4   0x00000090   Code   RO         1937    i.Standard_Get_data_from_controller  standard.o
    0x08006774   0x08006774   0x00000050   Code   RO          358    i.String_Printf     uart.o
    0x080067c4   0x080067c4   0x00000048   Code   RO         2306    i.Sync_data_for_controller  specialty_mode.o
    0x0800680c   0x0800680c   0x00000002   Code   RO          200    i.SysTick_Handler   stm32f0xx_it.o
    0x0800680e   0x0800680e   0x00000002   PAD
    0x08006810   0x08006810   0x000000d4   Code   RO           67    i.SystemClock_Config  main.o
    0x080068e4   0x080068e4   0x0000005c   Code   RO            4    i.SystemInit        system_stm32f0xx.o
    0x08006940   0x08006940   0x00000038   Code   RO          201    i.TIM14_IRQHandler  stm32f0xx_it.o
    0x08006978   0x08006978   0x00000002   Code   RO          202    i.TIM1_BRK_UP_TRG_COM_IRQHandler  stm32f0xx_it.o
    0x0800697a   0x0800697a   0x00000002   PAD
    0x0800697c   0x0800697c   0x00000028   Code   RO          203    i.TIM3_IRQHandler   stm32f0xx_it.o
    0x080069a4   0x080069a4   0x00000014   Code   RO          204    i.TIM6_IRQHandler   stm32f0xx_it.o
    0x080069b8   0x080069b8   0x00000010   Code   RO          930    i.TMC22xx_Init      gpio.o
    0x080069c8   0x080069c8   0x00000028   Code   RO         2825    i.Timelapse_loop_check  timelapse.o
    0x080069f0   0x080069f0   0x0000007c   Code   RO         2571    i.Times_convert_to_speed  video.o
    0x08006a6c   0x08006a6c   0x00000050   Code   RO         1325    i.UID_Encryption_Key_Check  uid_encryption.o
    0x08006abc   0x08006abc   0x0000001c   Code   RO          205    i.USART1_IRQHandler  stm32f0xx_it.o
    0x08006ad8   0x08006ad8   0x0000001c   Code   RO          206    i.USART2_IRQHandler  stm32f0xx_it.o
    0x08006af4   0x08006af4   0x0000000c   Code   RO          360    i.Usart11_Interval_set  uart.o
    0x08006b00   0x08006b00   0x00000028   Code   RO          367    i.Usart22_Dma_SendIRQ_Dispose  uart.o
    0x08006b28   0x08006b28   0x00000048   Code   RO          372    i.Usart22_Receiver  uart.o
    0x08006b70   0x08006b70   0x00000088   Code   RO          373    i.Usart22_Receiver_Dma_Init  uart.o
    0x08006bf8   0x08006bf8   0x00000010   Code   RO          376    i.Usart22_Reset_Tx_Complete  uart.o
    0x08006c08   0x08006c08   0x00000094   Code   RO          378    i.Usart22_Send_Dma_Init  uart.o
    0x08006c9c   0x08006c9c   0x000000a0   Code   RO          382    i.Usart22_init      uart.o
    0x08006d3c   0x08006d3c   0x00000028   Code   RO         1941    i.Vertical_start    standard.o
    0x08006d64   0x08006d64   0x0000007c   Code   RO         2572    i.Video_Fastest_time_check  video.o
    0x08006de0   0x08006de0   0x00000058   Code   RO         2573    i.Video_FindABpoint_End  video.o
    0x08006e38   0x08006e38   0x00000068   Code   RO         2574    i.Video_FindABpoint_pluse_check  video.o
    0x08006ea0   0x08006ea0   0x000000a0   Code   RO         2575    i.Video_FindABpoint_slow_check  video.o
    0x08006f40   0x08006f40   0x00000026   Code   RO         2576    i.Video_Find_ABpoint_notify  video.o
    0x08006f66   0x08006f66   0x00000002   PAD
    0x08006f68   0x08006f68   0x000000e0   Code   RO         2577    i.Video_Get_data_from_controller  video.o
    0x08007048   0x08007048   0x0000007c   Code   RO         2578    i.Video_MotorHH_Start_check_diretion  video.o
    0x080070c4   0x080070c4   0x0000006c   Code   RO         2579    i.Video_MotorHH_slowly_startedORstop  video.o
    0x08007130   0x08007130   0x000000f8   Code   RO         2582    i.Video_abPoint_set  video.o
    0x08007228   0x08007228   0x0000008c   Code   RO         2583    i.Video_compensation_change_speed  video.o
    0x080072b4   0x080072b4   0x000000b8   Code   RO         2584    i.Video_find_Apoint  video.o
    0x0800736c   0x0800736c   0x000000a8   Code   RO         2585    i.Video_find_Origin_checkStop  video.o
    0x08007414   0x08007414   0x000000f0   Code   RO         2586    i.Video_find_Origin_slow_check  video.o
    0x08007504   0x08007504   0x00000034   Code   RO         2587    i.Video_loop_check  video.o
    0x08007538   0x08007538   0x00000040   Code   RO         2588    i.Video_mode_para_clear  video.o
    0x08007578   0x08007578   0x00000058   Code   RO         2589    i.Video_motorHH_start  video.o
    0x080075d0   0x080075d0   0x0000006c   Code   RO         2590    i.Video_motorVV_start  video.o
    0x0800763c   0x0800763c   0x00000064   Code   RO         2591    i.Video_move_times_limit  video.o
    0x080076a0   0x080076a0   0x00000100   Code   RO         2592    i.Video_ram_load    video.o
    0x080077a0   0x080077a0   0x000000f4   Code   RO         2593    i.Video_slow_pulse_check  video.o
    0x08007894   0x08007894   0x00000010   Code   RO         2594    i.Video_speed_calculate  video.o
    0x080078a4   0x080078a4   0x00000024   Code   RO         2595    i.Video_start       video.o
    0x080078c8   0x080078c8   0x0000002e   Code   RO         4303    i.__ARM_clz         mf_p.l(depilogue.o)
    0x080078f6   0x080078f6   0x0000000e   Code   RO         4315    i.__scatterload_copy  mc_p.l(handlers.o)
    0x08007904   0x08007904   0x00000002   Code   RO         4316    i.__scatterload_null  mc_p.l(handlers.o)
    0x08007906   0x08007906   0x0000000e   Code   RO         4317    i.__scatterload_zeroinit  mc_p.l(handlers.o)
    0x08007914   0x08007914   0x00000014   Code   RO         2142    i.adc_cout          adc.o
    0x08007928   0x08007928   0x00000068   Code   RO         1664    i.battery_send_to_controller  common.o
    0x08007990   0x08007990   0x0000004c   Code   RO          932    i.ble_init          gpio.o
    0x080079dc   0x080079dc   0x0000002c   Code   RO         1942    i.ble_shut_time_count  standard.o
    0x08007a08   0x08007a08   0x000000b8   Code   RO          933    i.bluetooth_pair_led  gpio.o
    0x08007ac0   0x08007ac0   0x000000a4   Code   RO         1237    i.bootloader_action_if  bootloader.o
    0x08007b64   0x08007b64   0x0000008c   Code   RO         2596    i.calculate_fast_speed  video.o
    0x08007bf0   0x08007bf0   0x00000050   Code   RO         2097    i.calculate_fast_speed_and_ramp_time  motor.o
    0x08007c40   0x08007c40   0x0000002c   Code   RO         2307    i.camera_shutter_shot  specialty_mode.o
    0x08007c6c   0x08007c6c   0x00000058   Code   RO         1238    i.check_enter_boot_if  bootloader.o
    0x08007cc4   0x08007cc4   0x0000001c   Code   RO         1665    i.check_sum_add     common.o
    0x08007ce0   0x08007ce0   0x0000001c   Code   RO         1539    i.check_sum_add22   pair.o
    0x08007cfc   0x08007cfc   0x00000014   Code   RO         3134    i.check_the_powers_status  keyscan.o
    0x08007d10   0x08007d10   0x00000044   Code   RO          780    i.check_uid         flash.o
    0x08007d54   0x08007d54   0x00000026   Code   RO          386    i.checksum_verify   uart.o
    0x08007d7a   0x08007d7a   0x00000002   PAD
    0x08007d7c   0x08007d7c   0x00000054   Code   RO         2826    i.delay_mode_countdwon_display  timelapse.o
    0x08007dd0   0x08007dd0   0x000000e8   Code   RO         2827    i.delay_mode_main   timelapse.o
    0x08007eb8   0x08007eb8   0x00000010   Code   RO         2828    i.delay_mode_para_clear  timelapse.o
    0x08007ec8   0x08007ec8   0x00000084   Code   RO         2829    i.delay_mode_start  timelapse.o
    0x08007f4c   0x08007f4c   0x00000074   Code   RO         2830    i.delay_mode_time_countdwon  timelapse.o
    0x08007fc0   0x08007fc0   0x00000034   Code   RO         2831    i.delay_move_para_get  timelapse.o
    0x08007ff4   0x08007ff4   0x000000cc   Code   RO         3001    i.disable_interrupt  low_power.o
    0x080080c0   0x080080c0   0x0000004c   Code   RO         1390    i.drv_spi_read_write_byte  rf24l01.o
    0x0800810c   0x0800810c   0x0000001c   Code   RO         3002    i.enable_interrupt  low_power.o
    0x08008128   0x08008128   0x00000020   Code   RO         1240    i.enter_bootloader  bootloader.o
    0x08008148   0x08008148   0x00000068   Code   RO         2143    i.filtering         adc.o
    0x080081b0   0x080081b0   0x000000c8   Code   RO         1943    i.get_countdown_time  standard.o
    0x08008278   0x08008278   0x0000000c   Code   RO          783    i.if_write_flash    flash.o
    0x08008284   0x08008284   0x0000001e   Code   RO          937    i.input_opendrain   gpio.o
    0x080082a2   0x080082a2   0x00000002   PAD
    0x080082a4   0x080082a4   0x0000001c   Code   RO         3136    i.key_Handle        keyscan.o
    0x080082c0   0x080082c0   0x00000024   Code   RO          938    i.key_gpio_init     gpio.o
    0x080082e4   0x080082e4   0x00000088   Code   RO         3137    i.keyscan           keyscan.o
    0x0800836c   0x0800836c   0x00000018   Code   RO         2308    i.leve_turn_on_shutter  specialty_mode.o
    0x08008384   0x08008384   0x00000030   Code   RO         1540    i.lights_flash      pair.o
    0x080083b4   0x080083b4   0x000000a0   Code   RO         2597    i.limit_angle_360   video.o
    0x08008454   0x08008454   0x00000140   Code   RO           69    i.main              main.o
    0x08008594   0x08008594   0x00000064   Code   RO         1666    i.manaul_slow_timeSet  common.o
    0x080085f8   0x080085f8   0x00000020   Code   RO         1581    i.motorHH_ToUpdata_timer  motorh.o
    0x08008618   0x08008618   0x00000018   Code   RO         1582    i.motorHH_direction_change  motorh.o
    0x08008630   0x08008630   0x0000006c   Code   RO         1583    i.motorHH_pulse_count  motorh.o
    0x0800869c   0x0800869c   0x00000028   Code   RO         1584    i.motorHH_speed_set  motorh.o
    0x080086c4   0x080086c4   0x00000024   Code   RO         1585    i.motorHH_start     motorh.o
    0x080086e8   0x080086e8   0x00000028   Code   RO         1586    i.motorHH_stop      motorh.o
    0x08008710   0x08008710   0x00000018   Code   RO         1865    i.motorVV_direction_change  motorv.o
    0x08008728   0x08008728   0x00000028   Code   RO         1867    i.motorVV_speed_set  motorv.o
    0x08008750   0x08008750   0x00000002   Code   RO         1868    i.motorVV_start     motorv.o
    0x08008752   0x08008752   0x00000002   Code   RO         1869    i.motorVV_stop      motorv.o
    0x08008754   0x08008754   0x0000003c   Code   RO         2098    i.motor_init        motor.o
    0x08008790   0x08008790   0x0000003c   Code   RO          940    i.motor_pwr_init    gpio.o
    0x080087cc   0x080087cc   0x00000018   Code   RO         1667    i.para_init         common.o
    0x080087e4   0x080087e4   0x00000018   Code   RO         1668    i.para_init_set     common.o
    0x080087fc   0x080087fc   0x0000003c   Code   RO          784    i.para_read_from_flash  flash.o
    0x08008838   0x08008838   0x00000054   Code   RO         2144    i.percentage_get    adc.o
    0x0800888c   0x0800888c   0x00000044   Code   RO         3138    i.press_key_continue  keyscan.o
    0x080088d0   0x080088d0   0x0000002c   Code   RO          942    i.pwrKey_exti_interrupt  gpio.o
    0x080088fc   0x080088fc   0x000000c4   Code   RO         2145    i.read_ADC_value    adc.o
    0x080089c0   0x080089c0   0x0000007c   Code   RO          785    i.read_flash_holfword  flash.o
    0x08008a3c   0x08008a3c   0x0000000c   Code   RO         1241    i.return_checksum   bootloader.o
    0x08008a48   0x08008a48   0x00000028   Code   RO         3140    i.scan_cycle_count  keyscan.o
    0x08008a70   0x08008a70   0x00000020   Code   RO          390    i.send_interval_count  uart.o
    0x08008a90   0x08008a90   0x000000a8   Code   RO         1669    i.set_abpoint_slow_stopORstart  common.o
    0x08008b38   0x08008b38   0x00000020   Code   RO         2598    i.set_abpoint_start_setting  video.o
    0x08008b58   0x08008b58   0x00000010   Code   RO         3142    i.set_press_time    keyscan.o
    0x08008b68   0x08008b68   0x00000024   Code   RO         1670    i.set_slow_time_data  common.o
    0x08008b8c   0x08008b8c   0x0000000e   Code   RO          943    i.shutdown_motor_pwr  gpio.o
    0x08008b9a   0x08008b9a   0x00000002   PAD
    0x08008b9c   0x08008b9c   0x00000014   Code   RO          944    i.shutter_gpio_init  gpio.o
    0x08008bb0   0x08008bb0   0x00000018   Code   RO          945    i.shutter_processing  gpio.o
    0x08008bc8   0x08008bc8   0x00000014   Code   RO         2310    i.shutter_time_counts  specialty_mode.o
    0x08008bdc   0x08008bdc   0x0000000c   Code   RO         1671    i.slider_upORdown   common.o
    0x08008be8   0x08008be8   0x00000030   Code   RO         2311    i.sp_Factory_default  specialty_mode.o
    0x08008c18   0x08008c18   0x0000002c   Code   RO         2312    i.sp_para_init      specialty_mode.o
    0x08008c44   0x08008c44   0x00000028   Code   RO         2313    i.spe_mode_clear    specialty_mode.o
    0x08008c6c   0x08008c6c   0x000001c4   Code   RO         2315    i.specialty_mode_main  specialty_mode.o
    0x08008e30   0x08008e30   0x0000001c   Code   RO         2316    i.specialty_mode_para_clear  specialty_mode.o
    0x08008e4c   0x08008e4c   0x00000078   Code   RO         2317    i.specialty_mode_param_display  specialty_mode.o
    0x08008ec4   0x08008ec4   0x00000080   Code   RO         2318    i.specialty_parameter_calculate  specialty_mode.o
    0x08008f44   0x08008f44   0x00000014   Code   RO         2099    i.speed_calculat    motor.o
    0x08008f58   0x08008f58   0x00000084   Code   RO         1944    i.standard_countdown_time_display  standard.o
    0x08008fdc   0x08008fdc   0x00000034   Code   RO         1947    i.standard_mode_para_init  standard.o
    0x08009010   0x08009010   0x00000078   Code   RO         1948    i.standard_mode_param_display  standard.o
    0x08009088   0x08009088   0x000000a0   Code   RO         1949    i.standard_mode_start  standard.o
    0x08009128   0x08009128   0x00000014   Code   RO         1243    i.string_lengt      bootloader.o
    0x0800913c   0x0800913c   0x0000009c   Code   RO         1672    i.time_count        common.o
    0x080091d8   0x080091d8   0x00000018   Code   RO         1673    i.time_delay_ms     common.o
    0x080091f0   0x080091f0   0x00000016   Code   RO          946    i.time_delay_us     gpio.o
    0x08009206   0x08009206   0x00000002   PAD
    0x08009208   0x08009208   0x00000048   Code   RO          395    i.usart1_receiver   uart.o
    0x08009250   0x08009250   0x00000014   Code   RO          396    i.usart1_send_byte  uart.o
    0x08009264   0x08009264   0x00000068   Code   RO          397    i.usart22_Recdata_Handling  uart.o
    0x080092cc   0x080092cc   0x0000000c   Code   RO          398    i.usart22_read_byte  uart.o
    0x080092d8   0x080092d8   0x00000034   Code   RO          948    i.usb_status_initerrupt_init  gpio.o
    0x0800930c   0x0800930c   0x0000005a   Code   RO          949    i.usb_voltage_tatus  gpio.o
    0x08009366   0x08009366   0x00000002   PAD
    0x08009368   0x08009368   0x0000006c   Code   RO         2599    i.video_Dir_check   video.o
    0x080093d4   0x080093d4   0x000000b4   Code   RO         2600    i.video_motorHH_pulse_check  video.o
    0x08009488   0x08009488   0x00000018   Code   RO         2602    i.vidoe_mode_para_clear  video.o
    0x080094a0   0x080094a0   0x00000090   Code   RO         2231    i.wideAngle_Get_data_from_controller  wide_angle.o
    0x08009530   0x08009530   0x000000f4   Code   RO         2233    i.wide_get_countdown_time  wide_angle.o
    0x08009624   0x08009624   0x00000010   Code   RO         2234    i.wide_mode_para_init  wide_angle.o
    0x08009634   0x08009634   0x0000000c   Code   RO         1392    i.wifi24G_data_Dispose  rf24l01.o
    0x08009640   0x08009640   0x00000054   Code   RO         1393    i.wifi24G_read_data  rf24l01.o
    0x08009694   0x08009694   0x000000f8   Code   RO         1394    i.wifi24G_send_data  rf24l01.o
    0x0800978c   0x0800978c   0x00000028   Code   RO         1395    i.wifi_sleep        rf24l01.o
    0x080097b4   0x080097b4   0x00000058   Code   RO          786    i.write_bootTag     flash.o
    0x0800980c   0x0800980c   0x00000028   Code   RO          787    i.write_flash_active  flash.o
    0x08009834   0x08009834   0x00000008   Code   RO          788    i.write_flash_holfword  flash.o
    0x0800983c   0x0800983c   0x000000c0   Code   RO          789    i.write_flash_holfword_buffer  flash.o
    0x080098fc   0x080098fc   0x00000010   Data   RO            5    .constdata          system_stm32f0xx.o
    0x0800990c   0x0800990c   0x00000008   Data   RO            6    .constdata          system_stm32f0xx.o
    0x08009914   0x08009914   0x0000000e   Data   RO           70    .constdata          main.o
    0x08009922   0x08009922   0x00000005   Data   RO          405    .constdata          uart.o
    0x08009927   0x08009927   0x00000001   PAD
    0x08009928   0x08009928   0x00000014   Data   RO         1326    .constdata          uid_encryption.o
    0x0800993c   0x0800993c   0x00000005   Data   RO         2147    .constdata          adc.o
    0x08009941   0x08009941   0x00000003   PAD
    0x08009944   0x08009944   0x00000020   Data   RO         4313    Region$$Table       anon$$obj.o


    Execution Region RW_IRAM1 (Exec base: 0x200000c4, Load base: 0x08009964, Size: 0x00001814, Max: 0x00002000, ABSOLUTE)

    Exec Addr    Load Addr    Size         Type   Attr      Idx    E Section Name        Object

    0x200000c4   0x08009964   0x00000001   Data   RW          790    .data               flash.o
    0x200000c5   0x08009965   0x00000001   PAD
    0x200000c6   0x08009966   0x00000006   Data   RW          950    .data               gpio.o
    0x200000cc   0x0800996c   0x00000008   Data   RW         1244    .data               bootloader.o
    0x200000d4   0x08009974   0x00000004   Data   RW         1327    .data               uid_encryption.o
    0x200000d8   0x08009978   0x00000002   Data   RW         1398    .data               rf24l01.o
    0x200000da   0x0800997a   0x00000004   Data   RW         1541    .data               pair.o
    0x200000de   0x0800997e   0x00000001   Data   RW         1588    .data               motorh.o
    0x200000df   0x0800997f   0x00000001   PAD
    0x200000e0   0x08009980   0x00000038   Data   RW         1675    .data               common.o
    0x20000118   0x080099b8   0x00000008   Data   RW         1676    .data               common.o
    0x20000120   0x080099c0   0x00000001   Data   RW         1677    .data               common.o
    0x20000121   0x080099c1   0x00000001   PAD
    0x20000122   0x080099c2   0x00000002   Data   RW         1678    .data               common.o
    0x20000124   0x080099c4   0x00000004   Data   RW         1679    .data               common.o
    0x20000128   0x080099c8   0x00000001   Data   RW         1871    .data               motorv.o
    0x20000129   0x080099c9   0x00000001   PAD
    0x2000012a   0x080099ca   0x00000011   Data   RW         1951    .data               standard.o
    0x2000013b   0x080099db   0x00000001   PAD
    0x2000013c   0x080099dc   0x0000001c   Data   RW         2148    .data               adc.o
    0x20000158   0x080099f8   0x00000012   Data   RW         2321    .data               specialty_mode.o
    0x2000016a   0x08009a0a   0x00000004   Data   RW         2605    .data               video.o
    0x2000016e   0x08009a0e   0x00000002   PAD
    0x20000170   0x08009a10   0x00000018   Data   RW         2834    .data               timelapse.o
    0x20000188   0x08009a28   0x00000008   Data   RW         3005    .data               low_power.o
    0x20000190   0x08009a30   0x0000000c   Data   RW         3143    .data               keyscan.o
    0x2000019c        -       0x00000395   Zero   RW          400    .bss                uart.o
    0x20000531        -       0x000002d9   Zero   RW          404    .bss                uart.o
    0x2000080a        -       0x00000698   Zero   RW         1397    .bss                rf24l01.o
    0x20000ea2   0x08009a3c   0x00000002   PAD
    0x20000ea4        -       0x00000010   Zero   RW         1587    .bss                motorh.o
    0x20000eb4        -       0x00000118   Zero   RW         1674    .bss                common.o
    0x20000fcc        -       0x00000010   Zero   RW         1870    .bss                motorv.o
    0x20000fdc        -       0x00000028   Zero   RW         1950    .bss                standard.o
    0x20001004        -       0x00000190   Zero   RW         2146    .bss                adc.o
    0x20001194        -       0x00000160   Zero   RW         2319    .bss                specialty_mode.o
    0x200012f4        -       0x00000168   Zero   RW         2603    .bss                video.o
    0x2000145c        -       0x00000078   Zero   RW         2832    .bss                timelapse.o
    0x200014d4   0x08009a3c   0x00000004   PAD
    0x200014d8        -       0x00000400   Zero   RW         3962    STACK               startup_stm32f030x8.o


==============================================================================

Image component sizes


      Code (inc. data)   RO Data    RW Data    ZI Data      Debug   Object Name

       788        110          5         28        400      41824   adc.o
       370         48          0          8          0      12681   bootloader.o
      3070        336          0         71        280      25227   common.o
       838         98          0          1          0      10697   flash.o
      1260        160          0          6          0      37671   gpio.o
       308         46          0         12          0       8255   keyscan.o
       528         86          0          8          0     105245   low_power.o
       938         84         14          0          0      86567   main.o
       284         46          0          0          0       2221   motor.o
       280         62          0          1         16      34989   motorh.o
        68         14          0          1         16      33504   motorv.o
       440         50          0          4          0       7627   pair.o
      1338         88          0          2       1688      24957   rf24l01.o
      4008        510          0         18        352      29482   specialty_mode.o
      1340        230          0         17         40      16100   standard.o
        28          8        180          0       1024        600   startup_stm32f030x8.o
        52          8          0          0          0        628   stm32f0xx_hal_pwr.o
       282         40          0          0          0      76043   stm32f0xx_it.o
       168          0          0          0          0       6751   stm32f0xx_ll_gpio.o
       256         44          0          0          0      16988   stm32f0xx_ll_rcc.o
       752         92          0          0          0      34363   stm32f0xx_ll_tim.o
       172         16          0          0          0      16920   stm32f0xx_ll_usart.o
        32          6          0          0          0       1665   stm32f0xx_ll_utils.o
        92         14         24          0          0     180151   system_stm32f0xx.o
      2524        344          0         24        120      21461   timelapse.o
      1514        222          5          0       1646      45469   uart.o
      1748         10         20          4          0       5690   uid_encryption.o
      4622        462          0          4        360      28604   video.o
       404         46          0          0          0       2335   wide_angle.o

    ----------------------------------------------------------------------
     28536       3280        284        216       5948     914715   Object Totals
         0          0         32          0          0          0   (incl. Generated)
        32          0          4          7          6          0   (incl. Padding)

    ----------------------------------------------------------------------

      Code (inc. data)   RO Data    RW Data    ZI Data      Debug   Library Member Name

         0          0          0          0          0          0   entry.o
         0          0          0          0          0          0   entry10a.o
         0          0          0          0          0          0   entry11a.o
         8          4          0          0          0          0   entry2.o
         4          0          0          0          0          0   entry5.o
         0          0          0          0          0          0   entry7b.o
         0          0          0          0          0          0   entry8b.o
         8          4          0          0          0          0   entry9a.o
        30          0          0          0          0          0   handlers.o
        36          8          0          0          0         68   init.o
         0          0          0          0          0          0   iusefp.o
        32          0          0          0          0         68   llshl.o
        38          0          0          0          0         68   llsshr.o
        34          0          0          0          0         68   llushr.o
        26          0          0          0          0         72   memcmp.o
        36          0          0          0          0         60   memcpya.o
        36          0          0          0          0        100   memseta.o
        30          0          0          0          0         72   strncmp.o
        44          0          0          0          0         72   uidiv.o
        20          0          0          0          0         68   cfcmple.o
        56          0          0          0          0         68   d2f.o
       356          4          0          0          0        140   dadd.o
       240          6          0          0          0         84   ddiv.o
       236          0          0          0          0        216   depilogue.o
        60         10          0          0          0         68   dfixui.o
        40          6          0          0          0         68   dflti.o
        28          4          0          0          0         68   dfltui.o
       208          6          0          0          0         88   dmul.o
        40          0          0          0          0         60   f2d.o
       178          0          0          0          0        108   fadd.o
       124          0          0          0          0         72   fdiv.o
       130          0          0          0          0        144   fepilogue.o
        40          0          0          0          0         60   ffixui.o
        14          0          0          0          0         68   ffltui.o
       122          0          0          0          0         72   fmul.o

    ----------------------------------------------------------------------
      2256         52          0          0          0       2100   Library Totals
         2          0          0          0          0          0   (incl. Padding)

    ----------------------------------------------------------------------

      Code (inc. data)   RO Data    RW Data    ZI Data      Debug   Library Name

       362         16          0          0          0        648   mc_p.l
      1892         36          0          0          0       1452   mf_p.l

    ----------------------------------------------------------------------
      2256         52          0          0          0       2100   Library Totals

    ----------------------------------------------------------------------

==============================================================================


      Code (inc. data)   RO Data    RW Data    ZI Data      Debug   

     30792       3332        284        216       5948     901427   Grand Totals
     30792       3332        284        216       5948     901427   ELF Image Totals
     30792       3332        284        216          0          0   ROM Totals

==============================================================================

    Total RO  Size (Code + RO Data)                31076 (  30.35kB)
    Total RW  Size (RW Data + ZI Data)              6164 (   6.02kB)
    Total ROM Size (Code + RO Data + RW Data)      31292 (  30.56kB)

==============================================================================

