<!doctype html public "-//w3c//dtd html 4.0 transitional//en">
<html><head>
<title>Static Call Graph - [..\output\LG-06.axf]</title></head>
<body><HR>
<H1>Static Call Graph for image ..\output\LG-06.axf</H1><HR>
<BR><P>#&#060CALLGRAPH&#062# ARM Linker, 5.03 [Build 76]: Last Updated: Sat Jun 29 11:18:56 2024
<BR><P>
<H3>Maximum Stack Usage =        336 bytes + Unknown(Cycles, Untraceable Function Pointers)</H3><H3>
Call chain for Maximum Stack Depth:</H3>
main &rArr; wifi24G_data_Dispose &rArr; wifi24G_read_data &rArr; Get_data_from_controller &rArr; Set_origin_OK &rArr; Video_abPoint_set &rArr; Video_speed_calculate &rArr; MotorVV_Video_move_time_check &rArr; MotorVV_Video_compensation_check &rArr; __aeabi_dmul &rArr; _double_epilogue &rArr; __aeabi_llsr
<P>
<H3>
Mutually Recursive functions
</H3> <LI><a href="#[10]">ADC1_IRQHandler</a>&nbsp;&nbsp;&nbsp;&rArr;&nbsp;&nbsp;&nbsp;<a href="#[10]">ADC1_IRQHandler</a><BR>
 <LI><a href="#[2]">HardFault_Handler</a>&nbsp;&nbsp;&nbsp;&rArr;&nbsp;&nbsp;&nbsp;<a href="#[2]">HardFault_Handler</a><BR>
</UL>
<P>
<H3>
Function Pointers
</H3><UL>
 <LI><a href="#[10]">ADC1_IRQHandler</a> from startup_stm32f030x8.o(.text) referenced from startup_stm32f030x8.o(RESET)
 <LI><a href="#[22]">Algorithm_0</a> from uid_encryption.o(i.Algorithm_0) referenced from uid_encryption.o(.constdata)
 <LI><a href="#[23]">Algorithm_1</a> from uid_encryption.o(i.Algorithm_1) referenced from uid_encryption.o(.constdata)
 <LI><a href="#[24]">Algorithm_2</a> from uid_encryption.o(i.Algorithm_2) referenced from uid_encryption.o(.constdata)
 <LI><a href="#[25]">Algorithm_3</a> from uid_encryption.o(i.Algorithm_3) referenced from uid_encryption.o(.constdata)
 <LI><a href="#[26]">Algorithm_4</a> from uid_encryption.o(i.Algorithm_4) referenced from uid_encryption.o(.constdata)
 <LI><a href="#[d]">DMA1_Channel1_IRQHandler</a> from stm32f0xx_it.o(i.DMA1_Channel1_IRQHandler) referenced from startup_stm32f030x8.o(RESET)
 <LI><a href="#[e]">DMA1_Channel2_3_IRQHandler</a> from stm32f0xx_it.o(i.DMA1_Channel2_3_IRQHandler) referenced from startup_stm32f030x8.o(RESET)
 <LI><a href="#[f]">DMA1_Channel4_5_IRQHandler</a> from stm32f0xx_it.o(i.DMA1_Channel4_5_IRQHandler) referenced from startup_stm32f030x8.o(RESET)
 <LI><a href="#[a]">EXTI0_1_IRQHandler</a> from startup_stm32f030x8.o(.text) referenced from startup_stm32f030x8.o(RESET)
 <LI><a href="#[b]">EXTI2_3_IRQHandler</a> from startup_stm32f030x8.o(.text) referenced from startup_stm32f030x8.o(RESET)
 <LI><a href="#[c]">EXTI4_15_IRQHandler</a> from stm32f0xx_it.o(i.EXTI4_15_IRQHandler) referenced from startup_stm32f030x8.o(RESET)
 <LI><a href="#[8]">FLASH_IRQHandler</a> from startup_stm32f030x8.o(.text) referenced from startup_stm32f030x8.o(RESET)
 <LI><a href="#[2]">HardFault_Handler</a> from stm32f0xx_it.o(i.HardFault_Handler) referenced from startup_stm32f030x8.o(RESET)
 <LI><a href="#[19]">I2C1_IRQHandler</a> from startup_stm32f030x8.o(.text) referenced from startup_stm32f030x8.o(RESET)
 <LI><a href="#[1a]">I2C2_IRQHandler</a> from startup_stm32f030x8.o(.text) referenced from startup_stm32f030x8.o(RESET)
 <LI><a href="#[1]">NMI_Handler</a> from stm32f0xx_it.o(i.NMI_Handler) referenced from startup_stm32f030x8.o(RESET)
 <LI><a href="#[4]">PendSV_Handler</a> from stm32f0xx_it.o(i.PendSV_Handler) referenced from startup_stm32f030x8.o(RESET)
 <LI><a href="#[9]">RCC_IRQHandler</a> from startup_stm32f030x8.o(.text) referenced from startup_stm32f030x8.o(RESET)
 <LI><a href="#[7]">RTC_IRQHandler</a> from stm32f0xx_it.o(i.RTC_IRQHandler) referenced from startup_stm32f030x8.o(RESET)
 <LI><a href="#[0]">Reset_Handler</a> from startup_stm32f030x8.o(.text) referenced from startup_stm32f030x8.o(RESET)
 <LI><a href="#[1b]">SPI1_IRQHandler</a> from startup_stm32f030x8.o(.text) referenced from startup_stm32f030x8.o(RESET)
 <LI><a href="#[1c]">SPI2_IRQHandler</a> from startup_stm32f030x8.o(.text) referenced from startup_stm32f030x8.o(RESET)
 <LI><a href="#[3]">SVC_Handler</a> from stm32f0xx_it.o(i.SVC_Handler) referenced from startup_stm32f030x8.o(RESET)
 <LI><a href="#[5]">SysTick_Handler</a> from stm32f0xx_it.o(i.SysTick_Handler) referenced from startup_stm32f030x8.o(RESET)
 <LI><a href="#[20]">SystemInit</a> from system_stm32f0xx.o(i.SystemInit) referenced from startup_stm32f030x8.o(.text)
 <LI><a href="#[15]">TIM14_IRQHandler</a> from stm32f0xx_it.o(i.TIM14_IRQHandler) referenced from startup_stm32f030x8.o(RESET)
 <LI><a href="#[16]">TIM15_IRQHandler</a> from startup_stm32f030x8.o(.text) referenced from startup_stm32f030x8.o(RESET)
 <LI><a href="#[17]">TIM16_IRQHandler</a> from startup_stm32f030x8.o(.text) referenced from startup_stm32f030x8.o(RESET)
 <LI><a href="#[18]">TIM17_IRQHandler</a> from startup_stm32f030x8.o(.text) referenced from startup_stm32f030x8.o(RESET)
 <LI><a href="#[11]">TIM1_BRK_UP_TRG_COM_IRQHandler</a> from stm32f0xx_it.o(i.TIM1_BRK_UP_TRG_COM_IRQHandler) referenced from startup_stm32f030x8.o(RESET)
 <LI><a href="#[12]">TIM1_CC_IRQHandler</a> from startup_stm32f030x8.o(.text) referenced from startup_stm32f030x8.o(RESET)
 <LI><a href="#[13]">TIM3_IRQHandler</a> from stm32f0xx_it.o(i.TIM3_IRQHandler) referenced from startup_stm32f030x8.o(RESET)
 <LI><a href="#[14]">TIM6_IRQHandler</a> from stm32f0xx_it.o(i.TIM6_IRQHandler) referenced from startup_stm32f030x8.o(RESET)
 <LI><a href="#[1d]">USART1_IRQHandler</a> from stm32f0xx_it.o(i.USART1_IRQHandler) referenced from startup_stm32f030x8.o(RESET)
 <LI><a href="#[1e]">USART2_IRQHandler</a> from stm32f0xx_it.o(i.USART2_IRQHandler) referenced from startup_stm32f030x8.o(RESET)
 <LI><a href="#[6]">WWDG_IRQHandler</a> from startup_stm32f030x8.o(.text) referenced from startup_stm32f030x8.o(RESET)
 <LI><a href="#[21]">__main</a> from entry.o(.ARM.Collect$$$$00000000) referenced from startup_stm32f030x8.o(.text)
 <LI><a href="#[1f]">main</a> from main.o(i.main) referenced from entry9a.o(.ARM.Collect$$$$0000000B)
</UL>
<P>
<H3>
Global Symbols
</H3>
<P><STRONG><a name="[21]"></a>__main</STRONG> (Thumb, 0 bytes, Stack size unknown bytes, entry.o(.ARM.Collect$$$$00000000))
<BR>[Address Reference Count : 1]<UL><LI> startup_stm32f030x8.o(.text)
</UL>
<P><STRONG><a name="[17b]"></a>_main_stk</STRONG> (Thumb, 0 bytes, Stack size unknown bytes, entry2.o(.ARM.Collect$$$$00000001))

<P><STRONG><a name="[27]"></a>_main_scatterload</STRONG> (Thumb, 0 bytes, Stack size unknown bytes, entry5.o(.ARM.Collect$$$$00000004))
<BR><BR>[Calls]<UL><LI><a href="#[28]">&gt;&gt;</a>&nbsp;&nbsp;&nbsp;__scatterload
</UL>

<P><STRONG><a name="[42]"></a>__main_after_scatterload</STRONG> (Thumb, 0 bytes, Stack size unknown bytes, entry5.o(.ARM.Collect$$$$00000004))
<BR><BR>[Called By]<UL><LI><a href="#[28]">&gt;&gt;</a>&nbsp;&nbsp;&nbsp;__scatterload
</UL>

<P><STRONG><a name="[17c]"></a>_main_clock</STRONG> (Thumb, 0 bytes, Stack size unknown bytes, entry7b.o(.ARM.Collect$$$$00000008))

<P><STRONG><a name="[17d]"></a>_main_cpp_init</STRONG> (Thumb, 0 bytes, Stack size unknown bytes, entry8b.o(.ARM.Collect$$$$0000000A))

<P><STRONG><a name="[17e]"></a>_main_init</STRONG> (Thumb, 0 bytes, Stack size unknown bytes, entry9a.o(.ARM.Collect$$$$0000000B))

<P><STRONG><a name="[17f]"></a>__rt_final_cpp</STRONG> (Thumb, 0 bytes, Stack size unknown bytes, entry10a.o(.ARM.Collect$$$$0000000D))

<P><STRONG><a name="[180]"></a>__rt_final_exit</STRONG> (Thumb, 0 bytes, Stack size unknown bytes, entry11a.o(.ARM.Collect$$$$0000000F))

<P><STRONG><a name="[0]"></a>Reset_Handler</STRONG> (Thumb, 8 bytes, Stack size 0 bytes, startup_stm32f030x8.o(.text))
<BR>[Address Reference Count : 1]<UL><LI> startup_stm32f030x8.o(RESET)
</UL>
<P><STRONG><a name="[10]"></a>ADC1_IRQHandler</STRONG> (Thumb, 0 bytes, Stack size 0 bytes, startup_stm32f030x8.o(.text))
<BR><BR>[Calls]<UL><LI><a href="#[10]">&gt;&gt;</a>&nbsp;&nbsp;&nbsp;ADC1_IRQHandler
</UL>
<BR>[Called By]<UL><LI><a href="#[10]">&gt;&gt;</a>&nbsp;&nbsp;&nbsp;ADC1_IRQHandler
</UL>
<BR>[Address Reference Count : 1]<UL><LI> startup_stm32f030x8.o(RESET)
</UL>
<P><STRONG><a name="[a]"></a>EXTI0_1_IRQHandler</STRONG> (Thumb, 0 bytes, Stack size 0 bytes, startup_stm32f030x8.o(.text))
<BR>[Address Reference Count : 1]<UL><LI> startup_stm32f030x8.o(RESET)
</UL>
<P><STRONG><a name="[b]"></a>EXTI2_3_IRQHandler</STRONG> (Thumb, 0 bytes, Stack size 0 bytes, startup_stm32f030x8.o(.text))
<BR>[Address Reference Count : 1]<UL><LI> startup_stm32f030x8.o(RESET)
</UL>
<P><STRONG><a name="[8]"></a>FLASH_IRQHandler</STRONG> (Thumb, 0 bytes, Stack size 0 bytes, startup_stm32f030x8.o(.text))
<BR>[Address Reference Count : 1]<UL><LI> startup_stm32f030x8.o(RESET)
</UL>
<P><STRONG><a name="[19]"></a>I2C1_IRQHandler</STRONG> (Thumb, 0 bytes, Stack size 0 bytes, startup_stm32f030x8.o(.text))
<BR>[Address Reference Count : 1]<UL><LI> startup_stm32f030x8.o(RESET)
</UL>
<P><STRONG><a name="[1a]"></a>I2C2_IRQHandler</STRONG> (Thumb, 0 bytes, Stack size 0 bytes, startup_stm32f030x8.o(.text))
<BR>[Address Reference Count : 1]<UL><LI> startup_stm32f030x8.o(RESET)
</UL>
<P><STRONG><a name="[9]"></a>RCC_IRQHandler</STRONG> (Thumb, 0 bytes, Stack size 0 bytes, startup_stm32f030x8.o(.text))
<BR>[Address Reference Count : 1]<UL><LI> startup_stm32f030x8.o(RESET)
</UL>
<P><STRONG><a name="[1b]"></a>SPI1_IRQHandler</STRONG> (Thumb, 0 bytes, Stack size 0 bytes, startup_stm32f030x8.o(.text))
<BR>[Address Reference Count : 1]<UL><LI> startup_stm32f030x8.o(RESET)
</UL>
<P><STRONG><a name="[1c]"></a>SPI2_IRQHandler</STRONG> (Thumb, 0 bytes, Stack size 0 bytes, startup_stm32f030x8.o(.text))
<BR>[Address Reference Count : 1]<UL><LI> startup_stm32f030x8.o(RESET)
</UL>
<P><STRONG><a name="[16]"></a>TIM15_IRQHandler</STRONG> (Thumb, 0 bytes, Stack size 0 bytes, startup_stm32f030x8.o(.text))
<BR>[Address Reference Count : 1]<UL><LI> startup_stm32f030x8.o(RESET)
</UL>
<P><STRONG><a name="[17]"></a>TIM16_IRQHandler</STRONG> (Thumb, 0 bytes, Stack size 0 bytes, startup_stm32f030x8.o(.text))
<BR>[Address Reference Count : 1]<UL><LI> startup_stm32f030x8.o(RESET)
</UL>
<P><STRONG><a name="[18]"></a>TIM17_IRQHandler</STRONG> (Thumb, 0 bytes, Stack size 0 bytes, startup_stm32f030x8.o(.text))
<BR>[Address Reference Count : 1]<UL><LI> startup_stm32f030x8.o(RESET)
</UL>
<P><STRONG><a name="[12]"></a>TIM1_CC_IRQHandler</STRONG> (Thumb, 0 bytes, Stack size 0 bytes, startup_stm32f030x8.o(.text))
<BR>[Address Reference Count : 1]<UL><LI> startup_stm32f030x8.o(RESET)
</UL>
<P><STRONG><a name="[6]"></a>WWDG_IRQHandler</STRONG> (Thumb, 0 bytes, Stack size 0 bytes, startup_stm32f030x8.o(.text))
<BR>[Address Reference Count : 1]<UL><LI> startup_stm32f030x8.o(RESET)
</UL>
<P><STRONG><a name="[181]"></a>__aeabi_uidiv</STRONG> (Thumb, 0 bytes, Stack size 12 bytes, uidiv.o(.text), UNUSED)

<P><STRONG><a name="[6b]"></a>__aeabi_uidivmod</STRONG> (Thumb, 44 bytes, Stack size 12 bytes, uidiv.o(.text))
<BR><BR>[Stack]<UL><LI>Max Depth = 12<LI>Call Chain = __aeabi_uidivmod
</UL>
<BR>[Called By]<UL><LI><a href="#[be]">&gt;&gt;</a>&nbsp;&nbsp;&nbsp;LL_USART_Init
<LI><a href="#[b3]">&gt;&gt;</a>&nbsp;&nbsp;&nbsp;LL_Init1msTick
<LI><a href="#[172]">&gt;&gt;</a>&nbsp;&nbsp;&nbsp;wide_get_countdown_time
<LI><a href="#[79]">&gt;&gt;</a>&nbsp;&nbsp;&nbsp;Delay_total_time_calculate
<LI><a href="#[6a]">&gt;&gt;</a>&nbsp;&nbsp;&nbsp;Delay_Max_amount_check
<LI><a href="#[13b]">&gt;&gt;</a>&nbsp;&nbsp;&nbsp;Video_move_times_limit
<LI><a href="#[136]">&gt;&gt;</a>&nbsp;&nbsp;&nbsp;Video_Fastest_time_check
<LI><a href="#[d3]">&gt;&gt;</a>&nbsp;&nbsp;&nbsp;Times_convert_to_speed
<LI><a href="#[e5]">&gt;&gt;</a>&nbsp;&nbsp;&nbsp;RCC_PLL_GetFreqDomain_SYS
</UL>

<P><STRONG><a name="[59]"></a>__aeabi_memcpy</STRONG> (Thumb, 36 bytes, Stack size 0 bytes, memcpya.o(.text))
<BR><BR>[Called By]<UL><LI><a href="#[170]">&gt;&gt;</a>&nbsp;&nbsp;&nbsp;usart22_Recdata_Handling
<LI><a href="#[8e]">&gt;&gt;</a>&nbsp;&nbsp;&nbsp;String_Printf
<LI><a href="#[51]">&gt;&gt;</a>&nbsp;&nbsp;&nbsp;Burn_code_value
<LI><a href="#[172]">&gt;&gt;</a>&nbsp;&nbsp;&nbsp;wide_get_countdown_time
<LI><a href="#[10a]">&gt;&gt;</a>&nbsp;&nbsp;&nbsp;get_countdown_time
<LI><a href="#[50]">&gt;&gt;</a>&nbsp;&nbsp;&nbsp;Package_dataBufer
<LI><a href="#[7d]">&gt;&gt;</a>&nbsp;&nbsp;&nbsp;Delete_mode_para
</UL>

<P><STRONG><a name="[182]"></a>__aeabi_memcpy4</STRONG> (Thumb, 0 bytes, Stack size 0 bytes, memcpya.o(.text), UNUSED)

<P><STRONG><a name="[183]"></a>__aeabi_memcpy8</STRONG> (Thumb, 0 bytes, Stack size 0 bytes, memcpya.o(.text), UNUSED)

<P><STRONG><a name="[2a]"></a>__aeabi_memset</STRONG> (Thumb, 14 bytes, Stack size 0 bytes, memseta.o(.text))
<BR><BR>[Called By]<UL><LI><a href="#[2b]">&gt;&gt;</a>&nbsp;&nbsp;&nbsp;_memset$wrapper
<LI><a href="#[29]">&gt;&gt;</a>&nbsp;&nbsp;&nbsp;__aeabi_memclr
</UL>

<P><STRONG><a name="[184]"></a>__aeabi_memset4</STRONG> (Thumb, 0 bytes, Stack size 0 bytes, memseta.o(.text), UNUSED)

<P><STRONG><a name="[185]"></a>__aeabi_memset8</STRONG> (Thumb, 0 bytes, Stack size 0 bytes, memseta.o(.text), UNUSED)

<P><STRONG><a name="[29]"></a>__aeabi_memclr</STRONG> (Thumb, 4 bytes, Stack size 0 bytes, memseta.o(.text))
<BR><BR>[Calls]<UL><LI><a href="#[2a]">&gt;&gt;</a>&nbsp;&nbsp;&nbsp;__aeabi_memset
</UL>
<BR>[Called By]<UL><LI><a href="#[170]">&gt;&gt;</a>&nbsp;&nbsp;&nbsp;usart22_Recdata_Handling
<LI><a href="#[167]">&gt;&gt;</a>&nbsp;&nbsp;&nbsp;para_init
<LI><a href="#[a7]">&gt;&gt;</a>&nbsp;&nbsp;&nbsp;specialty_mode_para_clear
<LI><a href="#[7d]">&gt;&gt;</a>&nbsp;&nbsp;&nbsp;Delete_mode_para
</UL>

<P><STRONG><a name="[60]"></a>__aeabi_memclr4</STRONG> (Thumb, 0 bytes, Stack size 0 bytes, memseta.o(.text))
<BR><BR>[Called By]<UL><LI><a href="#[155]">&gt;&gt;</a>&nbsp;&nbsp;&nbsp;write_bootTag
<LI><a href="#[149]">&gt;&gt;</a>&nbsp;&nbsp;&nbsp;bootloader_action_if
<LI><a href="#[a4]">&gt;&gt;</a>&nbsp;&nbsp;&nbsp;Specialty_Send_reshot_to_controller
<LI><a href="#[7c]">&gt;&gt;</a>&nbsp;&nbsp;&nbsp;Send_para_data_to_controller
<LI><a href="#[99]">&gt;&gt;</a>&nbsp;&nbsp;&nbsp;Send_connect_data_to_controller
<LI><a href="#[105]">&gt;&gt;</a>&nbsp;&nbsp;&nbsp;Specialty_Send_data
<LI><a href="#[5f]">&gt;&gt;</a>&nbsp;&nbsp;&nbsp;Cancel_the_para_set_return
</UL>

<P><STRONG><a name="[186]"></a>__aeabi_memclr8</STRONG> (Thumb, 0 bytes, Stack size 0 bytes, memseta.o(.text), UNUSED)

<P><STRONG><a name="[2b]"></a>_memset$wrapper</STRONG> (Thumb, 18 bytes, Stack size 8 bytes, memseta.o(.text), UNUSED)
<BR><BR>[Calls]<UL><LI><a href="#[2a]">&gt;&gt;</a>&nbsp;&nbsp;&nbsp;__aeabi_memset
</UL>

<P><STRONG><a name="[123]"></a>memcmp</STRONG> (Thumb, 26 bytes, Stack size 12 bytes, memcmp.o(.text))
<BR><BR>[Stack]<UL><LI>Max Depth = 12<LI>Call Chain = memcmp
</UL>
<BR>[Called By]<UL><LI><a href="#[121]">&gt;&gt;</a>&nbsp;&nbsp;&nbsp;UID_Encryption_Key_Check
</UL>

<P><STRONG><a name="[14b]"></a>strncmp</STRONG> (Thumb, 30 bytes, Stack size 12 bytes, strncmp.o(.text))
<BR><BR>[Stack]<UL><LI>Max Depth = 12<LI>Call Chain = strncmp
</UL>
<BR>[Called By]<UL><LI><a href="#[149]">&gt;&gt;</a>&nbsp;&nbsp;&nbsp;bootloader_action_if
</UL>

<P><STRONG><a name="[2c]"></a>__aeabi_fadd</STRONG> (Thumb, 162 bytes, Stack size 24 bytes, fadd.o(.text))
<BR><BR>[Stack]<UL><LI>Max Depth = 36<LI>Call Chain = __aeabi_fadd &rArr; _float_epilogue
</UL>
<BR>[Calls]<UL><LI><a href="#[2e]">&gt;&gt;</a>&nbsp;&nbsp;&nbsp;_float_round
<LI><a href="#[2d]">&gt;&gt;</a>&nbsp;&nbsp;&nbsp;_float_epilogue
</UL>
<BR>[Called By]<UL><LI><a href="#[15f]">&gt;&gt;</a>&nbsp;&nbsp;&nbsp;read_ADC_value
<LI><a href="#[e6]">&gt;&gt;</a>&nbsp;&nbsp;&nbsp;Ramp_Speed_Load
<LI><a href="#[2f]">&gt;&gt;</a>&nbsp;&nbsp;&nbsp;__aeabi_fsub
<LI><a href="#[101]">&gt;&gt;</a>&nbsp;&nbsp;&nbsp;SpecialtyHH_Ramp_Speed_Load
<LI><a href="#[30]">&gt;&gt;</a>&nbsp;&nbsp;&nbsp;__aeabi_frsub
</UL>

<P><STRONG><a name="[2f]"></a>__aeabi_fsub</STRONG> (Thumb, 8 bytes, Stack size 0 bytes, fadd.o(.text))
<BR><BR>[Stack]<UL><LI>Max Depth = 36<LI>Call Chain = __aeabi_fsub &rArr; __aeabi_fadd &rArr; _float_epilogue
</UL>
<BR>[Calls]<UL><LI><a href="#[2c]">&gt;&gt;</a>&nbsp;&nbsp;&nbsp;__aeabi_fadd
</UL>
<BR>[Called By]<UL><LI><a href="#[169]">&gt;&gt;</a>&nbsp;&nbsp;&nbsp;percentage_get
<LI><a href="#[156]">&gt;&gt;</a>&nbsp;&nbsp;&nbsp;filtering
</UL>

<P><STRONG><a name="[30]"></a>__aeabi_frsub</STRONG> (Thumb, 8 bytes, Stack size 0 bytes, fadd.o(.text), UNUSED)
<BR><BR>[Calls]<UL><LI><a href="#[2c]">&gt;&gt;</a>&nbsp;&nbsp;&nbsp;__aeabi_fadd
</UL>

<P><STRONG><a name="[78]"></a>__aeabi_fmul</STRONG> (Thumb, 122 bytes, Stack size 16 bytes, fmul.o(.text))
<BR><BR>[Stack]<UL><LI>Max Depth = 16<LI>Call Chain = __aeabi_fmul
</UL>
<BR>[Called By]<UL><LI><a href="#[15f]">&gt;&gt;</a>&nbsp;&nbsp;&nbsp;read_ADC_value
<LI><a href="#[169]">&gt;&gt;</a>&nbsp;&nbsp;&nbsp;percentage_get
<LI><a href="#[e6]">&gt;&gt;</a>&nbsp;&nbsp;&nbsp;Ramp_Speed_Load
<LI><a href="#[14d]">&gt;&gt;</a>&nbsp;&nbsp;&nbsp;calculate_fast_speed_and_ramp_time
<LI><a href="#[72]">&gt;&gt;</a>&nbsp;&nbsp;&nbsp;Delay_move_speed_calculate
<LI><a href="#[d1]">&gt;&gt;</a>&nbsp;&nbsp;&nbsp;calculate_fast_speed
<LI><a href="#[d5]">&gt;&gt;</a>&nbsp;&nbsp;&nbsp;MotorVV_Video_move_time_check
<LI><a href="#[d0]">&gt;&gt;</a>&nbsp;&nbsp;&nbsp;MotorHH_Video_move_time_check
<LI><a href="#[101]">&gt;&gt;</a>&nbsp;&nbsp;&nbsp;SpecialtyHH_Ramp_Speed_Load
</UL>

<P><STRONG><a name="[31]"></a>__aeabi_fdiv</STRONG> (Thumb, 124 bytes, Stack size 16 bytes, fdiv.o(.text))
<BR><BR>[Stack]<UL><LI>Max Depth = 16<LI>Call Chain = __aeabi_fdiv
</UL>
<BR>[Calls]<UL><LI><a href="#[2e]">&gt;&gt;</a>&nbsp;&nbsp;&nbsp;_float_round
</UL>
<BR>[Called By]<UL><LI><a href="#[15f]">&gt;&gt;</a>&nbsp;&nbsp;&nbsp;read_ADC_value
<LI><a href="#[169]">&gt;&gt;</a>&nbsp;&nbsp;&nbsp;percentage_get
<LI><a href="#[e6]">&gt;&gt;</a>&nbsp;&nbsp;&nbsp;Ramp_Speed_Load
<LI><a href="#[14d]">&gt;&gt;</a>&nbsp;&nbsp;&nbsp;calculate_fast_speed_and_ramp_time
<LI><a href="#[d1]">&gt;&gt;</a>&nbsp;&nbsp;&nbsp;calculate_fast_speed
<LI><a href="#[101]">&gt;&gt;</a>&nbsp;&nbsp;&nbsp;SpecialtyHH_Ramp_Speed_Load
</UL>

<P><STRONG><a name="[32]"></a>__aeabi_dadd</STRONG> (Thumb, 326 bytes, Stack size 48 bytes, dadd.o(.text))
<BR><BR>[Stack]<UL><LI>Max Depth = 104<LI>Call Chain = __aeabi_dadd &rArr; _double_epilogue &rArr; __aeabi_llsr
</UL>
<BR>[Calls]<UL><LI><a href="#[34]">&gt;&gt;</a>&nbsp;&nbsp;&nbsp;__aeabi_lasr
<LI><a href="#[33]">&gt;&gt;</a>&nbsp;&nbsp;&nbsp;__aeabi_llsl
<LI><a href="#[36]">&gt;&gt;</a>&nbsp;&nbsp;&nbsp;_double_round
<LI><a href="#[35]">&gt;&gt;</a>&nbsp;&nbsp;&nbsp;_double_epilogue
</UL>
<BR>[Called By]<UL><LI><a href="#[160]">&gt;&gt;</a>&nbsp;&nbsp;&nbsp;set_abpoint_slow_stopORstart
<LI><a href="#[37]">&gt;&gt;</a>&nbsp;&nbsp;&nbsp;__aeabi_dsub
<LI><a href="#[d2]">&gt;&gt;</a>&nbsp;&nbsp;&nbsp;Video_ram_load
<LI><a href="#[d3]">&gt;&gt;</a>&nbsp;&nbsp;&nbsp;Times_convert_to_speed
<LI><a href="#[38]">&gt;&gt;</a>&nbsp;&nbsp;&nbsp;__aeabi_drsub
</UL>

<P><STRONG><a name="[37]"></a>__aeabi_dsub</STRONG> (Thumb, 12 bytes, Stack size 8 bytes, dadd.o(.text))
<BR><BR>[Stack]<UL><LI>Max Depth = 112<LI>Call Chain = __aeabi_dsub &rArr; __aeabi_dadd &rArr; _double_epilogue &rArr; __aeabi_llsr
</UL>
<BR>[Calls]<UL><LI><a href="#[32]">&gt;&gt;</a>&nbsp;&nbsp;&nbsp;__aeabi_dadd
</UL>
<BR>[Called By]<UL><LI><a href="#[156]">&gt;&gt;</a>&nbsp;&nbsp;&nbsp;filtering
<LI><a href="#[a6]">&gt;&gt;</a>&nbsp;&nbsp;&nbsp;Manaul_speed_conversion
<LI><a href="#[d3]">&gt;&gt;</a>&nbsp;&nbsp;&nbsp;Times_convert_to_speed
<LI><a href="#[d4]">&gt;&gt;</a>&nbsp;&nbsp;&nbsp;MotorVV_Video_compensation_check
<LI><a href="#[cf]">&gt;&gt;</a>&nbsp;&nbsp;&nbsp;MotorHH_Video_compensation_check
</UL>

<P><STRONG><a name="[38]"></a>__aeabi_drsub</STRONG> (Thumb, 12 bytes, Stack size 8 bytes, dadd.o(.text), UNUSED)
<BR><BR>[Calls]<UL><LI><a href="#[32]">&gt;&gt;</a>&nbsp;&nbsp;&nbsp;__aeabi_dadd
</UL>

<P><STRONG><a name="[39]"></a>__aeabi_dmul</STRONG> (Thumb, 202 bytes, Stack size 72 bytes, dmul.o(.text))
<BR><BR>[Stack]<UL><LI>Max Depth = 128<LI>Call Chain = __aeabi_dmul &rArr; _double_epilogue &rArr; __aeabi_llsr
</UL>
<BR>[Calls]<UL><LI><a href="#[35]">&gt;&gt;</a>&nbsp;&nbsp;&nbsp;_double_epilogue
</UL>
<BR>[Called By]<UL><LI><a href="#[160]">&gt;&gt;</a>&nbsp;&nbsp;&nbsp;set_abpoint_slow_stopORstart
<LI><a href="#[4d]">&gt;&gt;</a>&nbsp;&nbsp;&nbsp;Angle_real_time_transmission
<LI><a href="#[a6]">&gt;&gt;</a>&nbsp;&nbsp;&nbsp;Manaul_speed_conversion
<LI><a href="#[d2]">&gt;&gt;</a>&nbsp;&nbsp;&nbsp;Video_ram_load
<LI><a href="#[d3]">&gt;&gt;</a>&nbsp;&nbsp;&nbsp;Times_convert_to_speed
<LI><a href="#[d4]">&gt;&gt;</a>&nbsp;&nbsp;&nbsp;MotorVV_Video_compensation_check
<LI><a href="#[cf]">&gt;&gt;</a>&nbsp;&nbsp;&nbsp;MotorHH_Video_compensation_check
</UL>

<P><STRONG><a name="[3a]"></a>__aeabi_ddiv</STRONG> (Thumb, 234 bytes, Stack size 40 bytes, ddiv.o(.text))
<BR><BR>[Stack]<UL><LI>Max Depth = 48<LI>Call Chain = __aeabi_ddiv &rArr; _double_round
</UL>
<BR>[Calls]<UL><LI><a href="#[36]">&gt;&gt;</a>&nbsp;&nbsp;&nbsp;_double_round
</UL>
<BR>[Called By]<UL><LI><a href="#[160]">&gt;&gt;</a>&nbsp;&nbsp;&nbsp;set_abpoint_slow_stopORstart
<LI><a href="#[7b]">&gt;&gt;</a>&nbsp;&nbsp;&nbsp;PULSE_SUM
<LI><a href="#[a6]">&gt;&gt;</a>&nbsp;&nbsp;&nbsp;Manaul_speed_conversion
<LI><a href="#[72]">&gt;&gt;</a>&nbsp;&nbsp;&nbsp;Delay_move_speed_calculate
<LI><a href="#[d2]">&gt;&gt;</a>&nbsp;&nbsp;&nbsp;Video_ram_load
<LI><a href="#[d3]">&gt;&gt;</a>&nbsp;&nbsp;&nbsp;Times_convert_to_speed
<LI><a href="#[d4]">&gt;&gt;</a>&nbsp;&nbsp;&nbsp;MotorVV_Video_compensation_check
<LI><a href="#[cf]">&gt;&gt;</a>&nbsp;&nbsp;&nbsp;MotorHH_Video_compensation_check
<LI><a href="#[100]">&gt;&gt;</a>&nbsp;&nbsp;&nbsp;specialty_parameter_calculate
</UL>

<P><STRONG><a name="[3b]"></a>__aeabi_ui2f</STRONG> (Thumb, 14 bytes, Stack size 8 bytes, ffltui.o(.text))
<BR><BR>[Stack]<UL><LI>Max Depth = 20<LI>Call Chain = __aeabi_ui2f &rArr; _float_epilogue
</UL>
<BR>[Calls]<UL><LI><a href="#[2d]">&gt;&gt;</a>&nbsp;&nbsp;&nbsp;_float_epilogue
</UL>
<BR>[Called By]<UL><LI><a href="#[15f]">&gt;&gt;</a>&nbsp;&nbsp;&nbsp;read_ADC_value
<LI><a href="#[e6]">&gt;&gt;</a>&nbsp;&nbsp;&nbsp;Ramp_Speed_Load
<LI><a href="#[14d]">&gt;&gt;</a>&nbsp;&nbsp;&nbsp;calculate_fast_speed_and_ramp_time
<LI><a href="#[72]">&gt;&gt;</a>&nbsp;&nbsp;&nbsp;Delay_move_speed_calculate
<LI><a href="#[d1]">&gt;&gt;</a>&nbsp;&nbsp;&nbsp;calculate_fast_speed
<LI><a href="#[d5]">&gt;&gt;</a>&nbsp;&nbsp;&nbsp;MotorVV_Video_move_time_check
<LI><a href="#[d0]">&gt;&gt;</a>&nbsp;&nbsp;&nbsp;MotorHH_Video_move_time_check
<LI><a href="#[101]">&gt;&gt;</a>&nbsp;&nbsp;&nbsp;SpecialtyHH_Ramp_Speed_Load
</UL>

<P><STRONG><a name="[3c]"></a>__aeabi_i2d</STRONG> (Thumb, 34 bytes, Stack size 16 bytes, dflti.o(.text))
<BR><BR>[Stack]<UL><LI>Max Depth = 72<LI>Call Chain = __aeabi_i2d &rArr; _double_epilogue &rArr; __aeabi_llsr
</UL>
<BR>[Calls]<UL><LI><a href="#[35]">&gt;&gt;</a>&nbsp;&nbsp;&nbsp;_double_epilogue
</UL>
<BR>[Called By]<UL><LI><a href="#[100]">&gt;&gt;</a>&nbsp;&nbsp;&nbsp;specialty_parameter_calculate
</UL>

<P><STRONG><a name="[3d]"></a>__aeabi_ui2d</STRONG> (Thumb, 24 bytes, Stack size 16 bytes, dfltui.o(.text))
<BR><BR>[Stack]<UL><LI>Max Depth = 72<LI>Call Chain = __aeabi_ui2d &rArr; _double_epilogue &rArr; __aeabi_llsr
</UL>
<BR>[Calls]<UL><LI><a href="#[35]">&gt;&gt;</a>&nbsp;&nbsp;&nbsp;_double_epilogue
</UL>
<BR>[Called By]<UL><LI><a href="#[160]">&gt;&gt;</a>&nbsp;&nbsp;&nbsp;set_abpoint_slow_stopORstart
<LI><a href="#[4d]">&gt;&gt;</a>&nbsp;&nbsp;&nbsp;Angle_real_time_transmission
<LI><a href="#[7b]">&gt;&gt;</a>&nbsp;&nbsp;&nbsp;PULSE_SUM
<LI><a href="#[72]">&gt;&gt;</a>&nbsp;&nbsp;&nbsp;Delay_move_speed_calculate
<LI><a href="#[d2]">&gt;&gt;</a>&nbsp;&nbsp;&nbsp;Video_ram_load
<LI><a href="#[d3]">&gt;&gt;</a>&nbsp;&nbsp;&nbsp;Times_convert_to_speed
<LI><a href="#[d4]">&gt;&gt;</a>&nbsp;&nbsp;&nbsp;MotorVV_Video_compensation_check
<LI><a href="#[cf]">&gt;&gt;</a>&nbsp;&nbsp;&nbsp;MotorHH_Video_compensation_check
<LI><a href="#[100]">&gt;&gt;</a>&nbsp;&nbsp;&nbsp;specialty_parameter_calculate
</UL>

<P><STRONG><a name="[77]"></a>__aeabi_f2uiz</STRONG> (Thumb, 40 bytes, Stack size 0 bytes, ffixui.o(.text))
<BR><BR>[Called By]<UL><LI><a href="#[169]">&gt;&gt;</a>&nbsp;&nbsp;&nbsp;percentage_get
<LI><a href="#[e6]">&gt;&gt;</a>&nbsp;&nbsp;&nbsp;Ramp_Speed_Load
<LI><a href="#[14d]">&gt;&gt;</a>&nbsp;&nbsp;&nbsp;calculate_fast_speed_and_ramp_time
<LI><a href="#[72]">&gt;&gt;</a>&nbsp;&nbsp;&nbsp;Delay_move_speed_calculate
<LI><a href="#[d1]">&gt;&gt;</a>&nbsp;&nbsp;&nbsp;calculate_fast_speed
<LI><a href="#[d5]">&gt;&gt;</a>&nbsp;&nbsp;&nbsp;MotorVV_Video_move_time_check
<LI><a href="#[d0]">&gt;&gt;</a>&nbsp;&nbsp;&nbsp;MotorHH_Video_move_time_check
<LI><a href="#[100]">&gt;&gt;</a>&nbsp;&nbsp;&nbsp;specialty_parameter_calculate
<LI><a href="#[101]">&gt;&gt;</a>&nbsp;&nbsp;&nbsp;SpecialtyHH_Ramp_Speed_Load
</UL>

<P><STRONG><a name="[3e]"></a>__aeabi_d2uiz</STRONG> (Thumb, 50 bytes, Stack size 8 bytes, dfixui.o(.text))
<BR><BR>[Stack]<UL><LI>Max Depth = 16<LI>Call Chain = __aeabi_d2uiz &rArr; __aeabi_llsr
</UL>
<BR>[Calls]<UL><LI><a href="#[3f]">&gt;&gt;</a>&nbsp;&nbsp;&nbsp;__aeabi_llsr
</UL>
<BR>[Called By]<UL><LI><a href="#[160]">&gt;&gt;</a>&nbsp;&nbsp;&nbsp;set_abpoint_slow_stopORstart
<LI><a href="#[4d]">&gt;&gt;</a>&nbsp;&nbsp;&nbsp;Angle_real_time_transmission
<LI><a href="#[172]">&gt;&gt;</a>&nbsp;&nbsp;&nbsp;wide_get_countdown_time
<LI><a href="#[10a]">&gt;&gt;</a>&nbsp;&nbsp;&nbsp;get_countdown_time
<LI><a href="#[eb]">&gt;&gt;</a>&nbsp;&nbsp;&nbsp;Video_abPoint_set
<LI><a href="#[7a]">&gt;&gt;</a>&nbsp;&nbsp;&nbsp;Delay_set_abPoint
<LI><a href="#[a6]">&gt;&gt;</a>&nbsp;&nbsp;&nbsp;Manaul_speed_conversion
<LI><a href="#[d2]">&gt;&gt;</a>&nbsp;&nbsp;&nbsp;Video_ram_load
<LI><a href="#[d3]">&gt;&gt;</a>&nbsp;&nbsp;&nbsp;Times_convert_to_speed
<LI><a href="#[d4]">&gt;&gt;</a>&nbsp;&nbsp;&nbsp;MotorVV_Video_compensation_check
<LI><a href="#[cf]">&gt;&gt;</a>&nbsp;&nbsp;&nbsp;MotorHH_Video_compensation_check
</UL>

<P><STRONG><a name="[c8]"></a>__aeabi_f2d</STRONG> (Thumb, 40 bytes, Stack size 0 bytes, f2d.o(.text))
<BR><BR>[Called By]<UL><LI><a href="#[156]">&gt;&gt;</a>&nbsp;&nbsp;&nbsp;filtering
<LI><a href="#[a6]">&gt;&gt;</a>&nbsp;&nbsp;&nbsp;Manaul_speed_conversion
</UL>

<P><STRONG><a name="[40]"></a>__aeabi_d2f</STRONG> (Thumb, 56 bytes, Stack size 8 bytes, d2f.o(.text))
<BR><BR>[Stack]<UL><LI>Max Depth = 8<LI>Call Chain = __aeabi_d2f
</UL>
<BR>[Calls]<UL><LI><a href="#[2e]">&gt;&gt;</a>&nbsp;&nbsp;&nbsp;_float_round
</UL>
<BR>[Called By]<UL><LI><a href="#[172]">&gt;&gt;</a>&nbsp;&nbsp;&nbsp;wide_get_countdown_time
<LI><a href="#[156]">&gt;&gt;</a>&nbsp;&nbsp;&nbsp;filtering
<LI><a href="#[10a]">&gt;&gt;</a>&nbsp;&nbsp;&nbsp;get_countdown_time
<LI><a href="#[a6]">&gt;&gt;</a>&nbsp;&nbsp;&nbsp;Manaul_speed_conversion
<LI><a href="#[72]">&gt;&gt;</a>&nbsp;&nbsp;&nbsp;Delay_move_speed_calculate
<LI><a href="#[100]">&gt;&gt;</a>&nbsp;&nbsp;&nbsp;specialty_parameter_calculate
</UL>

<P><STRONG><a name="[187]"></a>__aeabi_cfcmpeq</STRONG> (Thumb, 0 bytes, Stack size 0 bytes, cfcmple.o(.text), UNUSED)

<P><STRONG><a name="[157]"></a>__aeabi_cfcmple</STRONG> (Thumb, 20 bytes, Stack size 0 bytes, cfcmple.o(.text))
<BR><BR>[Called By]<UL><LI><a href="#[156]">&gt;&gt;</a>&nbsp;&nbsp;&nbsp;filtering
</UL>

<P><STRONG><a name="[33]"></a>__aeabi_llsl</STRONG> (Thumb, 32 bytes, Stack size 8 bytes, llshl.o(.text))
<BR><BR>[Stack]<UL><LI>Max Depth = 8<LI>Call Chain = __aeabi_llsl
</UL>
<BR>[Called By]<UL><LI><a href="#[32]">&gt;&gt;</a>&nbsp;&nbsp;&nbsp;__aeabi_dadd
<LI><a href="#[35]">&gt;&gt;</a>&nbsp;&nbsp;&nbsp;_double_epilogue
</UL>

<P><STRONG><a name="[188]"></a>_ll_shift_l</STRONG> (Thumb, 0 bytes, Stack size 8 bytes, llshl.o(.text), UNUSED)

<P><STRONG><a name="[3f]"></a>__aeabi_llsr</STRONG> (Thumb, 34 bytes, Stack size 8 bytes, llushr.o(.text))
<BR><BR>[Stack]<UL><LI>Max Depth = 8<LI>Call Chain = __aeabi_llsr
</UL>
<BR>[Called By]<UL><LI><a href="#[3e]">&gt;&gt;</a>&nbsp;&nbsp;&nbsp;__aeabi_d2uiz
<LI><a href="#[35]">&gt;&gt;</a>&nbsp;&nbsp;&nbsp;_double_epilogue
</UL>

<P><STRONG><a name="[189]"></a>_ll_ushift_r</STRONG> (Thumb, 0 bytes, Stack size 8 bytes, llushr.o(.text), UNUSED)

<P><STRONG><a name="[34]"></a>__aeabi_lasr</STRONG> (Thumb, 38 bytes, Stack size 8 bytes, llsshr.o(.text))
<BR><BR>[Stack]<UL><LI>Max Depth = 8<LI>Call Chain = __aeabi_lasr
</UL>
<BR>[Called By]<UL><LI><a href="#[32]">&gt;&gt;</a>&nbsp;&nbsp;&nbsp;__aeabi_dadd
</UL>

<P><STRONG><a name="[18a]"></a>_ll_sshift_r</STRONG> (Thumb, 0 bytes, Stack size 8 bytes, llsshr.o(.text), UNUSED)

<P><STRONG><a name="[18b]"></a>__I$use$fp</STRONG> (Thumb, 0 bytes, Stack size 0 bytes, iusefp.o(.text), UNUSED)

<P><STRONG><a name="[2e]"></a>_float_round</STRONG> (Thumb, 16 bytes, Stack size 0 bytes, fepilogue.o(.text))
<BR><BR>[Called By]<UL><LI><a href="#[31]">&gt;&gt;</a>&nbsp;&nbsp;&nbsp;__aeabi_fdiv
<LI><a href="#[2c]">&gt;&gt;</a>&nbsp;&nbsp;&nbsp;__aeabi_fadd
<LI><a href="#[40]">&gt;&gt;</a>&nbsp;&nbsp;&nbsp;__aeabi_d2f
</UL>

<P><STRONG><a name="[2d]"></a>_float_epilogue</STRONG> (Thumb, 116 bytes, Stack size 12 bytes, fepilogue.o(.text))
<BR><BR>[Stack]<UL><LI>Max Depth = 12<LI>Call Chain = _float_epilogue
</UL>
<BR>[Called By]<UL><LI><a href="#[3b]">&gt;&gt;</a>&nbsp;&nbsp;&nbsp;__aeabi_ui2f
<LI><a href="#[2c]">&gt;&gt;</a>&nbsp;&nbsp;&nbsp;__aeabi_fadd
</UL>

<P><STRONG><a name="[36]"></a>_double_round</STRONG> (Thumb, 26 bytes, Stack size 8 bytes, depilogue.o(.text))
<BR><BR>[Stack]<UL><LI>Max Depth = 8<LI>Call Chain = _double_round
</UL>
<BR>[Called By]<UL><LI><a href="#[3a]">&gt;&gt;</a>&nbsp;&nbsp;&nbsp;__aeabi_ddiv
<LI><a href="#[32]">&gt;&gt;</a>&nbsp;&nbsp;&nbsp;__aeabi_dadd
<LI><a href="#[35]">&gt;&gt;</a>&nbsp;&nbsp;&nbsp;_double_epilogue
</UL>

<P><STRONG><a name="[35]"></a>_double_epilogue</STRONG> (Thumb, 166 bytes, Stack size 48 bytes, depilogue.o(.text))
<BR><BR>[Stack]<UL><LI>Max Depth = 56<LI>Call Chain = _double_epilogue &rArr; __aeabi_llsr
</UL>
<BR>[Calls]<UL><LI><a href="#[41]">&gt;&gt;</a>&nbsp;&nbsp;&nbsp;__ARM_clz
<LI><a href="#[3f]">&gt;&gt;</a>&nbsp;&nbsp;&nbsp;__aeabi_llsr
<LI><a href="#[33]">&gt;&gt;</a>&nbsp;&nbsp;&nbsp;__aeabi_llsl
<LI><a href="#[36]">&gt;&gt;</a>&nbsp;&nbsp;&nbsp;_double_round
</UL>
<BR>[Called By]<UL><LI><a href="#[3d]">&gt;&gt;</a>&nbsp;&nbsp;&nbsp;__aeabi_ui2d
<LI><a href="#[39]">&gt;&gt;</a>&nbsp;&nbsp;&nbsp;__aeabi_dmul
<LI><a href="#[32]">&gt;&gt;</a>&nbsp;&nbsp;&nbsp;__aeabi_dadd
<LI><a href="#[3c]">&gt;&gt;</a>&nbsp;&nbsp;&nbsp;__aeabi_i2d
</UL>

<P><STRONG><a name="[28]"></a>__scatterload</STRONG> (Thumb, 28 bytes, Stack size 0 bytes, init.o(.text))
<BR><BR>[Calls]<UL><LI><a href="#[42]">&gt;&gt;</a>&nbsp;&nbsp;&nbsp;__main_after_scatterload
</UL>
<BR>[Called By]<UL><LI><a href="#[27]">&gt;&gt;</a>&nbsp;&nbsp;&nbsp;_main_scatterload
</UL>

<P><STRONG><a name="[18c]"></a>__scatterload_rt2</STRONG> (Thumb, 0 bytes, Stack size 0 bytes, init.o(.text), UNUSED)

<P><STRONG><a name="[48]"></a>ADC_GetCalibrationFactor</STRONG> (Thumb, 52 bytes, Stack size 8 bytes, adc.o(i.ADC_GetCalibrationFactor))
<BR><BR>[Stack]<UL><LI>Max Depth = 8<LI>Call Chain = ADC_GetCalibrationFactor
</UL>
<BR>[Called By]<UL><LI><a href="#[45]">&gt;&gt;</a>&nbsp;&nbsp;&nbsp;Adc_function_init
</UL>

<P><STRONG><a name="[f1]"></a>ADC_shutdown</STRONG> (Thumb, 76 bytes, Stack size 8 bytes, low_power.o(i.ADC_shutdown))
<BR><BR>[Stack]<UL><LI>Max Depth = 8<LI>Call Chain = ADC_shutdown
</UL>
<BR>[Called By]<UL><LI><a href="#[ee]">&gt;&gt;</a>&nbsp;&nbsp;&nbsp;ShutDown
</UL>

<P><STRONG><a name="[43]"></a>A_d_c_int</STRONG> (Thumb, 16 bytes, Stack size 8 bytes, adc.o(i.A_d_c_int))
<BR><BR>[Stack]<UL><LI>Max Depth = 60<LI>Call Chain = A_d_c_int &rArr; Adc_Gpio_init &rArr; LL_GPIO_Init
</UL>
<BR>[Calls]<UL><LI><a href="#[44]">&gt;&gt;</a>&nbsp;&nbsp;&nbsp;Adc_Gpio_init
<LI><a href="#[46]">&gt;&gt;</a>&nbsp;&nbsp;&nbsp;Dma_int
<LI><a href="#[45]">&gt;&gt;</a>&nbsp;&nbsp;&nbsp;Adc_function_init
</UL>
<BR>[Called By]<UL><LI><a href="#[1f]">&gt;&gt;</a>&nbsp;&nbsp;&nbsp;main
</UL>

<P><STRONG><a name="[4e]"></a>Absolute_value_calculation</STRONG> (Thumb, 12 bytes, Stack size 0 bytes, common.o(i.Absolute_value_calculation))
<BR><BR>[Called By]<UL><LI><a href="#[4d]">&gt;&gt;</a>&nbsp;&nbsp;&nbsp;Angle_real_time_transmission
<LI><a href="#[eb]">&gt;&gt;</a>&nbsp;&nbsp;&nbsp;Video_abPoint_set
<LI><a href="#[7a]">&gt;&gt;</a>&nbsp;&nbsp;&nbsp;Delay_set_abPoint
</UL>

<P><STRONG><a name="[44]"></a>Adc_Gpio_init</STRONG> (Thumb, 48 bytes, Stack size 32 bytes, gpio.o(i.Adc_Gpio_init))
<BR><BR>[Stack]<UL><LI>Max Depth = 52<LI>Call Chain = Adc_Gpio_init &rArr; LL_GPIO_Init
</UL>
<BR>[Calls]<UL><LI><a href="#[47]">&gt;&gt;</a>&nbsp;&nbsp;&nbsp;LL_GPIO_Init
</UL>
<BR>[Called By]<UL><LI><a href="#[43]">&gt;&gt;</a>&nbsp;&nbsp;&nbsp;A_d_c_int
</UL>

<P><STRONG><a name="[45]"></a>Adc_function_init</STRONG> (Thumb, 110 bytes, Stack size 12 bytes, adc.o(i.Adc_function_init))
<BR><BR>[Stack]<UL><LI>Max Depth = 20<LI>Call Chain = Adc_function_init &rArr; ADC_GetCalibrationFactor
</UL>
<BR>[Calls]<UL><LI><a href="#[48]">&gt;&gt;</a>&nbsp;&nbsp;&nbsp;ADC_GetCalibrationFactor
</UL>
<BR>[Called By]<UL><LI><a href="#[43]">&gt;&gt;</a>&nbsp;&nbsp;&nbsp;A_d_c_int
</UL>

<P><STRONG><a name="[49]"></a>All_slow_check</STRONG> (Thumb, 40 bytes, Stack size 8 bytes, common.o(i.All_slow_check))
<BR><BR>[Stack]<UL><LI>Max Depth = 28<LI>Call Chain = All_slow_check &rArr; Video_find_Origin_slow_check
</UL>
<BR>[Calls]<UL><LI><a href="#[4b]">&gt;&gt;</a>&nbsp;&nbsp;&nbsp;Video_find_Origin_slow_check
<LI><a href="#[4a]">&gt;&gt;</a>&nbsp;&nbsp;&nbsp;Panorama_find_end_point_slowChcek
<LI><a href="#[4c]">&gt;&gt;</a>&nbsp;&nbsp;&nbsp;Delay_find_Origin_slow_check
</UL>
<BR>[Called By]<UL><LI><a href="#[1f]">&gt;&gt;</a>&nbsp;&nbsp;&nbsp;main
</UL>

<P><STRONG><a name="[4d]"></a>Angle_real_time_transmission</STRONG> (Thumb, 152 bytes, Stack size 24 bytes, common.o(i.Angle_real_time_transmission))
<BR><BR>[Stack]<UL><LI>Max Depth = 152<LI>Call Chain = Angle_real_time_transmission &rArr; __aeabi_dmul &rArr; _double_epilogue &rArr; __aeabi_llsr
</UL>
<BR>[Calls]<UL><LI><a href="#[3d]">&gt;&gt;</a>&nbsp;&nbsp;&nbsp;__aeabi_ui2d
<LI><a href="#[39]">&gt;&gt;</a>&nbsp;&nbsp;&nbsp;__aeabi_dmul
<LI><a href="#[3e]">&gt;&gt;</a>&nbsp;&nbsp;&nbsp;__aeabi_d2uiz
<LI><a href="#[4f]">&gt;&gt;</a>&nbsp;&nbsp;&nbsp;check_sum_add
<LI><a href="#[50]">&gt;&gt;</a>&nbsp;&nbsp;&nbsp;Package_dataBufer
<LI><a href="#[4e]">&gt;&gt;</a>&nbsp;&nbsp;&nbsp;Absolute_value_calculation
</UL>
<BR>[Called By]<UL><LI><a href="#[c9]">&gt;&gt;</a>&nbsp;&nbsp;&nbsp;Manual_HH_slowStartOrStop
<LI><a href="#[1f]">&gt;&gt;</a>&nbsp;&nbsp;&nbsp;main
<LI><a href="#[92]">&gt;&gt;</a>&nbsp;&nbsp;&nbsp;Get_data_from_controller
<LI><a href="#[98]">&gt;&gt;</a>&nbsp;&nbsp;&nbsp;Set_origin_move
</UL>

<P><STRONG><a name="[8f]"></a>BLE_shut_start</STRONG> (Thumb, 30 bytes, Stack size 0 bytes, standard.o(i.BLE_shut_start))
<BR><BR>[Called By]<UL><LI><a href="#[118]">&gt;&gt;</a>&nbsp;&nbsp;&nbsp;standard_countdown_time_display
<LI><a href="#[162]">&gt;&gt;</a>&nbsp;&nbsp;&nbsp;specialty_mode_main
<LI><a href="#[152]">&gt;&gt;</a>&nbsp;&nbsp;&nbsp;delay_mode_main
<LI><a href="#[8d]">&gt;&gt;</a>&nbsp;&nbsp;&nbsp;FindOrigin_over_to_Sart
<LI><a href="#[ce]">&gt;&gt;</a>&nbsp;&nbsp;&nbsp;Spe_manul_Shuting
<LI><a href="#[10c]">&gt;&gt;</a>&nbsp;&nbsp;&nbsp;standard_mode_start
<LI><a href="#[94]">&gt;&gt;</a>&nbsp;&nbsp;&nbsp;Manul_Turn_the_shuter
<LI><a href="#[142]">&gt;&gt;</a>&nbsp;&nbsp;&nbsp;video_motorHH_pulse_check
<LI><a href="#[139]">&gt;&gt;</a>&nbsp;&nbsp;&nbsp;Video_start
</UL>

<P><STRONG><a name="[161]"></a>BLE_shut_stop</STRONG> (Thumb, 30 bytes, Stack size 0 bytes, standard.o(i.BLE_shut_stop))
<BR><BR>[Called By]<UL><LI><a href="#[1f]">&gt;&gt;</a>&nbsp;&nbsp;&nbsp;main
</UL>

<P><STRONG><a name="[51]"></a>Burn_code_value</STRONG> (Thumb, 312 bytes, Stack size 32 bytes, pair.o(i.Burn_code_value))
<BR><BR>[Stack]<UL><LI>Max Depth = 120<LI>Call Chain = Burn_code_value &rArr; NRF24L01_TxPacket &rArr; NRF24L01_Write_Buf &rArr; drv_spi_read_write_byte
</UL>
<BR>[Calls]<UL><LI><a href="#[5b]">&gt;&gt;</a>&nbsp;&nbsp;&nbsp;write_flash_active
<LI><a href="#[57]">&gt;&gt;</a>&nbsp;&nbsp;&nbsp;Feed_IWDG
<LI><a href="#[56]">&gt;&gt;</a>&nbsp;&nbsp;&nbsp;RF24L01_Set_Mode
<LI><a href="#[52]">&gt;&gt;</a>&nbsp;&nbsp;&nbsp;NRF24L01_Write_Reg
<LI><a href="#[5d]">&gt;&gt;</a>&nbsp;&nbsp;&nbsp;NRF24L01_TxPacket
<LI><a href="#[53]">&gt;&gt;</a>&nbsp;&nbsp;&nbsp;NRF24L01_Set_TxAddr
<LI><a href="#[54]">&gt;&gt;</a>&nbsp;&nbsp;&nbsp;NRF24L01_Set_RxAddr
<LI><a href="#[58]">&gt;&gt;</a>&nbsp;&nbsp;&nbsp;NRF24L01_RxPacket
<LI><a href="#[5a]">&gt;&gt;</a>&nbsp;&nbsp;&nbsp;if_write_flash
<LI><a href="#[5e]">&gt;&gt;</a>&nbsp;&nbsp;&nbsp;time_delay_ms
<LI><a href="#[55]">&gt;&gt;</a>&nbsp;&nbsp;&nbsp;lights_flash
<LI><a href="#[5c]">&gt;&gt;</a>&nbsp;&nbsp;&nbsp;check_sum_add22
<LI><a href="#[59]">&gt;&gt;</a>&nbsp;&nbsp;&nbsp;__aeabi_memcpy
</UL>
<BR>[Called By]<UL><LI><a href="#[1f]">&gt;&gt;</a>&nbsp;&nbsp;&nbsp;main
</UL>

<P><STRONG><a name="[5f]"></a>Cancel_the_para_set_return</STRONG> (Thumb, 136 bytes, Stack size 40 bytes, specialty_mode.o(i.Cancel_the_para_set_return))
<BR><BR>[Stack]<UL><LI>Max Depth = 56<LI>Call Chain = Cancel_the_para_set_return &rArr; Package_dataBufer
</UL>
<BR>[Calls]<UL><LI><a href="#[4f]">&gt;&gt;</a>&nbsp;&nbsp;&nbsp;check_sum_add
<LI><a href="#[50]">&gt;&gt;</a>&nbsp;&nbsp;&nbsp;Package_dataBufer
<LI><a href="#[60]">&gt;&gt;</a>&nbsp;&nbsp;&nbsp;__aeabi_memclr4
</UL>
<BR>[Called By]<UL><LI><a href="#[97]">&gt;&gt;</a>&nbsp;&nbsp;&nbsp;Specialty_Get_data_from_controller
</UL>

<P><STRONG><a name="[e1]"></a>Check_Buffer_Empty</STRONG> (Thumb, 28 bytes, Stack size 0 bytes, common.o(i.Check_Buffer_Empty))
<BR><BR>[Called By]<UL><LI><a href="#[50]">&gt;&gt;</a>&nbsp;&nbsp;&nbsp;Package_dataBufer
</UL>

<P><STRONG><a name="[d]"></a>DMA1_Channel1_IRQHandler</STRONG> (Thumb, 2 bytes, Stack size 0 bytes, stm32f0xx_it.o(i.DMA1_Channel1_IRQHandler))
<BR>[Address Reference Count : 1]<UL><LI> startup_stm32f030x8.o(RESET)
</UL>
<P><STRONG><a name="[e]"></a>DMA1_Channel2_3_IRQHandler</STRONG> (Thumb, 8 bytes, Stack size 8 bytes, stm32f0xx_it.o(i.DMA1_Channel2_3_IRQHandler))
<BR><BR>[Stack]<UL><LI>Max Depth = 16<LI>Call Chain = DMA1_Channel2_3_IRQHandler &rArr; Dma_SendIRQ_Dispose
</UL>
<BR>[Calls]<UL><LI><a href="#[61]">&gt;&gt;</a>&nbsp;&nbsp;&nbsp;Dma_SendIRQ_Dispose
</UL>
<BR>[Address Reference Count : 1]<UL><LI> startup_stm32f030x8.o(RESET)
</UL>
<P><STRONG><a name="[f]"></a>DMA1_Channel4_5_IRQHandler</STRONG> (Thumb, 8 bytes, Stack size 8 bytes, stm32f0xx_it.o(i.DMA1_Channel4_5_IRQHandler))
<BR><BR>[Stack]<UL><LI>Max Depth = 16<LI>Call Chain = DMA1_Channel4_5_IRQHandler &rArr; Usart22_Dma_SendIRQ_Dispose
</UL>
<BR>[Calls]<UL><LI><a href="#[62]">&gt;&gt;</a>&nbsp;&nbsp;&nbsp;Usart22_Dma_SendIRQ_Dispose
</UL>
<BR>[Address Reference Count : 1]<UL><LI> startup_stm32f030x8.o(RESET)
</UL>
<P><STRONG><a name="[63]"></a>DelayMode_FindABpoint_End</STRONG> (Thumb, 68 bytes, Stack size 16 bytes, timelapse.o(i.DelayMode_FindABpoint_End))
<BR><BR>[Stack]<UL><LI>Max Depth = 24<LI>Call Chain = DelayMode_FindABpoint_End &rArr; Delay_mode_Dir_check
</UL>
<BR>[Calls]<UL><LI><a href="#[64]">&gt;&gt;</a>&nbsp;&nbsp;&nbsp;Delay_mode_Dir_check
</UL>
<BR>[Called By]<UL><LI><a href="#[1f]">&gt;&gt;</a>&nbsp;&nbsp;&nbsp;main
</UL>

<P><STRONG><a name="[65]"></a>DelayMode_slowly_startedORstop</STRONG> (Thumb, 156 bytes, Stack size 16 bytes, timelapse.o(i.DelayMode_slowly_startedORstop))
<BR><BR>[Stack]<UL><LI>Max Depth = 16<LI>Call Chain = DelayMode_slowly_startedORstop
</UL>
<BR>[Calls]<UL><LI><a href="#[67]">&gt;&gt;</a>&nbsp;&nbsp;&nbsp;motorVV_speed_set
<LI><a href="#[66]">&gt;&gt;</a>&nbsp;&nbsp;&nbsp;motorHH_speed_set
</UL>
<BR>[Called By]<UL><LI><a href="#[1f]">&gt;&gt;</a>&nbsp;&nbsp;&nbsp;main
</UL>

<P><STRONG><a name="[68]"></a>Delay_FindABpoint_pluse_check</STRONG> (Thumb, 84 bytes, Stack size 24 bytes, timelapse.o(i.Delay_FindABpoint_pluse_check))
<BR><BR>[Stack]<UL><LI>Max Depth = 24<LI>Call Chain = Delay_FindABpoint_pluse_check
</UL>
<BR>[Calls]<UL><LI><a href="#[69]">&gt;&gt;</a>&nbsp;&nbsp;&nbsp;motorHH_stop
</UL>
<BR>[Called By]<UL><LI><a href="#[11e]">&gt;&gt;</a>&nbsp;&nbsp;&nbsp;Timelapse_loop_check
</UL>

<P><STRONG><a name="[120]"></a>Delay_FindABpoint_slow_check</STRONG> (Thumb, 78 bytes, Stack size 12 bytes, timelapse.o(i.Delay_FindABpoint_slow_check))
<BR><BR>[Stack]<UL><LI>Max Depth = 12<LI>Call Chain = Delay_FindABpoint_slow_check
</UL>
<BR>[Called By]<UL><LI><a href="#[11e]">&gt;&gt;</a>&nbsp;&nbsp;&nbsp;Timelapse_loop_check
</UL>

<P><STRONG><a name="[6a]"></a>Delay_Max_amount_check</STRONG> (Thumb, 34 bytes, Stack size 16 bytes, timelapse.o(i.Delay_Max_amount_check))
<BR><BR>[Stack]<UL><LI>Max Depth = 28<LI>Call Chain = Delay_Max_amount_check &rArr; __aeabi_uidivmod
</UL>
<BR>[Calls]<UL><LI><a href="#[6b]">&gt;&gt;</a>&nbsp;&nbsp;&nbsp;__aeabi_uidivmod
</UL>
<BR>[Called By]<UL><LI><a href="#[7a]">&gt;&gt;</a>&nbsp;&nbsp;&nbsp;Delay_set_abPoint
</UL>

<P><STRONG><a name="[6c]"></a>Delay_MotorHH_Start_check_diretion</STRONG> (Thumb, 94 bytes, Stack size 16 bytes, timelapse.o(i.Delay_MotorHH_Start_check_diretion))
<BR><BR>[Stack]<UL><LI>Max Depth = 32<LI>Call Chain = Delay_MotorHH_Start_check_diretion &rArr; set_abpoint_start_setting
</UL>
<BR>[Calls]<UL><LI><a href="#[6e]">&gt;&gt;</a>&nbsp;&nbsp;&nbsp;set_abpoint_start_setting
<LI><a href="#[6f]">&gt;&gt;</a>&nbsp;&nbsp;&nbsp;Red_led_tack
<LI><a href="#[6d]">&gt;&gt;</a>&nbsp;&nbsp;&nbsp;motorHH_direction_change
</UL>
<BR>[Called By]<UL><LI><a href="#[73]">&gt;&gt;</a>&nbsp;&nbsp;&nbsp;delay_mode_start
</UL>

<P><STRONG><a name="[70]"></a>Delay_find_Origin_checkStop</STRONG> (Thumb, 64 bytes, Stack size 16 bytes, timelapse.o(i.Delay_find_Origin_checkStop))
<BR><BR>[Stack]<UL><LI>Max Depth = 24<LI>Call Chain = Delay_find_Origin_checkStop &rArr; Delay_mode_Dir_check
</UL>
<BR>[Calls]<UL><LI><a href="#[64]">&gt;&gt;</a>&nbsp;&nbsp;&nbsp;Delay_mode_Dir_check
<LI><a href="#[69]">&gt;&gt;</a>&nbsp;&nbsp;&nbsp;motorHH_stop
</UL>
<BR>[Called By]<UL><LI><a href="#[11e]">&gt;&gt;</a>&nbsp;&nbsp;&nbsp;Timelapse_loop_check
</UL>

<P><STRONG><a name="[4c]"></a>Delay_find_Origin_slow_check</STRONG> (Thumb, 142 bytes, Stack size 12 bytes, timelapse.o(i.Delay_find_Origin_slow_check))
<BR><BR>[Stack]<UL><LI>Max Depth = 12<LI>Call Chain = Delay_find_Origin_slow_check
</UL>
<BR>[Called By]<UL><LI><a href="#[49]">&gt;&gt;</a>&nbsp;&nbsp;&nbsp;All_slow_check
</UL>

<P><STRONG><a name="[71]"></a>Delay_get_data_from_controller</STRONG> (Thumb, 152 bytes, Stack size 8 bytes, timelapse.o(i.Delay_get_data_from_controller))
<BR><BR>[Stack]<UL><LI>Max Depth = 104<LI>Call Chain = Delay_get_data_from_controller &rArr; Delay_move_speed_calculate &rArr; __aeabi_ui2d &rArr; _double_epilogue &rArr; __aeabi_llsr
</UL>
<BR>[Calls]<UL><LI><a href="#[64]">&gt;&gt;</a>&nbsp;&nbsp;&nbsp;Delay_mode_Dir_check
<LI><a href="#[73]">&gt;&gt;</a>&nbsp;&nbsp;&nbsp;delay_mode_start
<LI><a href="#[72]">&gt;&gt;</a>&nbsp;&nbsp;&nbsp;Delay_move_speed_calculate
</UL>
<BR>[Called By]<UL><LI><a href="#[92]">&gt;&gt;</a>&nbsp;&nbsp;&nbsp;Get_data_from_controller
</UL>

<P><STRONG><a name="[64]"></a>Delay_mode_Dir_check</STRONG> (Thumb, 54 bytes, Stack size 8 bytes, timelapse.o(i.Delay_mode_Dir_check))
<BR><BR>[Stack]<UL><LI>Max Depth = 8<LI>Call Chain = Delay_mode_Dir_check
</UL>
<BR>[Calls]<UL><LI><a href="#[6d]">&gt;&gt;</a>&nbsp;&nbsp;&nbsp;motorHH_direction_change
</UL>
<BR>[Called By]<UL><LI><a href="#[152]">&gt;&gt;</a>&nbsp;&nbsp;&nbsp;delay_mode_main
<LI><a href="#[63]">&gt;&gt;</a>&nbsp;&nbsp;&nbsp;DelayMode_FindABpoint_End
<LI><a href="#[92]">&gt;&gt;</a>&nbsp;&nbsp;&nbsp;Get_data_from_controller
<LI><a href="#[7a]">&gt;&gt;</a>&nbsp;&nbsp;&nbsp;Delay_set_abPoint
<LI><a href="#[71]">&gt;&gt;</a>&nbsp;&nbsp;&nbsp;Delay_get_data_from_controller
<LI><a href="#[70]">&gt;&gt;</a>&nbsp;&nbsp;&nbsp;Delay_find_Origin_checkStop
</UL>

<P><STRONG><a name="[74]"></a>Delay_mode_find_Apoint</STRONG> (Thumb, 134 bytes, Stack size 24 bytes, timelapse.o(i.Delay_mode_find_Apoint))
<BR><BR>[Stack]<UL><LI>Max Depth = 40<LI>Call Chain = Delay_mode_find_Apoint &rArr; set_abpoint_start_setting
</UL>
<BR>[Calls]<UL><LI><a href="#[6e]">&gt;&gt;</a>&nbsp;&nbsp;&nbsp;set_abpoint_start_setting
<LI><a href="#[75]">&gt;&gt;</a>&nbsp;&nbsp;&nbsp;motorVV_direction_change
<LI><a href="#[6f]">&gt;&gt;</a>&nbsp;&nbsp;&nbsp;Red_led_tack
<LI><a href="#[6d]">&gt;&gt;</a>&nbsp;&nbsp;&nbsp;motorHH_direction_change
</UL>
<BR>[Called By]<UL><LI><a href="#[92]">&gt;&gt;</a>&nbsp;&nbsp;&nbsp;Get_data_from_controller
</UL>

<P><STRONG><a name="[9f]"></a>Delay_mode_para_clear</STRONG> (Thumb, 42 bytes, Stack size 0 bytes, timelapse.o(i.Delay_mode_para_clear))
<BR><BR>[Called By]<UL><LI><a href="#[92]">&gt;&gt;</a>&nbsp;&nbsp;&nbsp;Get_data_from_controller
</UL>

<P><STRONG><a name="[76]"></a>Delay_motorHH_move_time_compara</STRONG> (Thumb, 74 bytes, Stack size 16 bytes, timelapse.o(i.Delay_motorHH_move_time_compara))
<BR><BR>[Stack]<UL><LI>Max Depth = 16<LI>Call Chain = Delay_motorHH_move_time_compara
</UL>
<BR>[Calls]<UL><LI><a href="#[69]">&gt;&gt;</a>&nbsp;&nbsp;&nbsp;motorHH_stop
</UL>
<BR>[Called By]<UL><LI><a href="#[11e]">&gt;&gt;</a>&nbsp;&nbsp;&nbsp;Timelapse_loop_check
</UL>

<P><STRONG><a name="[72]"></a>Delay_move_speed_calculate</STRONG> (Thumb, 76 bytes, Stack size 24 bytes, timelapse.o(i.Delay_move_speed_calculate))
<BR><BR>[Stack]<UL><LI>Max Depth = 96<LI>Call Chain = Delay_move_speed_calculate &rArr; __aeabi_ui2d &rArr; _double_epilogue &rArr; __aeabi_llsr
</UL>
<BR>[Calls]<UL><LI><a href="#[3b]">&gt;&gt;</a>&nbsp;&nbsp;&nbsp;__aeabi_ui2f
<LI><a href="#[78]">&gt;&gt;</a>&nbsp;&nbsp;&nbsp;__aeabi_fmul
<LI><a href="#[77]">&gt;&gt;</a>&nbsp;&nbsp;&nbsp;__aeabi_f2uiz
<LI><a href="#[3d]">&gt;&gt;</a>&nbsp;&nbsp;&nbsp;__aeabi_ui2d
<LI><a href="#[3a]">&gt;&gt;</a>&nbsp;&nbsp;&nbsp;__aeabi_ddiv
<LI><a href="#[40]">&gt;&gt;</a>&nbsp;&nbsp;&nbsp;__aeabi_d2f
<LI><a href="#[79]">&gt;&gt;</a>&nbsp;&nbsp;&nbsp;Delay_total_time_calculate
</UL>
<BR>[Called By]<UL><LI><a href="#[7a]">&gt;&gt;</a>&nbsp;&nbsp;&nbsp;Delay_set_abPoint
<LI><a href="#[71]">&gt;&gt;</a>&nbsp;&nbsp;&nbsp;Delay_get_data_from_controller
</UL>

<P><STRONG><a name="[7a]"></a>Delay_set_abPoint</STRONG> (Thumb, 204 bytes, Stack size 24 bytes, timelapse.o(i.Delay_set_abPoint))
<BR><BR>[Stack]<UL><LI>Max Depth = 120<LI>Call Chain = Delay_set_abPoint &rArr; Delay_move_speed_calculate &rArr; __aeabi_ui2d &rArr; _double_epilogue &rArr; __aeabi_llsr
</UL>
<BR>[Calls]<UL><LI><a href="#[3e]">&gt;&gt;</a>&nbsp;&nbsp;&nbsp;__aeabi_d2uiz
<LI><a href="#[79]">&gt;&gt;</a>&nbsp;&nbsp;&nbsp;Delay_total_time_calculate
<LI><a href="#[64]">&gt;&gt;</a>&nbsp;&nbsp;&nbsp;Delay_mode_Dir_check
<LI><a href="#[7c]">&gt;&gt;</a>&nbsp;&nbsp;&nbsp;Send_para_data_to_controller
<LI><a href="#[7b]">&gt;&gt;</a>&nbsp;&nbsp;&nbsp;PULSE_SUM
<LI><a href="#[4e]">&gt;&gt;</a>&nbsp;&nbsp;&nbsp;Absolute_value_calculation
<LI><a href="#[72]">&gt;&gt;</a>&nbsp;&nbsp;&nbsp;Delay_move_speed_calculate
<LI><a href="#[6a]">&gt;&gt;</a>&nbsp;&nbsp;&nbsp;Delay_Max_amount_check
</UL>
<BR>[Called By]<UL><LI><a href="#[93]">&gt;&gt;</a>&nbsp;&nbsp;&nbsp;Set_origin_OK
</UL>

<P><STRONG><a name="[79]"></a>Delay_total_time_calculate</STRONG> (Thumb, 140 bytes, Stack size 32 bytes, timelapse.o(i.Delay_total_time_calculate))
<BR><BR>[Stack]<UL><LI>Max Depth = 48<LI>Call Chain = Delay_total_time_calculate &rArr; Package_dataBufer
</UL>
<BR>[Calls]<UL><LI><a href="#[4f]">&gt;&gt;</a>&nbsp;&nbsp;&nbsp;check_sum_add
<LI><a href="#[50]">&gt;&gt;</a>&nbsp;&nbsp;&nbsp;Package_dataBufer
<LI><a href="#[6b]">&gt;&gt;</a>&nbsp;&nbsp;&nbsp;__aeabi_uidivmod
</UL>
<BR>[Called By]<UL><LI><a href="#[92]">&gt;&gt;</a>&nbsp;&nbsp;&nbsp;Get_data_from_controller
<LI><a href="#[7a]">&gt;&gt;</a>&nbsp;&nbsp;&nbsp;Delay_set_abPoint
<LI><a href="#[72]">&gt;&gt;</a>&nbsp;&nbsp;&nbsp;Delay_move_speed_calculate
</UL>

<P><STRONG><a name="[7d]"></a>Delete_mode_para</STRONG> (Thumb, 204 bytes, Stack size 16 bytes, specialty_mode.o(i.Delete_mode_para))
<BR><BR>[Stack]<UL><LI>Max Depth = 16<LI>Call Chain = Delete_mode_para
</UL>
<BR>[Calls]<UL><LI><a href="#[59]">&gt;&gt;</a>&nbsp;&nbsp;&nbsp;__aeabi_memcpy
<LI><a href="#[29]">&gt;&gt;</a>&nbsp;&nbsp;&nbsp;__aeabi_memclr
</UL>
<BR>[Called By]<UL><LI><a href="#[97]">&gt;&gt;</a>&nbsp;&nbsp;&nbsp;Specialty_Get_data_from_controller
</UL>

<P><STRONG><a name="[7e]"></a>Device_init</STRONG> (Thumb, 28 bytes, Stack size 8 bytes, gpio.o(i.Device_init))
<BR><BR>[Stack]<UL><LI>Max Depth = 108<LI>Call Chain = Device_init &rArr; ble_init &rArr; GPIO_OUT_init &rArr; LL_GPIO_Init
</UL>
<BR>[Calls]<UL><LI><a href="#[83]">&gt;&gt;</a>&nbsp;&nbsp;&nbsp;shutter_gpio_init
<LI><a href="#[7f]">&gt;&gt;</a>&nbsp;&nbsp;&nbsp;motor_pwr_init
<LI><a href="#[84]">&gt;&gt;</a>&nbsp;&nbsp;&nbsp;key_gpio_init
<LI><a href="#[82]">&gt;&gt;</a>&nbsp;&nbsp;&nbsp;ble_init
<LI><a href="#[80]">&gt;&gt;</a>&nbsp;&nbsp;&nbsp;TMC22xx_Init
<LI><a href="#[81]">&gt;&gt;</a>&nbsp;&nbsp;&nbsp;Led_init
</UL>
<BR>[Called By]<UL><LI><a href="#[1f]">&gt;&gt;</a>&nbsp;&nbsp;&nbsp;main
</UL>

<P><STRONG><a name="[61]"></a>Dma_SendIRQ_Dispose</STRONG> (Thumb, 34 bytes, Stack size 8 bytes, uart.o(i.Dma_SendIRQ_Dispose))
<BR><BR>[Stack]<UL><LI>Max Depth = 8<LI>Call Chain = Dma_SendIRQ_Dispose
</UL>
<BR>[Calls]<UL><LI><a href="#[87]">&gt;&gt;</a>&nbsp;&nbsp;&nbsp;Reset_Tx_Complete
<LI><a href="#[85]">&gt;&gt;</a>&nbsp;&nbsp;&nbsp;LL_DMA_DisableIT_TC
<LI><a href="#[86]">&gt;&gt;</a>&nbsp;&nbsp;&nbsp;LL_DMA_DisableChannel
</UL>
<BR>[Called By]<UL><LI><a href="#[e]">&gt;&gt;</a>&nbsp;&nbsp;&nbsp;DMA1_Channel2_3_IRQHandler
<LI><a href="#[f0]">&gt;&gt;</a>&nbsp;&nbsp;&nbsp;disable_interrupt
</UL>

<P><STRONG><a name="[46]"></a>Dma_int</STRONG> (Thumb, 156 bytes, Stack size 16 bytes, adc.o(i.Dma_int))
<BR><BR>[Stack]<UL><LI>Max Depth = 16<LI>Call Chain = Dma_int
</UL>
<BR>[Called By]<UL><LI><a href="#[43]">&gt;&gt;</a>&nbsp;&nbsp;&nbsp;A_d_c_int
</UL>

<P><STRONG><a name="[c]"></a>EXTI4_15_IRQHandler</STRONG> (Thumb, 24 bytes, Stack size 8 bytes, stm32f0xx_it.o(i.EXTI4_15_IRQHandler))
<BR><BR>[Stack]<UL><LI>Max Depth = 8<LI>Call Chain = EXTI4_15_IRQHandler
</UL>
<BR>[Calls]<UL><LI><a href="#[88]">&gt;&gt;</a>&nbsp;&nbsp;&nbsp;set_press_time
</UL>
<BR>[Address Reference Count : 1]<UL><LI> startup_stm32f030x8.o(RESET)
</UL>
<P><STRONG><a name="[89]"></a>FLASH_ErasePage</STRONG> (Thumb, 60 bytes, Stack size 20 bytes, flash.o(i.FLASH_ErasePage))
<BR><BR>[Stack]<UL><LI>Max Depth = 24<LI>Call Chain = FLASH_ErasePage &rArr; FLASH_WaitForLastOperation
</UL>
<BR>[Calls]<UL><LI><a href="#[8a]">&gt;&gt;</a>&nbsp;&nbsp;&nbsp;FLASH_WaitForLastOperation
</UL>
<BR>[Called By]<UL><LI><a href="#[177]">&gt;&gt;</a>&nbsp;&nbsp;&nbsp;write_flash_holfword_buffer
</UL>

<P><STRONG><a name="[8c]"></a>FLASH_GetStatus</STRONG> (Thumb, 34 bytes, Stack size 0 bytes, flash.o(i.FLASH_GetStatus))
<BR><BR>[Called By]<UL><LI><a href="#[8a]">&gt;&gt;</a>&nbsp;&nbsp;&nbsp;FLASH_WaitForLastOperation
</UL>

<P><STRONG><a name="[17a]"></a>FLASH_Lock</STRONG> (Thumb, 12 bytes, Stack size 0 bytes, flash.o(i.FLASH_Lock))
<BR><BR>[Called By]<UL><LI><a href="#[177]">&gt;&gt;</a>&nbsp;&nbsp;&nbsp;write_flash_holfword_buffer
</UL>

<P><STRONG><a name="[8b]"></a>FLASH_ProgramHalfWord</STRONG> (Thumb, 56 bytes, Stack size 20 bytes, flash.o(i.FLASH_ProgramHalfWord))
<BR><BR>[Stack]<UL><LI>Max Depth = 24<LI>Call Chain = FLASH_ProgramHalfWord &rArr; FLASH_WaitForLastOperation
</UL>
<BR>[Calls]<UL><LI><a href="#[8a]">&gt;&gt;</a>&nbsp;&nbsp;&nbsp;FLASH_WaitForLastOperation
</UL>
<BR>[Called By]<UL><LI><a href="#[178]">&gt;&gt;</a>&nbsp;&nbsp;&nbsp;write_flash_holfword
</UL>

<P><STRONG><a name="[179]"></a>FLASH_Unlock</STRONG> (Thumb, 18 bytes, Stack size 0 bytes, flash.o(i.FLASH_Unlock))
<BR><BR>[Called By]<UL><LI><a href="#[177]">&gt;&gt;</a>&nbsp;&nbsp;&nbsp;write_flash_holfword_buffer
</UL>

<P><STRONG><a name="[8a]"></a>FLASH_WaitForLastOperation</STRONG> (Thumb, 34 bytes, Stack size 4 bytes, flash.o(i.FLASH_WaitForLastOperation))
<BR><BR>[Stack]<UL><LI>Max Depth = 4<LI>Call Chain = FLASH_WaitForLastOperation
</UL>
<BR>[Calls]<UL><LI><a href="#[8c]">&gt;&gt;</a>&nbsp;&nbsp;&nbsp;FLASH_GetStatus
</UL>
<BR>[Called By]<UL><LI><a href="#[8b]">&gt;&gt;</a>&nbsp;&nbsp;&nbsp;FLASH_ProgramHalfWord
<LI><a href="#[89]">&gt;&gt;</a>&nbsp;&nbsp;&nbsp;FLASH_ErasePage
</UL>

<P><STRONG><a name="[57]"></a>Feed_IWDG</STRONG> (Thumb, 2 bytes, Stack size 0 bytes, main.o(i.Feed_IWDG))
<BR><BR>[Called By]<UL><LI><a href="#[150]">&gt;&gt;</a>&nbsp;&nbsp;&nbsp;check_uid
<LI><a href="#[51]">&gt;&gt;</a>&nbsp;&nbsp;&nbsp;Burn_code_value
<LI><a href="#[dd]">&gt;&gt;</a>&nbsp;&nbsp;&nbsp;NRF24L01_check
<LI><a href="#[5d]">&gt;&gt;</a>&nbsp;&nbsp;&nbsp;NRF24L01_TxPacket
<LI><a href="#[177]">&gt;&gt;</a>&nbsp;&nbsp;&nbsp;write_flash_holfword_buffer
<LI><a href="#[168]">&gt;&gt;</a>&nbsp;&nbsp;&nbsp;read_flash_holfword
<LI><a href="#[5e]">&gt;&gt;</a>&nbsp;&nbsp;&nbsp;time_delay_ms
</UL>

<P><STRONG><a name="[8d]"></a>FindOrigin_over_to_Sart</STRONG> (Thumb, 112 bytes, Stack size 16 bytes, specialty_mode.o(i.FindOrigin_over_to_Sart))
<BR><BR>[Stack]<UL><LI>Max Depth = 32<LI>Call Chain = FindOrigin_over_to_Sart &rArr; String_Printf
</UL>
<BR>[Calls]<UL><LI><a href="#[8e]">&gt;&gt;</a>&nbsp;&nbsp;&nbsp;String_Printf
<LI><a href="#[8f]">&gt;&gt;</a>&nbsp;&nbsp;&nbsp;BLE_shut_start
</UL>
<BR>[Called By]<UL><LI><a href="#[1f]">&gt;&gt;</a>&nbsp;&nbsp;&nbsp;main
</UL>

<P><STRONG><a name="[90]"></a>GPIO_INUP_Init</STRONG> (Thumb, 26 bytes, Stack size 32 bytes, gpio.o(i.GPIO_INUP_Init))
<BR><BR>[Stack]<UL><LI>Max Depth = 52<LI>Call Chain = GPIO_INUP_Init &rArr; LL_GPIO_Init
</UL>
<BR>[Calls]<UL><LI><a href="#[47]">&gt;&gt;</a>&nbsp;&nbsp;&nbsp;LL_GPIO_Init
</UL>
<BR>[Called By]<UL><LI><a href="#[df]">&gt;&gt;</a>&nbsp;&nbsp;&nbsp;RF24L01_GPIO_Init
<LI><a href="#[b2]">&gt;&gt;</a>&nbsp;&nbsp;&nbsp;Irq_gpio_init
</UL>

<P><STRONG><a name="[91]"></a>GPIO_OUT_init</STRONG> (Thumb, 28 bytes, Stack size 32 bytes, gpio.o(i.GPIO_OUT_init))
<BR><BR>[Stack]<UL><LI>Max Depth = 52<LI>Call Chain = GPIO_OUT_init &rArr; LL_GPIO_Init
</UL>
<BR>[Calls]<UL><LI><a href="#[47]">&gt;&gt;</a>&nbsp;&nbsp;&nbsp;LL_GPIO_Init
</UL>
<BR>[Called By]<UL><LI><a href="#[df]">&gt;&gt;</a>&nbsp;&nbsp;&nbsp;RF24L01_GPIO_Init
<LI><a href="#[83]">&gt;&gt;</a>&nbsp;&nbsp;&nbsp;shutter_gpio_init
<LI><a href="#[7f]">&gt;&gt;</a>&nbsp;&nbsp;&nbsp;motor_pwr_init
<LI><a href="#[82]">&gt;&gt;</a>&nbsp;&nbsp;&nbsp;ble_init
<LI><a href="#[80]">&gt;&gt;</a>&nbsp;&nbsp;&nbsp;TMC22xx_Init
<LI><a href="#[81]">&gt;&gt;</a>&nbsp;&nbsp;&nbsp;Led_init
</UL>

<P><STRONG><a name="[92]"></a>Get_data_from_controller</STRONG> (Thumb, 620 bytes, Stack size 24 bytes, common.o(i.Get_data_from_controller))
<BR><BR>[Stack]<UL><LI>Max Depth = 288<LI>Call Chain = Get_data_from_controller &rArr; Set_origin_OK &rArr; Video_abPoint_set &rArr; Video_speed_calculate &rArr; MotorVV_Video_move_time_check &rArr; MotorVV_Video_compensation_check &rArr; __aeabi_dmul &rArr; _double_epilogue &rArr; __aeabi_llsr
</UL>
<BR>[Calls]<UL><LI><a href="#[5b]">&gt;&gt;</a>&nbsp;&nbsp;&nbsp;write_flash_active
<LI><a href="#[4d]">&gt;&gt;</a>&nbsp;&nbsp;&nbsp;Angle_real_time_transmission
<LI><a href="#[5a]">&gt;&gt;</a>&nbsp;&nbsp;&nbsp;if_write_flash
<LI><a href="#[a1]">&gt;&gt;</a>&nbsp;&nbsp;&nbsp;wideAngle_Get_data_from_controller
<LI><a href="#[a9]">&gt;&gt;</a>&nbsp;&nbsp;&nbsp;vidoe_mode_para_clear
<LI><a href="#[9a]">&gt;&gt;</a>&nbsp;&nbsp;&nbsp;video_Dir_check
<LI><a href="#[9d]">&gt;&gt;</a>&nbsp;&nbsp;&nbsp;standard_mode_para_init
<LI><a href="#[a7]">&gt;&gt;</a>&nbsp;&nbsp;&nbsp;specialty_mode_para_clear
<LI><a href="#[a0]">&gt;&gt;</a>&nbsp;&nbsp;&nbsp;spe_mode_clear
<LI><a href="#[9c]">&gt;&gt;</a>&nbsp;&nbsp;&nbsp;motorVV_stop
<LI><a href="#[a8]">&gt;&gt;</a>&nbsp;&nbsp;&nbsp;delay_mode_para_clear
<LI><a href="#[9e]">&gt;&gt;</a>&nbsp;&nbsp;&nbsp;Video_mode_para_clear
<LI><a href="#[9b]">&gt;&gt;</a>&nbsp;&nbsp;&nbsp;Video_find_Apoint
<LI><a href="#[95]">&gt;&gt;</a>&nbsp;&nbsp;&nbsp;Video_Get_data_from_controller
<LI><a href="#[96]">&gt;&gt;</a>&nbsp;&nbsp;&nbsp;Standard_Get_data_from_controller
<LI><a href="#[a4]">&gt;&gt;</a>&nbsp;&nbsp;&nbsp;Specialty_Send_reshot_to_controller
<LI><a href="#[97]">&gt;&gt;</a>&nbsp;&nbsp;&nbsp;Specialty_Get_data_from_controller
<LI><a href="#[a2]">&gt;&gt;</a>&nbsp;&nbsp;&nbsp;Sp_para_start_init
<LI><a href="#[a5]">&gt;&gt;</a>&nbsp;&nbsp;&nbsp;Reshot_Clear
<LI><a href="#[a3]">&gt;&gt;</a>&nbsp;&nbsp;&nbsp;Panorama_mode_find_Apoint
<LI><a href="#[94]">&gt;&gt;</a>&nbsp;&nbsp;&nbsp;Manul_Turn_the_shuter
<LI><a href="#[79]">&gt;&gt;</a>&nbsp;&nbsp;&nbsp;Delay_total_time_calculate
<LI><a href="#[9f]">&gt;&gt;</a>&nbsp;&nbsp;&nbsp;Delay_mode_para_clear
<LI><a href="#[74]">&gt;&gt;</a>&nbsp;&nbsp;&nbsp;Delay_mode_find_Apoint
<LI><a href="#[64]">&gt;&gt;</a>&nbsp;&nbsp;&nbsp;Delay_mode_Dir_check
<LI><a href="#[71]">&gt;&gt;</a>&nbsp;&nbsp;&nbsp;Delay_get_data_from_controller
<LI><a href="#[98]">&gt;&gt;</a>&nbsp;&nbsp;&nbsp;Set_origin_move
<LI><a href="#[93]">&gt;&gt;</a>&nbsp;&nbsp;&nbsp;Set_origin_OK
<LI><a href="#[99]">&gt;&gt;</a>&nbsp;&nbsp;&nbsp;Send_connect_data_to_controller
<LI><a href="#[a6]">&gt;&gt;</a>&nbsp;&nbsp;&nbsp;Manaul_speed_conversion
<LI><a href="#[69]">&gt;&gt;</a>&nbsp;&nbsp;&nbsp;motorHH_stop
</UL>
<BR>[Called By]<UL><LI><a href="#[174]">&gt;&gt;</a>&nbsp;&nbsp;&nbsp;wifi24G_read_data
</UL>

<P><STRONG><a name="[114]"></a>Gpio_time_count</STRONG> (Thumb, 14 bytes, Stack size 0 bytes, gpio.o(i.Gpio_time_count))
<BR><BR>[Called By]<UL><LI><a href="#[15]">&gt;&gt;</a>&nbsp;&nbsp;&nbsp;TIM14_IRQHandler
</UL>

<P><STRONG><a name="[11f]"></a>Green_Led_Brightness</STRONG> (Thumb, 42 bytes, Stack size 0 bytes, gpio.o(i.Green_Led_Brightness))
<BR><BR>[Called By]<UL><LI><a href="#[14]">&gt;&gt;</a>&nbsp;&nbsp;&nbsp;TIM6_IRQHandler
</UL>

<P><STRONG><a name="[e8]"></a>Green_led_onORoff</STRONG> (Thumb, 26 bytes, Stack size 0 bytes, gpio.o(i.Green_led_onORoff))
<BR><BR>[Called By]<UL><LI><a href="#[148]">&gt;&gt;</a>&nbsp;&nbsp;&nbsp;bluetooth_pair_led
<LI><a href="#[6f]">&gt;&gt;</a>&nbsp;&nbsp;&nbsp;Red_led_tack
<LI><a href="#[55]">&gt;&gt;</a>&nbsp;&nbsp;&nbsp;lights_flash
</UL>

<P><STRONG><a name="[f7]"></a>HAL_PWR_EnterSTOPMode</STRONG> (Thumb, 44 bytes, Stack size 0 bytes, stm32f0xx_hal_pwr.o(i.HAL_PWR_EnterSTOPMode))
<BR><BR>[Called By]<UL><LI><a href="#[ee]">&gt;&gt;</a>&nbsp;&nbsp;&nbsp;ShutDown
</UL>

<P><STRONG><a name="[aa]"></a>HHmotor_return_to_theOrigin_start</STRONG> (Thumb, 58 bytes, Stack size 16 bytes, specialty_mode.o(i.HHmotor_return_to_theOrigin_start))
<BR><BR>[Stack]<UL><LI>Max Depth = 24<LI>Call Chain = HHmotor_return_to_theOrigin_start &rArr; SpHHorizontal_start
</UL>
<BR>[Calls]<UL><LI><a href="#[6d]">&gt;&gt;</a>&nbsp;&nbsp;&nbsp;motorHH_direction_change
<LI><a href="#[ab]">&gt;&gt;</a>&nbsp;&nbsp;&nbsp;SpHHorizontal_start
</UL>
<BR>[Called By]<UL><LI><a href="#[162]">&gt;&gt;</a>&nbsp;&nbsp;&nbsp;specialty_mode_main
</UL>

<P><STRONG><a name="[2]"></a>HardFault_Handler</STRONG> (Thumb, 2 bytes, Stack size 0 bytes, stm32f0xx_it.o(i.HardFault_Handler))
<BR><BR>[Calls]<UL><LI><a href="#[2]">&gt;&gt;</a>&nbsp;&nbsp;&nbsp;HardFault_Handler
</UL>
<BR>[Called By]<UL><LI><a href="#[2]">&gt;&gt;</a>&nbsp;&nbsp;&nbsp;HardFault_Handler
</UL>
<BR>[Address Reference Count : 1]<UL><LI> startup_stm32f030x8.o(RESET)
</UL>
<P><STRONG><a name="[ac]"></a>Horizontal_pulse_goBack</STRONG> (Thumb, 78 bytes, Stack size 8 bytes, specialty_mode.o(i.Horizontal_pulse_goBack))
<BR><BR>[Stack]<UL><LI>Max Depth = 48<LI>Call Chain = Horizontal_pulse_goBack &rArr; specialty_mode_param_display &rArr; Package_dataBufer
</UL>
<BR>[Calls]<UL><LI><a href="#[ae]">&gt;&gt;</a>&nbsp;&nbsp;&nbsp;slider_upORdown
<LI><a href="#[69]">&gt;&gt;</a>&nbsp;&nbsp;&nbsp;motorHH_stop
<LI><a href="#[ad]">&gt;&gt;</a>&nbsp;&nbsp;&nbsp;specialty_mode_param_display
</UL>
<BR>[Called By]<UL><LI><a href="#[108]">&gt;&gt;</a>&nbsp;&nbsp;&nbsp;Specialty_loop_check
</UL>

<P><STRONG><a name="[af]"></a>Horizontal_start</STRONG> (Thumb, 30 bytes, Stack size 8 bytes, standard.o(i.Horizontal_start))
<BR><BR>[Stack]<UL><LI>Max Depth = 8<LI>Call Chain = Horizontal_start
</UL>
<BR>[Calls]<UL><LI><a href="#[b0]">&gt;&gt;</a>&nbsp;&nbsp;&nbsp;set_slow_time_data
<LI><a href="#[b1]">&gt;&gt;</a>&nbsp;&nbsp;&nbsp;motorHH_start
<LI><a href="#[66]">&gt;&gt;</a>&nbsp;&nbsp;&nbsp;motorHH_speed_set
</UL>
<BR>[Called By]<UL><LI><a href="#[10c]">&gt;&gt;</a>&nbsp;&nbsp;&nbsp;standard_mode_start
</UL>

<P><STRONG><a name="[b2]"></a>Irq_gpio_init</STRONG> (Thumb, 16 bytes, Stack size 8 bytes, rf24l01.o(i.Irq_gpio_init))
<BR><BR>[Stack]<UL><LI>Max Depth = 60<LI>Call Chain = Irq_gpio_init &rArr; GPIO_INUP_Init &rArr; LL_GPIO_Init
</UL>
<BR>[Calls]<UL><LI><a href="#[90]">&gt;&gt;</a>&nbsp;&nbsp;&nbsp;GPIO_INUP_Init
</UL>
<BR>[Called By]<UL><LI><a href="#[df]">&gt;&gt;</a>&nbsp;&nbsp;&nbsp;RF24L01_GPIO_Init
</UL>

<P><STRONG><a name="[47]"></a>LL_GPIO_Init</STRONG> (Thumb, 168 bytes, Stack size 20 bytes, stm32f0xx_ll_gpio.o(i.LL_GPIO_Init))
<BR><BR>[Stack]<UL><LI>Max Depth = 20<LI>Call Chain = LL_GPIO_Init
</UL>
<BR>[Called By]<UL><LI><a href="#[c5]">&gt;&gt;</a>&nbsp;&nbsp;&nbsp;Usart22_init
<LI><a href="#[bf]">&gt;&gt;</a>&nbsp;&nbsp;&nbsp;MX_TIM3_Init
<LI><a href="#[7f]">&gt;&gt;</a>&nbsp;&nbsp;&nbsp;motor_pwr_init
<LI><a href="#[84]">&gt;&gt;</a>&nbsp;&nbsp;&nbsp;key_gpio_init
<LI><a href="#[fa]">&gt;&gt;</a>&nbsp;&nbsp;&nbsp;input_opendrain
<LI><a href="#[82]">&gt;&gt;</a>&nbsp;&nbsp;&nbsp;ble_init
<LI><a href="#[91]">&gt;&gt;</a>&nbsp;&nbsp;&nbsp;GPIO_OUT_init
<LI><a href="#[90]">&gt;&gt;</a>&nbsp;&nbsp;&nbsp;GPIO_INUP_Init
<LI><a href="#[44]">&gt;&gt;</a>&nbsp;&nbsp;&nbsp;Adc_Gpio_init
</UL>

<P><STRONG><a name="[b3]"></a>LL_Init1msTick</STRONG> (Thumb, 26 bytes, Stack size 8 bytes, stm32f0xx_ll_utils.o(i.LL_Init1msTick))
<BR><BR>[Stack]<UL><LI>Max Depth = 20<LI>Call Chain = LL_Init1msTick &rArr; __aeabi_uidivmod
</UL>
<BR>[Calls]<UL><LI><a href="#[6b]">&gt;&gt;</a>&nbsp;&nbsp;&nbsp;__aeabi_uidivmod
</UL>
<BR>[Called By]<UL><LI><a href="#[f8]">&gt;&gt;</a>&nbsp;&nbsp;&nbsp;SystemClock_Config
</UL>

<P><STRONG><a name="[b4]"></a>LL_RCC_GetSystemClocksFreq</STRONG> (Thumb, 24 bytes, Stack size 8 bytes, stm32f0xx_ll_rcc.o(i.LL_RCC_GetSystemClocksFreq))
<BR><BR>[Stack]<UL><LI>Max Depth = 36<LI>Call Chain = LL_RCC_GetSystemClocksFreq &rArr; RCC_GetSystemClockFreq &rArr; RCC_PLL_GetFreqDomain_SYS &rArr; __aeabi_uidivmod
</UL>
<BR>[Calls]<UL><LI><a href="#[b5]">&gt;&gt;</a>&nbsp;&nbsp;&nbsp;RCC_GetSystemClockFreq
<LI><a href="#[b7]">&gt;&gt;</a>&nbsp;&nbsp;&nbsp;RCC_GetPCLK1ClockFreq
<LI><a href="#[b6]">&gt;&gt;</a>&nbsp;&nbsp;&nbsp;RCC_GetHCLKClockFreq
</UL>
<BR>[Called By]<UL><LI><a href="#[be]">&gt;&gt;</a>&nbsp;&nbsp;&nbsp;LL_USART_Init
</UL>

<P><STRONG><a name="[b8]"></a>LL_RCC_GetUSARTClockFreq</STRONG> (Thumb, 76 bytes, Stack size 8 bytes, stm32f0xx_ll_rcc.o(i.LL_RCC_GetUSARTClockFreq))
<BR><BR>[Stack]<UL><LI>Max Depth = 36<LI>Call Chain = LL_RCC_GetUSARTClockFreq &rArr; RCC_GetSystemClockFreq &rArr; RCC_PLL_GetFreqDomain_SYS &rArr; __aeabi_uidivmod
</UL>
<BR>[Calls]<UL><LI><a href="#[b5]">&gt;&gt;</a>&nbsp;&nbsp;&nbsp;RCC_GetSystemClockFreq
<LI><a href="#[b7]">&gt;&gt;</a>&nbsp;&nbsp;&nbsp;RCC_GetPCLK1ClockFreq
<LI><a href="#[b6]">&gt;&gt;</a>&nbsp;&nbsp;&nbsp;RCC_GetHCLKClockFreq
</UL>
<BR>[Called By]<UL><LI><a href="#[be]">&gt;&gt;</a>&nbsp;&nbsp;&nbsp;LL_USART_Init
</UL>

<P><STRONG><a name="[c2]"></a>LL_TIM_Init</STRONG> (Thumb, 108 bytes, Stack size 20 bytes, stm32f0xx_ll_tim.o(i.LL_TIM_Init))
<BR><BR>[Stack]<UL><LI>Max Depth = 20<LI>Call Chain = LL_TIM_Init
</UL>
<BR>[Called By]<UL><LI><a href="#[1f]">&gt;&gt;</a>&nbsp;&nbsp;&nbsp;main
<LI><a href="#[bf]">&gt;&gt;</a>&nbsp;&nbsp;&nbsp;MX_TIM3_Init
</UL>

<P><STRONG><a name="[b9]"></a>LL_TIM_OC_Init</STRONG> (Thumb, 68 bytes, Stack size 8 bytes, stm32f0xx_ll_tim.o(i.LL_TIM_OC_Init))
<BR><BR>[Stack]<UL><LI>Max Depth = 24<LI>Call Chain = LL_TIM_OC_Init &rArr; OC4Config
</UL>
<BR>[Calls]<UL><LI><a href="#[ba]">&gt;&gt;</a>&nbsp;&nbsp;&nbsp;OC4Config
<LI><a href="#[bd]">&gt;&gt;</a>&nbsp;&nbsp;&nbsp;OC3Config
<LI><a href="#[bc]">&gt;&gt;</a>&nbsp;&nbsp;&nbsp;OC2Config
<LI><a href="#[bb]">&gt;&gt;</a>&nbsp;&nbsp;&nbsp;OC1Config
</UL>
<BR>[Called By]<UL><LI><a href="#[bf]">&gt;&gt;</a>&nbsp;&nbsp;&nbsp;MX_TIM3_Init
</UL>

<P><STRONG><a name="[be]"></a>LL_USART_Init</STRONG> (Thumb, 156 bytes, Stack size 32 bytes, stm32f0xx_ll_usart.o(i.LL_USART_Init))
<BR><BR>[Stack]<UL><LI>Max Depth = 68<LI>Call Chain = LL_USART_Init &rArr; LL_RCC_GetUSARTClockFreq &rArr; RCC_GetSystemClockFreq &rArr; RCC_PLL_GetFreqDomain_SYS &rArr; __aeabi_uidivmod
</UL>
<BR>[Calls]<UL><LI><a href="#[6b]">&gt;&gt;</a>&nbsp;&nbsp;&nbsp;__aeabi_uidivmod
<LI><a href="#[b8]">&gt;&gt;</a>&nbsp;&nbsp;&nbsp;LL_RCC_GetUSARTClockFreq
<LI><a href="#[b4]">&gt;&gt;</a>&nbsp;&nbsp;&nbsp;LL_RCC_GetSystemClocksFreq
</UL>
<BR>[Called By]<UL><LI><a href="#[c5]">&gt;&gt;</a>&nbsp;&nbsp;&nbsp;Usart22_init
</UL>

<P><STRONG><a name="[81]"></a>Led_init</STRONG> (Thumb, 30 bytes, Stack size 16 bytes, gpio.o(i.Led_init))
<BR><BR>[Stack]<UL><LI>Max Depth = 68<LI>Call Chain = Led_init &rArr; GPIO_OUT_init &rArr; LL_GPIO_Init
</UL>
<BR>[Calls]<UL><LI><a href="#[91]">&gt;&gt;</a>&nbsp;&nbsp;&nbsp;GPIO_OUT_init
</UL>
<BR>[Called By]<UL><LI><a href="#[7e]">&gt;&gt;</a>&nbsp;&nbsp;&nbsp;Device_init
</UL>

<P><STRONG><a name="[122]"></a>LittleEndia_BigEndia_Interconvert_32</STRONG> (Thumb, 22 bytes, Stack size 8 bytes, uid_encryption.o(i.LittleEndia_BigEndia_Interconvert_32))
<BR><BR>[Stack]<UL><LI>Max Depth = 8<LI>Call Chain = LittleEndia_BigEndia_Interconvert_32
</UL>
<BR>[Called By]<UL><LI><a href="#[121]">&gt;&gt;</a>&nbsp;&nbsp;&nbsp;UID_Encryption_Key_Check
</UL>

<P><STRONG><a name="[c4]"></a>MX_USART2_UART_Init</STRONG> (Thumb, 20 bytes, Stack size 8 bytes, uart.o(i.MX_USART2_UART_Init))
<BR><BR>[Stack]<UL><LI>Max Depth = 156<LI>Call Chain = MX_USART2_UART_Init &rArr; Usart22_init &rArr; LL_USART_Init &rArr; LL_RCC_GetUSARTClockFreq &rArr; RCC_GetSystemClockFreq &rArr; RCC_PLL_GetFreqDomain_SYS &rArr; __aeabi_uidivmod
</UL>
<BR>[Calls]<UL><LI><a href="#[c5]">&gt;&gt;</a>&nbsp;&nbsp;&nbsp;Usart22_init
<LI><a href="#[c7]">&gt;&gt;</a>&nbsp;&nbsp;&nbsp;Usart22_Send_Dma_Init
<LI><a href="#[c6]">&gt;&gt;</a>&nbsp;&nbsp;&nbsp;Usart22_Receiver_Dma_Init
</UL>
<BR>[Called By]<UL><LI><a href="#[1f]">&gt;&gt;</a>&nbsp;&nbsp;&nbsp;main
</UL>

<P><STRONG><a name="[a6]"></a>Manaul_speed_conversion</STRONG> (Thumb, 238 bytes, Stack size 24 bytes, common.o(i.Manaul_speed_conversion))
<BR><BR>[Stack]<UL><LI>Max Depth = 152<LI>Call Chain = Manaul_speed_conversion &rArr; __aeabi_dmul &rArr; _double_epilogue &rArr; __aeabi_llsr
</UL>
<BR>[Calls]<UL><LI><a href="#[c8]">&gt;&gt;</a>&nbsp;&nbsp;&nbsp;__aeabi_f2d
<LI><a href="#[37]">&gt;&gt;</a>&nbsp;&nbsp;&nbsp;__aeabi_dsub
<LI><a href="#[39]">&gt;&gt;</a>&nbsp;&nbsp;&nbsp;__aeabi_dmul
<LI><a href="#[3a]">&gt;&gt;</a>&nbsp;&nbsp;&nbsp;__aeabi_ddiv
<LI><a href="#[3e]">&gt;&gt;</a>&nbsp;&nbsp;&nbsp;__aeabi_d2uiz
<LI><a href="#[40]">&gt;&gt;</a>&nbsp;&nbsp;&nbsp;__aeabi_d2f
<LI><a href="#[7b]">&gt;&gt;</a>&nbsp;&nbsp;&nbsp;PULSE_SUM
</UL>
<BR>[Called By]<UL><LI><a href="#[92]">&gt;&gt;</a>&nbsp;&nbsp;&nbsp;Get_data_from_controller
</UL>

<P><STRONG><a name="[cc]"></a>Manu_mode_dir_check</STRONG> (Thumb, 46 bytes, Stack size 0 bytes, common.o(i.Manu_mode_dir_check))
<BR><BR>[Called By]<UL><LI><a href="#[cb]">&gt;&gt;</a>&nbsp;&nbsp;&nbsp;ManulHH_mode_pulse_check
</UL>

<P><STRONG><a name="[c9]"></a>Manual_HH_slowStartOrStop</STRONG> (Thumb, 142 bytes, Stack size 16 bytes, common.o(i.Manual_HH_slowStartOrStop))
<BR><BR>[Stack]<UL><LI>Max Depth = 168<LI>Call Chain = Manual_HH_slowStartOrStop &rArr; Angle_real_time_transmission &rArr; __aeabi_dmul &rArr; _double_epilogue &rArr; __aeabi_llsr
</UL>
<BR>[Calls]<UL><LI><a href="#[4d]">&gt;&gt;</a>&nbsp;&nbsp;&nbsp;Angle_real_time_transmission
<LI><a href="#[ca]">&gt;&gt;</a>&nbsp;&nbsp;&nbsp;manaul_slow_timeSet
<LI><a href="#[69]">&gt;&gt;</a>&nbsp;&nbsp;&nbsp;motorHH_stop
<LI><a href="#[66]">&gt;&gt;</a>&nbsp;&nbsp;&nbsp;motorHH_speed_set
</UL>
<BR>[Called By]<UL><LI><a href="#[1f]">&gt;&gt;</a>&nbsp;&nbsp;&nbsp;main
</UL>

<P><STRONG><a name="[ec]"></a>Manual_mode_dir_set</STRONG> (Thumb, 42 bytes, Stack size 0 bytes, common.o(i.Manual_mode_dir_set))
<BR><BR>[Called By]<UL><LI><a href="#[98]">&gt;&gt;</a>&nbsp;&nbsp;&nbsp;Set_origin_move
</UL>

<P><STRONG><a name="[cb]"></a>ManulHH_mode_pulse_check</STRONG> (Thumb, 30 bytes, Stack size 4 bytes, common.o(i.ManulHH_mode_pulse_check))
<BR><BR>[Stack]<UL><LI>Max Depth = 4<LI>Call Chain = ManulHH_mode_pulse_check
</UL>
<BR>[Calls]<UL><LI><a href="#[cc]">&gt;&gt;</a>&nbsp;&nbsp;&nbsp;Manu_mode_dir_check
</UL>
<BR>[Called By]<UL><LI><a href="#[13]">&gt;&gt;</a>&nbsp;&nbsp;&nbsp;TIM3_IRQHandler
</UL>

<P><STRONG><a name="[cd]"></a>Manul_SartOrStop</STRONG> (Thumb, 36 bytes, Stack size 8 bytes, common.o(i.Manul_SartOrStop))
<BR><BR>[Stack]<UL><LI>Max Depth = 8<LI>Call Chain = Manul_SartOrStop
</UL>
<BR>[Calls]<UL><LI><a href="#[b1]">&gt;&gt;</a>&nbsp;&nbsp;&nbsp;motorHH_start
<LI><a href="#[66]">&gt;&gt;</a>&nbsp;&nbsp;&nbsp;motorHH_speed_set
</UL>
<BR>[Called By]<UL><LI><a href="#[98]">&gt;&gt;</a>&nbsp;&nbsp;&nbsp;Set_origin_move
</UL>

<P><STRONG><a name="[94]"></a>Manul_Turn_the_shuter</STRONG> (Thumb, 90 bytes, Stack size 16 bytes, standard.o(i.Manul_Turn_the_shuter))
<BR><BR>[Stack]<UL><LI>Max Depth = 32<LI>Call Chain = Manul_Turn_the_shuter &rArr; Spe_manul_Shuting
</UL>
<BR>[Calls]<UL><LI><a href="#[ce]">&gt;&gt;</a>&nbsp;&nbsp;&nbsp;Spe_manul_Shuting
<LI><a href="#[8f]">&gt;&gt;</a>&nbsp;&nbsp;&nbsp;BLE_shut_start
</UL>
<BR>[Called By]<UL><LI><a href="#[92]">&gt;&gt;</a>&nbsp;&nbsp;&nbsp;Get_data_from_controller
</UL>

<P><STRONG><a name="[cf]"></a>MotorHH_Video_compensation_check</STRONG> (Thumb, 270 bytes, Stack size 72 bytes, video.o(i.MotorHH_Video_compensation_check))
<BR><BR>[Stack]<UL><LI>Max Depth = 200<LI>Call Chain = MotorHH_Video_compensation_check &rArr; __aeabi_dmul &rArr; _double_epilogue &rArr; __aeabi_llsr
</UL>
<BR>[Calls]<UL><LI><a href="#[3d]">&gt;&gt;</a>&nbsp;&nbsp;&nbsp;__aeabi_ui2d
<LI><a href="#[37]">&gt;&gt;</a>&nbsp;&nbsp;&nbsp;__aeabi_dsub
<LI><a href="#[39]">&gt;&gt;</a>&nbsp;&nbsp;&nbsp;__aeabi_dmul
<LI><a href="#[3a]">&gt;&gt;</a>&nbsp;&nbsp;&nbsp;__aeabi_ddiv
<LI><a href="#[3e]">&gt;&gt;</a>&nbsp;&nbsp;&nbsp;__aeabi_d2uiz
</UL>
<BR>[Called By]<UL><LI><a href="#[d0]">&gt;&gt;</a>&nbsp;&nbsp;&nbsp;MotorHH_Video_move_time_check
</UL>

<P><STRONG><a name="[d0]"></a>MotorHH_Video_move_time_check</STRONG> (Thumb, 158 bytes, Stack size 24 bytes, video.o(i.MotorHH_Video_move_time_check))
<BR><BR>[Stack]<UL><LI>Max Depth = 224<LI>Call Chain = MotorHH_Video_move_time_check &rArr; MotorHH_Video_compensation_check &rArr; __aeabi_dmul &rArr; _double_epilogue &rArr; __aeabi_llsr
</UL>
<BR>[Calls]<UL><LI><a href="#[3b]">&gt;&gt;</a>&nbsp;&nbsp;&nbsp;__aeabi_ui2f
<LI><a href="#[78]">&gt;&gt;</a>&nbsp;&nbsp;&nbsp;__aeabi_fmul
<LI><a href="#[77]">&gt;&gt;</a>&nbsp;&nbsp;&nbsp;__aeabi_f2uiz
<LI><a href="#[d1]">&gt;&gt;</a>&nbsp;&nbsp;&nbsp;calculate_fast_speed
<LI><a href="#[d2]">&gt;&gt;</a>&nbsp;&nbsp;&nbsp;Video_ram_load
<LI><a href="#[d3]">&gt;&gt;</a>&nbsp;&nbsp;&nbsp;Times_convert_to_speed
<LI><a href="#[cf]">&gt;&gt;</a>&nbsp;&nbsp;&nbsp;MotorHH_Video_compensation_check
</UL>
<BR>[Called By]<UL><LI><a href="#[138]">&gt;&gt;</a>&nbsp;&nbsp;&nbsp;Video_FindABpoint_End
<LI><a href="#[95]">&gt;&gt;</a>&nbsp;&nbsp;&nbsp;Video_Get_data_from_controller
<LI><a href="#[13f]">&gt;&gt;</a>&nbsp;&nbsp;&nbsp;Video_speed_calculate
</UL>

<P><STRONG><a name="[d4]"></a>MotorVV_Video_compensation_check</STRONG> (Thumb, 282 bytes, Stack size 72 bytes, video.o(i.MotorVV_Video_compensation_check))
<BR><BR>[Stack]<UL><LI>Max Depth = 200<LI>Call Chain = MotorVV_Video_compensation_check &rArr; __aeabi_dmul &rArr; _double_epilogue &rArr; __aeabi_llsr
</UL>
<BR>[Calls]<UL><LI><a href="#[3d]">&gt;&gt;</a>&nbsp;&nbsp;&nbsp;__aeabi_ui2d
<LI><a href="#[37]">&gt;&gt;</a>&nbsp;&nbsp;&nbsp;__aeabi_dsub
<LI><a href="#[39]">&gt;&gt;</a>&nbsp;&nbsp;&nbsp;__aeabi_dmul
<LI><a href="#[3a]">&gt;&gt;</a>&nbsp;&nbsp;&nbsp;__aeabi_ddiv
<LI><a href="#[3e]">&gt;&gt;</a>&nbsp;&nbsp;&nbsp;__aeabi_d2uiz
</UL>
<BR>[Called By]<UL><LI><a href="#[d5]">&gt;&gt;</a>&nbsp;&nbsp;&nbsp;MotorVV_Video_move_time_check
</UL>

<P><STRONG><a name="[d5]"></a>MotorVV_Video_move_time_check</STRONG> (Thumb, 174 bytes, Stack size 24 bytes, video.o(i.MotorVV_Video_move_time_check))
<BR><BR>[Stack]<UL><LI>Max Depth = 224<LI>Call Chain = MotorVV_Video_move_time_check &rArr; MotorVV_Video_compensation_check &rArr; __aeabi_dmul &rArr; _double_epilogue &rArr; __aeabi_llsr
</UL>
<BR>[Calls]<UL><LI><a href="#[3b]">&gt;&gt;</a>&nbsp;&nbsp;&nbsp;__aeabi_ui2f
<LI><a href="#[78]">&gt;&gt;</a>&nbsp;&nbsp;&nbsp;__aeabi_fmul
<LI><a href="#[77]">&gt;&gt;</a>&nbsp;&nbsp;&nbsp;__aeabi_f2uiz
<LI><a href="#[d1]">&gt;&gt;</a>&nbsp;&nbsp;&nbsp;calculate_fast_speed
<LI><a href="#[d2]">&gt;&gt;</a>&nbsp;&nbsp;&nbsp;Video_ram_load
<LI><a href="#[d3]">&gt;&gt;</a>&nbsp;&nbsp;&nbsp;Times_convert_to_speed
<LI><a href="#[d4]">&gt;&gt;</a>&nbsp;&nbsp;&nbsp;MotorVV_Video_compensation_check
</UL>
<BR>[Called By]<UL><LI><a href="#[138]">&gt;&gt;</a>&nbsp;&nbsp;&nbsp;Video_FindABpoint_End
<LI><a href="#[95]">&gt;&gt;</a>&nbsp;&nbsp;&nbsp;Video_Get_data_from_controller
<LI><a href="#[13f]">&gt;&gt;</a>&nbsp;&nbsp;&nbsp;Video_speed_calculate
</UL>

<P><STRONG><a name="[1]"></a>NMI_Handler</STRONG> (Thumb, 2 bytes, Stack size 0 bytes, stm32f0xx_it.o(i.NMI_Handler))
<BR>[Address Reference Count : 1]<UL><LI> startup_stm32f030x8.o(RESET)
</UL>
<P><STRONG><a name="[d6]"></a>NRF24L01_Clear_IRQ_Flag</STRONG> (Thumb, 46 bytes, Stack size 24 bytes, rf24l01.o(i.NRF24L01_Clear_IRQ_Flag))
<BR><BR>[Stack]<UL><LI>Max Depth = 64<LI>Call Chain = NRF24L01_Clear_IRQ_Flag &rArr; NRF24L01_Read_Status_Register &rArr; drv_spi_read_write_byte
</UL>
<BR>[Calls]<UL><LI><a href="#[d8]">&gt;&gt;</a>&nbsp;&nbsp;&nbsp;drv_spi_read_write_byte
<LI><a href="#[d7]">&gt;&gt;</a>&nbsp;&nbsp;&nbsp;NRF24L01_Read_Status_Register
</UL>
<BR>[Called By]<UL><LI><a href="#[e0]">&gt;&gt;</a>&nbsp;&nbsp;&nbsp;RF24L01_Init
</UL>

<P><STRONG><a name="[d9]"></a>NRF24L01_Read_Buf</STRONG> (Thumb, 44 bytes, Stack size 32 bytes, rf24l01.o(i.NRF24L01_Read_Buf))
<BR><BR>[Stack]<UL><LI>Max Depth = 56<LI>Call Chain = NRF24L01_Read_Buf &rArr; drv_spi_read_write_byte
</UL>
<BR>[Calls]<UL><LI><a href="#[d8]">&gt;&gt;</a>&nbsp;&nbsp;&nbsp;drv_spi_read_write_byte
</UL>
<BR>[Called By]<UL><LI><a href="#[dd]">&gt;&gt;</a>&nbsp;&nbsp;&nbsp;NRF24L01_check
<LI><a href="#[58]">&gt;&gt;</a>&nbsp;&nbsp;&nbsp;NRF24L01_RxPacket
</UL>

<P><STRONG><a name="[da]"></a>NRF24L01_Read_Reg</STRONG> (Thumb, 26 bytes, Stack size 16 bytes, rf24l01.o(i.NRF24L01_Read_Reg))
<BR><BR>[Stack]<UL><LI>Max Depth = 40<LI>Call Chain = NRF24L01_Read_Reg &rArr; drv_spi_read_write_byte
</UL>
<BR>[Calls]<UL><LI><a href="#[d8]">&gt;&gt;</a>&nbsp;&nbsp;&nbsp;drv_spi_read_write_byte
</UL>
<BR>[Called By]<UL><LI><a href="#[173]">&gt;&gt;</a>&nbsp;&nbsp;&nbsp;wifi24G_send_data
<LI><a href="#[56]">&gt;&gt;</a>&nbsp;&nbsp;&nbsp;RF24L01_Set_Mode
<LI><a href="#[e0]">&gt;&gt;</a>&nbsp;&nbsp;&nbsp;RF24L01_Init
<LI><a href="#[5d]">&gt;&gt;</a>&nbsp;&nbsp;&nbsp;NRF24L01_TxPacket
<LI><a href="#[58]">&gt;&gt;</a>&nbsp;&nbsp;&nbsp;NRF24L01_RxPacket
</UL>

<P><STRONG><a name="[d7]"></a>NRF24L01_Read_Status_Register</STRONG> (Thumb, 22 bytes, Stack size 16 bytes, rf24l01.o(i.NRF24L01_Read_Status_Register))
<BR><BR>[Stack]<UL><LI>Max Depth = 40<LI>Call Chain = NRF24L01_Read_Status_Register &rArr; drv_spi_read_write_byte
</UL>
<BR>[Calls]<UL><LI><a href="#[d8]">&gt;&gt;</a>&nbsp;&nbsp;&nbsp;drv_spi_read_write_byte
</UL>
<BR>[Called By]<UL><LI><a href="#[d6]">&gt;&gt;</a>&nbsp;&nbsp;&nbsp;NRF24L01_Clear_IRQ_Flag
</UL>

<P><STRONG><a name="[58]"></a>NRF24L01_RxPacket</STRONG> (Thumb, 80 bytes, Stack size 16 bytes, rf24l01.o(i.NRF24L01_RxPacket))
<BR><BR>[Stack]<UL><LI>Max Depth = 72<LI>Call Chain = NRF24L01_RxPacket &rArr; NRF24L01_Read_Buf &rArr; drv_spi_read_write_byte
</UL>
<BR>[Calls]<UL><LI><a href="#[52]">&gt;&gt;</a>&nbsp;&nbsp;&nbsp;NRF24L01_Write_Reg
<LI><a href="#[da]">&gt;&gt;</a>&nbsp;&nbsp;&nbsp;NRF24L01_Read_Reg
<LI><a href="#[d9]">&gt;&gt;</a>&nbsp;&nbsp;&nbsp;NRF24L01_Read_Buf
<LI><a href="#[db]">&gt;&gt;</a>&nbsp;&nbsp;&nbsp;LL_GPIO_IsInputPinSet
</UL>
<BR>[Called By]<UL><LI><a href="#[51]">&gt;&gt;</a>&nbsp;&nbsp;&nbsp;Burn_code_value
<LI><a href="#[174]">&gt;&gt;</a>&nbsp;&nbsp;&nbsp;wifi24G_read_data
</UL>

<P><STRONG><a name="[54]"></a>NRF24L01_Set_RxAddr</STRONG> (Thumb, 24 bytes, Stack size 8 bytes, rf24l01.o(i.NRF24L01_Set_RxAddr))
<BR><BR>[Stack]<UL><LI>Max Depth = 64<LI>Call Chain = NRF24L01_Set_RxAddr &rArr; NRF24L01_Write_Buf &rArr; drv_spi_read_write_byte
</UL>
<BR>[Calls]<UL><LI><a href="#[dc]">&gt;&gt;</a>&nbsp;&nbsp;&nbsp;NRF24L01_Write_Buf
</UL>
<BR>[Called By]<UL><LI><a href="#[51]">&gt;&gt;</a>&nbsp;&nbsp;&nbsp;Burn_code_value
<LI><a href="#[e0]">&gt;&gt;</a>&nbsp;&nbsp;&nbsp;RF24L01_Init
</UL>

<P><STRONG><a name="[53]"></a>NRF24L01_Set_TxAddr</STRONG> (Thumb, 20 bytes, Stack size 8 bytes, rf24l01.o(i.NRF24L01_Set_TxAddr))
<BR><BR>[Stack]<UL><LI>Max Depth = 64<LI>Call Chain = NRF24L01_Set_TxAddr &rArr; NRF24L01_Write_Buf &rArr; drv_spi_read_write_byte
</UL>
<BR>[Calls]<UL><LI><a href="#[dc]">&gt;&gt;</a>&nbsp;&nbsp;&nbsp;NRF24L01_Write_Buf
</UL>
<BR>[Called By]<UL><LI><a href="#[51]">&gt;&gt;</a>&nbsp;&nbsp;&nbsp;Burn_code_value
<LI><a href="#[e0]">&gt;&gt;</a>&nbsp;&nbsp;&nbsp;RF24L01_Init
</UL>

<P><STRONG><a name="[5d]"></a>NRF24L01_TxPacket</STRONG> (Thumb, 132 bytes, Stack size 32 bytes, rf24l01.o(i.NRF24L01_TxPacket))
<BR><BR>[Stack]<UL><LI>Max Depth = 88<LI>Call Chain = NRF24L01_TxPacket &rArr; NRF24L01_Write_Buf &rArr; drv_spi_read_write_byte
</UL>
<BR>[Calls]<UL><LI><a href="#[57]">&gt;&gt;</a>&nbsp;&nbsp;&nbsp;Feed_IWDG
<LI><a href="#[d8]">&gt;&gt;</a>&nbsp;&nbsp;&nbsp;drv_spi_read_write_byte
<LI><a href="#[52]">&gt;&gt;</a>&nbsp;&nbsp;&nbsp;NRF24L01_Write_Reg
<LI><a href="#[dc]">&gt;&gt;</a>&nbsp;&nbsp;&nbsp;NRF24L01_Write_Buf
<LI><a href="#[da]">&gt;&gt;</a>&nbsp;&nbsp;&nbsp;NRF24L01_Read_Reg
<LI><a href="#[db]">&gt;&gt;</a>&nbsp;&nbsp;&nbsp;LL_GPIO_IsInputPinSet
</UL>
<BR>[Called By]<UL><LI><a href="#[51]">&gt;&gt;</a>&nbsp;&nbsp;&nbsp;Burn_code_value
<LI><a href="#[173]">&gt;&gt;</a>&nbsp;&nbsp;&nbsp;wifi24G_send_data
</UL>

<P><STRONG><a name="[dc]"></a>NRF24L01_Write_Buf</STRONG> (Thumb, 46 bytes, Stack size 32 bytes, rf24l01.o(i.NRF24L01_Write_Buf))
<BR><BR>[Stack]<UL><LI>Max Depth = 56<LI>Call Chain = NRF24L01_Write_Buf &rArr; drv_spi_read_write_byte
</UL>
<BR>[Calls]<UL><LI><a href="#[d8]">&gt;&gt;</a>&nbsp;&nbsp;&nbsp;drv_spi_read_write_byte
</UL>
<BR>[Called By]<UL><LI><a href="#[dd]">&gt;&gt;</a>&nbsp;&nbsp;&nbsp;NRF24L01_check
<LI><a href="#[5d]">&gt;&gt;</a>&nbsp;&nbsp;&nbsp;NRF24L01_TxPacket
<LI><a href="#[53]">&gt;&gt;</a>&nbsp;&nbsp;&nbsp;NRF24L01_Set_TxAddr
<LI><a href="#[54]">&gt;&gt;</a>&nbsp;&nbsp;&nbsp;NRF24L01_Set_RxAddr
</UL>

<P><STRONG><a name="[52]"></a>NRF24L01_Write_Reg</STRONG> (Thumb, 32 bytes, Stack size 16 bytes, rf24l01.o(i.NRF24L01_Write_Reg))
<BR><BR>[Stack]<UL><LI>Max Depth = 40<LI>Call Chain = NRF24L01_Write_Reg &rArr; drv_spi_read_write_byte
</UL>
<BR>[Calls]<UL><LI><a href="#[d8]">&gt;&gt;</a>&nbsp;&nbsp;&nbsp;drv_spi_read_write_byte
</UL>
<BR>[Called By]<UL><LI><a href="#[51]">&gt;&gt;</a>&nbsp;&nbsp;&nbsp;Burn_code_value
<LI><a href="#[ef]">&gt;&gt;</a>&nbsp;&nbsp;&nbsp;wifi_sleep
<LI><a href="#[56]">&gt;&gt;</a>&nbsp;&nbsp;&nbsp;RF24L01_Set_Mode
[...]
<BR><BR>[Stack]<UL><LI>Max Depth = 304<LI>Call Chain = wifi24G_read_data &rArr; Get_data_from_controller &rArr; Set_origin_OK &rArr; Video_abPoint_set &rArr; Video_speed_calculate &rArr; MotorVV_Video_move_time_check &rArr; MotorVV_Video_compensation_check &rArr; __aeabi_dmul &rArr; _double_epilogue &rArr; __aeabi_llsr
</UL>
<BR>[Calls]<UL><LI><a href="#[175]">&gt;&gt;</a>&nbsp;&nbsp;&nbsp;checksum_verify
<LI><a href="#[8e]">&gt;&gt;</a>&nbsp;&nbsp;&nbsp;String_Printf
<LI><a href="#[92]">&gt;&gt;</a>&nbsp;&nbsp;&nbsp;Get_data_from_controller
<LI><a href="#[58]">&gt;&gt;</a>&nbsp;&nbsp;&nbsp;NRF24L01_RxPacket
</UL>
<BR>[Called By]<UL><LI><a href="#[163]">&gt;&gt;</a>&nbsp;&nbsp;&nbsp;wifi24G_data_Dispose
</UL>

<P><STRONG><a name="[173]"></a>wifi24G_send_data</STRONG> (Thumb, 228 bytes, Stack size 24 bytes, rf24l01.o(i.wifi24G_send_data))
<BR><BR>[Stack]<UL><LI>Max Depth = 128<LI>Call Chain = wifi24G_send_data &rArr; Nrf24L01_init &rArr; NRF24L01_check &rArr; NRF24L01_Write_Buf &rArr; drv_spi_read_write_byte
</UL>
<BR>[Calls]<UL><LI><a href="#[de]">&gt;&gt;</a>&nbsp;&nbsp;&nbsp;Nrf24L01_init
<LI><a href="#[56]">&gt;&gt;</a>&nbsp;&nbsp;&nbsp;RF24L01_Set_Mode
<LI><a href="#[5d]">&gt;&gt;</a>&nbsp;&nbsp;&nbsp;NRF24L01_TxPacket
<LI><a href="#[da]">&gt;&gt;</a>&nbsp;&nbsp;&nbsp;NRF24L01_Read_Reg
</UL>
<BR>[Called By]<UL><LI><a href="#[163]">&gt;&gt;</a>&nbsp;&nbsp;&nbsp;wifi24G_data_Dispose
</UL>

<P><STRONG><a name="[ef]"></a>wifi_sleep</STRONG> (Thumb, 34 bytes, Stack size 8 bytes, rf24l01.o(i.wifi_sleep))
<BR><BR>[Stack]<UL><LI>Max Depth = 48<LI>Call Chain = wifi_sleep &rArr; NRF24L01_Write_Reg &rArr; drv_spi_read_write_byte
</UL>
<BR>[Calls]<UL><LI><a href="#[52]">&gt;&gt;</a>&nbsp;&nbsp;&nbsp;NRF24L01_Write_Reg
</UL>
<BR>[Called By]<UL><LI><a href="#[ee]">&gt;&gt;</a>&nbsp;&nbsp;&nbsp;ShutDown
</UL>

<P><STRONG><a name="[155]"></a>write_bootTag</STRONG> (Thumb, 80 bytes, Stack size 56 bytes, flash.o(i.write_bootTag))
<BR><BR>[Stack]<UL><LI>Max Depth = 124<LI>Call Chain = write_bootTag &rArr; write_flash_holfword_buffer &rArr; write_flash_holfword &rArr; FLASH_ProgramHalfWord &rArr; FLASH_WaitForLastOperation
</UL>
<BR>[Calls]<UL><LI><a href="#[176]">&gt;&gt;</a>&nbsp;&nbsp;&nbsp;return_checksum
<LI><a href="#[177]">&gt;&gt;</a>&nbsp;&nbsp;&nbsp;write_flash_holfword_buffer
<LI><a href="#[60]">&gt;&gt;</a>&nbsp;&nbsp;&nbsp;__aeabi_memclr4
</UL>
<BR>[Called By]<UL><LI><a href="#[14c]">&gt;&gt;</a>&nbsp;&nbsp;&nbsp;enter_bootloader
</UL>

<P><STRONG><a name="[5b]"></a>write_flash_active</STRONG> (Thumb, 28 bytes, Stack size 8 bytes, flash.o(i.write_flash_active))
<BR><BR>[Stack]<UL><LI>Max Depth = 76<LI>Call Chain = write_flash_active &rArr; write_flash_holfword_buffer &rArr; write_flash_holfword &rArr; FLASH_ProgramHalfWord &rArr; FLASH_WaitForLastOperation
</UL>
<BR>[Calls]<UL><LI><a href="#[177]">&gt;&gt;</a>&nbsp;&nbsp;&nbsp;write_flash_holfword_buffer
</UL>
<BR>[Called By]<UL><LI><a href="#[51]">&gt;&gt;</a>&nbsp;&nbsp;&nbsp;Burn_code_value
<LI><a href="#[1f]">&gt;&gt;</a>&nbsp;&nbsp;&nbsp;main
<LI><a href="#[92]">&gt;&gt;</a>&nbsp;&nbsp;&nbsp;Get_data_from_controller
<LI><a href="#[97]">&gt;&gt;</a>&nbsp;&nbsp;&nbsp;Specialty_Get_data_from_controller
</UL>

<P><STRONG><a name="[178]"></a>write_flash_holfword</STRONG> (Thumb, 8 bytes, Stack size 4 bytes, flash.o(i.write_flash_holfword))
<BR><BR>[Stack]<UL><LI>Max Depth = 28<LI>Call Chain = write_flash_holfword &rArr; FLASH_ProgramHalfWord &rArr; FLASH_WaitForLastOperation
</UL>
<BR>[Calls]<UL><LI><a href="#[8b]">&gt;&gt;</a>&nbsp;&nbsp;&nbsp;FLASH_ProgramHalfWord
</UL>
<BR>[Called By]<UL><LI><a href="#[177]">&gt;&gt;</a>&nbsp;&nbsp;&nbsp;write_flash_holfword_buffer
</UL>

<P><STRONG><a name="[177]"></a>write_flash_holfword_buffer</STRONG> (Thumb, 188 bytes, Stack size 40 bytes, flash.o(i.write_flash_holfword_buffer))
<BR><BR>[Stack]<UL><LI>Max Depth = 68<LI>Call Chain = write_flash_holfword_buffer &rArr; write_flash_holfword &rArr; FLASH_ProgramHalfWord &rArr; FLASH_WaitForLastOperation
</UL>
<BR>[Calls]<UL><LI><a href="#[57]">&gt;&gt;</a>&nbsp;&nbsp;&nbsp;Feed_IWDG
<LI><a href="#[178]">&gt;&gt;</a>&nbsp;&nbsp;&nbsp;write_flash_holfword
<LI><a href="#[179]">&gt;&gt;</a>&nbsp;&nbsp;&nbsp;FLASH_Unlock
<LI><a href="#[17a]">&gt;&gt;</a>&nbsp;&nbsp;&nbsp;FLASH_Lock
<LI><a href="#[89]">&gt;&gt;</a>&nbsp;&nbsp;&nbsp;FLASH_ErasePage
</UL>
<BR>[Called By]<UL><LI><a href="#[5b]">&gt;&gt;</a>&nbsp;&nbsp;&nbsp;write_flash_active
<LI><a href="#[155]">&gt;&gt;</a>&nbsp;&nbsp;&nbsp;write_bootTag
</UL>
<P>
<H3>
Local Symbols
</H3>
<P><STRONG><a name="[15d]"></a>LL_AHB1_GRP1_EnableClock</STRONG> (Thumb, 18 bytes, Stack size 8 bytes, main.o(i.LL_AHB1_GRP1_EnableClock))
<BR><BR>[Stack]<UL><LI>Max Depth = 8<LI>Call Chain = LL_AHB1_GRP1_EnableClock
</UL>
<BR>[Called By]<UL><LI><a href="#[1f]">&gt;&gt;</a>&nbsp;&nbsp;&nbsp;main
</UL>

<P><STRONG><a name="[c0]"></a>LL_APB1_GRP1_EnableClock</STRONG> (Thumb, 18 bytes, Stack size 8 bytes, main.o(i.LL_APB1_GRP1_EnableClock))
<BR><BR>[Stack]<UL><LI>Max Depth = 8<LI>Call Chain = LL_APB1_GRP1_EnableClock
</UL>
<BR>[Called By]<UL><LI><a href="#[1f]">&gt;&gt;</a>&nbsp;&nbsp;&nbsp;main
<LI><a href="#[bf]">&gt;&gt;</a>&nbsp;&nbsp;&nbsp;MX_TIM3_Init
</UL>

<P><STRONG><a name="[c3]"></a>LL_TIM_OC_EnablePreload</STRONG> (Thumb, 82 bytes, Stack size 0 bytes, main.o(i.LL_TIM_OC_EnablePreload))
<BR><BR>[Called By]<UL><LI><a href="#[bf]">&gt;&gt;</a>&nbsp;&nbsp;&nbsp;MX_TIM3_Init
</UL>

<P><STRONG><a name="[bf]"></a>MX_TIM3_Init</STRONG> (Thumb, 184 bytes, Stack size 104 bytes, main.o(i.MX_TIM3_Init))
<BR><BR>[Stack]<UL><LI>Max Depth = 128<LI>Call Chain = MX_TIM3_Init &rArr; LL_TIM_OC_Init &rArr; OC4Config
</UL>
<BR>[Calls]<UL><LI><a href="#[b9]">&gt;&gt;</a>&nbsp;&nbsp;&nbsp;LL_TIM_OC_Init
<LI><a href="#[c2]">&gt;&gt;</a>&nbsp;&nbsp;&nbsp;LL_TIM_Init
<LI><a href="#[47]">&gt;&gt;</a>&nbsp;&nbsp;&nbsp;LL_GPIO_Init
<LI><a href="#[c1]">&gt;&gt;</a>&nbsp;&nbsp;&nbsp;NVIC_SetPriority
<LI><a href="#[c3]">&gt;&gt;</a>&nbsp;&nbsp;&nbsp;LL_TIM_OC_EnablePreload
<LI><a href="#[c0]">&gt;&gt;</a>&nbsp;&nbsp;&nbsp;LL_APB1_GRP1_EnableClock
</UL>
<BR>[Called By]<UL><LI><a href="#[1f]">&gt;&gt;</a>&nbsp;&nbsp;&nbsp;main
</UL>

<P><STRONG><a name="[c1]"></a>NVIC_SetPriority</STRONG> (Thumb, 60 bytes, Stack size 0 bytes, main.o(i.NVIC_SetPriority))
<BR><BR>[Called By]<UL><LI><a href="#[1f]">&gt;&gt;</a>&nbsp;&nbsp;&nbsp;main
<LI><a href="#[bf]">&gt;&gt;</a>&nbsp;&nbsp;&nbsp;MX_TIM3_Init
</UL>

<P><STRONG><a name="[129]"></a>LL_AHB1_GRP1_EnableClock</STRONG> (Thumb, 18 bytes, Stack size 8 bytes, uart.o(i.LL_AHB1_GRP1_EnableClock))
<BR><BR>[Stack]<UL><LI>Max Depth = 8<LI>Call Chain = LL_AHB1_GRP1_EnableClock
</UL>
<BR>[Called By]<UL><LI><a href="#[c7]">&gt;&gt;</a>&nbsp;&nbsp;&nbsp;Usart22_Send_Dma_Init
<LI><a href="#[c6]">&gt;&gt;</a>&nbsp;&nbsp;&nbsp;Usart22_Receiver_Dma_Init
</UL>

<P><STRONG><a name="[86]"></a>LL_DMA_DisableChannel</STRONG> (Thumb, 18 bytes, Stack size 0 bytes, uart.o(i.LL_DMA_DisableChannel))
<BR><BR>[Called By]<UL><LI><a href="#[127]">&gt;&gt;</a>&nbsp;&nbsp;&nbsp;Usart22_Receiver
<LI><a href="#[124]">&gt;&gt;</a>&nbsp;&nbsp;&nbsp;usart1_receiver
<LI><a href="#[62]">&gt;&gt;</a>&nbsp;&nbsp;&nbsp;Usart22_Dma_SendIRQ_Dispose
<LI><a href="#[61]">&gt;&gt;</a>&nbsp;&nbsp;&nbsp;Dma_SendIRQ_Dispose
</UL>

<P><STRONG><a name="[85]"></a>LL_DMA_DisableIT_TC</STRONG> (Thumb, 18 bytes, Stack size 0 bytes, uart.o(i.LL_DMA_DisableIT_TC))
<BR><BR>[Called By]<UL><LI><a href="#[62]">&gt;&gt;</a>&nbsp;&nbsp;&nbsp;Usart22_Dma_SendIRQ_Dispose
<LI><a href="#[61]">&gt;&gt;</a>&nbsp;&nbsp;&nbsp;Dma_SendIRQ_Dispose
</UL>

<P><STRONG><a name="[10f]"></a>LL_DMA_EnableChannel</STRONG> (Thumb, 18 bytes, Stack size 0 bytes, uart.o(i.LL_DMA_EnableChannel))
<BR><BR>[Called By]<UL><LI><a href="#[170]">&gt;&gt;</a>&nbsp;&nbsp;&nbsp;usart22_Recdata_Handling
<LI><a href="#[8e]">&gt;&gt;</a>&nbsp;&nbsp;&nbsp;String_Printf
<LI><a href="#[c6]">&gt;&gt;</a>&nbsp;&nbsp;&nbsp;Usart22_Receiver_Dma_Init
</UL>

<P><STRONG><a name="[10e]"></a>LL_DMA_EnableIT_TC</STRONG> (Thumb, 18 bytes, Stack size 0 bytes, uart.o(i.LL_DMA_EnableIT_TC))
<BR><BR>[Called By]<UL><LI><a href="#[8e]">&gt;&gt;</a>&nbsp;&nbsp;&nbsp;String_Printf
</UL>

<P><STRONG><a name="[128]"></a>LL_DMA_GetDataLength</STRONG> (Thumb, 16 bytes, Stack size 0 bytes, uart.o(i.LL_DMA_GetDataLength))
<BR><BR>[Called By]<UL><LI><a href="#[127]">&gt;&gt;</a>&nbsp;&nbsp;&nbsp;Usart22_Receiver
<LI><a href="#[124]">&gt;&gt;</a>&nbsp;&nbsp;&nbsp;usart1_receiver
</UL>

<P><STRONG><a name="[12d]"></a>LL_DMA_SetChannelPriorityLevel</STRONG> (Thumb, 24 bytes, Stack size 8 bytes, uart.o(i.LL_DMA_SetChannelPriorityLevel))
<BR><BR>[Stack]<UL><LI>Max Depth = 8<LI>Call Chain = LL_DMA_SetChannelPriorityLevel
</UL>
<BR>[Called By]<UL><LI><a href="#[c7]">&gt;&gt;</a>&nbsp;&nbsp;&nbsp;Usart22_Send_Dma_Init
<LI><a href="#[c6]">&gt;&gt;</a>&nbsp;&nbsp;&nbsp;Usart22_Receiver_Dma_Init
</UL>

<P><STRONG><a name="[10d]"></a>LL_DMA_SetDataLength</STRONG> (Thumb, 22 bytes, Stack size 0 bytes, uart.o(i.LL_DMA_SetDataLength))
<BR><BR>[Called By]<UL><LI><a href="#[170]">&gt;&gt;</a>&nbsp;&nbsp;&nbsp;usart22_Recdata_Handling
<LI><a href="#[8e]">&gt;&gt;</a>&nbsp;&nbsp;&nbsp;String_Printf
<LI><a href="#[c7]">&gt;&gt;</a>&nbsp;&nbsp;&nbsp;Usart22_Send_Dma_Init
<LI><a href="#[c6]">&gt;&gt;</a>&nbsp;&nbsp;&nbsp;Usart22_Receiver_Dma_Init
</UL>

<P><STRONG><a name="[12c]"></a>LL_DMA_SetDataTransferDirection</STRONG> (Thumb, 22 bytes, Stack size 8 bytes, uart.o(i.LL_DMA_SetDataTransferDirection))
<BR><BR>[Stack]<UL><LI>Max Depth = 8<LI>Call Chain = LL_DMA_SetDataTransferDirection
</UL>
<BR>[Called By]<UL><LI><a href="#[c7]">&gt;&gt;</a>&nbsp;&nbsp;&nbsp;Usart22_Send_Dma_Init
<LI><a href="#[c6]">&gt;&gt;</a>&nbsp;&nbsp;&nbsp;Usart22_Receiver_Dma_Init
</UL>

<P><STRONG><a name="[12b]"></a>LL_DMA_SetMemoryAddress</STRONG> (Thumb, 14 bytes, Stack size 0 bytes, uart.o(i.LL_DMA_SetMemoryAddress))
<BR><BR>[Called By]<UL><LI><a href="#[c7]">&gt;&gt;</a>&nbsp;&nbsp;&nbsp;Usart22_Send_Dma_Init
<LI><a href="#[c6]">&gt;&gt;</a>&nbsp;&nbsp;&nbsp;Usart22_Receiver_Dma_Init
</UL>

<P><STRONG><a name="[12f]"></a>LL_DMA_SetMemoryIncMode</STRONG> (Thumb, 22 bytes, Stack size 8 bytes, uart.o(i.LL_DMA_SetMemoryIncMode))
<BR><BR>[Stack]<UL><LI>Max Depth = 8<LI>Call Chain = LL_DMA_SetMemoryIncMode
</UL>
<BR>[Called By]<UL><LI><a href="#[c7]">&gt;&gt;</a>&nbsp;&nbsp;&nbsp;Usart22_Send_Dma_Init
<LI><a href="#[c6]">&gt;&gt;</a>&nbsp;&nbsp;&nbsp;Usart22_Receiver_Dma_Init
</UL>

<P><STRONG><a name="[131]"></a>LL_DMA_SetMemorySize</STRONG> (Thumb, 24 bytes, Stack size 8 bytes, uart.o(i.LL_DMA_SetMemorySize))
<BR><BR>[Stack]<UL><LI>Max Depth = 8<LI>Call Chain = LL_DMA_SetMemorySize
</UL>
<BR>[Called By]<UL><LI><a href="#[c7]">&gt;&gt;</a>&nbsp;&nbsp;&nbsp;Usart22_Send_Dma_Init
<LI><a href="#[c6]">&gt;&gt;</a>&nbsp;&nbsp;&nbsp;Usart22_Receiver_Dma_Init
</UL>

<P><STRONG><a name="[132]"></a>LL_DMA_SetMode</STRONG> (Thumb, 22 bytes, Stack size 8 bytes, uart.o(i.LL_DMA_SetMode))
<BR><BR>[Stack]<UL><LI>Max Depth = 8<LI>Call Chain = LL_DMA_SetMode
</UL>
<BR>[Called By]<UL><LI><a href="#[c7]">&gt;&gt;</a>&nbsp;&nbsp;&nbsp;Usart22_Send_Dma_Init
<LI><a href="#[c6]">&gt;&gt;</a>&nbsp;&nbsp;&nbsp;Usart22_Receiver_Dma_Init
</UL>

<P><STRONG><a name="[12a]"></a>LL_DMA_SetPeriphAddress</STRONG> (Thumb, 14 bytes, Stack size 0 bytes, uart.o(i.LL_DMA_SetPeriphAddress))
<BR><BR>[Called By]<UL><LI><a href="#[c7]">&gt;&gt;</a>&nbsp;&nbsp;&nbsp;Usart22_Send_Dma_Init
<LI><a href="#[c6]">&gt;&gt;</a>&nbsp;&nbsp;&nbsp;Usart22_Receiver_Dma_Init
</UL>

<P><STRONG><a name="[12e]"></a>LL_DMA_SetPeriphIncMode</STRONG> (Thumb, 22 bytes, Stack size 8 bytes, uart.o(i.LL_DMA_SetPeriphIncMode))
<BR><BR>[Stack]<UL><LI>Max Depth = 8<LI>Call Chain = LL_DMA_SetPeriphIncMode
</UL>
<BR>[Called By]<UL><LI><a href="#[c7]">&gt;&gt;</a>&nbsp;&nbsp;&nbsp;Usart22_Send_Dma_Init
<LI><a href="#[c6]">&gt;&gt;</a>&nbsp;&nbsp;&nbsp;Usart22_Receiver_Dma_Init
</UL>

<P><STRONG><a name="[130]"></a>LL_DMA_SetPeriphSize</STRONG> (Thumb, 24 bytes, Stack size 8 bytes, uart.o(i.LL_DMA_SetPeriphSize))
<BR><BR>[Stack]<UL><LI>Max Depth = 8<LI>Call Chain = LL_DMA_SetPeriphSize
</UL>
<BR>[Called By]<UL><LI><a href="#[c7]">&gt;&gt;</a>&nbsp;&nbsp;&nbsp;Usart22_Send_Dma_Init
<LI><a href="#[c6]">&gt;&gt;</a>&nbsp;&nbsp;&nbsp;Usart22_Receiver_Dma_Init
</UL>

<P><STRONG><a name="[134]"></a>NVIC_EnableIRQ</STRONG> (Thumb, 14 bytes, Stack size 0 bytes, uart.o(i.NVIC_EnableIRQ))
<BR><BR>[Called By]<UL><LI><a href="#[c5]">&gt;&gt;</a>&nbsp;&nbsp;&nbsp;Usart22_init
<LI><a href="#[c7]">&gt;&gt;</a>&nbsp;&nbsp;&nbsp;Usart22_Send_Dma_Init
</UL>

<P><STRONG><a name="[133]"></a>NVIC_SetPriority</STRONG> (Thumb, 60 bytes, Stack size 0 bytes, uart.o(i.NVIC_SetPriority))
<BR><BR>[Called By]<UL><LI><a href="#[c5]">&gt;&gt;</a>&nbsp;&nbsp;&nbsp;Usart22_init
<LI><a href="#[c7]">&gt;&gt;</a>&nbsp;&nbsp;&nbsp;Usart22_Send_Dma_Init
</UL>

<P><STRONG><a name="[c6]"></a>Usart22_Receiver_Dma_Init</STRONG> (Thumb, 122 bytes, Stack size 8 bytes, uart.o(i.Usart22_Receiver_Dma_Init))
<BR><BR>[Stack]<UL><LI>Max Depth = 16<LI>Call Chain = Usart22_Receiver_Dma_Init &rArr; LL_DMA_SetPeriphSize
</UL>
<BR>[Calls]<UL><LI><a href="#[130]">&gt;&gt;</a>&nbsp;&nbsp;&nbsp;LL_DMA_SetPeriphSize
<LI><a href="#[12e]">&gt;&gt;</a>&nbsp;&nbsp;&nbsp;LL_DMA_SetPeriphIncMode
<LI><a href="#[12a]">&gt;&gt;</a>&nbsp;&nbsp;&nbsp;LL_DMA_SetPeriphAddress
<LI><a href="#[132]">&gt;&gt;</a>&nbsp;&nbsp;&nbsp;LL_DMA_SetMode
<LI><a href="#[131]">&gt;&gt;</a>&nbsp;&nbsp;&nbsp;LL_DMA_SetMemorySize
<LI><a href="#[12f]">&gt;&gt;</a>&nbsp;&nbsp;&nbsp;LL_DMA_SetMemoryIncMode
<LI><a href="#[12b]">&gt;&gt;</a>&nbsp;&nbsp;&nbsp;LL_DMA_SetMemoryAddress
<LI><a href="#[12c]">&gt;&gt;</a>&nbsp;&nbsp;&nbsp;LL_DMA_SetDataTransferDirection
<LI><a href="#[10d]">&gt;&gt;</a>&nbsp;&nbsp;&nbsp;LL_DMA_SetDataLength
<LI><a href="#[12d]">&gt;&gt;</a>&nbsp;&nbsp;&nbsp;LL_DMA_SetChannelPriorityLevel
<LI><a href="#[10f]">&gt;&gt;</a>&nbsp;&nbsp;&nbsp;LL_DMA_EnableChannel
<LI><a href="#[129]">&gt;&gt;</a>&nbsp;&nbsp;&nbsp;LL_AHB1_GRP1_EnableClock
</UL>
<BR>[Called By]<UL><LI><a href="#[c4]">&gt;&gt;</a>&nbsp;&nbsp;&nbsp;MX_USART2_UART_Init
</UL>

<P><STRONG><a name="[c7]"></a>Usart22_Send_Dma_Init</STRONG> (Thumb, 136 bytes, Stack size 16 bytes, uart.o(i.Usart22_Send_Dma_Init))
<BR><BR>[Stack]<UL><LI>Max Depth = 24<LI>Call Chain = Usart22_Send_Dma_Init &rArr; LL_DMA_SetPeriphSize
</UL>
<BR>[Calls]<UL><LI><a href="#[133]">&gt;&gt;</a>&nbsp;&nbsp;&nbsp;NVIC_SetPriority
<LI><a href="#[134]">&gt;&gt;</a>&nbsp;&nbsp;&nbsp;NVIC_EnableIRQ
<LI><a href="#[130]">&gt;&gt;</a>&nbsp;&nbsp;&nbsp;LL_DMA_SetPeriphSize
<LI><a href="#[12e]">&gt;&gt;</a>&nbsp;&nbsp;&nbsp;LL_DMA_SetPeriphIncMode
<LI><a href="#[12a]">&gt;&gt;</a>&nbsp;&nbsp;&nbsp;LL_DMA_SetPeriphAddress
<LI><a href="#[132]">&gt;&gt;</a>&nbsp;&nbsp;&nbsp;LL_DMA_SetMode
<LI><a href="#[131]">&gt;&gt;</a>&nbsp;&nbsp;&nbsp;LL_DMA_SetMemorySize
<LI><a href="#[12f]">&gt;&gt;</a>&nbsp;&nbsp;&nbsp;LL_DMA_SetMemoryIncMode
<LI><a href="#[12b]">&gt;&gt;</a>&nbsp;&nbsp;&nbsp;LL_DMA_SetMemoryAddress
<LI><a href="#[12c]">&gt;&gt;</a>&nbsp;&nbsp;&nbsp;LL_DMA_SetDataTransferDirection
<LI><a href="#[10d]">&gt;&gt;</a>&nbsp;&nbsp;&nbsp;LL_DMA_SetDataLength
<LI><a href="#[12d]">&gt;&gt;</a>&nbsp;&nbsp;&nbsp;LL_DMA_SetChannelPriorityLevel
<LI><a href="#[129]">&gt;&gt;</a>&nbsp;&nbsp;&nbsp;LL_AHB1_GRP1_EnableClock
</UL>
<BR>[Called By]<UL><LI><a href="#[c4]">&gt;&gt;</a>&nbsp;&nbsp;&nbsp;MX_USART2_UART_Init
</UL>

<P><STRONG><a name="[16c]"></a>LL_EXTI_EnableFallingTrig_0_31</STRONG> (Thumb, 10 bytes, Stack size 0 bytes, gpio.o(i.LL_EXTI_EnableFallingTrig_0_31))
<BR><BR>[Called By]<UL><LI><a href="#[f5]">&gt;&gt;</a>&nbsp;&nbsp;&nbsp;pwrKey_exti_interrupt
</UL>

<P><STRONG><a name="[16b]"></a>LL_EXTI_EnableIT_0_31</STRONG> (Thumb, 10 bytes, Stack size 0 bytes, gpio.o(i.LL_EXTI_EnableIT_0_31))
<BR><BR>[Called By]<UL><LI><a href="#[f5]">&gt;&gt;</a>&nbsp;&nbsp;&nbsp;pwrKey_exti_interrupt
</UL>

<P><STRONG><a name="[16a]"></a>LL_SYSCFG_SetEXTISource</STRONG> (Thumb, 28 bytes, Stack size 8 bytes, gpio.o(i.LL_SYSCFG_SetEXTISource))
<BR><BR>[Stack]<UL><LI>Max Depth = 8<LI>Call Chain = LL_SYSCFG_SetEXTISource
</UL>
<BR>[Called By]<UL><LI><a href="#[f5]">&gt;&gt;</a>&nbsp;&nbsp;&nbsp;pwrKey_exti_interrupt
</UL>

<P><STRONG><a name="[16e]"></a>NVIC_EnableIRQ</STRONG> (Thumb, 14 bytes, Stack size 0 bytes, gpio.o(i.NVIC_EnableIRQ))
<BR><BR>[Called By]<UL><LI><a href="#[f5]">&gt;&gt;</a>&nbsp;&nbsp;&nbsp;pwrKey_exti_interrupt
</UL>

<P><STRONG><a name="[16d]"></a>NVIC_SetPriority</STRONG> (Thumb, 60 bytes, Stack size 0 bytes, gpio.o(i.NVIC_SetPriority))
<BR><BR>[Called By]<UL><LI><a href="#[f5]">&gt;&gt;</a>&nbsp;&nbsp;&nbsp;pwrKey_exti_interrupt
</UL>

<P><STRONG><a name="[22]"></a>Algorithm_0</STRONG> (Thumb, 328 bytes, Stack size 16 bytes, uid_encryption.o(i.Algorithm_0))
<BR><BR>[Stack]<UL><LI>Max Depth = 16<LI>Call Chain = Algorithm_0
</UL>
<BR>[Address Reference Count : 1]<UL><LI> uid_encryption.o(.constdata)
</UL>
<P><STRONG><a name="[23]"></a>Algorithm_1</STRONG> (Thumb, 334 bytes, Stack size 16 bytes, uid_encryption.o(i.Algorithm_1))
<BR><BR>[Stack]<UL><LI>Max Depth = 16<LI>Call Chain = Algorithm_1
</UL>
<BR>[Address Reference Count : 1]<UL><LI> uid_encryption.o(.constdata)
</UL>
<P><STRONG><a name="[24]"></a>Algorithm_2</STRONG> (Thumb, 334 bytes, Stack size 16 bytes, uid_encryption.o(i.Algorithm_2))
<BR><BR>[Stack]<UL><LI>Max Depth = 16<LI>Call Chain = Algorithm_2
</UL>
<BR>[Address Reference Count : 1]<UL><LI> uid_encryption.o(.constdata)
</UL>
<P><STRONG><a name="[25]"></a>Algorithm_3</STRONG> (Thumb, 326 bytes, Stack size 16 bytes, uid_encryption.o(i.Algorithm_3))
<BR><BR>[Stack]<UL><LI>Max Depth = 16<LI>Call Chain = Algorithm_3
</UL>
<BR>[Address Reference Count : 1]<UL><LI> uid_encryption.o(.constdata)
</UL>
<P><STRONG><a name="[26]"></a>Algorithm_4</STRONG> (Thumb, 324 bytes, Stack size 16 bytes, uid_encryption.o(i.Algorithm_4))
<BR><BR>[Stack]<UL><LI>Max Depth = 16<LI>Call Chain = Algorithm_4
</UL>
<BR>[Address Reference Count : 1]<UL><LI> uid_encryption.o(.constdata)
</UL>
<P><STRONG><a name="[db]"></a>LL_GPIO_IsInputPinSet</STRONG> (Thumb, 14 bytes, Stack size 0 bytes, rf24l01.o(i.LL_GPIO_IsInputPinSet))
<BR><BR>[Called By]<UL><LI><a href="#[d8]">&gt;&gt;</a>&nbsp;&nbsp;&nbsp;drv_spi_read_write_byte
<LI><a href="#[5d]">&gt;&gt;</a>&nbsp;&nbsp;&nbsp;NRF24L01_TxPacket
<LI><a href="#[58]">&gt;&gt;</a>&nbsp;&nbsp;&nbsp;NRF24L01_RxPacket
</UL>

<P><STRONG><a name="[154]"></a>NVIC_DisableIRQ</STRONG> (Thumb, 14 bytes, Stack size 0 bytes, low_power.o(i.NVIC_DisableIRQ))
<BR><BR>[Called By]<UL><LI><a href="#[f0]">&gt;&gt;</a>&nbsp;&nbsp;&nbsp;disable_interrupt
</UL>

<P><STRONG><a name="[bb]"></a>OC1Config</STRONG> (Thumb, 124 bytes, Stack size 12 bytes, stm32f0xx_ll_tim.o(i.OC1Config))
<BR><BR>[Stack]<UL><LI>Max Depth = 12<LI>Call Chain = OC1Config
</UL>
<BR>[Called By]<UL><LI><a href="#[b9]">&gt;&gt;</a>&nbsp;&nbsp;&nbsp;LL_TIM_OC_Init
</UL>

<P><STRONG><a name="[bc]"></a>OC2Config</STRONG> (Thumb, 128 bytes, Stack size 16 bytes, stm32f0xx_ll_tim.o(i.OC2Config))
<BR><BR>[Stack]<UL><LI>Max Depth = 16<LI>Call Chain = OC2Config
</UL>
<BR>[Called By]<UL><LI><a href="#[b9]">&gt;&gt;</a>&nbsp;&nbsp;&nbsp;LL_TIM_OC_Init
</UL>

<P><STRONG><a name="[bd]"></a>OC3Config</STRONG> (Thumb, 134 bytes, Stack size 16 bytes, stm32f0xx_ll_tim.o(i.OC3Config))
<BR><BR>[Stack]<UL><LI>Max Depth = 16<LI>Call Chain = OC3Config
</UL>
<BR>[Called By]<UL><LI><a href="#[b9]">&gt;&gt;</a>&nbsp;&nbsp;&nbsp;LL_TIM_OC_Init
</UL>

<P><STRONG><a name="[ba]"></a>OC4Config</STRONG> (Thumb, 98 bytes, Stack size 16 bytes, stm32f0xx_ll_tim.o(i.OC4Config))
<BR><BR>[Stack]<UL><LI>Max Depth = 16<LI>Call Chain = OC4Config
</UL>
<BR>[Called By]<UL><LI><a href="#[b9]">&gt;&gt;</a>&nbsp;&nbsp;&nbsp;LL_TIM_OC_Init
</UL>
<P>
<H3>
Undefined Global Symbols
</H3><HR></body></html>
