<!doctype html public "-//w3c//dtd html 4.0 transitional//en">
<html><head>
<title>Static Call Graph - [A610\A621.axf]</title></head>
<body><HR>
<H1>Static Call Graph for image A610\A621.axf</H1><HR>
<BR><P>#&#060CALLGRAPH&#062# ARM Linker, 5060750: Last Updated: Thu Aug 12 16:58:50 2021
<BR><P>
<H3>Maximum Stack Usage =        272 bytes + Unknown(Cycles, Untraceable Function Pointers)</H3><H3>
Call chain for Maximum Stack Depth:</H3>
main &rArr; wifi24G_data_Dispose &rArr; wifi24G_read_data &rArr; app_Receiver &rArr; slider_manage_function &rArr; delay_confirm &rArr; get_run_param &rArr; move_time_calculate &rArr; __aeabi_dmul &rArr; _double_epilogue &rArr; __aeabi_llsl
<P>
<H3>
Mutually Recursive functions
</H3> <LI><a href="#[10]">ADC1_IRQHandler</a>&nbsp;&nbsp;&nbsp;&rArr;&nbsp;&nbsp;&nbsp;<a href="#[10]">ADC1_IRQHandler</a><BR>
 <LI><a href="#[2]">HardFault_Handler</a>&nbsp;&nbsp;&nbsp;&rArr;&nbsp;&nbsp;&nbsp;<a href="#[2]">HardFault_Handler</a><BR>
</UL>
<P>
<H3>
Function Pointers
</H3><UL>
 <LI><a href="#[10]">ADC1_IRQHandler</a> from startup_stm32f030x8.o(.text) referenced from startup_stm32f030x8.o(RESET)
 <LI><a href="#[d]">DMA1_Channel1_IRQHandler</a> from stm32f0xx_it.o(i.DMA1_Channel1_IRQHandler) referenced from startup_stm32f030x8.o(RESET)
 <LI><a href="#[e]">DMA1_Channel2_3_IRQHandler</a> from stm32f0xx_it.o(i.DMA1_Channel2_3_IRQHandler) referenced from startup_stm32f030x8.o(RESET)
 <LI><a href="#[f]">DMA1_Channel4_5_IRQHandler</a> from stm32f0xx_it.o(i.DMA1_Channel4_5_IRQHandler) referenced from startup_stm32f030x8.o(RESET)
 <LI><a href="#[a]">EXTI0_1_IRQHandler</a> from startup_stm32f030x8.o(.text) referenced from startup_stm32f030x8.o(RESET)
 <LI><a href="#[b]">EXTI2_3_IRQHandler</a> from startup_stm32f030x8.o(.text) referenced from startup_stm32f030x8.o(RESET)
 <LI><a href="#[c]">EXTI4_15_IRQHandler</a> from startup_stm32f030x8.o(.text) referenced from startup_stm32f030x8.o(RESET)
 <LI><a href="#[8]">FLASH_IRQHandler</a> from startup_stm32f030x8.o(.text) referenced from startup_stm32f030x8.o(RESET)
 <LI><a href="#[2]">HardFault_Handler</a> from stm32f0xx_it.o(i.HardFault_Handler) referenced from startup_stm32f030x8.o(RESET)
 <LI><a href="#[19]">I2C1_IRQHandler</a> from startup_stm32f030x8.o(.text) referenced from startup_stm32f030x8.o(RESET)
 <LI><a href="#[1a]">I2C2_IRQHandler</a> from startup_stm32f030x8.o(.text) referenced from startup_stm32f030x8.o(RESET)
 <LI><a href="#[1]">NMI_Handler</a> from stm32f0xx_it.o(i.NMI_Handler) referenced from startup_stm32f030x8.o(RESET)
 <LI><a href="#[4]">PendSV_Handler</a> from stm32f0xx_it.o(i.PendSV_Handler) referenced from startup_stm32f030x8.o(RESET)
 <LI><a href="#[9]">RCC_IRQHandler</a> from startup_stm32f030x8.o(.text) referenced from startup_stm32f030x8.o(RESET)
 <LI><a href="#[7]">RTC_IRQHandler</a> from startup_stm32f030x8.o(.text) referenced from startup_stm32f030x8.o(RESET)
 <LI><a href="#[0]">Reset_Handler</a> from startup_stm32f030x8.o(.text) referenced from startup_stm32f030x8.o(RESET)
 <LI><a href="#[1b]">SPI1_IRQHandler</a> from startup_stm32f030x8.o(.text) referenced from startup_stm32f030x8.o(RESET)
 <LI><a href="#[1c]">SPI2_IRQHandler</a> from startup_stm32f030x8.o(.text) referenced from startup_stm32f030x8.o(RESET)
 <LI><a href="#[3]">SVC_Handler</a> from stm32f0xx_it.o(i.SVC_Handler) referenced from startup_stm32f030x8.o(RESET)
 <LI><a href="#[5]">SysTick_Handler</a> from stm32f0xx_it.o(i.SysTick_Handler) referenced from startup_stm32f030x8.o(RESET)
 <LI><a href="#[20]">SystemInit</a> from system_stm32f0xx.o(i.SystemInit) referenced from startup_stm32f030x8.o(.text)
 <LI><a href="#[15]">TIM14_IRQHandler</a> from stm32f0xx_it.o(i.TIM14_IRQHandler) referenced from startup_stm32f030x8.o(RESET)
 <LI><a href="#[16]">TIM15_IRQHandler</a> from startup_stm32f030x8.o(.text) referenced from startup_stm32f030x8.o(RESET)
 <LI><a href="#[17]">TIM16_IRQHandler</a> from startup_stm32f030x8.o(.text) referenced from startup_stm32f030x8.o(RESET)
 <LI><a href="#[18]">TIM17_IRQHandler</a> from startup_stm32f030x8.o(.text) referenced from startup_stm32f030x8.o(RESET)
 <LI><a href="#[11]">TIM1_BRK_UP_TRG_COM_IRQHandler</a> from stm32f0xx_it.o(i.TIM1_BRK_UP_TRG_COM_IRQHandler) referenced from startup_stm32f030x8.o(RESET)
 <LI><a href="#[12]">TIM1_CC_IRQHandler</a> from startup_stm32f030x8.o(.text) referenced from startup_stm32f030x8.o(RESET)
 <LI><a href="#[13]">TIM3_IRQHandler</a> from stm32f0xx_it.o(i.TIM3_IRQHandler) referenced from startup_stm32f030x8.o(RESET)
 <LI><a href="#[14]">TIM6_IRQHandler</a> from startup_stm32f030x8.o(.text) referenced from startup_stm32f030x8.o(RESET)
 <LI><a href="#[1d]">USART1_IRQHandler</a> from stm32f0xx_it.o(i.USART1_IRQHandler) referenced from startup_stm32f030x8.o(RESET)
 <LI><a href="#[1e]">USART2_IRQHandler</a> from stm32f0xx_it.o(i.USART2_IRQHandler) referenced from startup_stm32f030x8.o(RESET)
 <LI><a href="#[6]">WWDG_IRQHandler</a> from startup_stm32f030x8.o(.text) referenced from startup_stm32f030x8.o(RESET)
 <LI><a href="#[21]">__main</a> from entry.o(.ARM.Collect$$$$00000000) referenced from startup_stm32f030x8.o(.text)
 <LI><a href="#[1f]">main</a> from main.o(i.main) referenced from entry9a.o(.ARM.Collect$$$$0000000B)
</UL>
<P>
<H3>
Global Symbols
</H3>
<P><STRONG><a name="[21]"></a>__main</STRONG> (Thumb, 0 bytes, Stack size unknown bytes, entry.o(.ARM.Collect$$$$00000000))
<BR>[Address Reference Count : 1]<UL><LI> startup_stm32f030x8.o(.text)
</UL>
<P><STRONG><a name="[f2]"></a>_main_stk</STRONG> (Thumb, 0 bytes, Stack size unknown bytes, entry2.o(.ARM.Collect$$$$00000001))

<P><STRONG><a name="[22]"></a>_main_scatterload</STRONG> (Thumb, 0 bytes, Stack size unknown bytes, entry5.o(.ARM.Collect$$$$00000004))
<BR><BR>[Calls]<UL><LI><a href="#[23]">&gt;&gt;</a>&nbsp;&nbsp;&nbsp;__scatterload
</UL>

<P><STRONG><a name="[38]"></a>__main_after_scatterload</STRONG> (Thumb, 0 bytes, Stack size unknown bytes, entry5.o(.ARM.Collect$$$$00000004))
<BR><BR>[Called By]<UL><LI><a href="#[23]">&gt;&gt;</a>&nbsp;&nbsp;&nbsp;__scatterload
</UL>

<P><STRONG><a name="[f3]"></a>_main_clock</STRONG> (Thumb, 0 bytes, Stack size unknown bytes, entry7b.o(.ARM.Collect$$$$00000008))

<P><STRONG><a name="[f4]"></a>_main_cpp_init</STRONG> (Thumb, 0 bytes, Stack size unknown bytes, entry8b.o(.ARM.Collect$$$$0000000A))

<P><STRONG><a name="[f5]"></a>_main_init</STRONG> (Thumb, 0 bytes, Stack size unknown bytes, entry9a.o(.ARM.Collect$$$$0000000B))

<P><STRONG><a name="[f6]"></a>__rt_final_cpp</STRONG> (Thumb, 0 bytes, Stack size unknown bytes, entry10a.o(.ARM.Collect$$$$0000000D))

<P><STRONG><a name="[f7]"></a>__rt_final_exit</STRONG> (Thumb, 0 bytes, Stack size unknown bytes, entry11a.o(.ARM.Collect$$$$0000000F))

<P><STRONG><a name="[0]"></a>Reset_Handler</STRONG> (Thumb, 8 bytes, Stack size 0 bytes, startup_stm32f030x8.o(.text))
<BR>[Address Reference Count : 1]<UL><LI> startup_stm32f030x8.o(RESET)
</UL>
<P><STRONG><a name="[10]"></a>ADC1_IRQHandler</STRONG> (Thumb, 0 bytes, Stack size 0 bytes, startup_stm32f030x8.o(.text))
<BR><BR>[Calls]<UL><LI><a href="#[10]">&gt;&gt;</a>&nbsp;&nbsp;&nbsp;ADC1_IRQHandler
</UL>
<BR>[Called By]<UL><LI><a href="#[10]">&gt;&gt;</a>&nbsp;&nbsp;&nbsp;ADC1_IRQHandler
</UL>
<BR>[Address Reference Count : 1]<UL><LI> startup_stm32f030x8.o(RESET)
</UL>
<P><STRONG><a name="[a]"></a>EXTI0_1_IRQHandler</STRONG> (Thumb, 0 bytes, Stack size 0 bytes, startup_stm32f030x8.o(.text))
<BR>[Address Reference Count : 1]<UL><LI> startup_stm32f030x8.o(RESET)
</UL>
<P><STRONG><a name="[b]"></a>EXTI2_3_IRQHandler</STRONG> (Thumb, 0 bytes, Stack size 0 bytes, startup_stm32f030x8.o(.text))
<BR>[Address Reference Count : 1]<UL><LI> startup_stm32f030x8.o(RESET)
</UL>
<P><STRONG><a name="[c]"></a>EXTI4_15_IRQHandler</STRONG> (Thumb, 0 bytes, Stack size 0 bytes, startup_stm32f030x8.o(.text))
<BR>[Address Reference Count : 1]<UL><LI> startup_stm32f030x8.o(RESET)
</UL>
<P><STRONG><a name="[8]"></a>FLASH_IRQHandler</STRONG> (Thumb, 0 bytes, Stack size 0 bytes, startup_stm32f030x8.o(.text))
<BR>[Address Reference Count : 1]<UL><LI> startup_stm32f030x8.o(RESET)
</UL>
<P><STRONG><a name="[19]"></a>I2C1_IRQHandler</STRONG> (Thumb, 0 bytes, Stack size 0 bytes, startup_stm32f030x8.o(.text))
<BR>[Address Reference Count : 1]<UL><LI> startup_stm32f030x8.o(RESET)
</UL>
<P><STRONG><a name="[1a]"></a>I2C2_IRQHandler</STRONG> (Thumb, 0 bytes, Stack size 0 bytes, startup_stm32f030x8.o(.text))
<BR>[Address Reference Count : 1]<UL><LI> startup_stm32f030x8.o(RESET)
</UL>
<P><STRONG><a name="[9]"></a>RCC_IRQHandler</STRONG> (Thumb, 0 bytes, Stack size 0 bytes, startup_stm32f030x8.o(.text))
<BR>[Address Reference Count : 1]<UL><LI> startup_stm32f030x8.o(RESET)
</UL>
<P><STRONG><a name="[7]"></a>RTC_IRQHandler</STRONG> (Thumb, 0 bytes, Stack size 0 bytes, startup_stm32f030x8.o(.text))
<BR>[Address Reference Count : 1]<UL><LI> startup_stm32f030x8.o(RESET)
</UL>
<P><STRONG><a name="[1b]"></a>SPI1_IRQHandler</STRONG> (Thumb, 0 bytes, Stack size 0 bytes, startup_stm32f030x8.o(.text))
<BR>[Address Reference Count : 1]<UL><LI> startup_stm32f030x8.o(RESET)
</UL>
<P><STRONG><a name="[1c]"></a>SPI2_IRQHandler</STRONG> (Thumb, 0 bytes, Stack size 0 bytes, startup_stm32f030x8.o(.text))
<BR>[Address Reference Count : 1]<UL><LI> startup_stm32f030x8.o(RESET)
</UL>
<P><STRONG><a name="[16]"></a>TIM15_IRQHandler</STRONG> (Thumb, 0 bytes, Stack size 0 bytes, startup_stm32f030x8.o(.text))
<BR>[Address Reference Count : 1]<UL><LI> startup_stm32f030x8.o(RESET)
</UL>
<P><STRONG><a name="[17]"></a>TIM16_IRQHandler</STRONG> (Thumb, 0 bytes, Stack size 0 bytes, startup_stm32f030x8.o(.text))
<BR>[Address Reference Count : 1]<UL><LI> startup_stm32f030x8.o(RESET)
</UL>
<P><STRONG><a name="[18]"></a>TIM17_IRQHandler</STRONG> (Thumb, 0 bytes, Stack size 0 bytes, startup_stm32f030x8.o(.text))
<BR>[Address Reference Count : 1]<UL><LI> startup_stm32f030x8.o(RESET)
</UL>
<P><STRONG><a name="[12]"></a>TIM1_CC_IRQHandler</STRONG> (Thumb, 0 bytes, Stack size 0 bytes, startup_stm32f030x8.o(.text))
<BR>[Address Reference Count : 1]<UL><LI> startup_stm32f030x8.o(RESET)
</UL>
<P><STRONG><a name="[14]"></a>TIM6_IRQHandler</STRONG> (Thumb, 0 bytes, Stack size 0 bytes, startup_stm32f030x8.o(.text))
<BR>[Address Reference Count : 1]<UL><LI> startup_stm32f030x8.o(RESET)
</UL>
<P><STRONG><a name="[6]"></a>WWDG_IRQHandler</STRONG> (Thumb, 0 bytes, Stack size 0 bytes, startup_stm32f030x8.o(.text))
<BR>[Address Reference Count : 1]<UL><LI> startup_stm32f030x8.o(RESET)
</UL>
<P><STRONG><a name="[f8]"></a>__aeabi_uidiv</STRONG> (Thumb, 0 bytes, Stack size 12 bytes, uidiv.o(.text), UNUSED)

<P><STRONG><a name="[6a]"></a>__aeabi_uidivmod</STRONG> (Thumb, 44 bytes, Stack size 12 bytes, uidiv.o(.text))
<BR><BR>[Stack]<UL><LI>Max Depth = 12<LI>Call Chain = __aeabi_uidivmod
</UL>
<BR>[Called By]<UL><LI><a href="#[69]">&gt;&gt;</a>&nbsp;&nbsp;&nbsp;LL_USART_Init
<LI><a href="#[eb]">&gt;&gt;</a>&nbsp;&nbsp;&nbsp;tatol_time_dis
<LI><a href="#[d4]">&gt;&gt;</a>&nbsp;&nbsp;&nbsp;move_time_calculate
<LI><a href="#[e6]">&gt;&gt;</a>&nbsp;&nbsp;&nbsp;move_speed_calculat
<LI><a href="#[bb]">&gt;&gt;</a>&nbsp;&nbsp;&nbsp;max_amount_check
<LI><a href="#[bd]">&gt;&gt;</a>&nbsp;&nbsp;&nbsp;get_count_down_data
<LI><a href="#[bc]">&gt;&gt;</a>&nbsp;&nbsp;&nbsp;delay_para_compara
<LI><a href="#[b2]">&gt;&gt;</a>&nbsp;&nbsp;&nbsp;mcu_set_data_to_apk
<LI><a href="#[7f]">&gt;&gt;</a>&nbsp;&nbsp;&nbsp;RCC_PLL_GetFreqDomain_SYS
</UL>

<P><STRONG><a name="[4a]"></a>__aeabi_memcpy</STRONG> (Thumb, 36 bytes, Stack size 0 bytes, memcpya.o(.text))
<BR><BR>[Called By]<UL><LI><a href="#[8a]">&gt;&gt;</a>&nbsp;&nbsp;&nbsp;Usart11_Send_Handling
<LI><a href="#[84]">&gt;&gt;</a>&nbsp;&nbsp;&nbsp;String_Printf
<LI><a href="#[e1]">&gt;&gt;</a>&nbsp;&nbsp;&nbsp;usart22_Recdata_Handling
<LI><a href="#[3f]">&gt;&gt;</a>&nbsp;&nbsp;&nbsp;Burn_code_value
</UL>

<P><STRONG><a name="[f9]"></a>__aeabi_memcpy4</STRONG> (Thumb, 0 bytes, Stack size 0 bytes, memcpya.o(.text), UNUSED)

<P><STRONG><a name="[fa]"></a>__aeabi_memcpy8</STRONG> (Thumb, 0 bytes, Stack size 0 bytes, memcpya.o(.text), UNUSED)

<P><STRONG><a name="[25]"></a>__aeabi_memset</STRONG> (Thumb, 14 bytes, Stack size 0 bytes, memseta.o(.text), UNUSED)
<BR><BR>[Called By]<UL><LI><a href="#[26]">&gt;&gt;</a>&nbsp;&nbsp;&nbsp;_memset$wrapper
<LI><a href="#[24]">&gt;&gt;</a>&nbsp;&nbsp;&nbsp;__aeabi_memclr
</UL>

<P><STRONG><a name="[fb]"></a>__aeabi_memset4</STRONG> (Thumb, 0 bytes, Stack size 0 bytes, memseta.o(.text), UNUSED)

<P><STRONG><a name="[fc]"></a>__aeabi_memset8</STRONG> (Thumb, 0 bytes, Stack size 0 bytes, memseta.o(.text), UNUSED)

<P><STRONG><a name="[24]"></a>__aeabi_memclr</STRONG> (Thumb, 4 bytes, Stack size 0 bytes, memseta.o(.text), UNUSED)
<BR><BR>[Calls]<UL><LI><a href="#[25]">&gt;&gt;</a>&nbsp;&nbsp;&nbsp;__aeabi_memset
</UL>

<P><STRONG><a name="[c3]"></a>__aeabi_memclr4</STRONG> (Thumb, 0 bytes, Stack size 0 bytes, memseta.o(.text))
<BR><BR>[Called By]<UL><LI><a href="#[c2]">&gt;&gt;</a>&nbsp;&nbsp;&nbsp;bootloader_action_if
</UL>

<P><STRONG><a name="[fd]"></a>__aeabi_memclr8</STRONG> (Thumb, 0 bytes, Stack size 0 bytes, memseta.o(.text), UNUSED)

<P><STRONG><a name="[26]"></a>_memset$wrapper</STRONG> (Thumb, 18 bytes, Stack size 8 bytes, memseta.o(.text), UNUSED)
<BR><BR>[Calls]<UL><LI><a href="#[25]">&gt;&gt;</a>&nbsp;&nbsp;&nbsp;__aeabi_memset
</UL>

<P><STRONG><a name="[c5]"></a>strncmp</STRONG> (Thumb, 30 bytes, Stack size 12 bytes, strncmp.o(.text))
<BR><BR>[Stack]<UL><LI>Max Depth = 12<LI>Call Chain = strncmp
</UL>
<BR>[Called By]<UL><LI><a href="#[c2]">&gt;&gt;</a>&nbsp;&nbsp;&nbsp;bootloader_action_if
</UL>

<P><STRONG><a name="[27]"></a>__aeabi_fadd</STRONG> (Thumb, 162 bytes, Stack size 24 bytes, fadd.o(.text))
<BR><BR>[Stack]<UL><LI>Max Depth = 36<LI>Call Chain = __aeabi_fadd &rArr; _float_epilogue
</UL>
<BR>[Calls]<UL><LI><a href="#[29]">&gt;&gt;</a>&nbsp;&nbsp;&nbsp;_float_round
<LI><a href="#[28]">&gt;&gt;</a>&nbsp;&nbsp;&nbsp;_float_epilogue
</UL>
<BR>[Called By]<UL><LI><a href="#[dd]">&gt;&gt;</a>&nbsp;&nbsp;&nbsp;read_ADC_value
<LI><a href="#[2a]">&gt;&gt;</a>&nbsp;&nbsp;&nbsp;__aeabi_fsub
<LI><a href="#[2b]">&gt;&gt;</a>&nbsp;&nbsp;&nbsp;__aeabi_frsub
<LI><a href="#[cb]">&gt;&gt;</a>&nbsp;&nbsp;&nbsp;compensation_for_timelapse
<LI><a href="#[b8]">&gt;&gt;</a>&nbsp;&nbsp;&nbsp;alone_ramp_speed_load
<LI><a href="#[80]">&gt;&gt;</a>&nbsp;&nbsp;&nbsp;Ramp_Speed_Load
</UL>

<P><STRONG><a name="[2a]"></a>__aeabi_fsub</STRONG> (Thumb, 8 bytes, Stack size 0 bytes, fadd.o(.text))
<BR><BR>[Stack]<UL><LI>Max Depth = 36<LI>Call Chain = __aeabi_fsub &rArr; __aeabi_fadd &rArr; _float_epilogue
</UL>
<BR>[Calls]<UL><LI><a href="#[27]">&gt;&gt;</a>&nbsp;&nbsp;&nbsp;__aeabi_fadd
</UL>
<BR>[Called By]<UL><LI><a href="#[e6]">&gt;&gt;</a>&nbsp;&nbsp;&nbsp;move_speed_calculat
<LI><a href="#[cb]">&gt;&gt;</a>&nbsp;&nbsp;&nbsp;compensation_for_timelapse
</UL>

<P><STRONG><a name="[2b]"></a>__aeabi_frsub</STRONG> (Thumb, 8 bytes, Stack size 0 bytes, fadd.o(.text))
<BR><BR>[Stack]<UL><LI>Max Depth = 36<LI>Call Chain = __aeabi_frsub &rArr; __aeabi_fadd &rArr; _float_epilogue
</UL>
<BR>[Calls]<UL><LI><a href="#[27]">&gt;&gt;</a>&nbsp;&nbsp;&nbsp;__aeabi_fadd
</UL>
<BR>[Called By]<UL><LI><a href="#[cb]">&gt;&gt;</a>&nbsp;&nbsp;&nbsp;compensation_for_timelapse
</UL>

<P><STRONG><a name="[81]"></a>__aeabi_fmul</STRONG> (Thumb, 122 bytes, Stack size 16 bytes, fmul.o(.text))
<BR><BR>[Stack]<UL><LI>Max Depth = 16<LI>Call Chain = __aeabi_fmul
</UL>
<BR>[Called By]<UL><LI><a href="#[dd]">&gt;&gt;</a>&nbsp;&nbsp;&nbsp;read_ADC_value
<LI><a href="#[e6]">&gt;&gt;</a>&nbsp;&nbsp;&nbsp;move_speed_calculat
<LI><a href="#[b8]">&gt;&gt;</a>&nbsp;&nbsp;&nbsp;alone_ramp_speed_load
<LI><a href="#[80]">&gt;&gt;</a>&nbsp;&nbsp;&nbsp;Ramp_Speed_Load
<LI><a href="#[b2]">&gt;&gt;</a>&nbsp;&nbsp;&nbsp;mcu_set_data_to_apk
</UL>

<P><STRONG><a name="[2c]"></a>__aeabi_fdiv</STRONG> (Thumb, 124 bytes, Stack size 16 bytes, fdiv.o(.text))
<BR><BR>[Stack]<UL><LI>Max Depth = 16<LI>Call Chain = __aeabi_fdiv
</UL>
<BR>[Calls]<UL><LI><a href="#[29]">&gt;&gt;</a>&nbsp;&nbsp;&nbsp;_float_round
</UL>
<BR>[Called By]<UL><LI><a href="#[dd]">&gt;&gt;</a>&nbsp;&nbsp;&nbsp;read_ADC_value
<LI><a href="#[d4]">&gt;&gt;</a>&nbsp;&nbsp;&nbsp;move_time_calculate
<LI><a href="#[e6]">&gt;&gt;</a>&nbsp;&nbsp;&nbsp;move_speed_calculat
<LI><a href="#[d5]">&gt;&gt;</a>&nbsp;&nbsp;&nbsp;limit_for_framesMax
<LI><a href="#[b8]">&gt;&gt;</a>&nbsp;&nbsp;&nbsp;alone_ramp_speed_load
<LI><a href="#[80]">&gt;&gt;</a>&nbsp;&nbsp;&nbsp;Ramp_Speed_Load
</UL>

<P><STRONG><a name="[2d]"></a>__aeabi_dmul</STRONG> (Thumb, 202 bytes, Stack size 72 bytes, dmul.o(.text))
<BR><BR>[Stack]<UL><LI>Max Depth = 128<LI>Call Chain = __aeabi_dmul &rArr; _double_epilogue &rArr; __aeabi_llsl
</UL>
<BR>[Calls]<UL><LI><a href="#[2e]">&gt;&gt;</a>&nbsp;&nbsp;&nbsp;_double_epilogue
</UL>
<BR>[Called By]<UL><LI><a href="#[d4]">&gt;&gt;</a>&nbsp;&nbsp;&nbsp;move_time_calculate
<LI><a href="#[d5]">&gt;&gt;</a>&nbsp;&nbsp;&nbsp;limit_for_framesMax
</UL>

<P><STRONG><a name="[2f]"></a>__aeabi_ddiv</STRONG> (Thumb, 234 bytes, Stack size 40 bytes, ddiv.o(.text))
<BR><BR>[Stack]<UL><LI>Max Depth = 48<LI>Call Chain = __aeabi_ddiv &rArr; _double_round
</UL>
<BR>[Calls]<UL><LI><a href="#[30]">&gt;&gt;</a>&nbsp;&nbsp;&nbsp;_double_round
</UL>
<BR>[Called By]<UL><LI><a href="#[d4]">&gt;&gt;</a>&nbsp;&nbsp;&nbsp;move_time_calculate
<LI><a href="#[d5]">&gt;&gt;</a>&nbsp;&nbsp;&nbsp;limit_for_framesMax
</UL>

<P><STRONG><a name="[31]"></a>__aeabi_ui2f</STRONG> (Thumb, 14 bytes, Stack size 8 bytes, ffltui.o(.text))
<BR><BR>[Stack]<UL><LI>Max Depth = 20<LI>Call Chain = __aeabi_ui2f &rArr; _float_epilogue
</UL>
<BR>[Calls]<UL><LI><a href="#[28]">&gt;&gt;</a>&nbsp;&nbsp;&nbsp;_float_epilogue
</UL>
<BR>[Called By]<UL><LI><a href="#[dd]">&gt;&gt;</a>&nbsp;&nbsp;&nbsp;read_ADC_value
<LI><a href="#[d4]">&gt;&gt;</a>&nbsp;&nbsp;&nbsp;move_time_calculate
<LI><a href="#[e6]">&gt;&gt;</a>&nbsp;&nbsp;&nbsp;move_speed_calculat
<LI><a href="#[d5]">&gt;&gt;</a>&nbsp;&nbsp;&nbsp;limit_for_framesMax
<LI><a href="#[bc]">&gt;&gt;</a>&nbsp;&nbsp;&nbsp;delay_para_compara
<LI><a href="#[cb]">&gt;&gt;</a>&nbsp;&nbsp;&nbsp;compensation_for_timelapse
<LI><a href="#[b8]">&gt;&gt;</a>&nbsp;&nbsp;&nbsp;alone_ramp_speed_load
<LI><a href="#[80]">&gt;&gt;</a>&nbsp;&nbsp;&nbsp;Ramp_Speed_Load
</UL>

<P><STRONG><a name="[32]"></a>__aeabi_ui2d</STRONG> (Thumb, 24 bytes, Stack size 16 bytes, dfltui.o(.text))
<BR><BR>[Stack]<UL><LI>Max Depth = 72<LI>Call Chain = __aeabi_ui2d &rArr; _double_epilogue &rArr; __aeabi_llsl
</UL>
<BR>[Calls]<UL><LI><a href="#[2e]">&gt;&gt;</a>&nbsp;&nbsp;&nbsp;_double_epilogue
</UL>
<BR>[Called By]<UL><LI><a href="#[d4]">&gt;&gt;</a>&nbsp;&nbsp;&nbsp;move_time_calculate
<LI><a href="#[d5]">&gt;&gt;</a>&nbsp;&nbsp;&nbsp;limit_for_framesMax
</UL>

<P><STRONG><a name="[82]"></a>__aeabi_f2uiz</STRONG> (Thumb, 40 bytes, Stack size 0 bytes, ffixui.o(.text))
<BR><BR>[Called By]<UL><LI><a href="#[d4]">&gt;&gt;</a>&nbsp;&nbsp;&nbsp;move_time_calculate
<LI><a href="#[e6]">&gt;&gt;</a>&nbsp;&nbsp;&nbsp;move_speed_calculat
<LI><a href="#[d5]">&gt;&gt;</a>&nbsp;&nbsp;&nbsp;limit_for_framesMax
<LI><a href="#[b8]">&gt;&gt;</a>&nbsp;&nbsp;&nbsp;alone_ramp_speed_load
<LI><a href="#[80]">&gt;&gt;</a>&nbsp;&nbsp;&nbsp;Ramp_Speed_Load
<LI><a href="#[b2]">&gt;&gt;</a>&nbsp;&nbsp;&nbsp;mcu_set_data_to_apk
</UL>

<P><STRONG><a name="[33]"></a>__aeabi_d2uiz</STRONG> (Thumb, 50 bytes, Stack size 8 bytes, dfixui.o(.text))
<BR><BR>[Stack]<UL><LI>Max Depth = 16<LI>Call Chain = __aeabi_d2uiz &rArr; __aeabi_llsr
</UL>
<BR>[Calls]<UL><LI><a href="#[34]">&gt;&gt;</a>&nbsp;&nbsp;&nbsp;__aeabi_llsr
</UL>
<BR>[Called By]<UL><LI><a href="#[d4]">&gt;&gt;</a>&nbsp;&nbsp;&nbsp;move_time_calculate
</UL>

<P><STRONG><a name="[35]"></a>__aeabi_d2f</STRONG> (Thumb, 56 bytes, Stack size 8 bytes, d2f.o(.text))
<BR><BR>[Stack]<UL><LI>Max Depth = 8<LI>Call Chain = __aeabi_d2f
</UL>
<BR>[Calls]<UL><LI><a href="#[29]">&gt;&gt;</a>&nbsp;&nbsp;&nbsp;_float_round
</UL>
<BR>[Called By]<UL><LI><a href="#[d5]">&gt;&gt;</a>&nbsp;&nbsp;&nbsp;limit_for_framesMax
</UL>

<P><STRONG><a name="[34]"></a>__aeabi_llsr</STRONG> (Thumb, 34 bytes, Stack size 8 bytes, llushr.o(.text))
<BR><BR>[Stack]<UL><LI>Max Depth = 8<LI>Call Chain = __aeabi_llsr
</UL>
<BR>[Called By]<UL><LI><a href="#[33]">&gt;&gt;</a>&nbsp;&nbsp;&nbsp;__aeabi_d2uiz
<LI><a href="#[2e]">&gt;&gt;</a>&nbsp;&nbsp;&nbsp;_double_epilogue
</UL>

<P><STRONG><a name="[fe]"></a>_ll_ushift_r</STRONG> (Thumb, 0 bytes, Stack size 8 bytes, llushr.o(.text), UNUSED)

<P><STRONG><a name="[ff]"></a>__I$use$fp</STRONG> (Thumb, 0 bytes, Stack size 0 bytes, iusefp.o(.text), UNUSED)

<P><STRONG><a name="[29]"></a>_float_round</STRONG> (Thumb, 16 bytes, Stack size 0 bytes, fepilogue.o(.text))
<BR><BR>[Called By]<UL><LI><a href="#[35]">&gt;&gt;</a>&nbsp;&nbsp;&nbsp;__aeabi_d2f
<LI><a href="#[2c]">&gt;&gt;</a>&nbsp;&nbsp;&nbsp;__aeabi_fdiv
<LI><a href="#[27]">&gt;&gt;</a>&nbsp;&nbsp;&nbsp;__aeabi_fadd
</UL>

<P><STRONG><a name="[28]"></a>_float_epilogue</STRONG> (Thumb, 114 bytes, Stack size 12 bytes, fepilogue.o(.text))
<BR><BR>[Stack]<UL><LI>Max Depth = 12<LI>Call Chain = _float_epilogue
</UL>
<BR>[Called By]<UL><LI><a href="#[31]">&gt;&gt;</a>&nbsp;&nbsp;&nbsp;__aeabi_ui2f
<LI><a href="#[27]">&gt;&gt;</a>&nbsp;&nbsp;&nbsp;__aeabi_fadd
</UL>

<P><STRONG><a name="[30]"></a>_double_round</STRONG> (Thumb, 26 bytes, Stack size 8 bytes, depilogue.o(.text))
<BR><BR>[Stack]<UL><LI>Max Depth = 8<LI>Call Chain = _double_round
</UL>
<BR>[Called By]<UL><LI><a href="#[2f]">&gt;&gt;</a>&nbsp;&nbsp;&nbsp;__aeabi_ddiv
<LI><a href="#[2e]">&gt;&gt;</a>&nbsp;&nbsp;&nbsp;_double_epilogue
</UL>

<P><STRONG><a name="[2e]"></a>_double_epilogue</STRONG> (Thumb, 164 bytes, Stack size 48 bytes, depilogue.o(.text))
<BR><BR>[Stack]<UL><LI>Max Depth = 56<LI>Call Chain = _double_epilogue &rArr; __aeabi_llsl
</UL>
<BR>[Calls]<UL><LI><a href="#[37]">&gt;&gt;</a>&nbsp;&nbsp;&nbsp;__aeabi_llsl
<LI><a href="#[36]">&gt;&gt;</a>&nbsp;&nbsp;&nbsp;__ARM_clz
<LI><a href="#[34]">&gt;&gt;</a>&nbsp;&nbsp;&nbsp;__aeabi_llsr
<LI><a href="#[30]">&gt;&gt;</a>&nbsp;&nbsp;&nbsp;_double_round
</UL>
<BR>[Called By]<UL><LI><a href="#[32]">&gt;&gt;</a>&nbsp;&nbsp;&nbsp;__aeabi_ui2d
<LI><a href="#[2d]">&gt;&gt;</a>&nbsp;&nbsp;&nbsp;__aeabi_dmul
</UL>

<P><STRONG><a name="[23]"></a>__scatterload</STRONG> (Thumb, 28 bytes, Stack size 0 bytes, init.o(.text))
<BR><BR>[Calls]<UL><LI><a href="#[38]">&gt;&gt;</a>&nbsp;&nbsp;&nbsp;__main_after_scatterload
</UL>
<BR>[Called By]<UL><LI><a href="#[22]">&gt;&gt;</a>&nbsp;&nbsp;&nbsp;_main_scatterload
</UL>

<P><STRONG><a name="[100]"></a>__scatterload_rt2</STRONG> (Thumb, 0 bytes, Stack size 0 bytes, init.o(.text), UNUSED)

<P><STRONG><a name="[37]"></a>__aeabi_llsl</STRONG> (Thumb, 32 bytes, Stack size 8 bytes, llshl.o(.text))
<BR><BR>[Stack]<UL><LI>Max Depth = 8<LI>Call Chain = __aeabi_llsl
</UL>
<BR>[Called By]<UL><LI><a href="#[2e]">&gt;&gt;</a>&nbsp;&nbsp;&nbsp;_double_epilogue
</UL>

<P><STRONG><a name="[101]"></a>_ll_shift_l</STRONG> (Thumb, 0 bytes, Stack size 8 bytes, llshl.o(.text), UNUSED)

<P><STRONG><a name="[3e]"></a>ADC_GetCalibrationFactor</STRONG> (Thumb, 52 bytes, Stack size 8 bytes, adc.o(i.ADC_GetCalibrationFactor))
<BR><BR>[Stack]<UL><LI>Max Depth = 8<LI>Call Chain = ADC_GetCalibrationFactor
</UL>
<BR>[Called By]<UL><LI><a href="#[3b]">&gt;&gt;</a>&nbsp;&nbsp;&nbsp;Adc_function_init
</UL>

<P><STRONG><a name="[39]"></a>A_d_c_int</STRONG> (Thumb, 16 bytes, Stack size 8 bytes, adc.o(i.A_d_c_int))
<BR><BR>[Stack]<UL><LI>Max Depth = 60<LI>Call Chain = A_d_c_int &rArr; Adc_Gpio_init &rArr; LL_GPIO_Init
</UL>
<BR>[Calls]<UL><LI><a href="#[3a]">&gt;&gt;</a>&nbsp;&nbsp;&nbsp;Adc_Gpio_init
<LI><a href="#[3c]">&gt;&gt;</a>&nbsp;&nbsp;&nbsp;Dma_int
<LI><a href="#[3b]">&gt;&gt;</a>&nbsp;&nbsp;&nbsp;Adc_function_init
</UL>
<BR>[Called By]<UL><LI><a href="#[1f]">&gt;&gt;</a>&nbsp;&nbsp;&nbsp;main
</UL>

<P><STRONG><a name="[3a]"></a>Adc_Gpio_init</STRONG> (Thumb, 48 bytes, Stack size 32 bytes, gpio.o(i.Adc_Gpio_init))
<BR><BR>[Stack]<UL><LI>Max Depth = 52<LI>Call Chain = Adc_Gpio_init &rArr; LL_GPIO_Init
</UL>
<BR>[Calls]<UL><LI><a href="#[3d]">&gt;&gt;</a>&nbsp;&nbsp;&nbsp;LL_GPIO_Init
</UL>
<BR>[Called By]<UL><LI><a href="#[39]">&gt;&gt;</a>&nbsp;&nbsp;&nbsp;A_d_c_int
</UL>

<P><STRONG><a name="[3b]"></a>Adc_function_init</STRONG> (Thumb, 112 bytes, Stack size 8 bytes, adc.o(i.Adc_function_init))
<BR><BR>[Stack]<UL><LI>Max Depth = 16<LI>Call Chain = Adc_function_init &rArr; ADC_GetCalibrationFactor
</UL>
<BR>[Calls]<UL><LI><a href="#[3e]">&gt;&gt;</a>&nbsp;&nbsp;&nbsp;ADC_GetCalibrationFactor
</UL>
<BR>[Called By]<UL><LI><a href="#[39]">&gt;&gt;</a>&nbsp;&nbsp;&nbsp;A_d_c_int
</UL>

<P><STRONG><a name="[3f]"></a>Burn_code_value</STRONG> (Thumb, 230 bytes, Stack size 32 bytes, pair.o(i.Burn_code_value))
<BR><BR>[Stack]<UL><LI>Max Depth = 120<LI>Call Chain = Burn_code_value &rArr; Nrf24L01_init &rArr; NRF24L01_check &rArr; NRF24L01_Write_Buf &rArr; drv_spi_read_write_byte
</UL>
<BR>[Calls]<UL><LI><a href="#[49]">&gt;&gt;</a>&nbsp;&nbsp;&nbsp;Nrf24L01_init
<LI><a href="#[45]">&gt;&gt;</a>&nbsp;&nbsp;&nbsp;Feed_IWDG
<LI><a href="#[4c]">&gt;&gt;</a>&nbsp;&nbsp;&nbsp;write_flash_active
<LI><a href="#[4b]">&gt;&gt;</a>&nbsp;&nbsp;&nbsp;if_write_flash
<LI><a href="#[48]">&gt;&gt;</a>&nbsp;&nbsp;&nbsp;time_delay_ms
<LI><a href="#[4d]">&gt;&gt;</a>&nbsp;&nbsp;&nbsp;check_sum_add
<LI><a href="#[44]">&gt;&gt;</a>&nbsp;&nbsp;&nbsp;RF24L01_Set_Mode
<LI><a href="#[40]">&gt;&gt;</a>&nbsp;&nbsp;&nbsp;NRF24L01_Write_Reg
<LI><a href="#[47]">&gt;&gt;</a>&nbsp;&nbsp;&nbsp;NRF24L01_TxPacket
<LI><a href="#[41]">&gt;&gt;</a>&nbsp;&nbsp;&nbsp;NRF24L01_Set_TxAddr
<LI><a href="#[42]">&gt;&gt;</a>&nbsp;&nbsp;&nbsp;NRF24L01_Set_RxAddr
<LI><a href="#[46]">&gt;&gt;</a>&nbsp;&nbsp;&nbsp;NRF24L01_RxPacket
<LI><a href="#[43]">&gt;&gt;</a>&nbsp;&nbsp;&nbsp;lights_flash
<LI><a href="#[4a]">&gt;&gt;</a>&nbsp;&nbsp;&nbsp;__aeabi_memcpy
</UL>
<BR>[Called By]<UL><LI><a href="#[1f]">&gt;&gt;</a>&nbsp;&nbsp;&nbsp;main
</UL>

<P><STRONG><a name="[d]"></a>DMA1_Channel1_IRQHandler</STRONG> (Thumb, 2 bytes, Stack size 0 bytes, stm32f0xx_it.o(i.DMA1_Channel1_IRQHandler))
<BR>[Address Reference Count : 1]<UL><LI> startup_stm32f030x8.o(RESET)
</UL>
<P><STRONG><a name="[e]"></a>DMA1_Channel2_3_IRQHandler</STRONG> (Thumb, 8 bytes, Stack size 8 bytes, stm32f0xx_it.o(i.DMA1_Channel2_3_IRQHandler))
<BR><BR>[Stack]<UL><LI>Max Depth = 16<LI>Call Chain = DMA1_Channel2_3_IRQHandler &rArr; Dma_SendIRQ_Dispose
</UL>
<BR>[Calls]<UL><LI><a href="#[4e]">&gt;&gt;</a>&nbsp;&nbsp;&nbsp;Dma_SendIRQ_Dispose
</UL>
<BR>[Address Reference Count : 1]<UL><LI> startup_stm32f030x8.o(RESET)
</UL>
<P><STRONG><a name="[f]"></a>DMA1_Channel4_5_IRQHandler</STRONG> (Thumb, 8 bytes, Stack size 8 bytes, stm32f0xx_it.o(i.DMA1_Channel4_5_IRQHandler))
<BR><BR>[Stack]<UL><LI>Max Depth = 16<LI>Call Chain = DMA1_Channel4_5_IRQHandler &rArr; Usart22_Dma_SendIRQ_Dispose
</UL>
<BR>[Calls]<UL><LI><a href="#[4f]">&gt;&gt;</a>&nbsp;&nbsp;&nbsp;Usart22_Dma_SendIRQ_Dispose
</UL>
<BR>[Address Reference Count : 1]<UL><LI> startup_stm32f030x8.o(RESET)
</UL>
<P><STRONG><a name="[50]"></a>Device_init</STRONG> (Thumb, 20 bytes, Stack size 8 bytes, gpio.o(i.Device_init))
<BR><BR>[Stack]<UL><LI>Max Depth = 68<LI>Call Chain = Device_init &rArr; shutter_gpio_init &rArr; GPIO_OUT_init &rArr; LL_GPIO_Init
</UL>
<BR>[Calls]<UL><LI><a href="#[53]">&gt;&gt;</a>&nbsp;&nbsp;&nbsp;shutter_gpio_init
<LI><a href="#[54]">&gt;&gt;</a>&nbsp;&nbsp;&nbsp;Tmc22xx_SetStatu
<LI><a href="#[51]">&gt;&gt;</a>&nbsp;&nbsp;&nbsp;TMC22xx_Init
<LI><a href="#[52]">&gt;&gt;</a>&nbsp;&nbsp;&nbsp;Led_init
</UL>
<BR>[Called By]<UL><LI><a href="#[1f]">&gt;&gt;</a>&nbsp;&nbsp;&nbsp;main
</UL>

<P><STRONG><a name="[4e]"></a>Dma_SendIRQ_Dispose</STRONG> (Thumb, 34 bytes, Stack size 8 bytes, uart.o(i.Dma_SendIRQ_Dispose))
<BR><BR>[Stack]<UL><LI>Max Depth = 8<LI>Call Chain = Dma_SendIRQ_Dispose
</UL>
<BR>[Calls]<UL><LI><a href="#[57]">&gt;&gt;</a>&nbsp;&nbsp;&nbsp;Reset_Tx_Complete
<LI><a href="#[55]">&gt;&gt;</a>&nbsp;&nbsp;&nbsp;LL_DMA_DisableIT_TC
<LI><a href="#[56]">&gt;&gt;</a>&nbsp;&nbsp;&nbsp;LL_DMA_DisableChannel
</UL>
<BR>[Called By]<UL><LI><a href="#[e]">&gt;&gt;</a>&nbsp;&nbsp;&nbsp;DMA1_Channel2_3_IRQHandler
</UL>

<P><STRONG><a name="[3c]"></a>Dma_int</STRONG> (Thumb, 156 bytes, Stack size 16 bytes, adc.o(i.Dma_int))
<BR><BR>[Stack]<UL><LI>Max Depth = 16<LI>Call Chain = Dma_int
</UL>
<BR>[Called By]<UL><LI><a href="#[39]">&gt;&gt;</a>&nbsp;&nbsp;&nbsp;A_d_c_int
</UL>

<P><STRONG><a name="[58]"></a>FLASH_ErasePage</STRONG> (Thumb, 52 bytes, Stack size 20 bytes, flash.o(i.FLASH_ErasePage))
<BR><BR>[Stack]<UL><LI>Max Depth = 24<LI>Call Chain = FLASH_ErasePage &rArr; FLASH_WaitForLastOperation
</UL>
<BR>[Calls]<UL><LI><a href="#[59]">&gt;&gt;</a>&nbsp;&nbsp;&nbsp;FLASH_WaitForLastOperation
</UL>
<BR>[Called By]<UL><LI><a href="#[d8]">&gt;&gt;</a>&nbsp;&nbsp;&nbsp;erase_flash_OnePage
</UL>

<P><STRONG><a name="[5b]"></a>FLASH_GetStatus</STRONG> (Thumb, 34 bytes, Stack size 0 bytes, flash.o(i.FLASH_GetStatus))
<BR><BR>[Called By]<UL><LI><a href="#[59]">&gt;&gt;</a>&nbsp;&nbsp;&nbsp;FLASH_WaitForLastOperation
</UL>

<P><STRONG><a name="[f1]"></a>FLASH_Lock</STRONG> (Thumb, 12 bytes, Stack size 0 bytes, flash.o(i.FLASH_Lock))
<BR><BR>[Called By]<UL><LI><a href="#[e7]">&gt;&gt;</a>&nbsp;&nbsp;&nbsp;write_flash_holfword_buffer
</UL>

<P><STRONG><a name="[5a]"></a>FLASH_ProgramHalfWord</STRONG> (Thumb, 48 bytes, Stack size 20 bytes, flash.o(i.FLASH_ProgramHalfWord))
<BR><BR>[Stack]<UL><LI>Max Depth = 24<LI>Call Chain = FLASH_ProgramHalfWord &rArr; FLASH_WaitForLastOperation
</UL>
<BR>[Calls]<UL><LI><a href="#[59]">&gt;&gt;</a>&nbsp;&nbsp;&nbsp;FLASH_WaitForLastOperation
</UL>
<BR>[Called By]<UL><LI><a href="#[ef]">&gt;&gt;</a>&nbsp;&nbsp;&nbsp;write_flash_holfword
</UL>

<P><STRONG><a name="[f0]"></a>FLASH_Unlock</STRONG> (Thumb, 18 bytes, Stack size 0 bytes, flash.o(i.FLASH_Unlock))
<BR><BR>[Called By]<UL><LI><a href="#[e7]">&gt;&gt;</a>&nbsp;&nbsp;&nbsp;write_flash_holfword_buffer
</UL>

<P><STRONG><a name="[59]"></a>FLASH_WaitForLastOperation</STRONG> (Thumb, 34 bytes, Stack size 4 bytes, flash.o(i.FLASH_WaitForLastOperation))
<BR><BR>[Stack]<UL><LI>Max Depth = 4<LI>Call Chain = FLASH_WaitForLastOperation
</UL>
<BR>[Calls]<UL><LI><a href="#[5b]">&gt;&gt;</a>&nbsp;&nbsp;&nbsp;FLASH_GetStatus
</UL>
<BR>[Called By]<UL><LI><a href="#[5a]">&gt;&gt;</a>&nbsp;&nbsp;&nbsp;FLASH_ProgramHalfWord
<LI><a href="#[58]">&gt;&gt;</a>&nbsp;&nbsp;&nbsp;FLASH_ErasePage
</UL>

<P><STRONG><a name="[45]"></a>Feed_IWDG</STRONG> (Thumb, 8 bytes, Stack size 0 bytes, main.o(i.Feed_IWDG))
<BR><BR>[Called By]<UL><LI><a href="#[c9]">&gt;&gt;</a>&nbsp;&nbsp;&nbsp;check_uid
<LI><a href="#[3f]">&gt;&gt;</a>&nbsp;&nbsp;&nbsp;Burn_code_value
<LI><a href="#[e7]">&gt;&gt;</a>&nbsp;&nbsp;&nbsp;write_flash_holfword_buffer
<LI><a href="#[ca]">&gt;&gt;</a>&nbsp;&nbsp;&nbsp;read_flash_holfword
<LI><a href="#[48]">&gt;&gt;</a>&nbsp;&nbsp;&nbsp;time_delay_ms
<LI><a href="#[b8]">&gt;&gt;</a>&nbsp;&nbsp;&nbsp;alone_ramp_speed_load
<LI><a href="#[80]">&gt;&gt;</a>&nbsp;&nbsp;&nbsp;Ramp_Speed_Load
<LI><a href="#[7c]">&gt;&gt;</a>&nbsp;&nbsp;&nbsp;NRF24L01_check
<LI><a href="#[47]">&gt;&gt;</a>&nbsp;&nbsp;&nbsp;NRF24L01_TxPacket
</UL>

<P><STRONG><a name="[5c]"></a>GPIO_INUP_Init</STRONG> (Thumb, 26 bytes, Stack size 32 bytes, gpio.o(i.GPIO_INUP_Init))
<BR><BR>[Stack]<UL><LI>Max Depth = 52<LI>Call Chain = GPIO_INUP_Init &rArr; LL_GPIO_Init
</UL>
<BR>[Calls]<UL><LI><a href="#[3d]">&gt;&gt;</a>&nbsp;&nbsp;&nbsp;LL_GPIO_Init
</UL>
<BR>[Called By]<UL><LI><a href="#[7d]">&gt;&gt;</a>&nbsp;&nbsp;&nbsp;RF24L01_GPIO_Init
<LI><a href="#[5e]">&gt;&gt;</a>&nbsp;&nbsp;&nbsp;Irq_gpio_init
<LI><a href="#[51]">&gt;&gt;</a>&nbsp;&nbsp;&nbsp;TMC22xx_Init
</UL>

<P><STRONG><a name="[5d]"></a>GPIO_OUT_init</STRONG> (Thumb, 28 bytes, Stack size 32 bytes, gpio.o(i.GPIO_OUT_init))
<BR><BR>[Stack]<UL><LI>Max Depth = 52<LI>Call Chain = GPIO_OUT_init &rArr; LL_GPIO_Init
</UL>
<BR>[Calls]<UL><LI><a href="#[3d]">&gt;&gt;</a>&nbsp;&nbsp;&nbsp;LL_GPIO_Init
</UL>
<BR>[Called By]<UL><LI><a href="#[7d]">&gt;&gt;</a>&nbsp;&nbsp;&nbsp;RF24L01_GPIO_Init
<LI><a href="#[53]">&gt;&gt;</a>&nbsp;&nbsp;&nbsp;shutter_gpio_init
<LI><a href="#[51]">&gt;&gt;</a>&nbsp;&nbsp;&nbsp;TMC22xx_Init
<LI><a href="#[52]">&gt;&gt;</a>&nbsp;&nbsp;&nbsp;Led_init
</UL>

<P><STRONG><a name="[2]"></a>HardFault_Handler</STRONG> (Thumb, 2 bytes, Stack size 0 bytes, stm32f0xx_it.o(i.HardFault_Handler))
<BR><BR>[Calls]<UL><LI><a href="#[2]">&gt;&gt;</a>&nbsp;&nbsp;&nbsp;HardFault_Handler
</UL>
<BR>[Called By]<UL><LI><a href="#[2]">&gt;&gt;</a>&nbsp;&nbsp;&nbsp;HardFault_Handler
</UL>
<BR>[Address Reference Count : 1]<UL><LI> startup_stm32f030x8.o(RESET)
</UL>
<P><STRONG><a name="[5e]"></a>Irq_gpio_init</STRONG> (Thumb, 16 bytes, Stack size 8 bytes, rf24l01.o(i.Irq_gpio_init))
<BR><BR>[Stack]<UL><LI>Max Depth = 60<LI>Call Chain = Irq_gpio_init &rArr; GPIO_INUP_Init &rArr; LL_GPIO_Init
</UL>
<BR>[Calls]<UL><LI><a href="#[5c]">&gt;&gt;</a>&nbsp;&nbsp;&nbsp;GPIO_INUP_Init
</UL>
<BR>[Called By]<UL><LI><a href="#[7d]">&gt;&gt;</a>&nbsp;&nbsp;&nbsp;RF24L01_GPIO_Init
</UL>

<P><STRONG><a name="[3d]"></a>LL_GPIO_Init</STRONG> (Thumb, 168 bytes, Stack size 20 bytes, stm32f0xx_ll_gpio.o(i.LL_GPIO_Init))
<BR><BR>[Stack]<UL><LI>Max Depth = 20<LI>Call Chain = LL_GPIO_Init
</UL>
<BR>[Called By]<UL><LI><a href="#[72]">&gt;&gt;</a>&nbsp;&nbsp;&nbsp;Usart22_init
<LI><a href="#[6b]">&gt;&gt;</a>&nbsp;&nbsp;&nbsp;MX_TIM3_Init
<LI><a href="#[3a]">&gt;&gt;</a>&nbsp;&nbsp;&nbsp;Adc_Gpio_init
<LI><a href="#[5d]">&gt;&gt;</a>&nbsp;&nbsp;&nbsp;GPIO_OUT_init
<LI><a href="#[5c]">&gt;&gt;</a>&nbsp;&nbsp;&nbsp;GPIO_INUP_Init
</UL>

<P><STRONG><a name="[5f]"></a>LL_RCC_GetSystemClocksFreq</STRONG> (Thumb, 24 bytes, Stack size 8 bytes, stm32f0xx_ll_rcc.o(i.LL_RCC_GetSystemClocksFreq))
<BR><BR>[Stack]<UL><LI>Max Depth = 36<LI>Call Chain = LL_RCC_GetSystemClocksFreq &rArr; RCC_GetSystemClockFreq &rArr; RCC_PLL_GetFreqDomain_SYS &rArr; __aeabi_uidivmod
</UL>
<BR>[Calls]<UL><LI><a href="#[60]">&gt;&gt;</a>&nbsp;&nbsp;&nbsp;RCC_GetSystemClockFreq
<LI><a href="#[62]">&gt;&gt;</a>&nbsp;&nbsp;&nbsp;RCC_GetPCLK1ClockFreq
<LI><a href="#[61]">&gt;&gt;</a>&nbsp;&nbsp;&nbsp;RCC_GetHCLKClockFreq
</UL>
<BR>[Called By]<UL><LI><a href="#[69]">&gt;&gt;</a>&nbsp;&nbsp;&nbsp;LL_USART_Init
</UL>

<P><STRONG><a name="[63]"></a>LL_RCC_GetUSARTClockFreq</STRONG> (Thumb, 76 bytes, Stack size 8 bytes, stm32f0xx_ll_rcc.o(i.LL_RCC_GetUSARTClockFreq))
<BR><BR>[Stack]<UL><LI>Max Depth = 36<LI>Call Chain = LL_RCC_GetUSARTClockFreq &rArr; RCC_GetSystemClockFreq &rArr; RCC_PLL_GetFreqDomain_SYS &rArr; __aeabi_uidivmod
</UL>
<BR>[Calls]<UL><LI><a href="#[60]">&gt;&gt;</a>&nbsp;&nbsp;&nbsp;RCC_GetSystemClockFreq
<LI><a href="#[62]">&gt;&gt;</a>&nbsp;&nbsp;&nbsp;RCC_GetPCLK1ClockFreq
<LI><a href="#[61]">&gt;&gt;</a>&nbsp;&nbsp;&nbsp;RCC_GetHCLKClockFreq
</UL>
<BR>[Called By]<UL><LI><a href="#[69]">&gt;&gt;</a>&nbsp;&nbsp;&nbsp;LL_USART_Init
</UL>

<P><STRONG><a name="[6e]"></a>LL_TIM_Init</STRONG> (Thumb, 108 bytes, Stack size 20 bytes, stm32f0xx_ll_tim.o(i.LL_TIM_Init))
<BR><BR>[Stack]<UL><LI>Max Depth = 20<LI>Call Chain = LL_TIM_Init
</UL>
<BR>[Called By]<UL><LI><a href="#[1f]">&gt;&gt;</a>&nbsp;&nbsp;&nbsp;main
<LI><a href="#[6b]">&gt;&gt;</a>&nbsp;&nbsp;&nbsp;MX_TIM3_Init
</UL>

<P><STRONG><a name="[64]"></a>LL_TIM_OC_Init</STRONG> (Thumb, 68 bytes, Stack size 8 bytes, stm32f0xx_ll_tim.o(i.LL_TIM_OC_Init))
<BR><BR>[Stack]<UL><LI>Max Depth = 24<LI>Call Chain = LL_TIM_OC_Init &rArr; OC4Config
</UL>
<BR>[Calls]<UL><LI><a href="#[65]">&gt;&gt;</a>&nbsp;&nbsp;&nbsp;OC4Config
<LI><a href="#[68]">&gt;&gt;</a>&nbsp;&nbsp;&nbsp;OC3Config
<LI><a href="#[67]">&gt;&gt;</a>&nbsp;&nbsp;&nbsp;OC2Config
<LI><a href="#[66]">&gt;&gt;</a>&nbsp;&nbsp;&nbsp;OC1Config
</UL>
<BR>[Called By]<UL><LI><a href="#[6b]">&gt;&gt;</a>&nbsp;&nbsp;&nbsp;MX_TIM3_Init
</UL>

<P><STRONG><a name="[69]"></a>LL_USART_Init</STRONG> (Thumb, 156 bytes, Stack size 32 bytes, stm32f0xx_ll_usart.o(i.LL_USART_Init))
<BR><BR>[Stack]<UL><LI>Max Depth = 68<LI>Call Chain = LL_USART_Init &rArr; LL_RCC_GetUSARTClockFreq &rArr; RCC_GetSystemClockFreq &rArr; RCC_PLL_GetFreqDomain_SYS &rArr; __aeabi_uidivmod
</UL>
<BR>[Calls]<UL><LI><a href="#[63]">&gt;&gt;</a>&nbsp;&nbsp;&nbsp;LL_RCC_GetUSARTClockFreq
<LI><a href="#[5f]">&gt;&gt;</a>&nbsp;&nbsp;&nbsp;LL_RCC_GetSystemClocksFreq
<LI><a href="#[6a]">&gt;&gt;</a>&nbsp;&nbsp;&nbsp;__aeabi_uidivmod
</UL>
<BR>[Called By]<UL><LI><a href="#[72]">&gt;&gt;</a>&nbsp;&nbsp;&nbsp;Usart22_init
</UL>

<P><STRONG><a name="[52]"></a>Led_init</STRONG> (Thumb, 26 bytes, Stack size 8 bytes, gpio.o(i.Led_init))
<BR><BR>[Stack]<UL><LI>Max Depth = 60<LI>Call Chain = Led_init &rArr; GPIO_OUT_init &rArr; LL_GPIO_Init
</UL>
<BR>[Calls]<UL><LI><a href="#[5d]">&gt;&gt;</a>&nbsp;&nbsp;&nbsp;GPIO_OUT_init
</UL>
<BR>[Called By]<UL><LI><a href="#[50]">&gt;&gt;</a>&nbsp;&nbsp;&nbsp;Device_init
</UL>

<P><STRONG><a name="[71]"></a>MX_USART2_UART_Init</STRONG> (Thumb, 16 bytes, Stack size 8 bytes, uart.o(i.MX_USART2_UART_Init))
<BR><BR>[Stack]<UL><LI>Max Depth = 156<LI>Call Chain = MX_USART2_UART_Init &rArr; Usart22_init &rArr; LL_USART_Init &rArr; LL_RCC_GetUSARTClockFreq &rArr; RCC_GetSystemClockFreq &rArr; RCC_PLL_GetFreqDomain_SYS &rArr; __aeabi_uidivmod
</UL>
<BR>[Calls]<UL><LI><a href="#[72]">&gt;&gt;</a>&nbsp;&nbsp;&nbsp;Usart22_init
<LI><a href="#[74]">&gt;&gt;</a>&nbsp;&nbsp;&nbsp;Usart22_Send_Dma_Init
<LI><a href="#[73]">&gt;&gt;</a>&nbsp;&nbsp;&nbsp;Usart22_Receiver_Dma_Init
</UL>
<BR>[Called By]<UL><LI><a href="#[1f]">&gt;&gt;</a>&nbsp;&nbsp;&nbsp;main
</UL>

<P><STRONG><a name="[1]"></a>NMI_Handler</STRONG> (Thumb, 2 bytes, Stack size 0 bytes, stm32f0xx_it.o(i.NMI_Handler))
<BR>[Address Reference Count : 1]<UL><LI> startup_stm32f030x8.o(RESET)
</UL>
<P><STRONG><a name="[75]"></a>NRF24L01_Clear_IRQ_Flag</STRONG> (Thumb, 46 bytes, Stack size 16 bytes, rf24l01.o(i.NRF24L01_Clear_IRQ_Flag))
<BR><BR>[Stack]<UL><LI>Max Depth = 48<LI>Call Chain = NRF24L01_Clear_IRQ_Flag &rArr; NRF24L01_Read_Status_Register &rArr; drv_spi_read_write_byte
</UL>
<BR>[Calls]<UL><LI><a href="#[77]">&gt;&gt;</a>&nbsp;&nbsp;&nbsp;drv_spi_read_write_byte
<LI><a href="#[76]">&gt;&gt;</a>&nbsp;&nbsp;&nbsp;NRF24L01_Read_Status_Register
</UL>
<BR>[Called By]<UL><LI><a href="#[7e]">&gt;&gt;</a>&nbsp;&nbsp;&nbsp;RF24L01_Init
</UL>

<P><STRONG><a name="[78]"></a>NRF24L01_Read_Buf</STRONG> (Thumb, 44 bytes, Stack size 24 bytes, rf24l01.o(i.NRF24L01_Read_Buf))
<BR><BR>[Stack]<UL><LI>Max Depth = 48<LI>Call Chain = NRF24L01_Read_Buf &rArr; drv_spi_read_write_byte
</UL>
<BR>[Calls]<UL><LI><a href="#[77]">&gt;&gt;</a>&nbsp;&nbsp;&nbsp;drv_spi_read_write_byte
</UL>
<BR>[Called By]<UL><LI><a href="#[7c]">&gt;&gt;</a>&nbsp;&nbsp;&nbsp;NRF24L01_check
<LI><a href="#[46]">&gt;&gt;</a>&nbsp;&nbsp;&nbsp;NRF24L01_RxPacket
</UL>

<P><STRONG><a name="[79]"></a>NRF24L01_Read_Reg</STRONG> (Thumb, 26 bytes, Stack size 8 bytes, rf24l01.o(i.NRF24L01_Read_Reg))
<BR><BR>[Stack]<UL><LI>Max Depth = 32<LI>Call Chain = NRF24L01_Read_Reg &rArr; drv_spi_read_write_byte
</UL>
<BR>[Calls]<UL><LI><a href="#[77]">&gt;&gt;</a>&nbsp;&nbsp;&nbsp;drv_spi_read_write_byte
</UL>
<BR>[Called By]<UL><LI><a href="#[ed]">&gt;&gt;</a>&nbsp;&nbsp;&nbsp;wifi24G_send_data
<LI><a href="#[7e]">&gt;&gt;</a>&nbsp;&nbsp;&nbsp;RF24L01_Init
<LI><a href="#[44]">&gt;&gt;</a>&nbsp;&nbsp;&nbsp;RF24L01_Set_Mode
<LI><a href="#[47]">&gt;&gt;</a>&nbsp;&nbsp;&nbsp;NRF24L01_TxPacket
<LI><a href="#[46]">&gt;&gt;</a>&nbsp;&nbsp;&nbsp;NRF24L01_RxPacket
</UL>

<P><STRONG><a name="[76]"></a>NRF24L01_Read_Status_Register</STRONG> (Thumb, 22 bytes, Stack size 8 bytes, rf24l01.o(i.NRF24L01_Read_Status_Register))
<BR><BR>[Stack]<UL><LI>Max Depth = 32<LI>Call Chain = NRF24L01_Read_Status_Register &rArr; drv_spi_read_write_byte
</UL>
<BR>[Calls]<UL><LI><a href="#[77]">&gt;&gt;</a>&nbsp;&nbsp;&nbsp;drv_spi_read_write_byte
</UL>
<BR>[Called By]<UL><LI><a href="#[75]">&gt;&gt;</a>&nbsp;&nbsp;&nbsp;NRF24L01_Clear_IRQ_Flag
</UL>

<P><STRONG><a name="[46]"></a>NRF24L01_RxPacket</STRONG> (Thumb, 80 bytes, Stack size 16 bytes, rf24l01.o(i.NRF24L01_RxPacket))
<BR><BR>[Stack]<UL><LI>Max Depth = 64<LI>Call Chain = NRF24L01_RxPacket &rArr; NRF24L01_Read_Buf &rArr; drv_spi_read_write_byte
</UL>
<BR>[Calls]<UL><LI><a href="#[79]">&gt;&gt;</a>&nbsp;&nbsp;&nbsp;NRF24L01_Read_Reg
<LI><a href="#[78]">&gt;&gt;</a>&nbsp;&nbsp;&nbsp;NRF24L01_Read_Buf
<LI><a href="#[7a]">&gt;&gt;</a>&nbsp;&nbsp;&nbsp;LL_GPIO_IsInputPinSet
<LI><a href="#[40]">&gt;&gt;</a>&nbsp;&nbsp;&nbsp;NRF24L01_Write_Reg
</UL>
<BR>[Called By]<UL><LI><a href="#[3f]">&gt;&gt;</a>&nbsp;&nbsp;&nbsp;Burn_code_value
<LI><a href="#[ee]">&gt;&gt;</a>&nbsp;&nbsp;&nbsp;wifi24G_read_data
</UL>

<P><STRONG><a name="[42]"></a>NRF24L01_Set_RxAddr</STRONG> (Thumb, 24 bytes, Stack size 8 bytes, rf24l01.o(i.NRF24L01_Set_RxAddr))
<BR><BR>[Stack]<UL><LI>Max Depth = 56<LI>Call Chain = NRF24L01_Set_RxAddr &rArr; NRF24L01_Write_Buf &rArr; drv_spi_read_write_byte
</UL>
<BR>[Calls]<UL><LI><a href="#[7b]">&gt;&gt;</a>&nbsp;&nbsp;&nbsp;NRF24L01_Write_Buf
</UL>
<BR>[Called By]<UL><LI><a href="#[3f]">&gt;&gt;</a>&nbsp;&nbsp;&nbsp;Burn_code_value
<LI><a href="#[7e]">&gt;&gt;</a>&nbsp;&nbsp;&nbsp;RF24L01_Init
</UL>

<P><STRONG><a name="[41]"></a>NRF24L01_Set_TxAddr</STRONG> (Thumb, 20 bytes, Stack size 8 bytes, rf24l01.o(i.NRF24L01_Set_TxAddr))
<BR><BR>[Stack]<UL><LI>Max Depth = 56<LI>Call Chain = NRF24L01_Set_TxAddr &rArr; NRF24L01_Write_Buf &rArr; drv_spi_read_write_byte
</UL>
<BR>[Calls]<UL><LI><a href="#[7b]">&gt;&gt;</a>&nbsp;&nbsp;&nbsp;NRF24L01_Write_Buf
</UL>
<BR>[Called By]<UL><LI><a href="#[3f]">&gt;&gt;</a>&nbsp;&nbsp;&nbsp;Burn_code_value
<LI><a href="#[7e]">&gt;&gt;</a>&nbsp;&nbsp;&nbsp;RF24L01_Init
</UL>

<P><STRONG><a name="[47]"></a>NRF24L01_TxPacket</STRONG> (Thumb, 136 bytes, Stack size 32 bytes, rf24l01.o(i.NRF24L01_TxPacket))
<BR><BR>[Stack]<UL><LI>Max Depth = 80<LI>Call Chain = NRF24L01_TxPacket &rArr; NRF24L01_Write_Buf &rArr; drv_spi_read_write_byte
</UL>
<BR>[Calls]<UL><LI><a href="#[45]">&gt;&gt;</a>&nbsp;&nbsp;&nbsp;Feed_IWDG
<LI><a href="#[48]">&gt;&gt;</a>&nbsp;&nbsp;&nbsp;time_delay_ms
<LI><a href="#[77]">&gt;&gt;</a>&nbsp;&nbsp;&nbsp;drv_spi_read_write_byte
<LI><a href="#[7b]">&gt;&gt;</a>&nbsp;&nbsp;&nbsp;NRF24L01_Write_Buf
<LI><a href="#[79]">&gt;&gt;</a>&nbsp;&nbsp;&nbsp;NRF24L01_Read_Reg
<LI><a href="#[7a]">&gt;&gt;</a>&nbsp;&nbsp;&nbsp;LL_GPIO_IsInputPinSet
<LI><a href="#[40]">&gt;&gt;</a>&nbsp;&nbsp;&nbsp;NRF24L01_Write_Reg
</UL>
<BR>[Called By]<UL><LI><a href="#[3f]">&gt;&gt;</a>&nbsp;&nbsp;&nbsp;Burn_code_value
<LI><a href="#[ed]">&gt;&gt;</a>&nbsp;&nbsp;&nbsp;wifi24G_send_data
</UL>

<P><STRONG><a name="[7b]"></a>NRF24L01_Write_Buf</STRONG> (Thumb, 44 bytes, Stack size 24 bytes, rf24l01.o(i.NRF24L01_Write_Buf))
<BR><BR>[Stack]<UL><LI>Max Depth = 48<LI>Call Chain = NRF24L01_Write_Buf &rArr; drv_spi_read_write_byte
</UL>
<BR>[Calls]<UL><LI><a href="#[77]">&gt;&gt;</a>&nbsp;&nbsp;&nbsp;drv_spi_read_write_byte
</UL>
<BR>[Called By]<UL><LI><a href="#[7c]">&gt;&gt;</a>&nbsp;&nbsp;&nbsp;NRF24L01_check
<LI><a href="#[47]">&gt;&gt;</a>&nbsp;&nbsp;&nbsp;NRF24L01_TxPacket
<LI><a href="#[41]">&gt;&gt;</a>&nbsp;&nbsp;&nbsp;NRF24L01_Set_TxAddr
<LI><a href="#[42]">&gt;&gt;</a>&nbsp;&nbsp;&nbsp;NRF24L01_Set_RxAddr
</UL>

<P><STRONG><a name="[40]"></a>NRF24L01_Write_Reg</STRONG> (Thumb, 30 bytes, Stack size 16 bytes, rf24l01.o(i.NRF24L01_Write_Reg))
<BR><BR>[Stack]<UL><LI>Max Depth = 40<LI>Call Chain = NRF24L01_Write_Reg &rArr; drv_spi_read_write_byte
</UL>
<BR>[Calls]<UL><LI><a href="#[77]">&gt;&gt;</a>&nbsp;&nbsp;&nbsp;drv_spi_read_write_byte
</UL>
<BR>[Called By]<UL><LI><a href="#[3f]">&gt;&gt;</a>&nbsp;&nbsp;&nbsp;Burn_code_value
<LI><a href="#[7e]">&gt;&gt;</a>&nbsp;&nbsp;&nbsp;RF24L01_Init
<LI><a href="#[44]">&gt;&gt;</a>&nbsp;&nbsp;&nbsp;RF24L01_Set_Mode
<LI><a href="#[47]">&gt;&gt;</a>&nbsp;&nbsp;&nbsp;NRF24L01_TxPacket
<LI><a href="#[46]">&gt;&gt;</a>&nbsp;&nbsp;&nbsp;NRF24L01_RxPacket
</UL>

<P><STRONG><a name="[7c]"></a>NRF24L01_check</STRONG> (Thumb, 80 bytes, Stack size 32 bytes, rf24l01.o(i.NRF24L01_check))
<BR><BR>[Stack]<UL><LI>Max Depth = 80<LI>Call Chain = NRF24L01_check &rArr; NRF24L01_Write_Buf &rArr; drv_spi_read_write_byte
</UL>
<BR>[Calls]<UL><LI><a href="#[45]">&gt;&gt;</a>&nbsp;&nbsp;&nbsp;Feed_IWDG
<LI><a href="#[48]">&gt;&gt;</a>&nbsp;&nbsp;&nbsp;time_delay_ms
<LI><a href="#[7b]">&gt;&gt;</a>&nbsp;&nbsp;&nbsp;NRF24L01_Write_Buf
<LI><a href="#[78]">&gt;&gt;</a>&nbsp;&nbsp;&nbsp;NRF24L01_Read_Buf
</UL>
<BR>[Called By]<UL><LI><a href="#[49]">&gt;&gt;</a>&nbsp;&nbsp;&nbsp;Nrf24L01_init
</UL>

<P><STRONG><a name="[49]"></a>Nrf24L01_init</STRONG> (Thumb, 28 bytes, Stack size 8 bytes, rf24l01.o(i.Nrf24L01_init))
<BR><BR>[Stack]<UL><LI>Max Depth = 88<LI>Call Chain = Nrf24L01_init &rArr; NRF24L01_check &rArr; NRF24L01_Write_Buf &rArr; drv_spi_read_write_byte
</UL>
<BR>[Calls]<UL><LI><a href="#[7e]">&gt;&gt;</a>&nbsp;&nbsp;&nbsp;RF24L01_Init
<LI><a href="#[7d]">&gt;&gt;</a>&nbsp;&nbsp;&nbsp;RF24L01_GPIO_Init
<LI><a href="#[7c]">&gt;&gt;</a>&nbsp;&nbsp;&nbsp;NRF24L01_check
<LI><a href="#[44]">&gt;&gt;</a>&nbsp;&nbsp;&nbsp;RF24L01_Set_Mode
</UL>
<BR>[Called By]<UL><LI><a href="#[3f]">&gt;&gt;</a>&nbsp;&nbsp;&nbsp;Burn_code_value
<LI><a href="#[1f]">&gt;&gt;</a>&nbsp;&nbsp;&nbsp;main
<LI><a href="#[ed]">&gt;&gt;</a>&nbsp;&nbsp;&nbsp;wifi24G_send_data
</UL>

<P><STRONG><a name="[8e]"></a>Pairing_time</STRONG> (Thumb, 14 bytes, Stack size 0 bytes, pair.o(i.Pairing_time))
<BR><BR>[Called By]<UL><LI><a href="#[15]">&gt;&gt;</a>&nbsp;&nbsp;&nbsp;TIM14_IRQHandler
</UL>

<P><STRONG><a name="[4]"></a>PendSV_Handler</STRONG> (Thumb, 2 bytes, Stack size 0 bytes, stm32f0xx_it.o(i.PendSV_Handler))
<BR>[Address Reference Count : 1]<UL><LI> startup_stm32f030x8.o(RESET)
</UL>
<P><STRONG><a name="[61]"></a>RCC_GetHCLKClockFreq</STRONG> (Thumb, 18 bytes, Stack size 0 bytes, stm32f0xx_ll_rcc.o(i.RCC_GetHCLKClockFreq))
<BR><BR>[Called By]<UL><LI><a href="#[63]">&gt;&gt;</a>&nbsp;&nbsp;&nbsp;LL_RCC_GetUSARTClockFreq
<LI><a href="#[5f]">&gt;&gt;</a>&nbsp;&nbsp;&nbsp;LL_RCC_GetSystemClocksFreq
</UL>

<P><STRONG><a name="[62]"></a>RCC_GetPCLK1ClockFreq</STRONG> (Thumb, 16 bytes, Stack size 0 bytes, stm32f0xx_ll_rcc.o(i.RCC_GetPCLK1ClockFreq))
<BR><BR>[Called By]<UL><LI><a href="#[63]">&gt;&gt;</a>&nbsp;&nbsp;&nbsp;LL_RCC_GetUSARTClockFreq
<LI><a href="#[5f]">&gt;&gt;</a>&nbsp;&nbsp;&nbsp;LL_RCC_GetSystemClocksFreq
</UL>

<P><STRONG><a name="[60]"></a>RCC_GetSystemClockFreq</STRONG> (Thumb, 28 bytes, Stack size 8 bytes, stm32f0xx_ll_rcc.o(i.RCC_GetSystemClockFreq))
<BR><BR>[Stack]<UL><LI>Max Depth = 28<LI>Call Chain = RCC_GetSystemClockFreq &rArr; RCC_PLL_GetFreqDomain_SYS &rArr; __aeabi_uidivmod
</UL>
<BR>[Calls]<UL><LI><a href="#[7f]">&gt;&gt;</a>&nbsp;&nbsp;&nbsp;RCC_PLL_GetFreqDomain_SYS
</UL>
<BR>[Called By]<UL><LI><a href="#[63]">&gt;&gt;</a>&nbsp;&nbsp;&nbsp;LL_RCC_GetUSARTClockFreq
<LI><a href="#[5f]">&gt;&gt;</a>&nbsp;&nbsp;&nbsp;LL_RCC_GetSystemClocksFreq
</UL>

<P><STRONG><a name="[7f]"></a>RCC_PLL_GetFreqDomain_SYS</STRONG> (Thumb, 50 bytes, Stack size 8 bytes, stm32f0xx_ll_rcc.o(i.RCC_PLL_GetFreqDomain_SYS))
<BR><BR>[Stack]<UL><LI>Max Depth = 20<LI>Call Chain = RCC_PLL_GetFreqDomain_SYS &rArr; __aeabi_uidivmod
</UL>
<BR>[Calls]<UL><LI><a href="#[6a]">&gt;&gt;</a>&nbsp;&nbsp;&nbsp;__aeabi_uidivmod
</UL>
<BR>[Called By]<UL><LI><a href="#[60]">&gt;&gt;</a>&nbsp;&nbsp;&nbsp;RCC_GetSystemClockFreq
</UL>

<P><STRONG><a name="[7d]"></a>RF24L01_GPIO_Init</STRONG> (Thumb, 70 bytes, Stack size 16 bytes, rf24l01.o(i.RF24L01_GPIO_Init))
<BR><BR>[Stack]<UL><LI>Max Depth = 76<LI>Call Chain = RF24L01_GPIO_Init &rArr; Irq_gpio_init &rArr; GPIO_INUP_Init &rArr; LL_GPIO_Init
</UL>
<BR>[Calls]<UL><LI><a href="#[5e]">&gt;&gt;</a>&nbsp;&nbsp;&nbsp;Irq_gpio_init
<LI><a href="#[5d]">&gt;&gt;</a>&nbsp;&nbsp;&nbsp;GPIO_OUT_init
<LI><a href="#[5c]">&gt;&gt;</a>&nbsp;&nbsp;&nbsp;GPIO_INUP_Init
</UL>
<BR>[Called By]<UL><LI><a href="#[49]">&gt;&gt;</a>&nbsp;&nbsp;&nbsp;Nrf24L01_init
</UL>

<P><STRONG><a name="[7e]"></a>RF24L01_Init</STRONG> (Thumb, 128 bytes, Stack size 8 bytes, rf24l01.o(i.RF24L01_Init))
<BR><BR>[Stack]<UL><LI>Max Depth = 64<LI>Call Chain = RF24L01_Init &rArr; NRF24L01_Set_TxAddr &rArr; NRF24L01_Write_Buf &rArr; drv_spi_read_write_byte
</UL>
<BR>[Calls]<UL><LI><a href="#[79]">&gt;&gt;</a>&nbsp;&nbsp;&nbsp;NRF24L01_Read_Reg
<LI><a href="#[75]">&gt;&gt;</a>&nbsp;&nbsp;&nbsp;NRF24L01_Clear_IRQ_Flag
<LI><a href="#[40]">&gt;&gt;</a>&nbsp;&nbsp;&nbsp;NRF24L01_Write_Reg
<LI><a href="#[41]">&gt;&gt;</a>&nbsp;&nbsp;&nbsp;NRF24L01_Set_TxAddr
<LI><a href="#[42]">&gt;&gt;</a>&nbsp;&nbsp;&nbsp;NRF24L01_Set_RxAddr
</UL>
<BR>[Called By]<UL><LI><a href="#[49]">&gt;&gt;</a>&nbsp;&nbsp;&nbsp;Nrf24L01_init
</UL>

<P><STRONG><a name="[44]"></a>RF24L01_Set_Mode</STRONG> (Thumb, 40 bytes, Stack size 8 bytes, rf24l01.o(i.RF24L01_Set_Mode))
<BR><BR>[Stack]<UL><LI>Max Depth = 48<LI>Call Chain = RF24L01_Set_Mode &rArr; NRF24L01_Write_Reg &rArr; drv_spi_read_write_byte
</UL>
<BR>[Calls]<UL><LI><a href="#[79]">&gt;&gt;</a>&nbsp;&nbsp;&nbsp;NRF24L01_Read_Reg
<LI><a href="#[40]">&gt;&gt;</a>&nbsp;&nbsp;&nbsp;NRF24L01_Write_Reg
</UL>
<BR>[Called By]<UL><LI><a href="#[49]">&gt;&gt;</a>&nbsp;&nbsp;&nbsp;Nrf24L01_init
<LI><a href="#[3f]">&gt;&gt;</a>&nbsp;&nbsp;&nbsp;Burn_code_value
<LI><a href="#[ed]">&gt;&gt;</a>&nbsp;&nbsp;&nbsp;wifi24G_send_data
</UL>

<P><STRONG><a name="[80]"></a>Ramp_Speed_Load</STRONG> (Thumb, 318 bytes, Stack size 24 bytes, motor_dri.o(i.Ramp_Speed_Load))
<BR><BR>[Stack]<UL><LI>Max Depth = 60<LI>Call Chain = Ramp_Speed_Load &rArr; __aeabi_fadd &rArr; _float_epilogue
</UL>
<BR>[Calls]<UL><LI><a href="#[45]">&gt;&gt;</a>&nbsp;&nbsp;&nbsp;Feed_IWDG
<LI><a href="#[82]">&gt;&gt;</a>&nbsp;&nbsp;&nbsp;__aeabi_f2uiz
<LI><a href="#[83]">&gt;&gt;</a>&nbsp;&nbsp;&nbsp;motor_speed_set
<LI><a href="#[31]">&gt;&gt;</a>&nbsp;&nbsp;&nbsp;__aeabi_ui2f
<LI><a href="#[81]">&gt;&gt;</a>&nbsp;&nbsp;&nbsp;__aeabi_fmul
<LI><a href="#[2c]">&gt;&gt;</a>&nbsp;&nbsp;&nbsp;__aeabi_fdiv
<LI><a href="#[27]">&gt;&gt;</a>&nbsp;&nbsp;&nbsp;__aeabi_fadd
</UL>
<BR>[Called By]<UL><LI><a href="#[ac]">&gt;&gt;</a>&nbsp;&nbsp;&nbsp;Video_move_speed_calculat
</UL>

<P><STRONG><a name="[57]"></a>Reset_Tx_Complete</STRONG> (Thumb, 12 bytes, Stack size 0 bytes, uart.o(i.Reset_Tx_Complete))
<BR><BR>[Called By]<UL><LI><a href="#[4e]">&gt;&gt;</a>&nbsp;&nbsp;&nbsp;Dma_SendIRQ_Dispose
</UL>

<P><STRONG><a name="[99]"></a>Resolution_Configure</STRONG> (Thumb, 54 bytes, Stack size 0 bytes, gpio.o(i.Resolution_Configure))
<BR><BR>[Called By]<UL><LI><a href="#[54]">&gt;&gt;</a>&nbsp;&nbsp;&nbsp;Tmc22xx_SetStatu
</UL>

<P><STRONG><a name="[3]"></a>SVC_Handler</STRONG> (Thumb, 2 bytes, Stack size 0 bytes, stm32f0xx_it.o(i.SVC_Handler))
<BR>[Address Reference Count : 1]<UL><LI> startup_stm32f030x8.o(RESET)
</UL>
<P><STRONG><a name="[9c]"></a>Set_Tx_Complete</STRONG> (Thumb, 12 bytes, Stack size 0 bytes, uart.o(i.Set_Tx_Complete))
<BR><BR>[Called By]<UL><LI><a href="#[8a]">&gt;&gt;</a>&nbsp;&nbsp;&nbsp;Usart11_Send_Handling
</UL>

<P><STRONG><a name="[84]"></a>String_Printf</STRONG> (Thumb, 62 bytes, Stack size 8 bytes, uart.o(i.String_Printf))
<BR><BR>[Stack]<UL><LI>Max Depth = 8<LI>Call Chain = String_Printf
</UL>
<BR>[Calls]<UL><LI><a href="#[85]">&gt;&gt;</a>&nbsp;&nbsp;&nbsp;LL_DMA_SetDataLength
<LI><a href="#[86]">&gt;&gt;</a>&nbsp;&nbsp;&nbsp;LL_DMA_EnableIT_TC
<LI><a href="#[87]">&gt;&gt;</a>&nbsp;&nbsp;&nbsp;LL_DMA_EnableChannel
<LI><a href="#[4a]">&gt;&gt;</a>&nbsp;&nbsp;&nbsp;__aeabi_memcpy
</UL>
<BR>[Called By]<UL><LI><a href="#[c8]">&gt;&gt;</a>&nbsp;&nbsp;&nbsp;check_enter_boot_if
<LI><a href="#[c2]">&gt;&gt;</a>&nbsp;&nbsp;&nbsp;bootloader_action_if
</UL>

<P><STRONG><a name="[5]"></a>SysTick_Handler</STRONG> (Thumb, 2 bytes, Stack size 0 bytes, stm32f0xx_it.o(i.SysTick_Handler))
<BR>[Address Reference Count : 1]<UL><LI> startup_stm32f030x8.o(RESET)
</UL>
<P><STRONG><a name="[da]"></a>SystemClock_Config</STRONG> (Thumb, 134 bytes, Stack size 0 bytes, main.o(i.SystemClock_Config))
<BR><BR>[Called By]<UL><LI><a href="#[1f]">&gt;&gt;</a>&nbsp;&nbsp;&nbsp;main
</UL>

<P><STRONG><a name="[20]"></a>SystemInit</STRONG> (Thumb, 78 bytes, Stack size 0 bytes, system_stm32f0xx.o(i.SystemInit))
<BR>[Address Reference Count : 1]<UL><LI> startup_stm32f030x8.o(.text)
</UL>
<P><STRONG><a name="[88]"></a>TCM2208Register_Write</STRONG> (Thumb, 68 bytes, Stack size 16 bytes, tmc2208.o(i.TCM2208Register_Write))
<BR><BR>[Stack]<UL><LI>Max Depth = 36<LI>Call Chain = TCM2208Register_Write &rArr; swuart_calcCRC
</UL>
<BR>[Calls]<UL><LI><a href="#[8a]">&gt;&gt;</a>&nbsp;&nbsp;&nbsp;Usart11_Send_Handling
<LI><a href="#[89]">&gt;&gt;</a>&nbsp;&nbsp;&nbsp;swuart_calcCRC
</UL>
<BR>[Called By]<UL><LI><a href="#[95]">&gt;&gt;</a>&nbsp;&nbsp;&nbsp;TMC2208_Standby_curent
<LI><a href="#[94]">&gt;&gt;</a>&nbsp;&nbsp;&nbsp;TMC2208_Gconf_Set
<LI><a href="#[96]">&gt;&gt;</a>&nbsp;&nbsp;&nbsp;TMC2208_init
</UL>

<P><STRONG><a name="[15]"></a>TIM14_IRQHandler</STRONG> (Thumb, 28 bytes, Stack size 8 bytes, stm32f0xx_it.o(i.TIM14_IRQHandler))
<BR><BR>[Stack]<UL><LI>Max Depth = 64<LI>Call Chain = TIM14_IRQHandler &rArr; time_count &rArr; delay_The_countdown &rArr; mcu_set_data_to_apk &rArr; __aeabi_fmul
</UL>
<BR>[Calls]<UL><LI><a href="#[8c]">&gt;&gt;</a>&nbsp;&nbsp;&nbsp;time_count
<LI><a href="#[8d]">&gt;&gt;</a>&nbsp;&nbsp;&nbsp;send_interval_count
<LI><a href="#[8b]">&gt;&gt;</a>&nbsp;&nbsp;&nbsp;adc_cout
<LI><a href="#[8e]">&gt;&gt;</a>&nbsp;&nbsp;&nbsp;Pairing_time
</UL>
<BR>[Address Reference Count : 1]<UL><LI> startup_stm32f030x8.o(RESET)
</UL>
<P><STRONG><a name="[11]"></a>TIM1_BRK_UP_TRG_COM_IRQHandler</STRONG> (Thumb, 24 bytes, Stack size 8 bytes, stm32f0xx_it.o(i.TIM1_BRK_UP_TRG_COM_IRQHandler))
<BR><BR>[Stack]<UL><LI>Max Depth = 8<LI>Call Chain = TIM1_BRK_UP_TRG_COM_IRQHandler
</UL>
<BR>[Calls]<UL><LI><a href="#[8f]">&gt;&gt;</a>&nbsp;&nbsp;&nbsp;pulse_count
</UL>
<BR>[Address Reference Count : 1]<UL><LI> startup_stm32f030x8.o(RESET)
</UL>
<P><STRONG><a name="[13]"></a>TIM3_IRQHandler</STRONG> (Thumb, 32 bytes, Stack size 8 bytes, stm32f0xx_it.o(i.TIM3_IRQHandler))
<BR><BR>[Stack]<UL><LI>Max Depth = 48<LI>Call Chain = TIM3_IRQHandler &rArr; auto_return_check &rArr; delay_send_pake
</UL>
<BR>[Calls]<UL><LI><a href="#[91]">&gt;&gt;</a>&nbsp;&nbsp;&nbsp;slow_spee_check
<LI><a href="#[8f]">&gt;&gt;</a>&nbsp;&nbsp;&nbsp;pulse_count
<LI><a href="#[93]">&gt;&gt;</a>&nbsp;&nbsp;&nbsp;delay_move_time_compara
<LI><a href="#[92]">&gt;&gt;</a>&nbsp;&nbsp;&nbsp;auto_return_check
<LI><a href="#[90]">&gt;&gt;</a>&nbsp;&nbsp;&nbsp;ToUpdata_timer
</UL>
<BR>[Address Reference Count : 1]<UL><LI> startup_stm32f030x8.o(RESET)
</UL>
<P><STRONG><a name="[94]"></a>TMC2208_Gconf_Set</STRONG> (Thumb, 14 bytes, Stack size 8 bytes, tmc2208.o(i.TMC2208_Gconf_Set))
<BR><BR>[Stack]<UL><LI>Max Depth = 44<LI>Call Chain = TMC2208_Gconf_Set &rArr; TCM2208Register_Write &rArr; swuart_calcCRC
</UL>
<BR>[Calls]<UL><LI><a href="#[88]">&gt;&gt;</a>&nbsp;&nbsp;&nbsp;TCM2208Register_Write
</UL>
<BR>[Called By]<UL><LI><a href="#[96]">&gt;&gt;</a>&nbsp;&nbsp;&nbsp;TMC2208_init
</UL>

<P><STRONG><a name="[95]"></a>TMC2208_Standby_curent</STRONG> (Thumb, 12 bytes, Stack size 8 bytes, tmc2208.o(i.TMC2208_Standby_curent))
<BR><BR>[Stack]<UL><LI>Max Depth = 44<LI>Call Chain = TMC2208_Standby_curent &rArr; TCM2208Register_Write &rArr; swuart_calcCRC
</UL>
<BR>[Calls]<UL><LI><a href="#[88]">&gt;&gt;</a>&nbsp;&nbsp;&nbsp;TCM2208Register_Write
</UL>
<BR>[Called By]<UL><LI><a href="#[96]">&gt;&gt;</a>&nbsp;&nbsp;&nbsp;TMC2208_init
</UL>

<P><STRONG><a name="[96]"></a>TMC2208_init</STRONG> (Thumb, 68 bytes, Stack size 8 bytes, tmc2208.o(i.TMC2208_init))
<BR><BR>[Stack]<UL><LI>Max Depth = 52<LI>Call Chain = TMC2208_init &rArr; TMC2208_Standby_curent &rArr; TCM2208Register_Write &rArr; swuart_calcCRC
</UL>
<BR>[Calls]<UL><LI><a href="#[95]">&gt;&gt;</a>&nbsp;&nbsp;&nbsp;TMC2208_Standby_curent
<LI><a href="#[94]">&gt;&gt;</a>&nbsp;&nbsp;&nbsp;TMC2208_Gconf_Set
<LI><a href="#[88]">&gt;&gt;</a>&nbsp;&nbsp;&nbsp;TCM2208Register_Write
</UL>
<BR>[Called By]<UL><LI><a href="#[dc]">&gt;&gt;</a>&nbsp;&nbsp;&nbsp;motor_init
</UL>

<P><STRONG><a name="[51]"></a>TMC22xx_Init</STRONG> (Thumb, 58 bytes, Stack size 8 bytes, gpio.o(i.TMC22xx_Init))
<BR><BR>[Stack]<UL><LI>Max Depth = 60<LI>Call Chain = TMC22xx_Init &rArr; GPIO_OUT_init &rArr; LL_GPIO_Init
</UL>
<BR>[Calls]<UL><LI><a href="#[5d]">&gt;&gt;</a>&nbsp;&nbsp;&nbsp;GPIO_OUT_init
<LI><a href="#[5c]">&gt;&gt;</a>&nbsp;&nbsp;&nbsp;GPIO_INUP_Init
</UL>
<BR>[Called By]<UL><LI><a href="#[50]">&gt;&gt;</a>&nbsp;&nbsp;&nbsp;Device_init
</UL>

<P><STRONG><a name="[97]"></a>TheDir_check</STRONG> (Thumb, 42 bytes, Stack size 8 bytes, motor_dri.o(i.TheDir_check))
<BR><BR>[Stack]<UL><LI>Max Depth = 8<LI>Call Chain = TheDir_check
</UL>
<BR>[Calls]<UL><LI><a href="#[98]">&gt;&gt;</a>&nbsp;&nbsp;&nbsp;motor_direction_change
</UL>
<BR>[Called By]<UL><LI><a href="#[92]">&gt;&gt;</a>&nbsp;&nbsp;&nbsp;auto_return_check
<LI><a href="#[ba]">&gt;&gt;</a>&nbsp;&nbsp;&nbsp;slider_manage_function
<LI><a href="#[af]">&gt;&gt;</a>&nbsp;&nbsp;&nbsp;ab_set_OK_key
</UL>

<P><STRONG><a name="[54]"></a>Tmc22xx_SetStatu</STRONG> (Thumb, 22 bytes, Stack size 4 bytes, gpio.o(i.Tmc22xx_SetStatu))
<BR><BR>[Stack]<UL><LI>Max Depth = 4<LI>Call Chain = Tmc22xx_SetStatu
</UL>
<BR>[Calls]<UL><LI><a href="#[99]">&gt;&gt;</a>&nbsp;&nbsp;&nbsp;Resolution_Configure
</UL>
<BR>[Called By]<UL><LI><a href="#[50]">&gt;&gt;</a>&nbsp;&nbsp;&nbsp;Device_init
</UL>

<P><STRONG><a name="[90]"></a>ToUpdata_timer</STRONG> (Thumb, 22 bytes, Stack size 0 bytes, motor_dri.o(i.ToUpdata_timer))
<BR><BR>[Called By]<UL><LI><a href="#[13]">&gt;&gt;</a>&nbsp;&nbsp;&nbsp;TIM3_IRQHandler
</UL>

<P><STRONG><a name="[1d]"></a>USART1_IRQHandler</STRONG> (Thumb, 22 bytes, Stack size 8 bytes, stm32f0xx_it.o(i.USART1_IRQHandler))
<BR><BR>[Stack]<UL><LI>Max Depth = 24<LI>Call Chain = USART1_IRQHandler &rArr; usart1_receiver
</UL>
<BR>[Calls]<UL><LI><a href="#[9a]">&gt;&gt;</a>&nbsp;&nbsp;&nbsp;usart1_receiver
</UL>
<BR>[Address Reference Count : 1]<UL><LI> startup_stm32f030x8.o(RESET)
</UL>
<P><STRONG><a name="[1e]"></a>USART2_IRQHandler</STRONG> (Thumb, 22 bytes, Stack size 8 bytes, stm32f0xx_it.o(i.USART2_IRQHandler))
<BR><BR>[Stack]<UL><LI>Max Depth = 32<LI>Call Chain = USART2_IRQHandler &rArr; usart22_read_byte &rArr; Usart22_Receiver
</UL>
<BR>[Calls]<UL><LI><a href="#[9b]">&gt;&gt;</a>&nbsp;&nbsp;&nbsp;usart22_read_byte
</UL>
<BR>[Address Reference Count : 1]<UL><LI> startup_stm32f030x8.o(RESET)
</UL>
<P><STRONG><a name="[8a]"></a>Usart11_Send_Handling</STRONG> (Thumb, 60 bytes, Stack size 8 bytes, uart.o(i.Usart11_Send_Handling))
<BR><BR>[Stack]<UL><LI>Max Depth = 8<LI>Call Chain = Usart11_Send_Handling
</UL>
<BR>[Calls]<UL><LI><a href="#[9c]">&gt;&gt;</a>&nbsp;&nbsp;&nbsp;Set_Tx_Complete
<LI><a href="#[85]">&gt;&gt;</a>&nbsp;&nbsp;&nbsp;LL_DMA_SetDataLength
<LI><a href="#[86]">&gt;&gt;</a>&nbsp;&nbsp;&nbsp;LL_DMA_EnableIT_TC
<LI><a href="#[87]">&gt;&gt;</a>&nbsp;&nbsp;&nbsp;LL_DMA_EnableChannel
<LI><a href="#[4a]">&gt;&gt;</a>&nbsp;&nbsp;&nbsp;__aeabi_memcpy
</UL>
<BR>[Called By]<UL><LI><a href="#[88]">&gt;&gt;</a>&nbsp;&nbsp;&nbsp;TCM2208Register_Write
</UL>

<P><STRONG><a name="[4f]"></a>Usart22_Dma_SendIRQ_Dispose</STRONG> (Thumb, 36 bytes, Stack size 8 bytes, uart.o(i.Usart22_Dma_SendIRQ_Dispose))
<BR><BR>[Stack]<UL><LI>Max Depth = 8<LI>Call Chain = Usart22_Dma_SendIRQ_Dispose
</UL>
<BR>[Calls]<UL><LI><a href="#[9d]">&gt;&gt;</a>&nbsp;&nbsp;&nbsp;Usart22_Reset_Tx_Complete
<LI><a href="#[55]">&gt;&gt;</a>&nbsp;&nbsp;&nbsp;LL_DMA_DisableIT_TC
<LI><a href="#[56]">&gt;&gt;</a>&nbsp;&nbsp;&nbsp;LL_DMA_DisableChannel
</UL>
<BR>[Called By]<UL><LI><a href="#[f]">&gt;&gt;</a>&nbsp;&nbsp;&nbsp;DMA1_Channel4_5_IRQHandler
</UL>

<P><STRONG><a name="[d6]"></a>Usart22_Interval_set</STRONG> (Thumb, 8 bytes, Stack size 0 bytes, uart.o(i.Usart22_Interval_set))
<BR><BR>[Called By]<UL><LI><a href="#[eb]">&gt;&gt;</a>&nbsp;&nbsp;&nbsp;tatol_time_dis
<LI><a href="#[b3]">&gt;&gt;</a>&nbsp;&nbsp;&nbsp;delay_send_pake
<LI><a href="#[b2]">&gt;&gt;</a>&nbsp;&nbsp;&nbsp;mcu_set_data_to_apk
</UL>

<P><STRONG><a name="[9e]"></a>Usart22_Receiver</STRONG> (Thumb, 58 bytes, Stack size 16 bytes, uart.o(i.Usart22_Receiver))
<BR><BR>[Stack]<UL><LI>Max Depth = 16<LI>Call Chain = Usart22_Receiver
</UL>
<BR>[Calls]<UL><LI><a href="#[9f]">&gt;&gt;</a>&nbsp;&nbsp;&nbsp;LL_DMA_GetDataLength
<LI><a href="#[56]">&gt;&gt;</a>&nbsp;&nbsp;&nbsp;LL_DMA_DisableChannel
</UL>
<BR>[Called By]<UL><LI><a href="#[9b]">&gt;&gt;</a>&nbsp;&nbsp;&nbsp;usart22_read_byte
</UL>

<P><STRONG><a name="[9d]"></a>Usart22_Reset_Tx_Complete</STRONG> (Thumb, 12 bytes, Stack size 0 bytes, uart.o(i.Usart22_Reset_Tx_Complete))
<BR><BR>[Called By]<UL><LI><a href="#[4f]">&gt;&gt;</a>&nbsp;&nbsp;&nbsp;Usart22_Dma_SendIRQ_Dispose
</UL>

<P><STRONG><a name="[ac]"></a>Video_move_speed_calculat</STRONG> (Thumb, 46 bytes, Stack size 8 bytes, motor_dri.o(i.Video_move_speed_calculat))
<BR><BR>[Stack]<UL><LI>Max Depth = 68<LI>Call Chain = Video_move_speed_calculat &rArr; Ramp_Speed_Load &rArr; __aeabi_fadd &rArr; _float_epilogue
</UL>
<BR>[Calls]<UL><LI><a href="#[ad]">&gt;&gt;</a>&nbsp;&nbsp;&nbsp;speed_calculat
<LI><a href="#[80]">&gt;&gt;</a>&nbsp;&nbsp;&nbsp;Ramp_Speed_Load
</UL>
<BR>[Called By]<UL><LI><a href="#[ba]">&gt;&gt;</a>&nbsp;&nbsp;&nbsp;slider_manage_function
<LI><a href="#[af]">&gt;&gt;</a>&nbsp;&nbsp;&nbsp;ab_set_OK_key
</UL>

<P><STRONG><a name="[36]"></a>__ARM_clz</STRONG> (Thumb, 46 bytes, Stack size 0 bytes, depilogue.o(i.__ARM_clz))
<BR><BR>[Called By]<UL><LI><a href="#[2e]">&gt;&gt;</a>&nbsp;&nbsp;&nbsp;_double_epilogue
</UL>

<P><STRONG><a name="[102]"></a>__scatterload_copy</STRONG> (Thumb, 14 bytes, Stack size unknown bytes, handlers.o(i.__scatterload_copy), UNUSED)

<P><STRONG><a name="[103]"></a>__scatterload_null</STRONG> (Thumb, 2 bytes, Stack size unknown bytes, handlers.o(i.__scatterload_null), UNUSED)

<P><STRONG><a name="[104]"></a>__scatterload_zeroinit</STRONG> (Thumb, 14 bytes, Stack size unknown bytes, handlers.o(i.__scatterload_zeroinit), UNUSED)

<P><STRONG><a name="[ae]"></a>ab_point_change_dir</STRONG> (Thumb, 60 bytes, Stack size 16 bytes, motor_dri.o(i.ab_point_change_dir))
<BR><BR>[Stack]<UL><LI>Max Depth = 16<LI>Call Chain = ab_point_change_dir
</UL>
<BR>[Calls]<UL><LI><a href="#[98]">&gt;&gt;</a>&nbsp;&nbsp;&nbsp;motor_direction_change
</UL>
<BR>[Called By]<UL><LI><a href="#[ba]">&gt;&gt;</a>&nbsp;&nbsp;&nbsp;slider_manage_function
</UL>

<P><STRONG><a name="[af]"></a>ab_set_OK_key</STRONG> (Thumb, 114 bytes, Stack size 8 bytes, motor_dri.o(i.ab_set_OK_key))
<BR><BR>[Stack]<UL><LI>Max Depth = 76<LI>Call Chain = ab_set_OK_key &rArr; Video_move_speed_calculat &rArr; Ramp_Speed_Load &rArr; __aeabi_fadd &rArr; _float_epilogue
</UL>
<BR>[Calls]<UL><LI><a href="#[b0]">&gt;&gt;</a>&nbsp;&nbsp;&nbsp;motor_stop
<LI><a href="#[b3]">&gt;&gt;</a>&nbsp;&nbsp;&nbsp;delay_send_pake
<LI><a href="#[b1]">&gt;&gt;</a>&nbsp;&nbsp;&nbsp;abs
<LI><a href="#[ac]">&gt;&gt;</a>&nbsp;&nbsp;&nbsp;Video_move_speed_calculat
<LI><a href="#[97]">&gt;&gt;</a>&nbsp;&nbsp;&nbsp;TheDir_check
<LI><a href="#[b2]">&gt;&gt;</a>&nbsp;&nbsp;&nbsp;mcu_set_data_to_apk
</UL>
<BR>[Called By]<UL><LI><a href="#[ba]">&gt;&gt;</a>&nbsp;&nbsp;&nbsp;slider_manage_function
</UL>

<P><STRONG><a name="[b4]"></a>ab_set_move</STRONG> (Thumb, 18 bytes, Stack size 8 bytes, motor_dri.o(i.ab_set_move))
<BR><BR>[Stack]<UL><LI>Max Depth = 76<LI>Call Chain = ab_set_move &rArr; slow_start_setting &rArr; alone_ramp_speed_load &rArr; __aeabi_fadd &rArr; _float_epilogue
</UL>
<BR>[Calls]<UL><LI><a href="#[98]">&gt;&gt;</a>&nbsp;&nbsp;&nbsp;motor_direction_change
<LI><a href="#[b5]">&gt;&gt;</a>&nbsp;&nbsp;&nbsp;slow_start_setting
</UL>
<BR>[Called By]<UL><LI><a href="#[ba]">&gt;&gt;</a>&nbsp;&nbsp;&nbsp;slider_manage_function
</UL>

<P><STRONG><a name="[b1]"></a>abs</STRONG> (Thumb, 12 bytes, Stack size 0 bytes, motor_dri.o(i.abs))
<BR><BR>[Called By]<UL><LI><a href="#[ba]">&gt;&gt;</a>&nbsp;&nbsp;&nbsp;slider_manage_function
<LI><a href="#[af]">&gt;&gt;</a>&nbsp;&nbsp;&nbsp;ab_set_OK_key
</UL>

<P><STRONG><a name="[8b]"></a>adc_cout</STRONG> (Thumb, 14 bytes, Stack size 0 bytes, adc.o(i.adc_cout))
<BR><BR>[Called By]<UL><LI><a href="#[15]">&gt;&gt;</a>&nbsp;&nbsp;&nbsp;TIM14_IRQHandler
</UL>

<P><STRONG><a name="[b7]"></a>adjust_slow_time_data</STRONG> (Thumb, 74 bytes, Stack size 0 bytes, motor_dri.o(i.adjust_slow_time_data))
<BR><BR>[Called By]<UL><LI><a href="#[b6]">&gt;&gt;</a>&nbsp;&nbsp;&nbsp;adjust_speed_to_slowly_startORstop
</UL>

<P><STRONG><a name="[b6]"></a>adjust_speed_to_slowly_startORstop</STRONG> (Thumb, 118 bytes, Stack size 4 bytes, motor_dri.o(i.adjust_speed_to_slowly_startORstop))
<BR><BR>[Stack]<UL><LI>Max Depth = 4<LI>Call Chain = adjust_speed_to_slowly_startORstop
</UL>
<BR>[Calls]<UL><LI><a href="#[ad]">&gt;&gt;</a>&nbsp;&nbsp;&nbsp;speed_calculat
<LI><a href="#[b0]">&gt;&gt;</a>&nbsp;&nbsp;&nbsp;motor_stop
<LI><a href="#[83]">&gt;&gt;</a>&nbsp;&nbsp;&nbsp;motor_speed_set
<LI><a href="#[b7]">&gt;&gt;</a>&nbsp;&nbsp;&nbsp;adjust_slow_time_data
</UL>
<BR>[Called By]<UL><LI><a href="#[1f]">&gt;&gt;</a>&nbsp;&nbsp;&nbsp;main
</UL>

<P><STRONG><a name="[b8]"></a>alone_ramp_speed_load</STRONG> (Thumb, 310 bytes, Stack size 24 bytes, motor_dri.o(i.alone_ramp_speed_load))
<BR><BR>[Stack]<UL><LI>Max Depth = 60<LI>Call Chain = alone_ramp_speed_load &rArr; __aeabi_fadd &rArr; _float_epilogue
</UL>
<BR>[Calls]<UL><LI><a href="#[45]">&gt;&gt;</a>&nbsp;&nbsp;&nbsp;Feed_IWDG
<LI><a href="#[82]">&gt;&gt;</a>&nbsp;&nbsp;&nbsp;__aeabi_f2uiz
<LI><a href="#[31]">&gt;&gt;</a>&nbsp;&nbsp;&nbsp;__aeabi_ui2f
<LI><a href="#[81]">&gt;&gt;</a>&nbsp;&nbsp;&nbsp;__aeabi_fmul
<LI><a href="#[2c]">&gt;&gt;</a>&nbsp;&nbsp;&nbsp;__aeabi_fdiv
<LI><a href="#[27]">&gt;&gt;</a>&nbsp;&nbsp;&nbsp;__aeabi_fadd
</UL>
<BR>[Called By]<UL><LI><a href="#[b5]">&gt;&gt;</a>&nbsp;&nbsp;&nbsp;slow_start_setting
</UL>

<P><STRONG><a name="[b9]"></a>app_Receiver</STRONG> (Thumb, 280 bytes, Stack size 24 bytes, motor_dri.o(i.app_Receiver))
<BR><BR>[Stack]<UL><LI>Max Depth = 232<LI>Call Chain = app_Receiver &rArr; slider_manage_function &rArr; delay_confirm &rArr; get_run_param &rArr; move_time_calculate &rArr; __aeabi_dmul &rArr; _double_epilogue &rArr; __aeabi_llsl
</UL>
<BR>[Calls]<UL><LI><a href="#[ba]">&gt;&gt;</a>&nbsp;&nbsp;&nbsp;slider_manage_function
<LI><a href="#[be]">&gt;&gt;</a>&nbsp;&nbsp;&nbsp;para_init
<LI><a href="#[b0]">&gt;&gt;</a>&nbsp;&nbsp;&nbsp;motor_stop
<LI><a href="#[bb]">&gt;&gt;</a>&nbsp;&nbsp;&nbsp;max_amount_check
<LI><a href="#[bd]">&gt;&gt;</a>&nbsp;&nbsp;&nbsp;get_count_down_data
<LI><a href="#[b3]">&gt;&gt;</a>&nbsp;&nbsp;&nbsp;delay_send_pake
<LI><a href="#[bc]">&gt;&gt;</a>&nbsp;&nbsp;&nbsp;delay_para_compara
<LI><a href="#[b2]">&gt;&gt;</a>&nbsp;&nbsp;&nbsp;mcu_set_data_to_apk
</UL>
<BR>[Called By]<UL><LI><a href="#[ee]">&gt;&gt;</a>&nbsp;&nbsp;&nbsp;wifi24G_read_data
</UL>

<P><STRONG><a name="[92]"></a>auto_return_check</STRONG> (Thumb, 178 bytes, Stack size 24 bytes, motor_dri.o(i.auto_return_check))
<BR><BR>[Stack]<UL><LI>Max Depth = 40<LI>Call Chain = auto_return_check &rArr; delay_send_pake
</UL>
<BR>[Calls]<UL><LI><a href="#[b0]">&gt;&gt;</a>&nbsp;&nbsp;&nbsp;motor_stop
<LI><a href="#[b3]">&gt;&gt;</a>&nbsp;&nbsp;&nbsp;delay_send_pake
<LI><a href="#[97]">&gt;&gt;</a>&nbsp;&nbsp;&nbsp;TheDir_check
</UL>
<BR>[Called By]<UL><LI><a href="#[13]">&gt;&gt;</a>&nbsp;&nbsp;&nbsp;TIM3_IRQHandler
</UL>

<P><STRONG><a name="[bf]"></a>blue_led_status</STRONG> (Thumb, 8 bytes, Stack size 8 bytes, motor_dri.o(i.blue_led_status))
<BR><BR>[Stack]<UL><LI>Max Depth = 32<LI>Call Chain = blue_led_status &rArr; bluetooth_pair_led
</UL>
<BR>[Calls]<UL><LI><a href="#[c0]">&gt;&gt;</a>&nbsp;&nbsp;&nbsp;bluetooth_pair_led
</UL>
<BR>[Called By]<UL><LI><a href="#[1f]">&gt;&gt;</a>&nbsp;&nbsp;&nbsp;main
</UL>

<P><STRONG><a name="[c0]"></a>bluetooth_pair_led</STRONG> (Thumb, 140 bytes, Stack size 24 bytes, motor_dri.o(i.bluetooth_pair_led))
<BR><BR>[Stack]<UL><LI>Max Depth = 24<LI>Call Chain = bluetooth_pair_led
</UL>
<BR>[Calls]<UL><LI><a href="#[c1]">&gt;&gt;</a>&nbsp;&nbsp;&nbsp;LL_GPIO_IsInputPinSet
</UL>
<BR>[Called By]<UL><LI><a href="#[bf]">&gt;&gt;</a>&nbsp;&nbsp;&nbsp;blue_led_status
</UL>

<P><STRONG><a name="[c2]"></a>bootloader_action_if</STRONG> (Thumb, 134 bytes, Stack size 40 bytes, bootloader.o(i.bootloader_action_if))
<BR><BR>[Stack]<UL><LI>Max Depth = 132<LI>Call Chain = bootloader_action_if &rArr; enter_bootloader &rArr; write_bootTag &rArr; write_flash_holfword_buffer &rArr; write_flash_holfword &rArr; FLASH_ProgramHalfWord &rArr; FLASH_WaitForLastOperation
</UL>
<BR>[Calls]<UL><LI><a href="#[84]">&gt;&gt;</a>&nbsp;&nbsp;&nbsp;String_Printf
<LI><a href="#[c4]">&gt;&gt;</a>&nbsp;&nbsp;&nbsp;string_lengt
<LI><a href="#[c6]">&gt;&gt;</a>&nbsp;&nbsp;&nbsp;enter_bootloader
<LI><a href="#[c5]">&gt;&gt;</a>&nbsp;&nbsp;&nbsp;strncmp
<LI><a href="#[c3]">&gt;&gt;</a>&nbsp;&nbsp;&nbsp;__aeabi_memclr4
</UL>
<BR>[Called By]<UL><LI><a href="#[e1]">&gt;&gt;</a>&nbsp;&nbsp;&nbsp;usart22_Recdata_Handling
</UL>

<P><STRONG><a name="[c7]"></a>check_adjust_and_ramp</STRONG> (Thumb, 92 bytes, Stack size 12 bytes, motor_dri.o(i.check_adjust_and_ramp))
<BR><BR>[Stack]<UL><LI>Max Depth = 12<LI>Call Chain = check_adjust_and_ramp
</UL>
<BR>[Calls]<UL><LI><a href="#[ad]">&gt;&gt;</a>&nbsp;&nbsp;&nbsp;speed_calculat
</UL>
<BR>[Called By]<UL><LI><a href="#[ba]">&gt;&gt;</a>&nbsp;&nbsp;&nbsp;slider_manage_function
</UL>

<P><STRONG><a name="[c8]"></a>check_enter_boot_if</STRONG> (Thumb, 78 bytes, Stack size 8 bytes, bootloader.o(i.check_enter_boot_if))
<BR><BR>[Stack]<UL><LI>Max Depth = 16<LI>Call Chain = check_enter_boot_if &rArr; String_Printf
</UL>
<BR>[Calls]<UL><LI><a href="#[84]">&gt;&gt;</a>&nbsp;&nbsp;&nbsp;String_Printf
</UL>
<BR>[Called By]<UL><LI><a href="#[e1]">&gt;&gt;</a>&nbsp;&nbsp;&nbsp;usart22_Recdata_Handling
</UL>

<P><STRONG><a name="[4d]"></a>check_sum_add</STRONG> (Thumb, 28 bytes, Stack size 8 bytes, motor_dri.o(i.check_sum_add))
<BR><BR>[Stack]<UL><LI>Max Depth = 8<LI>Call Chain = check_sum_add
</UL>
<BR>[Called By]<UL><LI><a href="#[3f]">&gt;&gt;</a>&nbsp;&nbsp;&nbsp;Burn_code_value
</UL>

<P><STRONG><a name="[c9]"></a>check_uid</STRONG> (Thumb, 86 bytes, Stack size 40 bytes, flash.o(i.check_uid))
<BR><BR>[Stack]<UL><LI>Max Depth = 56<LI>Call Chain = check_uid &rArr; read_flash_holfword
</UL>
<BR>[Calls]<UL><LI><a href="#[45]">&gt;&gt;</a>&nbsp;&nbsp;&nbsp;Feed_IWDG
<LI><a href="#[ca]">&gt;&gt;</a>&nbsp;&nbsp;&nbsp;read_flash_holfword
</UL>
<BR>[Called By]<UL><LI><a href="#[1f]">&gt;&gt;</a>&nbsp;&nbsp;&nbsp;main
</UL>

<P><STRONG><a name="[cb]"></a>compensation_for_timelapse</STRONG> (Thumb, 50 bytes, Stack size 8 bytes, motor_dri.o(i.compensation_for_timelapse))
<BR><BR>[Stack]<UL><LI>Max Depth = 44<LI>Call Chain = compensation_for_timelapse &rArr; __aeabi_fsub &rArr; __aeabi_fadd &rArr; _float_epilogue
</UL>
<BR>[Calls]<UL><LI><a href="#[2a]">&gt;&gt;</a>&nbsp;&nbsp;&nbsp;__aeabi_fsub
<LI><a href="#[2b]">&gt;&gt;</a>&nbsp;&nbsp;&nbsp;__aeabi_frsub
<LI><a href="#[31]">&gt;&gt;</a>&nbsp;&nbsp;&nbsp;__aeabi_ui2f
<LI><a href="#[27]">&gt;&gt;</a>&nbsp;&nbsp;&nbsp;__aeabi_fadd
</UL>
<BR>[Called By]<UL><LI><a href="#[d2]">&gt;&gt;</a>&nbsp;&nbsp;&nbsp;delay_mode_main
</UL>

<P><STRONG><a name="[cc]"></a>delay_The_countdown</STRONG> (Thumb, 84 bytes, Stack size 8 bytes, motor_dri.o(i.delay_The_countdown))
<BR><BR>[Stack]<UL><LI>Max Depth = 48<LI>Call Chain = delay_The_countdown &rArr; mcu_set_data_to_apk &rArr; __aeabi_fmul
</UL>
<BR>[Calls]<UL><LI><a href="#[b2]">&gt;&gt;</a>&nbsp;&nbsp;&nbsp;mcu_set_data_to_apk
</UL>
<BR>[Called By]<UL><LI><a href="#[8c]">&gt;&gt;</a>&nbsp;&nbsp;&nbsp;time_count
</UL>

<P><STRONG><a name="[cd]"></a>delay_confirm</STRONG> (Thumb, 114 bytes, Stack size 16 bytes, motor_dri.o(i.delay_confirm))
<BR><BR>[Stack]<UL><LI>Max Depth = 184<LI>Call Chain = delay_confirm &rArr; get_run_param &rArr; move_time_calculate &rArr; __aeabi_dmul &rArr; _double_epilogue &rArr; __aeabi_llsl
</UL>
<BR>[Calls]<UL><LI><a href="#[4c]">&gt;&gt;</a>&nbsp;&nbsp;&nbsp;write_flash_active
<LI><a href="#[d0]">&gt;&gt;</a>&nbsp;&nbsp;&nbsp;move_judge_ABpoint
<LI><a href="#[b0]">&gt;&gt;</a>&nbsp;&nbsp;&nbsp;motor_stop
<LI><a href="#[cf]">&gt;&gt;</a>&nbsp;&nbsp;&nbsp;motor_start
<LI><a href="#[ce]">&gt;&gt;</a>&nbsp;&nbsp;&nbsp;get_run_param
<LI><a href="#[d1]">&gt;&gt;</a>&nbsp;&nbsp;&nbsp;fisrt_time_begin
</UL>
<BR>[Called By]<UL><LI><a href="#[ba]">&gt;&gt;</a>&nbsp;&nbsp;&nbsp;slider_manage_function
</UL>

<P><STRONG><a name="[e3]"></a>delay_mode_init</STRONG> (Thumb, 60 bytes, Stack size 8 bytes, motor_dri.o(i.delay_mode_init))
<BR><BR>[Stack]<UL><LI>Max Depth = 8<LI>Call Chain = delay_mode_init
</UL>
<BR>[Called By]<UL><LI><a href="#[dc]">&gt;&gt;</a>&nbsp;&nbsp;&nbsp;motor_init
</UL>

<P><STRONG><a name="[d2]"></a>delay_mode_main</STRONG> (Thumb, 228 bytes, Stack size 24 bytes, motor_dri.o(i.delay_mode_main))
<BR><BR>[Stack]<UL><LI>Max Depth = 80<LI>Call Chain = delay_mode_main &rArr; time_lapse_delay_1SBegin &rArr; fisrt_time_begin &rArr; mcu_set_data_to_apk &rArr; __aeabi_fmul
</UL>
<BR>[Calls]<UL><LI><a href="#[d3]">&gt;&gt;</a>&nbsp;&nbsp;&nbsp;time_lapse_delay_1SBegin
<LI><a href="#[b0]">&gt;&gt;</a>&nbsp;&nbsp;&nbsp;motor_stop
<LI><a href="#[cf]">&gt;&gt;</a>&nbsp;&nbsp;&nbsp;motor_start
<LI><a href="#[b3]">&gt;&gt;</a>&nbsp;&nbsp;&nbsp;delay_send_pake
<LI><a href="#[cb]">&gt;&gt;</a>&nbsp;&nbsp;&nbsp;compensation_for_timelapse
<LI><a href="#[b2]">&gt;&gt;</a>&nbsp;&nbsp;&nbsp;mcu_set_data_to_apk
</UL>
<BR>[Called By]<UL><LI><a href="#[1f]">&gt;&gt;</a>&nbsp;&nbsp;&nbsp;main
</UL>

<P><STRONG><a name="[93]"></a>delay_move_time_compara</STRONG> (Thumb, 42 bytes, Stack size 4 bytes, motor_dri.o(i.delay_move_time_compara))
<BR><BR>[Stack]<UL><LI>Max Depth = 4<LI>Call Chain = delay_move_time_compara
</UL>
<BR>[Calls]<UL><LI><a href="#[b0]">&gt;&gt;</a>&nbsp;&nbsp;&nbsp;motor_stop
</UL>
<BR>[Called By]<UL><LI><a href="#[13]">&gt;&gt;</a>&nbsp;&nbsp;&nbsp;TIM3_IRQHandler
</UL>

<P><STRONG><a name="[bc]"></a>delay_para_compara</STRONG> (Thumb, 166 bytes, Stack size 24 bytes, motor_dri.o(i.delay_para_compara))
<BR><BR>[Stack]<UL><LI>Max Depth = 176<LI>Call Chain = delay_para_compara &rArr; move_time_calculate &rArr; __aeabi_dmul &rArr; _double_epilogue &rArr; __aeabi_llsl
</UL>
<BR>[Calls]<UL><LI><a href="#[d4]">&gt;&gt;</a>&nbsp;&nbsp;&nbsp;move_time_calculate
<LI><a href="#[d5]">&gt;&gt;</a>&nbsp;&nbsp;&nbsp;limit_for_framesMax
<LI><a href="#[b3]">&gt;&gt;</a>&nbsp;&nbsp;&nbsp;delay_send_pake
<LI><a href="#[31]">&gt;&gt;</a>&nbsp;&nbsp;&nbsp;__aeabi_ui2f
<LI><a href="#[6a]">&gt;&gt;</a>&nbsp;&nbsp;&nbsp;__aeabi_uidivmod
</UL>
<BR>[Called By]<UL><LI><a href="#[ba]">&gt;&gt;</a>&nbsp;&nbsp;&nbsp;slider_manage_function
<LI><a href="#[b9]">&gt;&gt;</a>&nbsp;&nbsp;&nbsp;app_Receiver
</UL>

<P><STRONG><a name="[b3]"></a>delay_send_pake</STRONG> (Thumb, 198 bytes, Stack size 16 bytes, motor_dri.o(i.delay_send_pake))
<BR><BR>[Stack]<UL><LI>Max Depth = 16<LI>Call Chain = delay_send_pake
</UL>
<BR>[Calls]<UL><LI><a href="#[d6]">&gt;&gt;</a>&nbsp;&nbsp;&nbsp;Usart22_Interval_set
</UL>
<BR>[Called By]<UL><LI><a href="#[92]">&gt;&gt;</a>&nbsp;&nbsp;&nbsp;auto_return_check
<LI><a href="#[d2]">&gt;&gt;</a>&nbsp;&nbsp;&nbsp;delay_mode_main
<LI><a href="#[ba]">&gt;&gt;</a>&nbsp;&nbsp;&nbsp;slider_manage_function
<LI><a href="#[bb]">&gt;&gt;</a>&nbsp;&nbsp;&nbsp;max_amount_check
<LI><a href="#[d5]">&gt;&gt;</a>&nbsp;&nbsp;&nbsp;limit_for_framesMax
<LI><a href="#[bc]">&gt;&gt;</a>&nbsp;&nbsp;&nbsp;delay_para_compara
<LI><a href="#[b9]">&gt;&gt;</a>&nbsp;&nbsp;&nbsp;app_Receiver
<LI><a href="#[af]">&gt;&gt;</a>&nbsp;&nbsp;&nbsp;ab_set_OK_key
</UL>

<P><STRONG><a name="[77]"></a>drv_spi_read_write_byte</STRONG> (Thumb, 72 bytes, Stack size 24 bytes, rf24l01.o(i.drv_spi_read_write_byte))
<BR><BR>[Stack]<UL><LI>Max Depth = 24<LI>Call Chain = drv_spi_read_write_byte
</UL>
<BR>[Calls]<UL><LI><a href="#[7a]">&gt;&gt;</a>&nbsp;&nbsp;&nbsp;LL_GPIO_IsInputPinSet
</UL>
<BR>[Called By]<UL><LI><a href="#[7b]">&gt;&gt;</a>&nbsp;&nbsp;&nbsp;NRF24L01_Write_Buf
<LI><a href="#[76]">&gt;&gt;</a>&nbsp;&nbsp;&nbsp;NRF24L01_Read_Status_Register
<LI><a href="#[79]">&gt;&gt;</a>&nbsp;&nbsp;&nbsp;NRF24L01_Read_Reg
<LI><a href="#[78]">&gt;&gt;</a>&nbsp;&nbsp;&nbsp;NRF24L01_Read_Buf
<LI><a href="#[75]">&gt;&gt;</a>&nbsp;&nbsp;&nbsp;NRF24L01_Clear_IRQ_Flag
<LI><a href="#[40]">&gt;&gt;</a>&nbsp;&nbsp;&nbsp;NRF24L01_Write_Reg
<LI><a href="#[47]">&gt;&gt;</a>&nbsp;&nbsp;&nbsp;NRF24L01_TxPacket
</UL>

<P><STRONG><a name="[c6]"></a>enter_bootloader</STRONG> (Thumb, 24 bytes, Stack size 0 bytes, bootloader.o(i.enter_bootloader))
<BR><BR>[Stack]<UL><LI>Max Depth = 92<LI>Call Chain = enter_bootloader &rArr; write_bootTag &rArr; write_flash_holfword_buffer &rArr; write_flash_holfword &rArr; FLASH_ProgramHalfWord &rArr; FLASH_WaitForLastOperation
</UL>
<BR>[Calls]<UL><LI><a href="#[d7]">&gt;&gt;</a>&nbsp;&nbsp;&nbsp;write_bootTag
</UL>
<BR>[Called By]<UL><LI><a href="#[c2]">&gt;&gt;</a>&nbsp;&nbsp;&nbsp;bootloader_action_if
</UL>

<P><STRONG><a name="[d8]"></a>erase_flash_OnePage</STRONG> (Thumb, 14 bytes, Stack size 4 bytes, flash.o(i.erase_flash_OnePage))
<BR><BR>[Stack]<UL><LI>Max Depth = 28<LI>Call Chain = erase_flash_OnePage &rArr; FLASH_ErasePage &rArr; FLASH_WaitForLastOperation
</UL>
<BR>[Calls]<UL><LI><a href="#[58]">&gt;&gt;</a>&nbsp;&nbsp;&nbsp;FLASH_ErasePage
</UL>
<BR>[Called By]<UL><LI><a href="#[e7]">&gt;&gt;</a>&nbsp;&nbsp;&nbsp;write_flash_holfword_buffer
</UL>

<P><STRONG><a name="[d1]"></a>fisrt_time_begin</STRONG> (Thumb, 62 bytes, Stack size 8 bytes, motor_dri.o(i.fisrt_time_begin))
<BR><BR>[Stack]<UL><LI>Max Depth = 48<LI>Call Chain = fisrt_time_begin &rArr; mcu_set_data_to_apk &rArr; __aeabi_fmul
</UL>
<BR>[Calls]<UL><LI><a href="#[d9]">&gt;&gt;</a>&nbsp;&nbsp;&nbsp;motor_speed_adjust
<LI><a href="#[b2]">&gt;&gt;</a>&nbsp;&nbsp;&nbsp;mcu_set_data_to_apk
</UL>
<BR>[Called By]<UL><LI><a href="#[d3]">&gt;&gt;</a>&nbsp;&nbsp;&nbsp;time_lapse_delay_1SBegin
<LI><a href="#[cd]">&gt;&gt;</a>&nbsp;&nbsp;&nbsp;delay_confirm
</UL>

<P><STRONG><a name="[bd]"></a>get_count_down_data</STRONG> (Thumb, 84 bytes, Stack size 16 bytes, motor_dri.o(i.get_count_down_data))
<BR><BR>[Stack]<UL><LI>Max Depth = 28<LI>Call Chain = get_count_down_data &rArr; __aeabi_uidivmod
</UL>
<BR>[Calls]<UL><LI><a href="#[6a]">&gt;&gt;</a>&nbsp;&nbsp;&nbsp;__aeabi_uidivmod
</UL>
<BR>[Called By]<UL><LI><a href="#[dc]">&gt;&gt;</a>&nbsp;&nbsp;&nbsp;motor_init
<LI><a href="#[ce]">&gt;&gt;</a>&nbsp;&nbsp;&nbsp;get_run_param
<LI><a href="#[b9]">&gt;&gt;</a>&nbsp;&nbsp;&nbsp;app_Receiver
</UL>

<P><STRONG><a name="[ce]"></a>get_run_param</STRONG> (Thumb, 116 bytes, Stack size 16 bytes, motor_dri.o(i.get_run_param))
<BR><BR>[Stack]<UL><LI>Max Depth = 168<LI>Call Chain = get_run_param &rArr; move_time_calculate &rArr; __aeabi_dmul &rArr; _double_epilogue &rArr; __aeabi_llsl
</UL>
<BR>[Calls]<UL><LI><a href="#[d4]">&gt;&gt;</a>&nbsp;&nbsp;&nbsp;move_time_calculate
<LI><a href="#[d9]">&gt;&gt;</a>&nbsp;&nbsp;&nbsp;motor_speed_adjust
<LI><a href="#[bd]">&gt;&gt;</a>&nbsp;&nbsp;&nbsp;get_count_down_data
</UL>
<BR>[Called By]<UL><LI><a href="#[cd]">&gt;&gt;</a>&nbsp;&nbsp;&nbsp;delay_confirm
</UL>

<P><STRONG><a name="[4b]"></a>if_write_flash</STRONG> (Thumb, 8 bytes, Stack size 0 bytes, flash.o(i.if_write_flash))
<BR><BR>[Called By]<UL><LI><a href="#[3f]">&gt;&gt;</a>&nbsp;&nbsp;&nbsp;Burn_code_value
<LI><a href="#[ba]">&gt;&gt;</a>&nbsp;&nbsp;&nbsp;slider_manage_function
</UL>

[...]
<BR><BR>[Stack]<UL><LI>Max Depth = 24<LI>Call Chain = usart22_read_byte &rArr; Usart22_Receiver
</UL>
<BR>[Calls]<UL><LI><a href="#[9e]">&gt;&gt;</a>&nbsp;&nbsp;&nbsp;Usart22_Receiver
</UL>
<BR>[Called By]<UL><LI><a href="#[1e]">&gt;&gt;</a>&nbsp;&nbsp;&nbsp;USART2_IRQHandler
</UL>

<P><STRONG><a name="[e9]"></a>video_mode_confirm</STRONG> (Thumb, 34 bytes, Stack size 8 bytes, motor_dri.o(i.video_mode_confirm))
<BR><BR>[Stack]<UL><LI>Max Depth = 76<LI>Call Chain = video_mode_confirm &rArr; write_flash_active &rArr; write_flash_holfword_buffer &rArr; write_flash_holfword &rArr; FLASH_ProgramHalfWord &rArr; FLASH_WaitForLastOperation
</UL>
<BR>[Calls]<UL><LI><a href="#[4c]">&gt;&gt;</a>&nbsp;&nbsp;&nbsp;write_flash_active
<LI><a href="#[cf]">&gt;&gt;</a>&nbsp;&nbsp;&nbsp;motor_start
<LI><a href="#[d9]">&gt;&gt;</a>&nbsp;&nbsp;&nbsp;motor_speed_adjust
</UL>
<BR>[Called By]<UL><LI><a href="#[ba]">&gt;&gt;</a>&nbsp;&nbsp;&nbsp;slider_manage_function
</UL>

<P><STRONG><a name="[e0]"></a>wifi24G_data_Dispose</STRONG> (Thumb, 12 bytes, Stack size 8 bytes, rf24l01.o(i.wifi24G_data_Dispose))
<BR><BR>[Stack]<UL><LI>Max Depth = 248<LI>Call Chain = wifi24G_data_Dispose &rArr; wifi24G_read_data &rArr; app_Receiver &rArr; slider_manage_function &rArr; delay_confirm &rArr; get_run_param &rArr; move_time_calculate &rArr; __aeabi_dmul &rArr; _double_epilogue &rArr; __aeabi_llsl
</UL>
<BR>[Calls]<UL><LI><a href="#[ed]">&gt;&gt;</a>&nbsp;&nbsp;&nbsp;wifi24G_send_data
<LI><a href="#[ee]">&gt;&gt;</a>&nbsp;&nbsp;&nbsp;wifi24G_read_data
</UL>
<BR>[Called By]<UL><LI><a href="#[1f]">&gt;&gt;</a>&nbsp;&nbsp;&nbsp;main
</UL>

<P><STRONG><a name="[ee]"></a>wifi24G_read_data</STRONG> (Thumb, 42 bytes, Stack size 8 bytes, rf24l01.o(i.wifi24G_read_data))
<BR><BR>[Stack]<UL><LI>Max Depth = 240<LI>Call Chain = wifi24G_read_data &rArr; app_Receiver &rArr; slider_manage_function &rArr; delay_confirm &rArr; get_run_param &rArr; move_time_calculate &rArr; __aeabi_dmul &rArr; _double_epilogue &rArr; __aeabi_llsl
</UL>
<BR>[Calls]<UL><LI><a href="#[b9]">&gt;&gt;</a>&nbsp;&nbsp;&nbsp;app_Receiver
<LI><a href="#[46]">&gt;&gt;</a>&nbsp;&nbsp;&nbsp;NRF24L01_RxPacket
</UL>
<BR>[Called By]<UL><LI><a href="#[e0]">&gt;&gt;</a>&nbsp;&nbsp;&nbsp;wifi24G_data_Dispose
</UL>

<P><STRONG><a name="[ed]"></a>wifi24G_send_data</STRONG> (Thumb, 192 bytes, Stack size 24 bytes, rf24l01.o(i.wifi24G_send_data))
<BR><BR>[Stack]<UL><LI>Max Depth = 112<LI>Call Chain = wifi24G_send_data &rArr; Nrf24L01_init &rArr; NRF24L01_check &rArr; NRF24L01_Write_Buf &rArr; drv_spi_read_write_byte
</UL>
<BR>[Calls]<UL><LI><a href="#[49]">&gt;&gt;</a>&nbsp;&nbsp;&nbsp;Nrf24L01_init
<LI><a href="#[79]">&gt;&gt;</a>&nbsp;&nbsp;&nbsp;NRF24L01_Read_Reg
<LI><a href="#[44]">&gt;&gt;</a>&nbsp;&nbsp;&nbsp;RF24L01_Set_Mode
<LI><a href="#[47]">&gt;&gt;</a>&nbsp;&nbsp;&nbsp;NRF24L01_TxPacket
</UL>
<BR>[Called By]<UL><LI><a href="#[e0]">&gt;&gt;</a>&nbsp;&nbsp;&nbsp;wifi24G_data_Dispose
</UL>

<P><STRONG><a name="[d7]"></a>write_bootTag</STRONG> (Thumb, 42 bytes, Stack size 32 bytes, flash.o(i.write_bootTag))
<BR><BR>[Stack]<UL><LI>Max Depth = 92<LI>Call Chain = write_bootTag &rArr; write_flash_holfword_buffer &rArr; write_flash_holfword &rArr; FLASH_ProgramHalfWord &rArr; FLASH_WaitForLastOperation
</UL>
<BR>[Calls]<UL><LI><a href="#[e7]">&gt;&gt;</a>&nbsp;&nbsp;&nbsp;write_flash_holfword_buffer
<LI><a href="#[ca]">&gt;&gt;</a>&nbsp;&nbsp;&nbsp;read_flash_holfword
</UL>
<BR>[Called By]<UL><LI><a href="#[c6]">&gt;&gt;</a>&nbsp;&nbsp;&nbsp;enter_bootloader
</UL>

<P><STRONG><a name="[4c]"></a>write_flash_active</STRONG> (Thumb, 26 bytes, Stack size 8 bytes, flash.o(i.write_flash_active))
<BR><BR>[Stack]<UL><LI>Max Depth = 68<LI>Call Chain = write_flash_active &rArr; write_flash_holfword_buffer &rArr; write_flash_holfword &rArr; FLASH_ProgramHalfWord &rArr; FLASH_WaitForLastOperation
</UL>
<BR>[Calls]<UL><LI><a href="#[e7]">&gt;&gt;</a>&nbsp;&nbsp;&nbsp;write_flash_holfword_buffer
</UL>
<BR>[Called By]<UL><LI><a href="#[3f]">&gt;&gt;</a>&nbsp;&nbsp;&nbsp;Burn_code_value
<LI><a href="#[e9]">&gt;&gt;</a>&nbsp;&nbsp;&nbsp;video_mode_confirm
<LI><a href="#[ba]">&gt;&gt;</a>&nbsp;&nbsp;&nbsp;slider_manage_function
<LI><a href="#[cd]">&gt;&gt;</a>&nbsp;&nbsp;&nbsp;delay_confirm
</UL>

<P><STRONG><a name="[ef]"></a>write_flash_holfword</STRONG> (Thumb, 14 bytes, Stack size 4 bytes, flash.o(i.write_flash_holfword))
<BR><BR>[Stack]<UL><LI>Max Depth = 28<LI>Call Chain = write_flash_holfword &rArr; FLASH_ProgramHalfWord &rArr; FLASH_WaitForLastOperation
</UL>
<BR>[Calls]<UL><LI><a href="#[5a]">&gt;&gt;</a>&nbsp;&nbsp;&nbsp;FLASH_ProgramHalfWord
</UL>
<BR>[Called By]<UL><LI><a href="#[e7]">&gt;&gt;</a>&nbsp;&nbsp;&nbsp;write_flash_holfword_buffer
</UL>

<P><STRONG><a name="[e7]"></a>write_flash_holfword_buffer</STRONG> (Thumb, 82 bytes, Stack size 32 bytes, flash.o(i.write_flash_holfword_buffer))
<BR><BR>[Stack]<UL><LI>Max Depth = 60<LI>Call Chain = write_flash_holfword_buffer &rArr; write_flash_holfword &rArr; FLASH_ProgramHalfWord &rArr; FLASH_WaitForLastOperation
</UL>
<BR>[Calls]<UL><LI><a href="#[45]">&gt;&gt;</a>&nbsp;&nbsp;&nbsp;Feed_IWDG
<LI><a href="#[ef]">&gt;&gt;</a>&nbsp;&nbsp;&nbsp;write_flash_holfword
<LI><a href="#[d8]">&gt;&gt;</a>&nbsp;&nbsp;&nbsp;erase_flash_OnePage
<LI><a href="#[f0]">&gt;&gt;</a>&nbsp;&nbsp;&nbsp;FLASH_Unlock
<LI><a href="#[f1]">&gt;&gt;</a>&nbsp;&nbsp;&nbsp;FLASH_Lock
</UL>
<BR>[Called By]<UL><LI><a href="#[d7]">&gt;&gt;</a>&nbsp;&nbsp;&nbsp;write_bootTag
<LI><a href="#[4c]">&gt;&gt;</a>&nbsp;&nbsp;&nbsp;write_flash_active
<LI><a href="#[e2]">&gt;&gt;</a>&nbsp;&nbsp;&nbsp;para_read_from_flash
</UL>
<P>
<H3>
Local Symbols
</H3>
<P><STRONG><a name="[db]"></a>LL_AHB1_GRP1_EnableClock</STRONG> (Thumb, 18 bytes, Stack size 8 bytes, main.o(i.LL_AHB1_GRP1_EnableClock))
<BR><BR>[Stack]<UL><LI>Max Depth = 8<LI>Call Chain = LL_AHB1_GRP1_EnableClock
</UL>
<BR>[Called By]<UL><LI><a href="#[1f]">&gt;&gt;</a>&nbsp;&nbsp;&nbsp;main
</UL>

<P><STRONG><a name="[6c]"></a>LL_APB1_GRP1_EnableClock</STRONG> (Thumb, 18 bytes, Stack size 8 bytes, main.o(i.LL_APB1_GRP1_EnableClock))
<BR><BR>[Stack]<UL><LI>Max Depth = 8<LI>Call Chain = LL_APB1_GRP1_EnableClock
</UL>
<BR>[Called By]<UL><LI><a href="#[1f]">&gt;&gt;</a>&nbsp;&nbsp;&nbsp;main
<LI><a href="#[6b]">&gt;&gt;</a>&nbsp;&nbsp;&nbsp;MX_TIM3_Init
</UL>

<P><STRONG><a name="[6f]"></a>LL_TIM_OC_EnablePreload</STRONG> (Thumb, 82 bytes, Stack size 0 bytes, main.o(i.LL_TIM_OC_EnablePreload))
<BR><BR>[Called By]<UL><LI><a href="#[6b]">&gt;&gt;</a>&nbsp;&nbsp;&nbsp;MX_TIM3_Init
</UL>

<P><STRONG><a name="[6b]"></a>MX_TIM3_Init</STRONG> (Thumb, 188 bytes, Stack size 104 bytes, main.o(i.MX_TIM3_Init))
<BR><BR>[Stack]<UL><LI>Max Depth = 128<LI>Call Chain = MX_TIM3_Init &rArr; LL_TIM_OC_Init &rArr; OC4Config
</UL>
<BR>[Calls]<UL><LI><a href="#[70]">&gt;&gt;</a>&nbsp;&nbsp;&nbsp;motor_init_stop
<LI><a href="#[64]">&gt;&gt;</a>&nbsp;&nbsp;&nbsp;LL_TIM_OC_Init
<LI><a href="#[6e]">&gt;&gt;</a>&nbsp;&nbsp;&nbsp;LL_TIM_Init
<LI><a href="#[3d]">&gt;&gt;</a>&nbsp;&nbsp;&nbsp;LL_GPIO_Init
<LI><a href="#[6d]">&gt;&gt;</a>&nbsp;&nbsp;&nbsp;NVIC_SetPriority
<LI><a href="#[6f]">&gt;&gt;</a>&nbsp;&nbsp;&nbsp;LL_TIM_OC_EnablePreload
<LI><a href="#[6c]">&gt;&gt;</a>&nbsp;&nbsp;&nbsp;LL_APB1_GRP1_EnableClock
</UL>
<BR>[Called By]<UL><LI><a href="#[1f]">&gt;&gt;</a>&nbsp;&nbsp;&nbsp;main
</UL>

<P><STRONG><a name="[6d]"></a>NVIC_SetPriority</STRONG> (Thumb, 60 bytes, Stack size 0 bytes, main.o(i.NVIC_SetPriority))
<BR><BR>[Called By]<UL><LI><a href="#[1f]">&gt;&gt;</a>&nbsp;&nbsp;&nbsp;main
<LI><a href="#[6b]">&gt;&gt;</a>&nbsp;&nbsp;&nbsp;MX_TIM3_Init
</UL>

<P><STRONG><a name="[a0]"></a>LL_AHB1_GRP1_EnableClock</STRONG> (Thumb, 18 bytes, Stack size 8 bytes, uart.o(i.LL_AHB1_GRP1_EnableClock))
<BR><BR>[Stack]<UL><LI>Max Depth = 8<LI>Call Chain = LL_AHB1_GRP1_EnableClock
</UL>
<BR>[Called By]<UL><LI><a href="#[74]">&gt;&gt;</a>&nbsp;&nbsp;&nbsp;Usart22_Send_Dma_Init
<LI><a href="#[73]">&gt;&gt;</a>&nbsp;&nbsp;&nbsp;Usart22_Receiver_Dma_Init
</UL>

<P><STRONG><a name="[56]"></a>LL_DMA_DisableChannel</STRONG> (Thumb, 18 bytes, Stack size 0 bytes, uart.o(i.LL_DMA_DisableChannel))
<BR><BR>[Called By]<UL><LI><a href="#[9e]">&gt;&gt;</a>&nbsp;&nbsp;&nbsp;Usart22_Receiver
<LI><a href="#[9a]">&gt;&gt;</a>&nbsp;&nbsp;&nbsp;usart1_receiver
<LI><a href="#[4f]">&gt;&gt;</a>&nbsp;&nbsp;&nbsp;Usart22_Dma_SendIRQ_Dispose
<LI><a href="#[4e]">&gt;&gt;</a>&nbsp;&nbsp;&nbsp;Dma_SendIRQ_Dispose
</UL>

<P><STRONG><a name="[55]"></a>LL_DMA_DisableIT_TC</STRONG> (Thumb, 18 bytes, Stack size 0 bytes, uart.o(i.LL_DMA_DisableIT_TC))
<BR><BR>[Called By]<UL><LI><a href="#[4f]">&gt;&gt;</a>&nbsp;&nbsp;&nbsp;Usart22_Dma_SendIRQ_Dispose
<LI><a href="#[4e]">&gt;&gt;</a>&nbsp;&nbsp;&nbsp;Dma_SendIRQ_Dispose
</UL>

<P><STRONG><a name="[87]"></a>LL_DMA_EnableChannel</STRONG> (Thumb, 18 bytes, Stack size 0 bytes, uart.o(i.LL_DMA_EnableChannel))
<BR><BR>[Called By]<UL><LI><a href="#[8a]">&gt;&gt;</a>&nbsp;&nbsp;&nbsp;Usart11_Send_Handling
<LI><a href="#[84]">&gt;&gt;</a>&nbsp;&nbsp;&nbsp;String_Printf
<LI><a href="#[73]">&gt;&gt;</a>&nbsp;&nbsp;&nbsp;Usart22_Receiver_Dma_Init
<LI><a href="#[e1]">&gt;&gt;</a>&nbsp;&nbsp;&nbsp;usart22_Recdata_Handling
</UL>

<P><STRONG><a name="[86]"></a>LL_DMA_EnableIT_TC</STRONG> (Thumb, 18 bytes, Stack size 0 bytes, uart.o(i.LL_DMA_EnableIT_TC))
<BR><BR>[Called By]<UL><LI><a href="#[8a]">&gt;&gt;</a>&nbsp;&nbsp;&nbsp;Usart11_Send_Handling
<LI><a href="#[84]">&gt;&gt;</a>&nbsp;&nbsp;&nbsp;String_Printf
</UL>

<P><STRONG><a name="[9f]"></a>LL_DMA_GetDataLength</STRONG> (Thumb, 16 bytes, Stack size 0 bytes, uart.o(i.LL_DMA_GetDataLength))
<BR><BR>[Called By]<UL><LI><a href="#[9e]">&gt;&gt;</a>&nbsp;&nbsp;&nbsp;Usart22_Receiver
<LI><a href="#[9a]">&gt;&gt;</a>&nbsp;&nbsp;&nbsp;usart1_receiver
</UL>

<P><STRONG><a name="[a4]"></a>LL_DMA_SetChannelPriorityLevel</STRONG> (Thumb, 24 bytes, Stack size 8 bytes, uart.o(i.LL_DMA_SetChannelPriorityLevel))
<BR><BR>[Stack]<UL><LI>Max Depth = 8<LI>Call Chain = LL_DMA_SetChannelPriorityLevel
</UL>
<BR>[Called By]<UL><LI><a href="#[74]">&gt;&gt;</a>&nbsp;&nbsp;&nbsp;Usart22_Send_Dma_Init
<LI><a href="#[73]">&gt;&gt;</a>&nbsp;&nbsp;&nbsp;Usart22_Receiver_Dma_Init
</UL>

<P><STRONG><a name="[85]"></a>LL_DMA_SetDataLength</STRONG> (Thumb, 22 bytes, Stack size 0 bytes, uart.o(i.LL_DMA_SetDataLength))
<BR><BR>[Called By]<UL><LI><a href="#[8a]">&gt;&gt;</a>&nbsp;&nbsp;&nbsp;Usart11_Send_Handling
<LI><a href="#[84]">&gt;&gt;</a>&nbsp;&nbsp;&nbsp;String_Printf
<LI><a href="#[74]">&gt;&gt;</a>&nbsp;&nbsp;&nbsp;Usart22_Send_Dma_Init
<LI><a href="#[73]">&gt;&gt;</a>&nbsp;&nbsp;&nbsp;Usart22_Receiver_Dma_Init
<LI><a href="#[e1]">&gt;&gt;</a>&nbsp;&nbsp;&nbsp;usart22_Recdata_Handling
</UL>

<P><STRONG><a name="[a3]"></a>LL_DMA_SetDataTransferDirection</STRONG> (Thumb, 22 bytes, Stack size 8 bytes, uart.o(i.LL_DMA_SetDataTransferDirection))
<BR><BR>[Stack]<UL><LI>Max Depth = 8<LI>Call Chain = LL_DMA_SetDataTransferDirection
</UL>
<BR>[Called By]<UL><LI><a href="#[74]">&gt;&gt;</a>&nbsp;&nbsp;&nbsp;Usart22_Send_Dma_Init
<LI><a href="#[73]">&gt;&gt;</a>&nbsp;&nbsp;&nbsp;Usart22_Receiver_Dma_Init
</UL>

<P><STRONG><a name="[a2]"></a>LL_DMA_SetMemoryAddress</STRONG> (Thumb, 14 bytes, Stack size 0 bytes, uart.o(i.LL_DMA_SetMemoryAddress))
<BR><BR>[Called By]<UL><LI><a href="#[74]">&gt;&gt;</a>&nbsp;&nbsp;&nbsp;Usart22_Send_Dma_Init
<LI><a href="#[73]">&gt;&gt;</a>&nbsp;&nbsp;&nbsp;Usart22_Receiver_Dma_Init
</UL>

<P><STRONG><a name="[a6]"></a>LL_DMA_SetMemoryIncMode</STRONG> (Thumb, 22 bytes, Stack size 8 bytes, uart.o(i.LL_DMA_SetMemoryIncMode))
<BR><BR>[Stack]<UL><LI>Max Depth = 8<LI>Call Chain = LL_DMA_SetMemoryIncMode
</UL>
<BR>[Called By]<UL><LI><a href="#[74]">&gt;&gt;</a>&nbsp;&nbsp;&nbsp;Usart22_Send_Dma_Init
<LI><a href="#[73]">&gt;&gt;</a>&nbsp;&nbsp;&nbsp;Usart22_Receiver_Dma_Init
</UL>

<P><STRONG><a name="[a8]"></a>LL_DMA_SetMemorySize</STRONG> (Thumb, 24 bytes, Stack size 8 bytes, uart.o(i.LL_DMA_SetMemorySize))
<BR><BR>[Stack]<UL><LI>Max Depth = 8<LI>Call Chain = LL_DMA_SetMemorySize
</UL>
<BR>[Called By]<UL><LI><a href="#[74]">&gt;&gt;</a>&nbsp;&nbsp;&nbsp;Usart22_Send_Dma_Init
<LI><a href="#[73]">&gt;&gt;</a>&nbsp;&nbsp;&nbsp;Usart22_Receiver_Dma_Init
</UL>

<P><STRONG><a name="[a9]"></a>LL_DMA_SetMode</STRONG> (Thumb, 22 bytes, Stack size 8 bytes, uart.o(i.LL_DMA_SetMode))
<BR><BR>[Stack]<UL><LI>Max Depth = 8<LI>Call Chain = LL_DMA_SetMode
</UL>
<BR>[Called By]<UL><LI><a href="#[74]">&gt;&gt;</a>&nbsp;&nbsp;&nbsp;Usart22_Send_Dma_Init
<LI><a href="#[73]">&gt;&gt;</a>&nbsp;&nbsp;&nbsp;Usart22_Receiver_Dma_Init
</UL>

<P><STRONG><a name="[a1]"></a>LL_DMA_SetPeriphAddress</STRONG> (Thumb, 14 bytes, Stack size 0 bytes, uart.o(i.LL_DMA_SetPeriphAddress))
<BR><BR>[Called By]<UL><LI><a href="#[74]">&gt;&gt;</a>&nbsp;&nbsp;&nbsp;Usart22_Send_Dma_Init
<LI><a href="#[73]">&gt;&gt;</a>&nbsp;&nbsp;&nbsp;Usart22_Receiver_Dma_Init
</UL>

<P><STRONG><a name="[a5]"></a>LL_DMA_SetPeriphIncMode</STRONG> (Thumb, 22 bytes, Stack size 8 bytes, uart.o(i.LL_DMA_SetPeriphIncMode))
<BR><BR>[Stack]<UL><LI>Max Depth = 8<LI>Call Chain = LL_DMA_SetPeriphIncMode
</UL>
<BR>[Called By]<UL><LI><a href="#[74]">&gt;&gt;</a>&nbsp;&nbsp;&nbsp;Usart22_Send_Dma_Init
<LI><a href="#[73]">&gt;&gt;</a>&nbsp;&nbsp;&nbsp;Usart22_Receiver_Dma_Init
</UL>

<P><STRONG><a name="[a7]"></a>LL_DMA_SetPeriphSize</STRONG> (Thumb, 24 bytes, Stack size 8 bytes, uart.o(i.LL_DMA_SetPeriphSize))
<BR><BR>[Stack]<UL><LI>Max Depth = 8<LI>Call Chain = LL_DMA_SetPeriphSize
</UL>
<BR>[Called By]<UL><LI><a href="#[74]">&gt;&gt;</a>&nbsp;&nbsp;&nbsp;Usart22_Send_Dma_Init
<LI><a href="#[73]">&gt;&gt;</a>&nbsp;&nbsp;&nbsp;Usart22_Receiver_Dma_Init
</UL>

<P><STRONG><a name="[ab]"></a>NVIC_EnableIRQ</STRONG> (Thumb, 14 bytes, Stack size 0 bytes, uart.o(i.NVIC_EnableIRQ))
<BR><BR>[Called By]<UL><LI><a href="#[72]">&gt;&gt;</a>&nbsp;&nbsp;&nbsp;Usart22_init
<LI><a href="#[74]">&gt;&gt;</a>&nbsp;&nbsp;&nbsp;Usart22_Send_Dma_Init
</UL>

<P><STRONG><a name="[aa]"></a>NVIC_SetPriority</STRONG> (Thumb, 60 bytes, Stack size 0 bytes, uart.o(i.NVIC_SetPriority))
<BR><BR>[Called By]<UL><LI><a href="#[72]">&gt;&gt;</a>&nbsp;&nbsp;&nbsp;Usart22_init
<LI><a href="#[74]">&gt;&gt;</a>&nbsp;&nbsp;&nbsp;Usart22_Send_Dma_Init
</UL>

<P><STRONG><a name="[73]"></a>Usart22_Receiver_Dma_Init</STRONG> (Thumb, 122 bytes, Stack size 8 bytes, uart.o(i.Usart22_Receiver_Dma_Init))
<BR><BR>[Stack]<UL><LI>Max Depth = 16<LI>Call Chain = Usart22_Receiver_Dma_Init &rArr; LL_DMA_SetPeriphSize
</UL>
<BR>[Calls]<UL><LI><a href="#[a7]">&gt;&gt;</a>&nbsp;&nbsp;&nbsp;LL_DMA_SetPeriphSize
<LI><a href="#[a5]">&gt;&gt;</a>&nbsp;&nbsp;&nbsp;LL_DMA_SetPeriphIncMode
<LI><a href="#[a1]">&gt;&gt;</a>&nbsp;&nbsp;&nbsp;LL_DMA_SetPeriphAddress
<LI><a href="#[a9]">&gt;&gt;</a>&nbsp;&nbsp;&nbsp;LL_DMA_SetMode
<LI><a href="#[a8]">&gt;&gt;</a>&nbsp;&nbsp;&nbsp;LL_DMA_SetMemorySize
<LI><a href="#[a6]">&gt;&gt;</a>&nbsp;&nbsp;&nbsp;LL_DMA_SetMemoryIncMode
<LI><a href="#[a2]">&gt;&gt;</a>&nbsp;&nbsp;&nbsp;LL_DMA_SetMemoryAddress
<LI><a href="#[a3]">&gt;&gt;</a>&nbsp;&nbsp;&nbsp;LL_DMA_SetDataTransferDirection
<LI><a href="#[85]">&gt;&gt;</a>&nbsp;&nbsp;&nbsp;LL_DMA_SetDataLength
<LI><a href="#[a4]">&gt;&gt;</a>&nbsp;&nbsp;&nbsp;LL_DMA_SetChannelPriorityLevel
<LI><a href="#[87]">&gt;&gt;</a>&nbsp;&nbsp;&nbsp;LL_DMA_EnableChannel
<LI><a href="#[a0]">&gt;&gt;</a>&nbsp;&nbsp;&nbsp;LL_AHB1_GRP1_EnableClock
</UL>
<BR>[Called By]<UL><LI><a href="#[71]">&gt;&gt;</a>&nbsp;&nbsp;&nbsp;MX_USART2_UART_Init
</UL>

<P><STRONG><a name="[74]"></a>Usart22_Send_Dma_Init</STRONG> (Thumb, 136 bytes, Stack size 16 bytes, uart.o(i.Usart22_Send_Dma_Init))
<BR><BR>[Stack]<UL><LI>Max Depth = 24<LI>Call Chain = Usart22_Send_Dma_Init &rArr; LL_DMA_SetPeriphSize
</UL>
<BR>[Calls]<UL><LI><a href="#[aa]">&gt;&gt;</a>&nbsp;&nbsp;&nbsp;NVIC_SetPriority
<LI><a href="#[ab]">&gt;&gt;</a>&nbsp;&nbsp;&nbsp;NVIC_EnableIRQ
<LI><a href="#[a7]">&gt;&gt;</a>&nbsp;&nbsp;&nbsp;LL_DMA_SetPeriphSize
<LI><a href="#[a5]">&gt;&gt;</a>&nbsp;&nbsp;&nbsp;LL_DMA_SetPeriphIncMode
<LI><a href="#[a1]">&gt;&gt;</a>&nbsp;&nbsp;&nbsp;LL_DMA_SetPeriphAddress
<LI><a href="#[a9]">&gt;&gt;</a>&nbsp;&nbsp;&nbsp;LL_DMA_SetMode
<LI><a href="#[a8]">&gt;&gt;</a>&nbsp;&nbsp;&nbsp;LL_DMA_SetMemorySize
<LI><a href="#[a6]">&gt;&gt;</a>&nbsp;&nbsp;&nbsp;LL_DMA_SetMemoryIncMode
<LI><a href="#[a2]">&gt;&gt;</a>&nbsp;&nbsp;&nbsp;LL_DMA_SetMemoryAddress
<LI><a href="#[a3]">&gt;&gt;</a>&nbsp;&nbsp;&nbsp;LL_DMA_SetDataTransferDirection
<LI><a href="#[85]">&gt;&gt;</a>&nbsp;&nbsp;&nbsp;LL_DMA_SetDataLength
<LI><a href="#[a4]">&gt;&gt;</a>&nbsp;&nbsp;&nbsp;LL_DMA_SetChannelPriorityLevel
<LI><a href="#[a0]">&gt;&gt;</a>&nbsp;&nbsp;&nbsp;LL_AHB1_GRP1_EnableClock
</UL>
<BR>[Called By]<UL><LI><a href="#[71]">&gt;&gt;</a>&nbsp;&nbsp;&nbsp;MX_USART2_UART_Init
</UL>

<P><STRONG><a name="[72]"></a>Usart22_init</STRONG> (Thumb, 154 bytes, Stack size 80 bytes, uart.o(i.Usart22_init))
<BR><BR>[Stack]<UL><LI>Max Depth = 148<LI>Call Chain = Usart22_init &rArr; LL_USART_Init &rArr; LL_RCC_GetUSARTClockFreq &rArr; RCC_GetSystemClockFreq &rArr; RCC_PLL_GetFreqDomain_SYS &rArr; __aeabi_uidivmod
</UL>
<BR>[Calls]<UL><LI><a href="#[69]">&gt;&gt;</a>&nbsp;&nbsp;&nbsp;LL_USART_Init
<LI><a href="#[aa]">&gt;&gt;</a>&nbsp;&nbsp;&nbsp;NVIC_SetPriority
<LI><a href="#[ab]">&gt;&gt;</a>&nbsp;&nbsp;&nbsp;NVIC_EnableIRQ
<LI><a href="#[3d]">&gt;&gt;</a>&nbsp;&nbsp;&nbsp;LL_GPIO_Init
</UL>
<BR>[Called By]<UL><LI><a href="#[71]">&gt;&gt;</a>&nbsp;&nbsp;&nbsp;MX_USART2_UART_Init
</UL>

<P><STRONG><a name="[c1]"></a>LL_GPIO_IsInputPinSet</STRONG> (Thumb, 14 bytes, Stack size 0 bytes, motor_dri.o(i.LL_GPIO_IsInputPinSet))
<BR><BR>[Called By]<UL><LI><a href="#[c0]">&gt;&gt;</a>&nbsp;&nbsp;&nbsp;bluetooth_pair_led
</UL>

<P><STRONG><a name="[89]"></a>swuart_calcCRC</STRONG> (Thumb, 66 bytes, Stack size 20 bytes, tmc2208.o(i.swuart_calcCRC))
<BR><BR>[Stack]<UL><LI>Max Depth = 20<LI>Call Chain = swuart_calcCRC
</UL>
<BR>[Called By]<UL><LI><a href="#[88]">&gt;&gt;</a>&nbsp;&nbsp;&nbsp;TCM2208Register_Write
</UL>

<P><STRONG><a name="[e8]"></a>LL_AHB1_GRP1_EnableClock</STRONG> (Thumb, 18 bytes, Stack size 8 bytes, gpio.o(i.LL_AHB1_GRP1_EnableClock))
<BR><BR>[Stack]<UL><LI>Max Depth = 8<LI>Call Chain = LL_AHB1_GRP1_EnableClock
</UL>
<BR>[Called By]<UL><LI><a href="#[53]">&gt;&gt;</a>&nbsp;&nbsp;&nbsp;shutter_gpio_init
</UL>

<P><STRONG><a name="[7a]"></a>LL_GPIO_IsInputPinSet</STRONG> (Thumb, 14 bytes, Stack size 0 bytes, rf24l01.o(i.LL_GPIO_IsInputPinSet))
<BR><BR>[Called By]<UL><LI><a href="#[77]">&gt;&gt;</a>&nbsp;&nbsp;&nbsp;drv_spi_read_write_byte
<LI><a href="#[47]">&gt;&gt;</a>&nbsp;&nbsp;&nbsp;NRF24L01_TxPacket
<LI><a href="#[46]">&gt;&gt;</a>&nbsp;&nbsp;&nbsp;NRF24L01_RxPacket
</UL>

<P><STRONG><a name="[66]"></a>OC1Config</STRONG> (Thumb, 124 bytes, Stack size 12 bytes, stm32f0xx_ll_tim.o(i.OC1Config))
<BR><BR>[Stack]<UL><LI>Max Depth = 12<LI>Call Chain = OC1Config
</UL>
<BR>[Called By]<UL><LI><a href="#[64]">&gt;&gt;</a>&nbsp;&nbsp;&nbsp;LL_TIM_OC_Init
</UL>

<P><STRONG><a name="[67]"></a>OC2Config</STRONG> (Thumb, 128 bytes, Stack size 16 bytes, stm32f0xx_ll_tim.o(i.OC2Config))
<BR><BR>[Stack]<UL><LI>Max Depth = 16<LI>Call Chain = OC2Config
</UL>
<BR>[Called By]<UL><LI><a href="#[64]">&gt;&gt;</a>&nbsp;&nbsp;&nbsp;LL_TIM_OC_Init
</UL>

<P><STRONG><a name="[68]"></a>OC3Config</STRONG> (Thumb, 134 bytes, Stack size 16 bytes, stm32f0xx_ll_tim.o(i.OC3Config))
<BR><BR>[Stack]<UL><LI>Max Depth = 16<LI>Call Chain = OC3Config
</UL>
<BR>[Called By]<UL><LI><a href="#[64]">&gt;&gt;</a>&nbsp;&nbsp;&nbsp;LL_TIM_OC_Init
</UL>

<P><STRONG><a name="[65]"></a>OC4Config</STRONG> (Thumb, 98 bytes, Stack size 16 bytes, stm32f0xx_ll_tim.o(i.OC4Config))
<BR><BR>[Stack]<UL><LI>Max Depth = 16<LI>Call Chain = OC4Config
</UL>
<BR>[Called By]<UL><LI><a href="#[64]">&gt;&gt;</a>&nbsp;&nbsp;&nbsp;LL_TIM_OC_Init
</UL>
<P>
<H3>
Undefined Global Symbols
</H3><HR></body></html>
