<html>
<body>
<pre>
<h1>µVision Build Log</h1>
<h2>Project:</h2>
F:\feng\project\A620\code\A620V11\MDK-ARM\A610.uvproj
Project File Date:  11/29/2018

<h2>Output:</h2>
Build target 'A610'
compiling ADC.c...
..\Src\User\ADC.c(162): warning:  #177-D: variable "temp" was declared but never referenced
                float temp=0;
..\Src\User\ADC.c(164): warning:  #177-D: variable "Adc_value22" was declared but never referenced
                float Adc_value22=0;
..\Src\User\ADC.c(168): warning:  #177-D: variable "Voltage_reference22" was declared but never referenced
                float Voltage_reference22 = 5.505;
..\Src\User\ADC.c: 3 warnings, 0 errors
linking...
Program Size: Code=12036 RO-data=256 RW-data=124 ZI-data=1436  
FromELF: creating hex file...
"A610\A620.axf" - 0 Error(s), 3 Warning(s).
</pre>
</body>
</html>
.axf" - 0 Error(s), 3 Warning(s).
 error:  #165: too few arguments in function call
                SHUTTER_OFF;
..\Src\User\motor_dri.c(798): error:  #109: expression must have (pointer-to-) function type
                        SHUTTER_ON;
..\Src\User\motor_dri.c(798): error:  #165: too few arguments in function call
                        SHUTTER_ON;
..\Src\User\motor_dri.c(811): error:  #109: expression must have (pointer-to-) function type
                        SHUTTER_OFF;
..\Src\User\motor_dri.c(811): error:  #165: too few arguments in function call
                        SHUTTER_OFF;
..\Src\User\motor_dri.c(990): error:  #109: expression must have (pointer-to-) function type
                        SHUTTER_ON;
..\Src\User\motor_dri.c(990): error:  #165: too few arguments in function call
                        SHUTTER_ON;
..\Src\User\motor_dri.c(1004): error:  #109: expression must have (pointer-to-) function type
                SHUTTER_OFF;
..\Src\User\motor_dri.c(1004): error:  #165: too few arguments in function call
                SHUTTER_OFF;
..\Src\User\motor_dri.c(1367): error:  #109: expression must have (pointer-to-) function type
                                                SHUTTER_ON;
..\Src\User\motor_dri.c(1367): error:  #165: too few arguments in function call
                                                SHUTTER_ON;
..\Src\User\motor_dri.c(1373): error:  #109: expression must have (pointer-to-) function type
                                                SHUTTER_OFF;
..\Src\User\motor_dri.c(1373): error:  #165: too few arguments in function call
                                                SHUTTER_OFF;
..\Src\User\motor_dri.c(1980): error:  #109: expression must have (pointer-to-) function type
                                        SHUTTER_OFF;
..\Src\User\motor_dri.c(1980): error:  #165: too few arguments in function call
                                        SHUTTER_OFF;
..\Src\User\motor_dri.c: 0 warnings, 16 errors
"A610\A620.axf" - 16 Error(s), 3 Warning(s).
Target not created
