<html>
<body>
<pre>
<h1>µVision Build Log</h1>
<h2>Project:</h2>
F:\MyProject\project\Product\A630\code\A630\MDK-ARM\A610.uvproj
Project File Date:  06/17/2018

<h2>Output:</h2>
Build target 'A610'
compiling ADC.c...
linking...
Program Size: Code=11420 RO-data=256 RW-data=112 ZI-data=1440  
FromELF: creating hex file...
"A610\A630.axf" - 0 Error(s), 0 Warning(s).
</pre>
</body>
</html>
X_TIM1_Init" was declared but never referenced
  static void MX_TIM1_Init(void);
../Src/main.c(269): warning:  #177-D: function "MX_RTC_Init" was declared but never referenced
  static void MX_RTC_Init(void)
../Src/main.c: 3 warnings, 0 errors
compiling stm32f0xx_it.c...
compiling uart.c...
compiling ADC.c...
..\Src\User\ADC.c(170): error:  #20: identifier "BATERRY_LOW" is undefined
                                        low_voltage = BATERRY_LOW;
..\Src\User\ADC.c: 0 warnings, 1 error
compiling motor_dri.c...
compiling flash.c...
"A610\B600.axf" - 1 Error(s), 3 Warning(s).
Target not created
