ARM Linker, 5.03 [Build 76] [MDK-ARM Standard]

==============================================================================

Section Cross References

    system_stm32f0xx.o(i.SystemCoreClockUpdate) refers to uidiv.o(.text) for __aeabi_uidivmod
    system_stm32f0xx.o(i.SystemCoreClockUpdate) refers to system_stm32f0xx.o(.data) for .data
    system_stm32f0xx.o(i.SystemCoreClockUpdate) refers to system_stm32f0xx.o(.constdata) for .constdata
    main.o(i.GPIO_OUT_init) refers to stm32f0xx_ll_gpio.o(i.LL_GPIO_Init) for LL_GPIO_Init
    main.o(i.LL_TIM_OC_EnablePreload) refers to main.o(.constdata) for .constdata
    main.o(i.MX_TIM3_Init) refers to main.o(i.LL_APB1_GRP1_EnableClock) for LL_APB1_GRP1_EnableClock
    main.o(i.MX_TIM3_Init) refers to main.o(i.NVIC_SetPriority) for NVIC_SetPriority
    main.o(i.MX_TIM3_Init) refers to stm32f0xx_ll_tim.o(i.LL_TIM_Init) for LL_TIM_Init
    main.o(i.MX_TIM3_Init) refers to main.o(i.LL_TIM_OC_EnablePreload) for LL_TIM_OC_EnablePreload
    main.o(i.MX_TIM3_Init) refers to stm32f0xx_ll_tim.o(i.LL_TIM_OC_Init) for LL_TIM_OC_Init
    main.o(i.MX_TIM3_Init) refers to stm32f0xx_ll_gpio.o(i.LL_GPIO_Init) for LL_GPIO_Init
    main.o(i.MX_TIM3_Init) refers to main.o(.constdata) for .constdata
    main.o(i.MX_USART2_UART_Init) refers to main.o(i.LL_APB1_GRP2_EnableClock) for LL_APB1_GRP2_EnableClock
    main.o(i.MX_USART2_UART_Init) refers to stm32f0xx_ll_gpio.o(i.LL_GPIO_Init) for LL_GPIO_Init
    main.o(i.MX_USART2_UART_Init) refers to main.o(i.NVIC_SetPriority) for NVIC_SetPriority
    main.o(i.MX_USART2_UART_Init) refers to stm32f0xx_ll_usart.o(i.LL_USART_Init) for LL_USART_Init
    main.o(i.SystemClock_Config) refers to stm32f0xx_ll_utils.o(i.LL_Init1msTick) for LL_Init1msTick
    main.o(i.SystemClock_Config) refers to stm32f0xx_ll_utils.o(i.LL_SetSystemCoreClock) for LL_SetSystemCoreClock
    main.o(i.SystemClock_Config) refers to main.o(i.NVIC_SetPriority) for NVIC_SetPriority
    main.o(i.main) refers to main.o(i.LL_APB1_GRP2_EnableClock) for LL_APB1_GRP2_EnableClock
    main.o(i.main) refers to main.o(i.NVIC_SetPriority) for NVIC_SetPriority
    main.o(i.main) refers to main.o(i.SystemClock_Config) for SystemClock_Config
    main.o(i.main) refers to main.o(i.LL_AHB1_GRP1_EnableClock) for LL_AHB1_GRP1_EnableClock
    main.o(i.main) refers to main.o(i.GPIO_OUT_init) for GPIO_OUT_init
    main.o(i.main) refers to main.o(i.MX_TIM3_Init) for MX_TIM3_Init
    main.o(i.main) refers to main.o(i.LL_APB1_GRP1_EnableClock) for LL_APB1_GRP1_EnableClock
    main.o(i.main) refers to stm32f0xx_ll_tim.o(i.LL_TIM_Init) for LL_TIM_Init
    main.o(i.main) refers to main.o(i.MX_USART2_UART_Init) for MX_USART2_UART_Init
    main.o(i.main) refers to keyscan.o(i.keyscan_pin_init) for keyscan_pin_init
    main.o(i.main) refers to oled_spi.o(i.Oled_init) for Oled_init
    main.o(i.main) refers to motor_dri.o(i.motor_init) for motor_init
    main.o(i.main) refers to ab_set.o(i.ab_set_display) for ab_set_display
    main.o(i.main) refers to keyscan.o(i.keyscan) for keyscan
    main.o(i.main) refers to motor_dri.o(i.motor_slowly_startedORstop) for motor_slowly_startedORstop
    main.o(i.main) refers to orbital.o(i.delay_mode_main) for delay_mode_main
    stm32f0xx_it.o(i.TIM14_IRQHandler) refers to adc.o(i.adc_cout) for adc_cout
    stm32f0xx_it.o(i.TIM14_IRQHandler) refers to motor_dri.o(i.time_count) for time_count
    stm32f0xx_it.o(i.TIM14_IRQHandler) refers to keyscan.o(i.scan_cycle_count) for scan_cycle_count
    stm32f0xx_it.o(i.TIM1_BRK_UP_TRG_COM_IRQHandler) refers to ab_set.o(i.pulse_count) for pulse_count
    stm32f0xx_it.o(i.TIM3_IRQHandler) refers to ab_set.o(i.pulse_count) for pulse_count
    stm32f0xx_it.o(i.TIM3_IRQHandler) refers to motor_dri.o(i.slow_spee_check) for slow_spee_check
    stm32f0xx_it.o(i.TIM3_IRQHandler) refers to orbital.o(i.delay_move_time_compara) for delay_move_time_compara
    stm32f0xx_it.o(i.USART1_IRQHandler) refers to uart.o(i.usart_read_byte) for usart_read_byte
    uart.o(i.print_word_data) refers to printfa.o(i.__0sprintf) for __2sprintf
    uart.o(i.print_word_data) refers to uart.o(i.uart_string_send) for uart_string_send
    uart.o(i.usart_read_byte) refers to main.o(i.Feed_IWDG) for Feed_IWDG
    uart.o(i.usart_read_byte) refers to uart.o(.data) for .data
    uart.o(i.usart_timer_test) refers to uart.o(.data) for .data
    adc.o(i.A_d_c_int) refers to adc.o(i.Adc_Gpio_init) for Adc_Gpio_init
    adc.o(i.A_d_c_int) refers to adc.o(i.Dma_int) for Dma_int
    adc.o(i.A_d_c_int) refers to adc.o(i.Adc_function_init) for Adc_function_init
    adc.o(i.Adc_Gpio_init) refers to stm32f0xx_ll_gpio.o(i.LL_GPIO_Init) for LL_GPIO_Init
    adc.o(i.Dma_int) refers to adc.o(.constdata) for .constdata
    adc.o(i.Dma_int) refers to adc.o(.data) for .data
    adc.o(i.adc_cout) refers to adc.o(.data) for .data
    adc.o(i.read_ADC_value) refers to fflti.o(.text) for __aeabi_i2f
    adc.o(i.read_ADC_value) refers to fmul.o(.text) for __aeabi_fmul
[...]
    Removing oled_spi.o(.rev16_text), (4 bytes).
    Removing oled_spi.o(.revsh_text), (4 bytes).
    Removing oled_spi.o(i.Angle_desplay), (60 bytes).
    Removing oled_spi.o(i.Draw_BMP), (66 bytes).
    Removing oled_spi.o(i.LCD_CLS), (52 bytes).
    Removing oled_spi.o(i.LCD_CLS_line_area), (38 bytes).
    Removing oled_spi.o(i.LCD_CLS_y), (44 bytes).
    Removing oled_spi.o(i.LCD_P6x8Str), (76 bytes).
    Removing oled_spi.o(i.LCD_PutPixel), (46 bytes).
    Removing oled_spi.o(i.LCD_Put_Column), (40 bytes).
    Removing oled_spi.o(i.battery_display), (68 bytes).
    Removing oled_spi.o(i.battery_display_off), (52 bytes).
    Removing oled_spi.o(i.oled_display_6x8str), (60 bytes).
    Removing oled_spi.o(i.oled_enter_sleep), (10 bytes).
    Removing oled_spi.o(i.oled_out_sleep), (10 bytes).
    Removing oled_spi.o(i.oled_spi_test), (20 bytes).
    Removing orbital.o(.rev16_text), (4 bytes).
    Removing orbital.o(.revsh_text), (4 bytes).
    Removing orbital.o(i.battery_data_display), (72 bytes).
    Removing orbital.o(i.delay_mode_time_count), (20 bytes).
    Removing orbital.o(i.delay_param_compara), (148 bytes).
    Removing orbital.o(i.or_video_dir_display), (2 bytes).
    Removing keyscan.o(.rev16_text), (4 bytes).
    Removing keyscan.o(.revsh_text), (4 bytes).
    Removing keyscan.o(i.boot_screen), (16 bytes).
    Removing keyscan.o(.data), (1 bytes).
    Removing keyscan.o(.data), (1 bytes).
    Removing keyscan.o(.data), (1 bytes).
    Removing keyscan.o(.data), (2 bytes).
    Removing keyscan.o(.data), (2 bytes).
    Removing keyscan.o(.data), (2 bytes).
    Removing keyscan.o(.data), (2 bytes).
    Removing stm32f0xx_ll_adc.o(.rev16_text), (4 bytes).
    Removing stm32f0xx_ll_adc.o(.revsh_text), (4 bytes).
    Removing stm32f0xx_ll_adc.o(i.LL_ADC_CommonDeInit), (28 bytes).
    Removing stm32f0xx_ll_adc.o(i.LL_ADC_DeInit), (196 bytes).
    Removing stm32f0xx_ll_adc.o(i.LL_ADC_Init), (44 bytes).
    Removing stm32f0xx_ll_adc.o(i.LL_ADC_REG_Init), (52 bytes).
    Removing stm32f0xx_ll_adc.o(i.LL_ADC_REG_StructInit), (18 bytes).
    Removing stm32f0xx_ll_adc.o(i.LL_ADC_StructInit), (16 bytes).
    Removing stm32f0xx_ll_utils.o(.rev16_text), (4 bytes).
    Removing stm32f0xx_ll_utils.o(.revsh_text), (4 bytes).
    Removing stm32f0xx_ll_utils.o(i.LL_PLL_ConfigSystemClock_HSE), (104 bytes).
    Removing stm32f0xx_ll_utils.o(i.LL_PLL_ConfigSystemClock_HSI), (84 bytes).
    Removing stm32f0xx_ll_utils.o(i.LL_RCC_PLL_ConfigDomain_SYS), (44 bytes).
    Removing stm32f0xx_ll_utils.o(i.LL_mDelay), (32 bytes).
    Removing stm32f0xx_ll_utils.o(i.UTILS_EnablePLLAndSwitchSystem), (152 bytes).
    Removing stm32f0xx_ll_utils.o(i.UTILS_GetPLLOutputFrequency), (24 bytes).
    Removing stm32f0xx_ll_utils.o(i.UTILS_PLL_IsBusy), (20 bytes).
    Removing stm32f0xx_ll_utils.o(i.UTILS_SetFlashLatency), (52 bytes).
    Removing stm32f0xx_ll_exti.o(.rev16_text), (4 bytes).
    Removing stm32f0xx_ll_exti.o(.revsh_text), (4 bytes).
    Removing stm32f0xx_ll_exti.o(i.LL_EXTI_DeInit), (36 bytes).
    Removing stm32f0xx_ll_exti.o(i.LL_EXTI_Init), (160 bytes).
    Removing stm32f0xx_ll_exti.o(i.LL_EXTI_StructInit), (14 bytes).
    Removing stm32f0xx_ll_rcc.o(.rev16_text), (4 bytes).
    Removing stm32f0xx_ll_rcc.o(.revsh_text), (4 bytes).
    Removing stm32f0xx_ll_rcc.o(i.LL_RCC_DeInit), (100 bytes).
    Removing stm32f0xx_ll_rcc.o(i.LL_RCC_GetI2CClockFreq), (48 bytes).
    Removing stm32f0xx_ll_tim.o(.rev16_text), (4 bytes).
    Removing stm32f0xx_ll_tim.o(.revsh_text), (4 bytes).
    Removing stm32f0xx_ll_tim.o(i.LL_APB1_GRP2_ForceReset), (16 bytes).
    Removing stm32f0xx_ll_tim.o(i.LL_APB1_GRP2_ReleaseReset), (16 bytes).
    Removing stm32f0xx_ll_tim.o(i.LL_TIM_BDTR_Init), (74 bytes).
    Removing stm32f0xx_ll_tim.o(i.LL_TIM_BDTR_StructInit), (18 bytes).
    Removing stm32f0xx_ll_tim.o(i.LL_TIM_DeInit), (156 bytes).
    Removing stm32f0xx_ll_tim.o(i.LL_TIM_ENCODER_Init), (96 bytes).
    Removing stm32f0xx_ll_tim.o(i.LL_TIM_ENCODER_StructInit), (28 bytes).
    Removing stm32f0xx_ll_tim.o(i.LL_TIM_HALLSENSOR_Init), (88 bytes).
    Removing stm32f0xx_ll_tim.o(i.LL_TIM_HALLSENSOR_StructInit), (12 bytes).
    Removing stm32f0xx_ll_tim.o(i.LL_TIM_IC_Init), (222 bytes).
    Removing stm32f0xx_ll_tim.o(i.LL_TIM_IC_StructInit), (16 bytes).
    Removing stm32f0xx_ll_tim.o(i.LL_TIM_OC_StructInit), (20 bytes).
    Removing stm32f0xx_ll_tim.o(i.LL_TIM_StructInit), (16 bytes).
    Removing stm32f0xx_ll_usart.o(.rev16_text), (4 bytes).
    Removing stm32f0xx_ll_usart.o(.revsh_text), (4 bytes).
    Removing stm32f0xx_ll_usart.o(i.LL_USART_ClockInit), (60 bytes).
    Removing stm32f0xx_ll_usart.o(i.LL_USART_ClockStructInit), (12 bytes).
    Removing stm32f0xx_ll_usart.o(i.LL_USART_DeInit), (68 bytes).
    Removing stm32f0xx_ll_usart.o(i.LL_USART_StructInit), (24 bytes).
    Removing stm32f0xx_ll_dma.o(.rev16_text), (4 bytes).
    Removing stm32f0xx_ll_dma.o(.revsh_text), (4 bytes).
    Removing stm32f0xx_ll_dma.o(i.LL_DMA_DeInit), (124 bytes).
    Removing stm32f0xx_ll_dma.o(i.LL_DMA_Init), (92 bytes).
    Removing stm32f0xx_ll_dma.o(i.LL_DMA_StructInit), (24 bytes).
    Removing stm32f0xx_ll_dma.o(.constdata), (5 bytes).
    Removing stm32f0xx_ll_pwr.o(.rev16_text), (4 bytes).
    Removing stm32f0xx_ll_pwr.o(.revsh_text), (4 bytes).
    Removing stm32f0xx_ll_pwr.o(i.LL_PWR_DeInit), (28 bytes).
    Removing stm32f0xx_ll_gpio.o(.rev16_text), (4 bytes).
    Removing stm32f0xx_ll_gpio.o(.revsh_text), (4 bytes).
    Removing stm32f0xx_ll_gpio.o(i.LL_AHB1_GRP1_ForceReset), (16 bytes).
    Removing stm32f0xx_ll_gpio.o(i.LL_AHB1_GRP1_ReleaseReset), (16 bytes).
    Removing stm32f0xx_ll_gpio.o(i.LL_GPIO_DeInit), (96 bytes).
    Removing stm32f0xx_ll_gpio.o(i.LL_GPIO_StructInit), (24 bytes).
    Removing stm32f0xx_ll_rtc.o(.rev16_text), (4 bytes).
    Removing stm32f0xx_ll_rtc.o(.revsh_text), (4 bytes).
    Removing stm32f0xx_ll_rtc.o(i.LL_RTC_ALMA_ConfigTime), (36 bytes).
    Removing stm32f0xx_ll_rtc.o(i.LL_RTC_ALMA_Init), (200 bytes).
    Removing stm32f0xx_ll_rtc.o(i.LL_RTC_ALMA_StructInit), (20 bytes).
    Removing stm32f0xx_ll_rtc.o(i.LL_RTC_DATE_Config), (40 bytes).
    Removing stm32f0xx_ll_rtc.o(i.LL_RTC_DATE_Init), (156 bytes).
    Removing stm32f0xx_ll_rtc.o(i.LL_RTC_DATE_StructInit), (14 bytes).
    Removing stm32f0xx_ll_rtc.o(i.LL_RTC_DeInit), (76 bytes).
    Removing stm32f0xx_ll_rtc.o(i.LL_RTC_EnterInitMode), (76 bytes).
    Removing stm32f0xx_ll_rtc.o(i.LL_RTC_ExitInitMode), (10 bytes).
    Removing stm32f0xx_ll_rtc.o(i.LL_RTC_Init), (82 bytes).
    Removing stm32f0xx_ll_rtc.o(i.LL_RTC_StructInit), (14 bytes).
    Removing stm32f0xx_ll_rtc.o(i.LL_RTC_TIME_Config), (36 bytes).
    Removing stm32f0xx_ll_rtc.o(i.LL_RTC_TIME_Init), (148 bytes).
    Removing stm32f0xx_ll_rtc.o(i.LL_RTC_TIME_StructInit), (12 bytes).
    Removing stm32f0xx_ll_rtc.o(i.LL_RTC_WaitForSynchro), (116 bytes).
    Removing startup_stm32f030x8.o(HEAP), (512 bytes).
    Removing fadd.o(.text), (178 bytes).
    Removing fdiv.o(.text), (124 bytes).
    Removing fflti.o(.text), (22 bytes).
    Removing ffltui.o(.text), (14 bytes).

172 unused section(s) (total 6664 bytes) removed from the image.

==============================================================================

Image Symbol Table

    Local Symbols

    Symbol Name                              Value     Ov Type        Size  Object(Section)

    ../Drivers/STM32F0xx_HAL_Driver/Src/stm32f0xx_ll_adc.c 0x00000000   Number         0  stm32f0xx_ll_adc.o ABSOLUTE
    ../Drivers/STM32F0xx_HAL_Driver/Src/stm32f0xx_ll_dma.c 0x00000000   Number         0  stm32f0xx_ll_dma.o ABSOLUTE
    ../Drivers/STM32F0xx_HAL_Driver/Src/stm32f0xx_ll_exti.c 0x00000000   Number         0  stm32f0xx_ll_exti.o ABSOLUTE
    ../Drivers/STM32F0xx_HAL_Driver/Src/stm32f0xx_ll_gpio.c 0x00000000   Number         0  stm32f0xx_ll_gpio.o ABSOLUTE
    ../Drivers/STM32F0xx_HAL_Driver/Src/stm32f0xx_ll_pwr.c 0x00000000   Number         0  stm32f0xx_ll_pwr.o ABSOLUTE
    ../Drivers/STM32F0xx_HAL_Driver/Src/stm32f0xx_ll_rcc.c 0x00000000   Number         0  stm32f0xx_ll_rcc.o ABSOLUTE
    ../Drivers/STM32F0xx_HAL_Driver/Src/stm32f0xx_ll_rtc.c 0x00000000   Number         0  stm32f0xx_ll_rtc.o ABSOLUTE
    ../Drivers/STM32F0xx_HAL_Driver/Src/stm32f0xx_ll_tim.c 0x00000000   Number         0  stm32f0xx_ll_tim.o ABSOLUTE
    ../Drivers/STM32F0xx_HAL_Driver/Src/stm32f0xx_ll_usart.c 0x00000000   Number         0  stm32f0xx_ll_usart.o ABSOLUTE
    ../Drivers/STM32F0xx_HAL_Driver/Src/stm32f0xx_ll_utils.c 0x00000000   Number         0  stm32f0xx_ll_utils.o ABSOLUTE
    ../Src/main.c                            0x00000000   Number         0  main.o ABSOLUTE
    ../Src/stm32f0xx_it.c                    0x00000000   Number         0  stm32f0xx_it.o ABSOLUTE
    ../Src/system_stm32f0xx.c                0x00000000   Number         0  system_stm32f0xx.o ABSOLUTE
    ../clib/microlib/division.c              0x00000000   Number         0  uldiv.o ABSOLUTE
    ../clib/microlib/division.c              0x00000000   Number         0  uidiv.o ABSOLUTE
    ../clib/microlib/division.c              0x00000000   Number         0  idiv.o ABSOLUTE
    ../clib/microlib/init/entry.s            0x00000000   Number         0  entry8a.o ABSOLUTE
    ../clib/microlib/init/entry.s            0x00000000   Number         0  entry8b.o ABSOLUTE
    ../clib/microlib/init/entry.s            0x00000000   Number         0  entry10b.o ABSOLUTE
    ../clib/microlib/init/entry.s            0x00000000   Number         0  entry7b.o ABSOLUTE
    ../clib/microlib/init/entry.s            0x00000000   Number         0  entry9a.o ABSOLUTE
    ../clib/microlib/init/entry.s            0x00000000   Number         0  entry2.o ABSOLUTE
    ../clib/microlib/init/entry.s            0x00000000   Number         0  entry5.o ABSOLUTE
    ../clib/microlib/init/entry.s            0x00000000   Number         0  entry11b.o ABSOLUTE
    ../clib/microlib/init/entry.s            0x00000000   Number         0  entry9b.o ABSOLUTE
    ../clib/microlib/init/entry.s            0x00000000   Number         0  entry11a.o ABSOLUTE
    ../clib/microlib/init/entry.s            0x00000000   Number         0  entry10a.o ABSOLUTE
    ../clib/microlib/init/entry.s            0x00000000   Number         0  entry7a.o ABSOLUTE
    ../clib/microlib/init/entry.s            0x00000000   Number         0  entry.o ABSOLUTE
    ../clib/microlib/longlong.c              0x00000000   Number         0  llushr.o ABSOLUTE
    ../clib/microlib/longlong.c              0x00000000   Number         0  llshl.o ABSOLUTE
    ../clib/microlib/longlong.c              0x00000000   Number         0  llsshr.o ABSOLUTE
    ../clib/microlib/printf/printf.c         0x00000000   Number         0  printfa.o ABSOLUTE
    ../clib/microlib/printf/printf.c         0x00000000   Number         0  printfb.o ABSOLUTE
    ../clib/microlib/printf/printf.c         0x00000000   Number         0  printf0.o ABSOLUTE
    ../clib/microlib/printf/printf.c         0x00000000   Number         0  printf1.o ABSOLUTE
    ../clib/microlib/printf/printf.c         0x00000000   Number         0  printf3.o ABSOLUTE
    ../clib/microlib/printf/printf.c         0x00000000   Number         0  printf4.o ABSOLUTE
    ../clib/microlib/printf/printf.c         0x00000000   Number         0  printf2.o ABSOLUTE
    ../clib/microlib/printf/printf.c         0x00000000   Number         0  printf5.o ABSOLUTE
    ../clib/microlib/printf/printf.c         0x00000000   Number         0  printf6.o ABSOLUTE
    ../clib/microlib/printf/printf.c         0x00000000   Number         0  printf7.o ABSOLUTE
    ../clib/microlib/printf/printf.c         0x00000000   Number         0  printf8.o ABSOLUTE
    ../clib/microlib/printf/stubs.s          0x00000000   Number         0  stubs.o ABSOLUTE
    ../clib/microlib/stdio/fputc.c           0x00000000   Number         0  fputc.o ABSOLUTE
    ../clib/microlib/stdio/semi.s            0x00000000   Number         0  semi.o ABSOLUTE
    ../clib/microlib/stdio/streams.c         0x00000000   Number         0  stdout.o ABSOLUTE
    ../clib/microlib/stubs.s                 0x00000000   Number         0  iusesemip.o ABSOLUTE
    ../clib/microlib/stubs.s                 0x00000000   Number         0  iusefp.o ABSOLUTE
    ../fplib/microlib/d2f.c                  0x00000000   Number         0  d2f.o ABSOLUTE
    ../fplib/microlib/f2d.c                  0x00000000   Number         0  f2d.o ABSOLUTE
    ../fplib/microlib/fpadd.c                0x00000000   Number         0  dadd.o ABSOLUTE
    ../fplib/microlib/fpadd.c                0x00000000   Number         0  fadd.o ABSOLUTE
    ../fplib/microlib/fpdiv.c                0x00000000   Number         0  fdiv.o ABSOLUTE
    ../fplib/microlib/fpdiv.c                0x00000000   Number         0  ddiv.o ABSOLUTE
    ../fplib/microlib/fpepilogue.c           0x00000000   Number         0  fepilogue.o ABSOLUTE
    ../fplib/microlib/fpepilogue.c           0x00000000   Number         0  depilogue.o ABSOLUTE
    ../fplib/microlib/fpfix.c                0x00000000   Number         0  ffixui.o ABSOLUTE
    ../fplib/microlib/fpfix.c                0x00000000   Number         0  dfixul.o ABSOLUTE
    ../fplib/microlib/fpfix.c                0x00000000   Number         0  dfixui.o ABSOLUTE
    ../fplib/microlib/fpflt.c                0x00000000   Number         0  fflti.o ABSOLUTE
    ../fplib/microlib/fpflt.c                0x00000000   Number         0  ffltui.o ABSOLUTE
    ../fplib/microlib/fpflt.c                0x00000000   Number         0  dfltui.o ABSOLUTE
    ../fplib/microlib/fpmul.c                0x00000000   Number         0  dmul.o ABSOLUTE
    ../fplib/microlib/fpmul.c                0x00000000   Number         0  fmul.o ABSOLUTE
    ..\Drivers\STM32F0xx_HAL_Driver\Src\stm32f0xx_ll_adc.c 0x00000000   Number         0  stm32f0xx_ll_adc.o ABSOLUTE
    ..\Drivers\STM32F0xx_HAL_Driver\Src\stm32f0xx_ll_dma.c 0x00000000   Number         0  stm32f0xx_ll_dma.o ABSOLUTE
    ..\Drivers\STM32F0xx_HAL_Driver\Src\stm32f0xx_ll_exti.c 0x00000000   Number         0  stm32f0xx_ll_exti.o ABSOLUTE
    ..\Drivers\STM32F0xx_HAL_Driver\Src\stm32f0xx_ll_gpio.c 0x00000000   Number         0  stm32f0xx_ll_gpio.o ABSOLUTE
    ..\Drivers\STM32F0xx_HAL_Driver\Src\stm32f0xx_ll_pwr.c 0x00000000   Number         0  stm32f0xx_ll_pwr.o ABSOLUTE
    ..\Drivers\STM32F0xx_HAL_Driver\Src\stm32f0xx_ll_rcc.c 0x00000000   Number         0  stm32f0xx_ll_rcc.o ABSOLUTE
    ..\Drivers\STM32F0xx_HAL_Driver\Src\stm32f0xx_ll_rtc.c 0x00000000   Number         0  stm32f0xx_ll_rtc.o ABSOLUTE
    ..\Drivers\STM32F0xx_HAL_Driver\Src\stm32f0xx_ll_tim.c 0x00000000   Number         0  stm32f0xx_ll_tim.o ABSOLUTE
    ..\Drivers\STM32F0xx_HAL_Driver\Src\stm32f0xx_ll_usart.c 0x00000000   Number         0  stm32f0xx_ll_usart.o ABSOLUTE
    ..\Drivers\STM32F0xx_HAL_Driver\Src\stm32f0xx_ll_utils.c 0x00000000   Number         0  stm32f0xx_ll_utils.o ABSOLUTE
    ..\Src\User\ADC.c                        0x00000000   Number         0  adc.o ABSOLUTE
    ..\Src\User\ab_set.c                     0x00000000   Number         0  ab_set.o ABSOLUTE
    ..\Src\User\config.c                     0x00000000   Number         0  config.o ABSOLUTE
    ..\Src\User\flash.c                      0x00000000   Number         0  flash.o ABSOLUTE
    ..\Src\User\keyscan.c                    0x00000000   Number         0  keyscan.o ABSOLUTE
    ..\Src\User\motor_dri.c                  0x00000000   Number         0  motor_dri.o ABSOLUTE
    ..\Src\User\oled_spi.c                   0x00000000   Number         0  oled_spi.o ABSOLUTE
    ..\Src\User\orbital.c                    0x00000000   Number         0  orbital.o ABSOLUTE
    ..\Src\User\uart.c                       0x00000000   Number         0  uart.o ABSOLUTE
    ..\Src\main.c                            0x00000000   Number         0  main.o ABSOLUTE
    ..\Src\stm32f0xx_it.c                    0x00000000   Number         0  stm32f0xx_it.o ABSOLUTE
    ..\Src\system_stm32f0xx.c                0x00000000   Number         0  system_stm32f0xx.o ABSOLUTE
    ..\\Src\\User\\ADC.c                     0x00000000   Number         0  adc.o ABSOLUTE
    ..\\Src\\User\\ab_set.c                  0x00000000   Number         0  ab_set.o ABSOLUTE
    ..\\Src\\User\\config.c                  0x00000000   Number         0  config.o ABSOLUTE
    ..\\Src\\User\\flash.c                   0x00000000   Number         0  flash.o ABSOLUTE
    ..\\Src\\User\\keyscan.c                 0x00000000   Number         0  keyscan.o ABSOLUTE
    ..\\Src\\User\\motor_dri.c               0x00000000   Number         0  motor_dri.o ABSOLUTE
    ..\\Src\\User\\oled_spi.c                0x00000000   Number         0  oled_spi.o ABSOLUTE
    ..\\Src\\User\\orbital.c                 0x00000000   Number         0  orbital.o ABSOLUTE
    ..\\Src\\User\\uart.c                    0x00000000   Number         0  uart.o ABSOLUTE
    cdrcmple.s                               0x00000000   Number         0  cdrcmple.o ABSOLUTE
    cfcmple.s                                0x00000000   Number         0  cfcmple.o ABSOLUTE
    dc.s                                     0x00000000   Number         0  dc.o ABSOLUTE
    handlers.s                               0x00000000   Number         0  handlers.o ABSOLUTE
    init.s                                   0x00000000   Number         0  init.o ABSOLUTE
    startup_stm32f030x8.s                    0x00000000   Number         0  startup_stm32f030x8.o ABSOLUTE
    RESET                                    0x08000000   Section      180  startup_stm32f030x8.o(RESET)
    .ARM.Collect$$$$00000000                 0x080000b4   Section        0  entry.o(.ARM.Collect$$$$00000000)
    .ARM.Collect$$$$00000001                 0x080000b4   Section        4  entry2.o(.ARM.Collect$$$$00000001)
    .ARM.Collect$$$$00000004                 0x080000b8   Section        4  entry5.o(.ARM.Collect$$$$00000004)
    .ARM.Collect$$$$00000008                 0x080000bc   Section        0  entry7b.o(.ARM.Collect$$$$00000008)
    .ARM.Collect$$$$0000000A                 0x080000bc   Section        0  entry8b.o(.ARM.Collect$$$$0000000A)
    .ARM.Collect$$$$0000000B                 0x080000bc   Section        8  entry9a.o(.ARM.Collect$$$$0000000B)
    .ARM.Collect$$$$0000000D                 0x080000c4   Section        0  entry10a.o(.ARM.Collect$$$$0000000D)
    .ARM.Collect$$$$0000000F                 0x080000c4   Section        0  entry11a.o(.ARM.Collect$$$$0000000F)
    .ARM.Collect$$$$00002712                 0x080000c4   Section        4  entry2.o(.ARM.Collect$$$$00002712)
    __lit__00000000                          0x080000c4   Data           4  entry2.o(.ARM.Collect$$$$00002712)
    .text                                    0x080000c8   Section       28  startup_stm32f030x8.o(.text)
    .text                                    0x080000e4   Section        0  uidiv.o(.text)
    .text                                    0x08000110   Section        0  idiv.o(.text)
    .text                                    0x08000138   Section        0  fmul.o(.text)
    .text                                    0x080001b4   Section        0  dadd.o(.text)
    .text                                    0x08000318   Section        0  dmul.o(.text)
    .text                                    0x080003e8   Section        0  dfltui.o(.text)
    .text                                    0x08000404   Section        0  ffixui.o(.text)
    .text                                    0x0800042c   Section        0  dfixui.o(.text)
    .text                                    0x08000468   Section        0  f2d.o(.text)
    .text                                    0x08000490   Section        0  d2f.o(.text)
    .text                                    0x080004c8   Section       20  cfcmple.o(.text)
    .text                                    0x080004dc   Section        0  uldiv.o(.text)
    .text                                    0x0800053c   Section        0  llshl.o(.text)
    .text                                    0x0800055c   Section        0  llushr.o(.text)
    .text                                    0x0800057e   Section        0  llsshr.o(.text)
    .text                                    0x080005a4   Section        0  iusefp.o(.text)
    .text                                    0x080005a4   Section        0  fepilogue.o(.text)
    .text                                    0x08000628   Section        0  depilogue.o(.text)
    .text                                    0x080006e8   Section        0  ddiv.o(.text)
    .text                                    0x080007d8   Section        0  dfixul.o(.text)
    .text                                    0x08000818   Section       40  cdrcmple.o(.text)
    .text                                    0x08000840   Section       36  init.o(.text)
    i.DMA1_Channel1_IRQHandler               0x08000864   Section        0  stm32f0xx_it.o(i.DMA1_Channel1_IRQHandler)
    i.FLASH_ErasePage                        0x08000868   Section        0  flash.o(i.FLASH_ErasePage)
    i.FLASH_GetStatus                        0x080008a0   Section        0  flash.o(i.FLASH_GetStatus)
    i.FLASH_Lock                             0x080008c8   Section        0  flash.o(i.FLASH_Lock)
    i.FLASH_ProgramHalfWord                  0x080008d8   Section        0  flash.o(i.FLASH_ProgramHalfWord)
    i.FLASH_Unlock                           0x0800090c   Section        0  flash.o(i.FLASH_Unlock)
    i.FLASH_WaitForLastOperation             0x0800092c   Section        0  flash.o(i.FLASH_WaitForLastOperation)
    i.Fast_time_display                      0x08000950   Section        0  orbital.o(i.Fast_time_display)
    i.Feed_IWDG                              0x080009a0   Section        0  main.o(i.Feed_IWDG)
    i.GPIO_OUT_init                          0x080009a2   Section        0  main.o(i.GPIO_OUT_init)
    i.Gpio_confi_input                       0x080009be   Section        0  keyscan.o(i.Gpio_confi_input)
    i.HardFault_Handler                      0x080009da   Section        0  stm32f0xx_it.o(i.HardFault_Handler)
    i.LCD_Fill                               0x080009dc   Section        0  oled_spi.o(i.LCD_Fill)
    i.LCD_P16x16Str                          0x08000a14   Section        0  oled_spi.o(i.LCD_P16x16Str)
    i.LCD_P8x16Str                           0x08000aa4   Section        0  oled_spi.o(i.LCD_P8x16Str)
    i.LCD_Set_Pos                            0x08000b0c   Section        0  oled_spi.o(i.LCD_Set_Pos)
    i.LL_AHB1_GRP1_EnableClock               0x08000b30   Section        0  main.o(i.LL_AHB1_GRP1_EnableClock)
    LL_AHB1_GRP1_EnableClock                 0x08000b31   Thumb Code    18  main.o(i.LL_AHB1_GRP1_EnableClock)
    i.LL_APB1_GRP1_EnableClock               0x08000b48   Section        0  main.o(i.LL_APB1_GRP1_EnableClock)
    LL_APB1_GRP1_EnableClock                 0x08000b49   Thumb Code    18  main.o(i.LL_APB1_GRP1_EnableClock)
    i.LL_APB1_GRP2_EnableClock               0x08000b60   Section        0  main.o(i.LL_APB1_GRP2_EnableClock)
    LL_APB1_GRP2_EnableClock                 0x08000b61   Thumb Code    18  main.o(i.LL_APB1_GRP2_EnableClock)
    i.LL_GPIO_Init                           0x08000b78   Section        0  stm32f0xx_ll_gpio.o(i.LL_GPIO_Init)
    i.LL_GPIO_IsInputPinSet                  0x08000c20   Section        0  keyscan.o(i.LL_GPIO_IsInputPinSet)
    LL_GPIO_IsInputPinSet                    0x08000c21   Thumb Code    14  keyscan.o(i.LL_GPIO_IsInputPinSet)
    i.LL_Init1msTick                         0x08000c30   Section        0  stm32f0xx_ll_utils.o(i.LL_Init1msTick)
    i.LL_RCC_GetSystemClocksFreq             0x08000c50   Section        0  stm32f0xx_ll_rcc.o(i.LL_RCC_GetSystemClocksFreq)
    i.LL_RCC_GetUSARTClockFreq               0x08000c68   Section        0  stm32f0xx_ll_rcc.o(i.LL_RCC_GetUSARTClockFreq)
    i.LL_SetSystemCoreClock                  0x08000cbc   Section        0  stm32f0xx_ll_utils.o(i.LL_SetSystemCoreClock)
    i.LL_TIM_Init                            0x08000cc8   Section        0  stm32f0xx_ll_tim.o(i.LL_TIM_Init)
    i.LL_TIM_OC_EnablePreload                0x08000d4c   Section        0  main.o(i.LL_TIM_OC_EnablePreload)
    LL_TIM_OC_EnablePreload                  0x08000d4d   Thumb Code    82  main.o(i.LL_TIM_OC_EnablePreload)
    i.LL_TIM_OC_Init                         0x08000da4   Section        0  stm32f0xx_ll_tim.o(i.LL_TIM_OC_Init)
    i.LL_USART_Init                          0x08000de8   Section        0  stm32f0xx_ll_usart.o(i.LL_USART_Init)
    i.MX_TIM3_Init                           0x08000e94   Section        0  main.o(i.MX_TIM3_Init)
    MX_TIM3_Init                             0x08000e95   Thumb Code   180  main.o(i.MX_TIM3_Init)
    i.MX_USART2_UART_Init                    0x08000f58   Section        0  main.o(i.MX_USART2_UART_Init)
    MX_USART2_UART_Init                      0x08000f59   Thumb Code   134  main.o(i.MX_USART2_UART_Init)
    i.NMI_Handler                            0x08000fe8   Section        0  stm32f0xx_it.o(i.NMI_Handler)
    i.NVIC_SetPriority                       0x08000fec   Section        0  main.o(i.NVIC_SetPriority)
    NVIC_SetPriority                         0x08000fed   Thumb Code    60  main.o(i.NVIC_SetPriority)
    i.OC1Config                              0x08001030   Section        0  stm32f0xx_ll_tim.o(i.OC1Config)
    OC1Config                                0x08001031   Thumb Code   124  stm32f0xx_ll_tim.o(i.OC1Config)
    i.OC2Config                              0x080010bc   Section        0  stm32f0xx_ll_tim.o(i.OC2Config)
    OC2Config                                0x080010bd   Thumb Code   128  stm32f0xx_ll_tim.o(i.OC2Config)
    i.OC3Config                              0x0800114c   Section        0  stm32f0xx_ll_tim.o(i.OC3Config)
    OC3Config                                0x0800114d   Thumb Code   134  stm32f0xx_ll_tim.o(i.OC3Config)
    i.OC4Config                              0x080011e4   Section        0  stm32f0xx_ll_tim.o(i.OC4Config)
    OC4Config                                0x080011e5   Thumb Code    98  stm32f0xx_ll_tim.o(i.OC4Config)
    i.Oled_EnlPrint                          0x08001258   Section        0  oled_spi.o(i.Oled_EnlPrint)
    i.Oled_WrBy                              0x080012d4   Section        0  oled_spi.o(i.Oled_WrBy)
    i.Oled_Write_Command                     0x08001300   Section        0  oled_spi.o(i.Oled_Write_Command)
    i.Oled_Write_Data                        0x08001324   Section        0  oled_spi.o(i.Oled_Write_Data)
    i.Oled_init                              0x08001348   Section        0  oled_spi.o(i.Oled_init)
    i.PendSV_Handler                         0x0800142c   Section        0  stm32f0xx_it.o(i.PendSV_Handler)
    i.RCC_GetHCLKClockFreq                   0x08001430   Section        0  stm32f0xx_ll_rcc.o(i.RCC_GetHCLKClockFreq)
    i.RCC_GetPCLK1ClockFreq                  0x0800144c   Section        0  stm32f0xx_ll_rcc.o(i.RCC_GetPCLK1ClockFreq)
    i.RCC_GetSystemClockFreq                 0x08001464   Section        0  stm32f0xx_ll_rcc.o(i.RCC_GetSystemClockFreq)
    i.RCC_PLL_GetFreqDomain_SYS              0x08001488   Section        0  stm32f0xx_ll_rcc.o(i.RCC_PLL_GetFreqDomain_SYS)
    i.SVC_Handler                            0x080014c4   Section        0  stm32f0xx_it.o(i.SVC_Handler)
    i.SysTick_Handler                        0x080014c6   Section        0  stm32f0xx_it.o(i.SysTick_Handler)
    i.SystemClock_Config                     0x080014c8   Section        0  main.o(i.SystemClock_Config)
    i.SystemInit                             0x080015e0   Section        0  system_stm32f0xx.o(i.SystemInit)
    i.TIM14_IRQHandler                       0x0800163c   Section        0  stm32f0xx_it.o(i.TIM14_IRQHandler)
    i.TIM1_BRK_UP_TRG_COM_IRQHandler         0x08001658   Section        0  stm32f0xx_it.o(i.TIM1_BRK_UP_TRG_COM_IRQHandler)
    i.TIM3_IRQHandler                        0x08001674   Section        0  stm32f0xx_it.o(i.TIM3_IRQHandler)
    i.USART1_IRQHandler                      0x08001690   Section        0  stm32f0xx_it.o(i.USART1_IRQHandler)
    i.__0sprintf                             0x080016b8   Section        0  printfa.o(i.__0sprintf)
    i.__ARM_clz                              0x080016e0   Section        0  depilogue.o(i.__ARM_clz)
    i.__ARM_common_switch8                   0x0800170e   Section        0  motor_dri.o(i.__ARM_common_switch8)
    i.__scatterload_copy                     0x08001728   Section       14  handlers.o(i.__scatterload_copy)
    i.__scatterload_null                     0x08001736   Section        2  handlers.o(i.__scatterload_null)
    i.__scatterload_zeroinit                 0x08001738   Section       14  handlers.o(i.__scatterload_zeroinit)
    i._fp_digits                             0x08001748   Section        0  printfa.o(i._fp_digits)
    _fp_digits                               0x08001749   Thumb Code   314  printfa.o(i._fp_digits)
    i._printf_core                           0x080018a0   Section        0  printfa.o(i._printf_core)
    _printf_core                             0x080018a1   Thumb Code  1766  printfa.o(i._printf_core)
    i._printf_post_padding                   0x08001f98   Section        0  printfa.o(i._printf_post_padding)
    _printf_post_padding                     0x08001f99   Thumb Code    32  printfa.o(i._printf_post_padding)
    i._printf_pre_padding                    0x08001fb8   Section        0  printfa.o(i._printf_pre_padding)
    _printf_pre_padding                      0x08001fb9   Thumb Code    44  printfa.o(i._printf_pre_padding)
    i._sputc                                 0x08001fe4   Section        0  printfa.o(i._sputc)
    _sputc                                   0x08001fe5   Thumb Code    10  printfa.o(i._sputc)
    i.ab_set_display                         0x08001ff0   Section        0  ab_set.o(i.ab_set_display)
    i.ab_set_move                            0x08002090   Section        0  ab_set.o(i.ab_set_move)
    i.ab_set_press_ok                        0x080020e4   Section        0  ab_set.o(i.ab_set_press_ok)
    i.adc_cout                               0x0800212c   Section        0  adc.o(i.adc_cout)
    i.arrows_display                         0x08002140   Section        0  oled_spi.o(i.arrows_display)
    i.auto_return_check                      0x08002190   Section        0  motor_dri.o(i.auto_return_check)
    i.auto_return_display                    0x080021d0   Section        0  config.o(i.auto_return_display)
    i.change_page                            0x08002208   Section        0  config.o(i.change_page)
    i.config_page_move_cursor                0x08002260   Section        0  config.o(i.config_page_move_cursor)
    i.config_page_ok                         0x0800227c   Section        0  config.o(i.config_page_ok)
    i.config_page_send                       0x080022ac   Section        0  config.o(i.config_page_send)
    i.config_para_adjust                     0x08002304   Section        0  config.o(i.config_para_adjust)
    i.config_para_send                       0x0800235c   Section        0  config.o(i.config_para_send)
    i.cursor_count                           0x0800237c   Section        0  config.o(i.cursor_count)
    i.data_count                             0x080023a8   Section        0  orbital.o(i.data_count)
    i.delay_confirm                          0x080023c4   Section        0  motor_dri.o(i.delay_confirm)
    i.delay_mode_dir_dis                     0x08002474   Section        0  orbital.o(i.delay_mode_dir_dis)
    i.delay_mode_main                        0x080024ac   Section        0  orbital.o(i.delay_mode_main)
    i.delay_move_time_compara                0x08002550   Section        0  orbital.o(i.delay_move_time_compara)
    i.delay_page_cursor_upordw               0x0800257c   Section        0  orbital.o(i.delay_page_cursor_upordw)
    i.delay_page_ok                          0x080025a4   Section        0  orbital.o(i.delay_page_ok)
    i.delay_page_para_adjust                 0x080025dc   Section        0  orbital.o(i.delay_page_para_adjust)
    i.delay_page_parameter_send              0x080026c8   Section        0  orbital.o(i.delay_page_parameter_send)
    i.delay_page_return                      0x080026d8   Section        0  orbital.o(i.delay_page_return)
    i.delay_page_send                        0x08002708   Section        0  orbital.o(i.delay_page_send)
    i.delay_status_display                   0x08002870   Section        0  orbital.o(i.delay_status_display)
    i.erase_flash_OnePage                    0x080028bc   Section        0  flash.o(i.erase_flash_OnePage)
    i.factory_set_display                    0x080028d0   Section        0  config.o(i.factory_set_display)
    i.fixed_shoot_display                    0x0800290c   Section        0  orbital.o(i.fixed_shoot_display)
    i.gpio_pulldown_int                      0x08002944   Section        0  motor_dri.o(i.gpio_pulldown_int)
    i.if_write_flash                         0x08002960   Section        0  flash.o(i.if_write_flash)
    i.key_Handle                             0x0800296c   Section        0  keyscan.o(i.key_Handle)
    i.keyscan                                0x080029d0   Section        0  keyscan.o(i.keyscan)
    i.keyscan_pin_init                       0x08002ad8   Section        0  keyscan.o(i.keyscan_pin_init)
    i.language_display                       0x08002afc   Section        0  config.o(i.language_display)
    i.main                                   0x08002b3c   Section        0  main.o(i.main)
    i.main_cursor_upordw                     0x08002c20   Section        0  config.o(i.main_cursor_upordw)
    i.main_page_ok                           0x08002c48   Section        0  config.o(i.main_page_ok)
    i.main_page_send                         0x08002c8c   Section        0  config.o(i.main_page_send)
    i.motor_direction_change                 0x08002d10   Section        0  motor_dri.o(i.motor_direction_change)
    i.motor_init                             0x08002d28   Section        0  motor_dri.o(i.motor_init)
    i.motor_prescale_setting                 0x08002d60   Section        0  motor_dri.o(i.motor_prescale_setting)
    i.motor_slowly_startedORstop             0x08002dd0   Section        0  motor_dri.o(i.motor_slowly_startedORstop)
    i.motor_speed_adjust                     0x08002e38   Section        0  motor_dri.o(i.motor_speed_adjust)
    i.motor_start                            0x08002e50   Section        0  motor_dri.o(i.motor_start)
    i.motor_stop                             0x08002e60   Section        0  motor_dri.o(i.motor_stop)
    i.move_time_calculate                    0x08002e70   Section        0  motor_dri.o(i.move_time_calculate)
    i.move_time_cout                         0x08002ea8   Section        0  orbital.o(i.move_time_cout)
    i.oled_gpio_init                         0x08002f10   Section        0  oled_spi.o(i.oled_gpio_init)
    i.page_return                            0x08002f44   Section        0  keyscan.o(i.page_return)
    i.page_return_adjust                     0x08002f5c   Section        0  config.o(i.page_return_adjust)
    i.para_count                             0x08002f80   Section        0  orbital.o(i.para_count)
    i.para_init                              0x08002fa0   Section        0  motor_dri.o(i.para_init)
    i.para_read_from_flash                   0x08002fd0   Section        0  flash.o(i.para_read_from_flash)
    i.pix_amt_compara_dis                    0x08002fd8   Section        0  orbital.o(i.pix_amt_compara_dis)
    i.pix_amt_display                        0x08003014   Section        0  orbital.o(i.pix_amt_display)
    i.press_OK_function                      0x0800306c   Section        0  keyscan.o(i.press_OK_function)
    i.press_key_continue                     0x080030a8   Section        0  keyscan.o(i.press_key_continue)
    i.press_key_continue_if                  0x080030e4   Section        0  orbital.o(i.press_key_continue_if)
    i.pulse_count                            0x0800312c   Section        0  ab_set.o(i.pulse_count)
    i.scan_cycle_count                       0x0800315c   Section        0  keyscan.o(i.scan_cycle_count)
    i.slow_spee_check                        0x080031a4   Section        0  motor_dri.o(i.slow_spee_check)
    i.speed_display                          0x080031e8   Section        0  orbital.o(i.speed_display)
    i.stop_time_display                      0x0800323c   Section        0  orbital.o(i.stop_time_display)
    i.sursor_display                         0x08003298   Section        0  orbital.o(i.sursor_display)
    i.time_count                             0x080032d8   Section        0  motor_dri.o(i.time_count)
    i.time_delay_ms                          0x08003320   Section        0  motor_dri.o(i.time_delay_ms)
    i.total_time_display                     0x08003338   Section        0  orbital.o(i.total_time_display)
    i.usart_read_byte                        0x080033c0   Section        0  uart.o(i.usart_read_byte)
    i.video_dir_adjust                       0x080033e8   Section        0  orbital.o(i.video_dir_adjust)
    i.video_page_OK                          0x08003438   Section        0  orbital.o(i.video_page_OK)
    i.video_page_send                        0x08003468   Section        0  orbital.o(i.video_page_send)
    i.video_para_send                        0x080034e4   Section        0  orbital.o(i.video_para_send)
    i.video_speed_adjust                     0x0800350c   Section        0  orbital.o(i.video_speed_adjust)
    i.video_status_dis                       0x08003540   Section        0  orbital.o(i.video_status_dis)
    i.write_flash_active                     0x0800358c   Section        0  flash.o(i.write_flash_active)
    i.write_flash_holfword                   0x080035ac   Section        0  flash.o(i.write_flash_holfword)
    i.write_flash_holfword_buffer            0x080035bc   Section        0  flash.o(i.write_flash_holfword_buffer)
    .constdata                               0x08003608   Section       16  system_stm32f0xx.o(.constdata)
    .constdata                               0x08003618   Section        8  system_stm32f0xx.o(.constdata)
    .constdata                               0x08003620   Section       14  main.o(.constdata)
    OFFSET_TAB_CCMRx                         0x08003620   Data           7  main.o(.constdata)
    SHIFT_TAB_OCxx                           0x08003627   Data           7  main.o(.constdata)
    .constdata                               0x08003630   Section     4564  oled_spi.o(.constdata)
    .conststring                             0x08004804   Section      219  oled_spi.o(.conststring)
    .data                                    0x20000000   Section        4  system_stm32f0xx.o(.data)
    .data                                    0x20000004   Section        4  uart.o(.data)
    temp                                     0x20000004   Data           1  uart.o(.data)
    temp                                     0x20000006   Data           2  uart.o(.data)
    .data                                    0x20000008   Section        4  adc.o(.data)
    .data                                    0x2000000c   Section       16  motor_dri.o(.data)
    aaaa                                     0x2000000f   Data           1  motor_dri.o(.data)
    bbbb                                     0x20000010   Data           1  motor_dri.o(.data)
    .data                                    0x2000001c   Section        1  flash.o(.data)
    .data                                    0x2000001d   Section        1  ab_set.o(.data)
    .data                                    0x2000001e   Section        3  config.o(.data)
    .data                                    0x20000024   Section       24  orbital.o(.data)
    .data                                    0x2000003c   Section        1  orbital.o(.data)
    .data                                    0x2000003e   Section       12  keyscan.o(.data)
    .bss                                     0x2000004c   Section       40  motor_dri.o(.bss)
    STACK                                    0x20000078   Section     1024  startup_stm32f030x8.o(STACK)

    Global Symbols

    Symbol Name                              Value     Ov Type        Size  Object(Section)

    BuildAttributes$$THM_ISAv3M$S$PE$A:L22$X:L11$S22$IEEE1$IW$USESV6$~STKCKD$USESV7$~SHL$OTIME$ROPI$EBA8$MICROLIB$REQ8$PRES8$EABIv2 0x00000000   Number         0  anon$$obj.o ABSOLUTE
    __ARM_use_no_argv                        0x00000000   Number         0  main.o ABSOLUTE
    _printf_a                                0x00000000   Number         0  stubs.o ABSOLUTE
    _printf_c                                0x00000000   Number         0  stubs.o ABSOLUTE
    _printf_charcount                        0x00000000   Number         0  stubs.o ABSOLUTE
    _printf_d                                0x00000000   Number         0  stubs.o ABSOLUTE
    _printf_e                                0x00000000   Number         0  stubs.o ABSOLUTE
    _printf_f                                0x00000000   Number         0  stubs.o ABSOLUTE
    _printf_flags                            0x00000000   Number         0  stubs.o ABSOLUTE
    _printf_fp_dec                           0x00000000   Number         0  stubs.o ABSOLUTE
    _printf_fp_hex                           0x00000000   Number         0  stubs.o ABSOLUTE
    _printf_g                                0x00000000   Number         0  stubs.o ABSOLUTE
    _printf_i                                0x00000000   Number         0  stubs.o ABSOLUTE
    _printf_int_dec                          0x00000000   Number         0  stubs.o ABSOLUTE
    _printf_l                                0x00000000   Number         0  stubs.o ABSOLUTE
    _printf_lc                               0x00000000   Number         0  stubs.o ABSOLUTE
    _printf_ll                               0x00000000   Number         0  stubs.o ABSOLUTE
    _printf_lld                              0x00000000   Number         0  stubs.o ABSOLUTE
    _printf_lli                              0x00000000   Number         0  stubs.o ABSOLUTE
    _printf_llo                              0x00000000   Number         0  stubs.o ABSOLUTE
    _printf_llu                              0x00000000   Number         0  stubs.o ABSOLUTE
    _printf_llx                              0x00000000   Number         0  stubs.o ABSOLUTE
    _printf_longlong_dec                     0x00000000   Number         0  stubs.o ABSOLUTE
    _printf_longlong_hex                     0x00000000   Number         0  stubs.o ABSOLUTE
    _printf_longlong_oct                     0x00000000   Number         0  stubs.o ABSOLUTE
    _printf_ls                               0x00000000   Number         0  stubs.o ABSOLUTE
    _printf_mbtowc                           0x00000000   Number         0  stubs.o ABSOLUTE
    _printf_n                                0x00000000   Number         0  stubs.o ABSOLUTE
    _printf_o                                0x00000000   Number         0  stubs.o ABSOLUTE
    _printf_p                                0x00000000   Number         0  stubs.o ABSOLUTE
    _printf_percent                          0x00000000   Number         0  stubs.o ABSOLUTE
    _printf_pre_padding                      0x00000000   Number         0  stubs.o ABSOLUTE
    _printf_return_value                     0x00000000   Number         0  stubs.o ABSOLUTE
    _printf_s                                0x00000000   Number         0  stubs.o ABSOLUTE
    _printf_sizespec                         0x00000000   Number         0  stubs.o ABSOLUTE
    _printf_str                              0x00000000   Number         0  stubs.o ABSOLUTE
    _printf_truncate_signed                  0x00000000   Number         0  stubs.o ABSOLUTE
    _printf_truncate_unsigned                0x00000000   Number         0  stubs.o ABSOLUTE
    _printf_u                                0x00000000   Number         0  stubs.o ABSOLUTE
    _printf_wc                               0x00000000   Number         0  stubs.o ABSOLUTE
    _printf_wctomb                           0x00000000   Number         0  stubs.o ABSOLUTE
    _printf_widthprec                        0x00000000   Number         0  stubs.o ABSOLUTE
    _printf_x                                0x00000000   Number         0  stubs.o ABSOLUTE
    __cpp_initialize__aeabi_                  - Undefined Weak Reference
    __cxa_finalize                            - Undefined Weak Reference
    __decompress                              - Undefined Weak Reference
    _clock_init                               - Undefined Weak Reference
    _microlib_exit                            - Undefined Weak Reference
    __Vectors_Size                           0x000000b4   Number         0  startup_stm32f030x8.o ABSOLUTE
    __Vectors                                0x08000000   Data           4  startup_stm32f030x8.o(RESET)
    __Vectors_End                            0x080000b4   Data           0  startup_stm32f030x8.o(RESET)
    __main                                   0x080000b5   Thumb Code     0  entry.o(.ARM.Collect$$$$00000000)
    _main_stk                                0x080000b5   Thumb Code     0  entry2.o(.ARM.Collect$$$$00000001)
    _main_scatterload                        0x080000b9   Thumb Code     0  entry5.o(.ARM.Collect$$$$00000004)
    __main_after_scatterload                 0x080000bd   Thumb Code     0  entry5.o(.ARM.Collect$$$$00000004)
    _main_clock                              0x080000bd   Thumb Code     0  entry7b.o(.ARM.Collect$$$$00000008)
    _main_cpp_init                           0x080000bd   Thumb Code     0  entry8b.o(.ARM.Collect$$$$0000000A)
    _main_init                               0x080000bd   Thumb Code     0  entry9a.o(.ARM.Collect$$$$0000000B)
    __rt_final_cpp                           0x080000c5   Thumb Code     0  entry10a.o(.ARM.Collect$$$$0000000D)
    __rt_final_exit                          0x080000c5   Thumb Code     0  entry11a.o(.ARM.Collect$$$$0000000F)
    Reset_Handler                            0x080000c9   Thumb Code     8  startup_stm32f030x8.o(.text)
    ADC1_IRQHandler                          0x080000db   Thumb Code     0  startup_stm32f030x8.o(.text)
    DMA1_Channel2_3_IRQHandler               0x080000db   Thumb Code     0  startup_stm32f030x8.o(.text)
    DMA1_Channel4_5_IRQHandler               0x080000db   Thumb Code     0  startup_stm32f030x8.o(.text)
    EXTI0_1_IRQHandler                       0x080000db   Thumb Code     0  startup_stm32f030x8.o(.text)
    EXTI2_3_IRQHandler                       0x080000db   Thumb Code     0  startup_stm32f030x8.o(.text)
    EXTI4_15_IRQHandler                      0x080000db   Thumb Code     0  startup_stm32f030x8.o(.text)
    FLASH_IRQHandler                         0x080000db   Thumb Code     0  startup_stm32f030x8.o(.text)
    I2C1_IRQHandler                          0x080000db   Thumb Code     0  startup_stm32f030x8.o(.text)
    I2C2_IRQHandler                          0x080000db   Thumb Code     0  startup_stm32f030x8.o(.text)
    RCC_IRQHandler                           0x080000db   Thumb Code     0  startup_stm32f030x8.o(.text)
    RTC_IRQHandler                           0x080000db   Thumb Code     0  startup_stm32f030x8.o(.text)
    SPI1_IRQHandler                          0x080000db   Thumb Code     0  startup_stm32f030x8.o(.text)
    SPI2_IRQHandler                          0x080000db   Thumb Code     0  startup_stm32f030x8.o(.text)
    TIM15_IRQHandler                         0x080000db   Thumb Code     0  startup_stm32f030x8.o(.text)
    TIM16_IRQHandler                         0x080000db   Thumb Code     0  startup_stm32f030x8.o(.text)
    TIM17_IRQHandler                         0x080000db   Thumb Code     0  startup_stm32f030x8.o(.text)
    TIM1_CC_IRQHandler                       0x080000db   Thumb Code     0  startup_stm32f030x8.o(.text)
    TIM6_IRQHandler                          0x080000db   Thumb Code     0  startup_stm32f030x8.o(.text)
    USART2_IRQHandler                        0x080000db   Thumb Code     0  startup_stm32f030x8.o(.text)
    WWDG_IRQHandler                          0x080000db   Thumb Code     0  startup_stm32f030x8.o(.text)
    __aeabi_uidiv                            0x080000e5   Thumb Code     0  uidiv.o(.text)
    __aeabi_uidivmod                         0x080000e5   Thumb Code    44  uidiv.o(.text)
    __aeabi_idiv                             0x08000111   Thumb Code     0  idiv.o(.text)
    __aeabi_idivmod                          0x08000111   Thumb Code    40  idiv.o(.text)
    __aeabi_fmul                             0x08000139   Thumb Code   122  fmul.o(.text)
    __aeabi_dadd                             0x080001b5   Thumb Code   326  dadd.o(.text)
    __aeabi_dsub                             0x080002fb   Thumb Code    12  dadd.o(.text)
    __aeabi_drsub                            0x08000307   Thumb Code    12  dadd.o(.text)
    __aeabi_dmul                             0x08000319   Thumb Code   202  dmul.o(.text)
    __aeabi_ui2d                             0x080003e9   Thumb Code    24  dfltui.o(.text)
    __aeabi_f2uiz                            0x08000405   Thumb Code    40  ffixui.o(.text)
    __aeabi_d2uiz                            0x0800042d   Thumb Code    50  dfixui.o(.text)
    __aeabi_f2d                              0x08000469   Thumb Code    40  f2d.o(.text)
    __aeabi_d2f                              0x08000491   Thumb Code    56  d2f.o(.text)
    __aeabi_cfcmpeq                          0x080004c9   Thumb Code     0  cfcmple.o(.text)
    __aeabi_cfcmple                          0x080004c9   Thumb Code    20  cfcmple.o(.text)
    __aeabi_uldivmod                         0x080004dd   Thumb Code    96  uldiv.o(.text)
    __aeabi_llsl                             0x0800053d   Thumb Code    32  llshl.o(.text)
    _ll_shift_l                              0x0800053d   Thumb Code     0  llshl.o(.text)
    __aeabi_llsr                             0x0800055d   Thumb Code    34  llushr.o(.text)
    _ll_ushift_r                             0x0800055d   Thumb Code     0  llushr.o(.text)
    __aeabi_lasr                             0x0800057f   Thumb Code    38  llsshr.o(.text)
    _ll_sshift_r                             0x0800057f   Thumb Code     0  llsshr.o(.text)
    __I$use$fp                               0x080005a5   Thumb Code     0  iusefp.o(.text)
    _float_round                             0x080005a5   Thumb Code    16  fepilogue.o(.text)
    _float_epilogue                          0x080005b5   Thumb Code   116  fepilogue.o(.text)
    _double_round                            0x08000629   Thumb Code    26  depilogue.o(.text)
    _double_epilogue                         0x08000643   Thumb Code   166  depilogue.o(.text)
    __aeabi_ddiv                             0x080006e9   Thumb Code   234  ddiv.o(.text)
    __aeabi_d2ulz                            0x080007d9   Thumb Code    54  dfixul.o(.text)
    __aeabi_cdrcmple                         0x08000819   Thumb Code    38  cdrcmple.o(.text)
    __scatterload                            0x08000841   Thumb Code    28  init.o(.text)
    __scatterload_rt2                        0x08000841   Thumb Code     0  init.o(.text)
    DMA1_Channel1_IRQHandler                 0x08000865   Thumb Code     2  stm32f0xx_it.o(i.DMA1_Channel1_IRQHandler)
    FLASH_ErasePage                          0x08000869   Thumb Code    52  flash.o(i.FLASH_ErasePage)
    FLASH_GetStatus                          0x080008a1   Thumb Code    34  flash.o(i.FLASH_GetStatus)
    FLASH_Lock                               0x080008c9   Thumb Code    12  flash.o(i.FLASH_Lock)
    FLASH_ProgramHalfWord                    0x080008d9   Thumb Code    48  flash.o(i.FLASH_ProgramHalfWord)
    FLASH_Unlock                             0x0800090d   Thumb Code    18  flash.o(i.FLASH_Unlock)
    FLASH_WaitForLastOperation               0x0800092d   Thumb Code    34  flash.o(i.FLASH_WaitForLastOperation)
    Fast_time_display                        0x08000951   Thumb Code    52  orbital.o(i.Fast_time_display)
    Feed_IWDG                                0x080009a1   Thumb Code     2  main.o(i.Feed_IWDG)
    GPIO_OUT_init                            0x080009a3   Thumb Code    28  main.o(i.GPIO_OUT_init)
    Gpio_confi_input                         0x080009bf   Thumb Code    28  keyscan.o(i.Gpio_confi_input)
    HardFault_Handler                        0x080009db   Thumb Code     2  stm32f0xx_it.o(i.HardFault_Handler)
    LCD_Fill                                 0x080009dd   Thumb Code    54  oled_spi.o(i.LCD_Fill)
    LCD_P16x16Str                            0x08000a15   Thumb Code   140  oled_spi.o(i.LCD_P16x16Str)
    LCD_P8x16Str                             0x08000aa5   Thumb Code   104  oled_spi.o(i.LCD_P8x16Str)
    LCD_Set_Pos                              0x08000b0d   Thumb Code    36  oled_spi.o(i.LCD_Set_Pos)
    LL_GPIO_Init                             0x08000b79   Thumb Code   168  stm32f0xx_ll_gpio.o(i.LL_GPIO_Init)
    LL_Init1msTick                           0x08000c31   Thumb Code    26  stm32f0xx_ll_utils.o(i.LL_Init1msTick)
    LL_RCC_GetSystemClocksFreq               0x08000c51   Thumb Code    24  stm32f0xx_ll_rcc.o(i.LL_RCC_GetSystemClocksFreq)
    LL_RCC_GetUSARTClockFreq                 0x08000c69   Thumb Code    76  stm32f0xx_ll_rcc.o(i.LL_RCC_GetUSARTClockFreq)
    LL_SetSystemCoreClock                    0x08000cbd   Thumb Code     6  stm32f0xx_ll_utils.o(i.LL_SetSystemCoreClock)
    LL_TIM_Init                              0x08000cc9   Thumb Code   108  stm32f0xx_ll_tim.o(i.LL_TIM_Init)
    LL_TIM_OC_Init                           0x08000da5   Thumb Code    68  stm32f0xx_ll_tim.o(i.LL_TIM_OC_Init)
    LL_USART_Init                            0x08000de9   Thumb Code   156  stm32f0xx_ll_usart.o(i.LL_USART_Init)
    NMI_Handler                              0x08000fe9   Thumb Code     2  stm32f0xx_it.o(i.NMI_Handler)
    Oled_EnlPrint                            0x08001259   Thumb Code   118  oled_spi.o(i.Oled_EnlPrint)
    Oled_WrBy                                0x080012d5   Thumb Code    42  oled_spi.o(i.Oled_WrBy)
    Oled_Write_Command                       0x08001301   Thumb Code    30  oled_spi.o(i.Oled_Write_Command)
    Oled_Write_Data                          0x08001325   Thumb Code    30  oled_spi.o(i.Oled_Write_Data)
    Oled_init                                0x08001349   Thumb Code   222  oled_spi.o(i.Oled_init)
    PendSV_Handler                           0x0800142d   Thumb Code     2  stm32f0xx_it.o(i.PendSV_Handler)
    RCC_GetHCLKClockFreq                     0x08001431   Thumb Code    18  stm32f0xx_ll_rcc.o(i.RCC_GetHCLKClockFreq)
    RCC_GetPCLK1ClockFreq                    0x0800144d   Thumb Code    16  stm32f0xx_ll_rcc.o(i.RCC_GetPCLK1ClockFreq)
    RCC_GetSystemClockFreq                   0x08001465   Thumb Code    28  stm32f0xx_ll_rcc.o(i.RCC_GetSystemClockFreq)
    RCC_PLL_GetFreqDomain_SYS                0x08001489   Thumb Code    50  stm32f0xx_ll_rcc.o(i.RCC_PLL_GetFreqDomain_SYS)
    SVC_Handler                              0x080014c5   Thumb Code     2  stm32f0xx_it.o(i.SVC_Handler)
    SysTick_Handler                          0x080014c7   Thumb Code     2  stm32f0xx_it.o(i.SysTick_Handler)
    SystemClock_Config                       0x080014c9   Thumb Code   258  main.o(i.SystemClock_Config)
    SystemInit                               0x080015e1   Thumb Code    78  system_stm32f0xx.o(i.SystemInit)
    TIM14_IRQHandler                         0x0800163d   Thumb Code    24  stm32f0xx_it.o(i.TIM14_IRQHandler)
    TIM1_BRK_UP_TRG_COM_IRQHandler           0x08001659   Thumb Code    24  stm32f0xx_it.o(i.TIM1_BRK_UP_TRG_COM_IRQHandler)
    TIM3_IRQHandler                          0x08001675   Thumb Code    24  stm32f0xx_it.o(i.TIM3_IRQHandler)
    USART1_IRQHandler                        0x08001691   Thumb Code    34  stm32f0xx_it.o(i.USART1_IRQHandler)
    __0sprintf                               0x080016b9   Thumb Code    36  printfa.o(i.__0sprintf)
    __1sprintf                               0x080016b9   Thumb Code     0  printfa.o(i.__0sprintf)
    __2sprintf                               0x080016b9   Thumb Code     0  printfa.o(i.__0sprintf)
    __c89sprintf                             0x080016b9   Thumb Code     0  printfa.o(i.__0sprintf)
    sprintf                                  0x080016b9   Thumb Code     0  printfa.o(i.__0sprintf)
    __ARM_clz                                0x080016e1   Thumb Code    46  depilogue.o(i.__ARM_clz)
    __ARM_common_switch8                     0x0800170f   Thumb Code    26  motor_dri.o(i.__ARM_common_switch8)
    __scatterload_copy                       0x08001729   Thumb Code    14  handlers.o(i.__scatterload_copy)
    __scatterload_null                       0x08001737   Thumb Code     2  handlers.o(i.__scatterload_null)
    __scatterload_zeroinit                   0x08001739   Thumb Code    14  handlers.o(i.__scatterload_zeroinit)
    ab_set_display                           0x08001ff1   Thumb Code   104  ab_set.o(i.ab_set_display)
    ab_set_move                              0x08002091   Thumb Code    70  ab_set.o(i.ab_set_move)
    ab_set_press_ok                          0x080020e5   Thumb Code    60  ab_set.o(i.ab_set_press_ok)
    adc_cout                                 0x0800212d   Thumb Code    14  adc.o(i.adc_cout)
    arrows_display                           0x08002141   Thumb Code    74  oled_spi.o(i.arrows_display)
    auto_return_check                        0x08002191   Thumb Code    54  motor_dri.o(i.auto_return_check)
    auto_return_display                      0x080021d1   Thumb Code    34  config.o(i.auto_return_display)
    change_page                              0x08002209   Thumb Code    78  config.o(i.change_page)
    config_page_move_cursor                  0x08002261   Thumb Code    24  config.o(i.config_page_move_cursor)
    config_page_ok                           0x0800227d   Thumb Code    44  config.o(i.config_page_ok)
    config_page_send                         0x080022ad   Thumb Code    44  config.o(i.config_page_send)
    config_para_adjust                       0x08002305   Thumb Code    78  config.o(i.config_para_adjust)
    config_para_send                         0x0800235d   Thumb Code    24  config.o(i.config_para_send)
    cursor_count                             0x0800237d   Thumb Code    40  config.o(i.cursor_count)
    data_count                               0x080023a9   Thumb Code    28  orbital.o(i.data_count)
    delay_confirm                            0x080023c5   Thumb Code   138  motor_dri.o(i.delay_confirm)
    delay_mode_dir_dis                       0x08002475   Thumb Code    34  orbital.o(i.delay_mode_dir_dis)
    delay_mode_main                          0x080024ad   Thumb Code   146  orbital.o(i.delay_mode_main)
    delay_move_time_compara                  0x08002551   Thumb Code    40  orbital.o(i.delay_move_time_compara)
    delay_page_cursor_upordw                 0x0800257d   Thumb Code    34  orbital.o(i.delay_page_cursor_upordw)
    delay_page_ok                            0x080025a5   Thumb Code    46  orbital.o(i.delay_page_ok)
    delay_page_para_adjust                   0x080025dd   Thumb Code   212  orbital.o(i.delay_page_para_adjust)
    delay_page_parameter_send                0x080026c9   Thumb Code    16  orbital.o(i.delay_page_parameter_send)
    delay_page_return                        0x080026d9   Thumb Code    34  orbital.o(i.delay_page_return)
    delay_page_send                          0x08002709   Thumb Code   200  orbital.o(i.delay_page_send)
    delay_status_display                     0x08002871   Thumb Code    36  orbital.o(i.delay_status_display)
    erase_flash_OnePage                      0x080028bd   Thumb Code    16  flash.o(i.erase_flash_OnePage)
    factory_set_display                      0x080028d1   Thumb Code    36  config.o(i.factory_set_display)
    fixed_shoot_display                      0x0800290d   Thumb Code    34  orbital.o(i.fixed_shoot_display)
    gpio_pulldown_int                        0x08002945   Thumb Code    28  motor_dri.o(i.gpio_pulldown_int)
    if_write_flash                           0x08002961   Thumb Code     8  flash.o(i.if_write_flash)
    key_Handle                               0x0800296d   Thumb Code    98  keyscan.o(i.key_Handle)
    keyscan                                  0x080029d1   Thumb Code   260  keyscan.o(i.keyscan)
    keyscan_pin_init                         0x08002ad9   Thumb Code    32  keyscan.o(i.keyscan_pin_init)
    language_display                         0x08002afd   Thumb Code    32  config.o(i.language_display)
    main                                     0x08002b3d   Thumb Code   208  main.o(i.main)
    main_cursor_upordw                       0x08002c21   Thumb Code    32  config.o(i.main_cursor_upordw)
    main_page_ok                             0x08002c49   Thumb Code    60  config.o(i.main_page_ok)
    main_page_send                           0x08002c8d   Thumb Code    60  config.o(i.main_page_send)
    motor_direction_change                   0x08002d11   Thumb Code    18  motor_dri.o(i.motor_direction_change)
    motor_init                               0x08002d29   Thumb Code    48  motor_dri.o(i.motor_init)
    motor_prescale_setting                   0x08002d61   Thumb Code   108  motor_dri.o(i.motor_prescale_setting)
    motor_slowly_startedORstop               0x08002dd1   Thumb Code    92  motor_dri.o(i.motor_slowly_startedORstop)
    motor_speed_adjust                       0x08002e39   Thumb Code    20  motor_dri.o(i.motor_speed_adjust)
    motor_start                              0x08002e51   Thumb Code    12  motor_dri.o(i.motor_start)
    motor_stop                               0x08002e61   Thumb Code    12  motor_dri.o(i.motor_stop)
    move_time_calculate                      0x08002e71   Thumb Code    40  motor_dri.o(i.move_time_calculate)
    move_time_cout                           0x08002ea9   Thumb Code    92  orbital.o(i.move_time_cout)
    oled_gpio_init                           0x08002f11   Thumb Code    44  oled_spi.o(i.oled_gpio_init)
    page_return                              0x08002f45   Thumb Code    18  keyscan.o(i.page_return)
    page_return_adjust                       0x08002f5d   Thumb Code    30  config.o(i.page_return_adjust)
    para_count                               0x08002f81   Thumb Code    30  orbital.o(i.para_count)
    para_init                                0x08002fa1   Thumb Code    44  motor_dri.o(i.para_init)
    para_read_from_flash                     0x08002fd1   Thumb Code     8  flash.o(i.para_read_from_flash)
    pix_amt_compara_dis                      0x08002fd9   Thumb Code    36  orbital.o(i.pix_amt_compara_dis)
    pix_amt_display                          0x08003015   Thumb Code    60  orbital.o(i.pix_amt_display)
    press_OK_function                        0x0800306d   Thumb Code    54  keyscan.o(i.press_OK_function)
    press_key_continue                       0x080030a9   Thumb Code    46  keyscan.o(i.press_key_continue)
    press_key_continue_if                    0x080030e5   Thumb Code    60  orbital.o(i.press_key_continue_if)
    pulse_count                              0x0800312d   Thumb Code    40  ab_set.o(i.pulse_count)
    scan_cycle_count                         0x0800315d   Thumb Code    58  keyscan.o(i.scan_cycle_count)
    slow_spee_check                          0x080031a5   Thumb Code    60  motor_dri.o(i.slow_spee_check)
    speed_display                            0x080031e9   Thumb Code    62  orbital.o(i.speed_display)
    stop_time_display                        0x0800323d   Thumb Code    60  orbital.o(i.stop_time_display)
    sursor_display                           0x08003299   Thumb Code    60  orbital.o(i.sursor_display)
    time_count                               0x080032d9   Thumb Code    60  motor_dri.o(i.time_count)
    time_delay_ms                            0x08003321   Thumb Code    20  motor_dri.o(i.time_delay_ms)
    total_time_display                       0x08003339   Thumb Code   104  orbital.o(i.total_time_display)
    usart_read_byte                          0x080033c1   Thumb Code    32  uart.o(i.usart_read_byte)
    video_dir_adjust                         0x080033e9   Thumb Code    66  orbital.o(i.video_dir_adjust)
    video_page_OK                            0x08003439   Thumb Code    40  orbital.o(i.video_page_OK)
    video_page_send                          0x08003469   Thumb Code    64  orbital.o(i.video_page_send)
    video_para_send                          0x080034e5   Thumb Code    30  orbital.o(i.video_para_send)
    video_speed_adjust                       0x0800350d   Thumb Code    44  orbital.o(i.video_speed_adjust)
    video_status_dis                         0x08003541   Thumb Code    36  orbital.o(i.video_status_dis)
    write_flash_active                       0x0800358d   Thumb Code    22  flash.o(i.write_flash_active)
    write_flash_holfword                     0x080035ad   Thumb Code    14  flash.o(i.write_flash_holfword)
    write_flash_holfword_buffer              0x080035bd   Thumb Code    62  flash.o(i.write_flash_holfword_buffer)
    AHBPrescTable                            0x08003608   Data          16  system_stm32f0xx.o(.constdata)
    APBPrescTable                            0x08003618   Data           8  system_stm32f0xx.o(.constdata)
    zhi_f16x16                               0x08003630   Data        2628  oled_spi.o(.constdata)
    arrows                                   0x08004074   Data          16  oled_spi.o(.constdata)
    battery                                  0x08004084   Data         384  oled_spi.o(.constdata)
    Angle                                    0x08004204   Data          16  oled_spi.o(.constdata)
    F8X16                                    0x08004214   Data        1520  oled_spi.o(.constdata)
    Region$$Table$$Base                      0x080048e0   Number         0  anon$$obj.o(Region$$Table)
    Region$$Table$$Limit                     0x08004900   Number         0  anon$$obj.o(Region$$Table)
    SystemCoreClock                          0x20000000   Data           4  system_stm32f0xx.o(.data)
    adc_send_time                            0x20000008   Data           2  adc.o(.data)
    ADCConvertedValue                        0x2000000a   Data           2  adc.o(.data)
    m_start                                  0x2000000c   Data           1  motor_dri.o(.data)
    slow_time                                0x2000000d   Data           1  motor_dri.o(.data)
    p_upORdown                               0x2000000e   Data           1  motor_dri.o(.data)
    boot_time                                0x20000012   Data           2  motor_dri.o(.data)
    ab_check_time                            0x20000014   Data           2  motor_dri.o(.data)
    led_time                                 0x20000016   Data           2  motor_dri.o(.data)
    tatal_pulse                              0x20000018   Data           4  motor_dri.o(.data)
    whether_write_flash                      0x2000001c   Data           1  flash.o(.data)
    ab_set_if                                0x2000001d   Data           1  ab_set.o(.data)
    page_id                                  0x2000001e   Data           1  config.o(.data)
    cursor_id                                0x2000001f   Data           1  config.o(.data)
    Factory_set                              0x20000020   Data           1  config.o(.data)
    move_begin                               0x20000024   Data           1  orbital.o(.data)
    move_begin_backup                        0x20000025   Data           1  orbital.o(.data)
    p_amount                                 0x20000026   Data           2  orbital.o(.data)
    p_move_time                              0x20000028   Data           2  orbital.o(.data)
    p_move_step                              0x2000002a   Data           2  orbital.o(.data)
    sub_contunue                             0x2000002c   Data           2  orbital.o(.data)
    add_contunue                             0x2000002e   Data           2  orbital.o(.data)
    fast_time_bakeup                         0x20000030   Data           4  orbital.o(.data)
    stop_time_bakeup                         0x20000034   Data           4  orbital.o(.data)
    move_time_bakeup                         0x20000038   Data           4  orbital.o(.data)
    dynamic_speed                            0x2000003c   Data           1  orbital.o(.data)
    scan_cycle                               0x2000003e   Data           1  keyscan.o(.data)
    key_final_status                         0x2000003f   Data           1  keyscan.o(.data)
    return_key                               0x20000040   Data           1  keyscan.o(.data)
    keyup_status                             0x20000041   Data           1  keyscan.o(.data)
    keydown_status                           0x20000042   Data           1  keyscan.o(.data)
    keyleft_status                           0x20000043   Data           1  keyscan.o(.data)
    keyright_status                          0x20000044   Data           1  keyscan.o(.data)
    keyok_status                             0x20000045   Data           1  keyscan.o(.data)
    key_debounce                             0x20000046   Data           1  keyscan.o(.data)
    key_contunue_cout                        0x20000047   Data           1  keyscan.o(.data)
    return_key_time                          0x20000048   Data           2  keyscan.o(.data)
    glob_para                                0x2000004c   Data          40  motor_dri.o(.bss)
    __initial_sp                             0x20000478   Data           0  startup_stm32f030x8.o(STACK)



==============================================================================

Memory Map of the image

  Image Entry point : 0x080000b5

  Load Region LR_IROM1 (Base: 0x08000000, Size: 0x0000494c, Max: 0x00010000, ABSOLUTE)

    Execution Region ER_IROM1 (Base: 0x08000000, Size: 0x00004900, Max: 0x00010000, ABSOLUTE)

    Base Addr    Size         Type   Attr      Idx    E Section Name        Object

    0x08000000   0x000000b4   Data   RO         2003    RESET               startup_stm32f030x8.o
    0x080000b4   0x00000000   Code   RO         2008  * .ARM.Collect$$$$00000000  mc_p.l(entry.o)
    0x080000b4   0x00000004   Code   RO         2302    .ARM.Collect$$$$00000001  mc_p.l(entry2.o)
    0x080000b8   0x00000004   Code   RO         2305    .ARM.Collect$$$$00000004  mc_p.l(entry5.o)
    0x080000bc   0x00000000   Code   RO         2307    .ARM.Collect$$$$00000008  mc_p.l(entry7b.o)
    0x080000bc   0x00000000   Code   RO         2309    .ARM.Collect$$$$0000000A  mc_p.l(entry8b.o)
    0x080000bc   0x00000008   Code   RO         2310    .ARM.Collect$$$$0000000B  mc_p.l(entry9a.o)
    0x080000c4   0x00000000   Code   RO         2312    .ARM.Collect$$$$0000000D  mc_p.l(entry10a.o)
    0x080000c4   0x00000000   Code   RO         2314    .ARM.Collect$$$$0000000F  mc_p.l(entry11a.o)
    0x080000c4   0x00000004   Code   RO         2303    .ARM.Collect$$$$00002712  mc_p.l(entry2.o)
    0x080000c8   0x0000001c   Code   RO         2004    .text               startup_stm32f030x8.o
    0x080000e4   0x0000002c   Code   RO         2011    .text               mc_p.l(uidiv.o)
    0x08000110   0x00000028   Code   RO         2013    .text               mc_p.l(idiv.o)
    0x08000138   0x0000007a   Code   RO         2278    .text               mf_p.l(fmul.o)
    0x080001b2   0x00000002   PAD
    0x080001b4   0x00000164   Code   RO         2282    .text               mf_p.l(dadd.o)
    0x08000318   0x000000d0   Code   RO         2284    .text               mf_p.l(dmul.o)
    0x080003e8   0x0000001c   Code   RO         2290    .text               mf_p.l(dfltui.o)
    0x08000404   0x00000028   Code   RO         2292    .text               mf_p.l(ffixui.o)
    0x0800042c   0x0000003c   Code   RO         2294    .text               mf_p.l(dfixui.o)
    0x08000468   0x00000028   Code   RO         2296    .text               mf_p.l(f2d.o)
    0x08000490   0x00000038   Code   RO         2298    .text               mf_p.l(d2f.o)
    0x080004c8   0x00000014   Code   RO         2300    .text               mf_p.l(cfcmple.o)
    0x080004dc   0x00000060   Code   RO         2319    .text               mc_p.l(uldiv.o)
    0x0800053c   0x00000020   Code   RO         2321    .text               mc_p.l(llshl.o)
    0x0800055c   0x00000022   Code   RO         2323    .text               mc_p.l(llushr.o)
    0x0800057e   0x00000026   Code   RO         2325    .text               mc_p.l(llsshr.o)
    0x080005a4   0x00000000   Code   RO         2327    .text               mc_p.l(iusefp.o)
    0x080005a4   0x00000084   Code   RO         2328    .text               mf_p.l(fepilogue.o)
    0x08000628   0x000000c0   Code   RO         2330    .text               mf_p.l(depilogue.o)
    0x080006e8   0x000000f0   Code   RO         2334    .text               mf_p.l(ddiv.o)
    0x080007d8   0x00000040   Code   RO         2336    .text               mf_p.l(dfixul.o)
    0x08000818   0x00000028   Code   RO         2338    .text               mf_p.l(cdrcmple.o)
    0x08000840   0x00000024   Code   RO         2340    .text               mc_p.l(init.o)
    0x08000864   0x00000002   Code   RO          200    i.DMA1_Channel1_IRQHandler  stm32f0xx_it.o
    0x08000866   0x00000002   PAD
    0x08000868   0x00000038   Code   RO          620    i.FLASH_ErasePage   flash.o
    0x080008a0   0x00000028   Code   RO          621    i.FLASH_GetStatus   flash.o
    0x080008c8   0x00000010   Code   RO          622    i.FLASH_Lock        flash.o
    0x080008d8   0x00000034   Code   RO          627    i.FLASH_ProgramHalfWord  flash.o
    0x0800090c   0x00000020   Code   RO          628    i.FLASH_Unlock      flash.o
    0x0800092c   0x00000022   Code   RO          629    i.FLASH_WaitForLastOperation  flash.o
    0x0800094e   0x00000002   PAD
    0x08000950   0x00000050   Code   RO         1089    i.Fast_time_display  orbital.o
    0x080009a0   0x00000002   Code   RO           61    i.Feed_IWDG         main.o
    0x080009a2   0x0000001c   Code   RO           62    i.GPIO_OUT_init     main.o
    0x080009be   0x0000001c   Code   RO         1299    i.Gpio_confi_input  keyscan.o
    0x080009da   0x00000002   Code   RO          201    i.HardFault_Handler  stm32f0xx_it.o
    0x080009dc   0x00000036   Code   RO          922    i.LCD_Fill          oled_spi.o
    0x08000a12   0x00000002   PAD
    0x08000a14   0x00000090   Code   RO          923    i.LCD_P16x16Str     oled_spi.o
    0x08000aa4   0x00000068   Code   RO          925    i.LCD_P8x16Str      oled_spi.o
    0x08000b0c   0x00000024   Code   RO          928    i.LCD_Set_Pos       oled_spi.o
    0x08000b30   0x00000018   Code   RO           63    i.LL_AHB1_GRP1_EnableClock  main.o
    0x08000b48   0x00000018   Code   RO           64    i.LL_APB1_GRP1_EnableClock  main.o
    0x08000b60   0x00000018   Code   RO           65    i.LL_APB1_GRP2_EnableClock  main.o
    0x08000b78   0x000000a8   Code   RO         1851    i.LL_GPIO_Init      stm32f0xx_ll_gpio.o
    0x08000c20   0x0000000e   Code   RO         1300    i.LL_GPIO_IsInputPinSet  keyscan.o
    0x08000c2e   0x00000002   PAD
    0x08000c30   0x00000020   Code   RO         1440    i.LL_Init1msTick    stm32f0xx_ll_utils.o
    0x08000c50   0x00000018   Code   RO         1552    i.LL_RCC_GetSystemClocksFreq  stm32f0xx_ll_rcc.o
    0x08000c68   0x00000054   Code   RO         1553    i.LL_RCC_GetUSARTClockFreq  stm32f0xx_ll_rcc.o
    0x08000cbc   0x0000000c   Code   RO         1444    i.LL_SetSystemCoreClock  stm32f0xx_ll_utils.o
    0x08000cc8   0x00000084   Code   RO         1624    i.LL_TIM_Init       stm32f0xx_ll_tim.o
    0x08000d4c   0x00000058   Code   RO           66    i.LL_TIM_OC_EnablePreload  main.o
    0x08000da4   0x00000044   Code   RO         1625    i.LL_TIM_OC_Init    stm32f0xx_ll_tim.o
    0x08000de8   0x000000ac   Code   RO         1744    i.LL_USART_Init     stm32f0xx_ll_usart.o
    0x08000e94   0x000000c4   Code   RO           67    i.MX_TIM3_Init      main.o
    0x08000f58   0x00000090   Code   RO           68    i.MX_USART2_UART_Init  main.o
    0x08000fe8   0x00000002   Code   RO          202    i.NMI_Handler       stm32f0xx_it.o
    0x08000fea   0x00000002   PAD
    0x08000fec   0x00000044   Code   RO           69    i.NVIC_SetPriority  main.o
    0x08001030   0x0000008c   Code   RO         1628    i.OC1Config         stm32f0xx_ll_tim.o
    0x080010bc   0x00000090   Code   RO         1629    i.OC2Config         stm32f0xx_ll_tim.o
    0x0800114c   0x00000098   Code   RO         1630    i.OC3Config         stm32f0xx_ll_tim.o
    0x080011e4   0x00000074   Code   RO         1631    i.OC4Config         stm32f0xx_ll_tim.o
    0x08001258   0x0000007c   Code   RO          929    i.Oled_EnlPrint     oled_spi.o
    0x080012d4   0x0000002a   Code   RO          930    i.Oled_WrBy         oled_spi.o
    0x080012fe   0x00000002   PAD
    0x08001300   0x00000024   Code   RO          931    i.Oled_Write_Command  oled_spi.o
    0x08001324   0x00000024   Code   RO          932    i.Oled_Write_Data   oled_spi.o
    0x08001348   0x000000e4   Code   RO          933    i.Oled_init         oled_spi.o
    0x0800142c   0x00000002   Code   RO          203    i.PendSV_Handler    stm32f0xx_it.o
    0x0800142e   0x00000002   PAD
    0x08001430   0x0000001c   Code   RO         1554    i.RCC_GetHCLKClockFreq  stm32f0xx_ll_rcc.o
    0x0800144c   0x00000018   Code   RO         1555    i.RCC_GetPCLK1ClockFreq  stm32f0xx_ll_rcc.o
    0x08001464   0x00000024   Code   RO         1556    i.RCC_GetSystemClockFreq  stm32f0xx_ll_rcc.o
    0x08001488   0x0000003c   Code   RO         1557    i.RCC_PLL_GetFreqDomain_SYS  stm32f0xx_ll_rcc.o
    0x080014c4   0x00000002   Code   RO          204    i.SVC_Handler       stm32f0xx_it.o
    0x080014c6   0x00000002   Code   RO          205    i.SysTick_Handler   stm32f0xx_it.o
    0x080014c8   0x00000118   Code   RO           70    i.SystemClock_Config  main.o
    0x080015e0   0x0000005c   Code   RO            4    i.SystemInit        system_stm32f0xx.o
    0x0800163c   0x0000001c   Code   RO          206    i.TIM14_IRQHandler  stm32f0xx_it.o
    0x08001658   0x0000001c   Code   RO          207    i.TIM1_BRK_UP_TRG_COM_IRQHandler  stm32f0xx_it.o
    0x08001674   0x0000001c   Code   RO          208    i.TIM3_IRQHandler   stm32f0xx_it.o
    0x08001690   0x00000028   Code   RO          209    i.USART1_IRQHandler  stm32f0xx_it.o
    0x080016b8   0x00000028   Code   RO         2250    i.__0sprintf        mc_p.l(printfa.o)
    0x080016e0   0x0000002e   Code   RO         2332    i.__ARM_clz         mf_p.l(depilogue.o)
    0x0800170e   0x0000001a   Code   RO          595    i.__ARM_common_switch8  motor_dri.o
    0x08001728   0x0000000e   Code   RO         2346    i.__scatterload_copy  mc_p.l(handlers.o)
    0x08001736   0x00000002   Code   RO         2347    i.__scatterload_null  mc_p.l(handlers.o)
    0x08001738   0x0000000e   Code   RO         2348    i.__scatterload_zeroinit  mc_p.l(handlers.o)
    0x08001746   0x00000002   PAD
    0x08001748   0x00000158   Code   RO         2255    i._fp_digits        mc_p.l(printfa.o)
    0x080018a0   0x000006f8   Code   RO         2256    i._printf_core      mc_p.l(printfa.o)
    0x08001f98   0x00000020   Code   RO         2257    i._printf_post_padding  mc_p.l(printfa.o)
    0x08001fb8   0x0000002c   Code   RO         2258    i._printf_pre_padding  mc_p.l(printfa.o)
    0x08001fe4   0x0000000a   Code   RO         2260    i._sputc            mc_p.l(printfa.o)
    0x08001fee   0x00000002   PAD
    0x08001ff0   0x000000a0   Code   RO          742    i.ab_set_display    ab_set.o
    0x08002090   0x00000054   Code   RO          743    i.ab_set_move       ab_set.o
    0x080020e4   0x00000048   Code   RO          744    i.ab_set_press_ok   ab_set.o
    0x0800212c   0x00000014   Code   RO          362    i.adc_cout          adc.o
    0x08002140   0x00000050   Code   RO          934    i.arrows_display    oled_spi.o
    0x08002190   0x00000040   Code   RO          436    i.auto_return_check  motor_dri.o
    0x080021d0   0x00000038   Code   RO          805    i.auto_return_display  config.o
    0x08002208   0x00000058   Code   RO          806    i.change_page       config.o
    0x08002260   0x0000001c   Code   RO          807    i.config_page_move_cursor  config.o
    0x0800227c   0x00000030   Code   RO          808    i.config_page_ok    config.o
    0x080022ac   0x00000058   Code   RO          809    i.config_page_send  config.o
    0x08002304   0x00000058   Code   RO          810    i.config_para_adjust  config.o
    0x0800235c   0x00000020   Code   RO          811    i.config_para_send  config.o
    0x0800237c   0x0000002c   Code   RO          812    i.cursor_count      config.o
    0x080023a8   0x0000001c   Code   RO         1091    i.data_count        orbital.o
    0x080023c4   0x000000b0   Code   RO          439    i.delay_confirm     motor_dri.o
    0x08002474   0x00000038   Code   RO         1092    i.delay_mode_dir_dis  orbital.o
    0x080024ac   0x000000a4   Code   RO         1093    i.delay_mode_main   orbital.o
    0x08002550   0x0000002c   Code   RO         1095    i.delay_move_time_compara  orbital.o
    0x0800257c   0x00000028   Code   RO         1096    i.delay_page_cursor_upordw  orbital.o
    0x080025a4   0x00000038   Code   RO         1097    i.delay_page_ok     orbital.o
    0x080025dc   0x000000ec   Code   RO         1098    i.delay_page_para_adjust  orbital.o
    0x080026c8   0x00000010   Code   RO         1099    i.delay_page_parameter_send  orbital.o
    0x080026d8   0x00000030   Code   RO         1100    i.delay_page_return  orbital.o
    0x08002708   0x00000168   Code   RO         1101    i.delay_page_send   orbital.o
    0x08002870   0x0000004c   Code   RO         1103    i.delay_status_display  orbital.o
    0x080028bc   0x00000014   Code   RO          630    i.erase_flash_OnePage  flash.o
    0x080028d0   0x0000003c   Code   RO          813    i.factory_set_display  config.o
    0x0800290c   0x00000038   Code   RO         1104    i.fixed_shoot_display  orbital.o
    0x08002944   0x0000001c   Code   RO          441    i.gpio_pulldown_int  motor_dri.o
    0x08002960   0x0000000c   Code   RO          632    i.if_write_flash    flash.o
    0x0800296c   0x00000062   Code   RO         1302    i.key_Handle        keyscan.o
    0x080029ce   0x00000002   PAD
    0x080029d0   0x00000108   Code   RO         1303    i.keyscan           keyscan.o
    0x08002ad8   0x00000024   Code   RO         1304    i.keyscan_pin_init  keyscan.o
    0x08002afc   0x00000040   Code   RO          814    i.language_display  config.o
    0x08002b3c   0x000000e4   Code   RO           72    i.main              main.o
    0x08002c20   0x00000028   Code   RO          815    i.main_cursor_upordw  config.o
    0x08002c48   0x00000044   Code   RO          816    i.main_page_ok      config.o
    0x08002c8c   0x00000084   Code   RO          817    i.main_page_send    config.o
    0x08002d10   0x00000018   Code   RO          442    i.motor_direction_change  motor_dri.o
    0x08002d28   0x00000038   Code   RO          446    i.motor_init        motor_dri.o
    0x08002d60   0x00000070   Code   RO          449    i.motor_prescale_setting  motor_dri.o
    0x08002dd0   0x00000068   Code   RO          450    i.motor_slowly_startedORstop  motor_dri.o
    0x08002e38   0x00000018   Code   RO          451    i.motor_speed_adjust  motor_dri.o
    0x08002e50   0x00000010   Code   RO          452    i.motor_start       motor_dri.o
    0x08002e60   0x00000010   Code   RO          453    i.motor_stop        motor_dri.o
    0x08002e70   0x00000038   Code   RO          454    i.move_time_calculate  motor_dri.o
    0x08002ea8   0x00000068   Code   RO         1105    i.move_time_cout    orbital.o
    0x08002f10   0x00000034   Code   RO          939    i.oled_gpio_init    oled_spi.o
    0x08002f44   0x00000018   Code   RO         1305    i.page_return       keyscan.o
    0x08002f5c   0x00000024   Code   RO          818    i.page_return_adjust  config.o
    0x08002f80   0x0000001e   Code   RO         1107    i.para_count        orbital.o
    0x08002f9e   0x00000002   PAD
    0x08002fa0   0x00000030   Code   RO          455    i.para_init         motor_dri.o
    0x08002fd0   0x00000008   Code   RO          633    i.para_read_from_flash  flash.o
    0x08002fd8   0x0000003c   Code   RO         1108    i.pix_amt_compara_dis  orbital.o
    0x08003014   0x00000058   Code   RO         1109    i.pix_amt_display   orbital.o
    0x0800306c   0x0000003c   Code   RO         1306    i.press_OK_function  keyscan.o
    0x080030a8   0x0000003c   Code   RO         1307    i.press_key_continue  keyscan.o
    0x080030e4   0x00000048   Code   RO         1110    i.press_key_continue_if  orbital.o
    0x0800312c   0x00000030   Code   RO          746    i.pulse_count       ab_set.o
    0x0800315c   0x00000048   Code   RO         1308    i.scan_cycle_count  keyscan.o
    0x080031a4   0x00000044   Code   RO          457    i.slow_spee_check   motor_dri.o
    0x080031e8   0x00000054   Code   RO         1111    i.speed_display     orbital.o
    0x0800323c   0x0000005c   Code   RO         1112    i.stop_time_display  orbital.o
    0x08003298   0x00000040   Code   RO         1113    i.sursor_display    orbital.o
    0x080032d8   0x00000048   Code   RO          458    i.time_count        motor_dri.o
    0x08003320   0x00000018   Code   RO          459    i.time_delay_ms     motor_dri.o
    0x08003338   0x00000088   Code   RO         1114    i.total_time_display  orbital.o
    0x080033c0   0x00000028   Code   RO          305    i.usart_read_byte   uart.o
    0x080033e8   0x00000050   Code   RO         1115    i.video_dir_adjust  orbital.o
    0x08003438   0x00000030   Code   RO         1116    i.video_page_OK     orbital.o
    0x08003468   0x0000007c   Code   RO         1117    i.video_page_send   orbital.o
    0x080034e4   0x00000028   Code   RO         1118    i.video_para_send   orbital.o
    0x0800350c   0x00000034   Code   RO         1119    i.video_speed_adjust  orbital.o
    0x08003540   0x0000004c   Code   RO         1120    i.video_status_dis  orbital.o
    0x0800358c   0x00000020   Code   RO          635    i.write_flash_active  flash.o
    0x080035ac   0x0000000e   Code   RO          636    i.write_flash_holfword  flash.o
    0x080035ba   0x00000002   PAD
    0x080035bc   0x0000004c   Code   RO          637    i.write_flash_holfword_buffer  flash.o
    0x08003608   0x00000010   Data   RO            5    .constdata          system_stm32f0xx.o
    0x08003618   0x00000008   Data   RO            6    .constdata          system_stm32f0xx.o
    0x08003620   0x0000000e   Data   RO           73    .constdata          main.o
    0x0800362e   0x00000002   PAD
    0x08003630   0x000011d4   Data   RO          942    .constdata          oled_spi.o
    0x08004804   0x000000db   Data   RO          943    .conststring        oled_spi.o
    0x080048df   0x00000001   PAD
    0x080048e0   0x00000020   Data   RO         2344    Region$$Table       anon$$obj.o


    Execution Region RW_IRAM1 (Base: 0x20000000, Size: 0x00000478, Max: 0x00002000, ABSOLUTE)

    Base Addr    Size         Type   Attr      Idx    E Section Name        Object

    0x20000000   0x00000004   Data   RW            7    .data               system_stm32f0xx.o
    0x20000004   0x00000004   Data   RW          307    .data               uart.o
    0x20000008   0x00000004   Data   RW          365    .data               adc.o
    0x2000000c   0x00000010   Data   RW          461    .data               motor_dri.o
    0x2000001c   0x00000001   Data   RW          638    .data               flash.o
    0x2000001d   0x00000001   Data   RW          747    .data               ab_set.o
    0x2000001e   0x00000003   Data   RW          819    .data               config.o
    0x20000021   0x00000003   PAD
    0x20000024   0x00000018   Data   RW         1121    .data               orbital.o
    0x2000003c   0x00000001   Data   RW         1122    .data               orbital.o
    0x2000003d   0x00000001   PAD
    0x2000003e   0x0000000c   Data   RW         1309    .data               keyscan.o
    0x2000004a   0x00000002   PAD
    0x2000004c   0x00000028   Zero   RW          460    .bss                motor_dri.o
    0x20000074   0x00000004   PAD
    0x20000078   0x00000400   Zero   RW         2001    STACK               startup_stm32f030x8.o


==============================================================================

Image component sizes


      Code (inc. data)   RO Data    RW Data    ZI Data      Debug   Object Name

       364         90          0          1          0       1963   ab_set.o
        20          6          0          4          0      10381   adc.o
       872        256          0          3          0       6718   config.o
       392         64          0          1          0       6437   flash.o
       656         48          0         12          0       9915   keyscan.o
      1106        100         14          0          0      95031   main.o
       914        142          0         16         40      40171   motor_dri.o
       936         42       4783          0          0      10205   oled_spi.o
      2410        654          0         25          0      14264   orbital.o
        28          8        180          0       1024        536   startup_stm32f030x8.o
       136         18          0          0          0      54672   stm32f0xx_it.o
       168          0          0          0          0       6299   stm32f0xx_ll_gpio.o
       256         44          0          0          0      16376   stm32f0xx_ll_rcc.o
       752         92          0          0          0      33439   stm32f0xx_ll_tim.o
       172         16          0          0          0      16572   stm32f0xx_ll_usart.o
        44         12          0          0          0       5057   stm32f0xx_ll_utils.o
        92         14         24          4          0     179571   system_stm32f0xx.o
        40          8          0          4          0      14581   uart.o

    ----------------------------------------------------------------------
      9378       1614       5036         76       1068     522188   Object Totals
         0          0         32          0          0          0   (incl. Generated)
        20          0          3          6          4          0   (incl. Padding)

    ----------------------------------------------------------------------

      Code (inc. data)   RO Data    RW Data    ZI Data      Debug   Library Member Name

         0          0          0          0          0          0   entry.o
         0          0          0          0          0          0   entry10a.o
         0          0          0          0          0          0   entry11a.o
         8          4          0          0          0          0   entry2.o
         4          0          0          0          0          0   entry5.o
         0          0          0          0          0          0   entry7b.o
         0          0          0          0          0          0   entry8b.o
         8          4          0          0          0          0   entry9a.o
        30          0          0          0          0          0   handlers.o
        40          0          0          0          0         72   idiv.o
        36          8          0          0          0         68   init.o
         0          0          0          0          0          0   iusefp.o
        32          0          0          0          0         68   llshl.o
        38          0          0          0          0         68   llsshr.o
        34          0          0          0          0         68   llushr.o
      2254         98          0          0          0        472   printfa.o
        44          0          0          0          0         72   uidiv.o
        96          0          0          0          0         84   uldiv.o
        40          2          0          0          0         68   cdrcmple.o
        20          0          0          0          0         68   cfcmple.o
        56          0          0          0          0         68   d2f.o
       356          6          0          0          0        140   dadd.o
       240          6          0          0          0         84   ddiv.o
       238          0          0          0          0        216   depilogue.o
        60         10          0          0          0         68   dfixui.o
        64         10          0          0          0         68   dfixul.o
        28          4          0          0          0         68   dfltui.o
       208          6          0          0          0         88   dmul.o
        40          0          0          0          0         60   f2d.o
       132          0          0          0          0        144   fepilogue.o
        40          0          0          0          0         60   ffixui.o
       122          0          0          0          0         72   fmul.o

    ----------------------------------------------------------------------
      4274        158          0          0          0       2244   Library Totals
         6          0          0          0          0          0   (incl. Padding)

    ----------------------------------------------------------------------

      Code (inc. data)   RO Data    RW Data    ZI Data      Debug   Library Name

      2624        114          0          0          0        972   mc_p.l
      1644         44          0          0          0       1272   mf_p.l

    ----------------------------------------------------------------------
      4274        158          0          0          0       2244   Library Totals

    ----------------------------------------------------------------------

==============================================================================


      Code (inc. data)   RO Data    RW Data    ZI Data      Debug   

     13652       1772       5036         76       1068     517412   Grand Totals
     13652       1772       5036         76       1068     517412   ELF Image Totals
     13652       1772       5036         76          0          0   ROM Totals

==============================================================================

    Total RO  Size (Code + RO Data)                18688 (  18.25kB)
    Total RW  Size (RW Data + ZI Data)              1144 (   1.12kB)
    Total ROM Size (Code + RO Data + RW Data)      18764 (  18.32kB)

==============================================================================

