<!doctype html public "-//w3c//dtd html 4.0 transitional//en">
<html><head>
<title>Static Call Graph - [A610\A610.axf]</title></head>
<body><HR>
<H1>Static Call Graph for image A610\A610.axf</H1><HR>
<BR><P>#&#060CALLGRAPH&#062# ARM Linker, 5.03 [Build 76]: Last Updated: Thu May 10 17:00:54 2018
<BR><P>
<H3>Maximum Stack Usage =        248 bytes + Unknown(Cycles, Untraceable Function Pointers)</H3><H3>
Call chain for Maximum Stack Depth:</H3>
main &rArr; keyscan &rArr; press_OK_function &rArr; config_page_ok &rArr; page_return_adjust &rArr; change_page &rArr; delay_page_send &rArr; total_time_display &rArr; Oled_EnlPrint &rArr; LCD_P16x16Str &rArr; LCD_Set_Pos &rArr; Oled_Write_Command &rArr; Oled_WrBy
<P>
<H3>
Mutually Recursive functions
</H3> <LI><a href="#[10]">ADC1_IRQHandler</a>&nbsp;&nbsp;&nbsp;&rArr;&nbsp;&nbsp;&nbsp;<a href="#[10]">ADC1_IRQHandler</a><BR>
 <LI><a href="#[2]">HardFault_Handler</a>&nbsp;&nbsp;&nbsp;&rArr;&nbsp;&nbsp;&nbsp;<a href="#[2]">HardFault_Handler</a><BR>
</UL>
<P>
<H3>
Function Pointers
</H3><UL>
 <LI><a href="#[10]">ADC1_IRQHandler</a> from startup_stm32f030x8.o(.text) referenced from startup_stm32f030x8.o(RESET)
 <LI><a href="#[d]">DMA1_Channel1_IRQHandler</a> from stm32f0xx_it.o(i.DMA1_Channel1_IRQHandler) referenced from startup_stm32f030x8.o(RESET)
 <LI><a href="#[e]">DMA1_Channel2_3_IRQHandler</a> from startup_stm32f030x8.o(.text) referenced from startup_stm32f030x8.o(RESET)
 <LI><a href="#[f]">DMA1_Channel4_5_IRQHandler</a> from startup_stm32f030x8.o(.text) referenced from startup_stm32f030x8.o(RESET)
 <LI><a href="#[a]">EXTI0_1_IRQHandler</a> from startup_stm32f030x8.o(.text) referenced from startup_stm32f030x8.o(RESET)
 <LI><a href="#[b]">EXTI2_3_IRQHandler</a> from startup_stm32f030x8.o(.text) referenced from startup_stm32f030x8.o(RESET)
 <LI><a href="#[c]">EXTI4_15_IRQHandler</a> from startup_stm32f030x8.o(.text) referenced from startup_stm32f030x8.o(RESET)
 <LI><a href="#[8]">FLASH_IRQHandler</a> from startup_stm32f030x8.o(.text) referenced from startup_stm32f030x8.o(RESET)
 <LI><a href="#[2]">HardFault_Handler</a> from stm32f0xx_it.o(i.HardFault_Handler) referenced from startup_stm32f030x8.o(RESET)
 <LI><a href="#[19]">I2C1_IRQHandler</a> from startup_stm32f030x8.o(.text) referenced from startup_stm32f030x8.o(RESET)
 <LI><a href="#[1a]">I2C2_IRQHandler</a> from startup_stm32f030x8.o(.text) referenced from startup_stm32f030x8.o(RESET)
 <LI><a href="#[1]">NMI_Handler</a> from stm32f0xx_it.o(i.NMI_Handler) referenced from startup_stm32f030x8.o(RESET)
 <LI><a href="#[4]">PendSV_Handler</a> from stm32f0xx_it.o(i.PendSV_Handler) referenced from startup_stm32f030x8.o(RESET)
 <LI><a href="#[9]">RCC_IRQHandler</a> from startup_stm32f030x8.o(.text) referenced from startup_stm32f030x8.o(RESET)
 <LI><a href="#[7]">RTC_IRQHandler</a> from startup_stm32f030x8.o(.text) referenced from startup_stm32f030x8.o(RESET)
 <LI><a href="#[0]">Reset_Handler</a> from startup_stm32f030x8.o(.text) referenced from startup_stm32f030x8.o(RESET)
 <LI><a href="#[1b]">SPI1_IRQHandler</a> from startup_stm32f030x8.o(.text) referenced from startup_stm32f030x8.o(RESET)
 <LI><a href="#[1c]">SPI2_IRQHandler</a> from startup_stm32f030x8.o(.text) referenced from startup_stm32f030x8.o(RESET)
 <LI><a href="#[3]">SVC_Handler</a> from stm32f0xx_it.o(i.SVC_Handler) referenced from startup_stm32f030x8.o(RESET)
 <LI><a href="#[5]">SysTick_Handler</a> from stm32f0xx_it.o(i.SysTick_Handler) referenced from startup_stm32f030x8.o(RESET)
 <LI><a href="#[20]">SystemInit</a> from system_stm32f0xx.o(i.SystemInit) referenced from startup_stm32f030x8.o(.text)
 <LI><a href="#[15]">TIM14_IRQHandler</a> from stm32f0xx_it.o(i.TIM14_IRQHandler) referenced from startup_stm32f030x8.o(RESET)
 <LI><a href="#[16]">TIM15_IRQHandler</a> from startup_stm32f030x8.o(.text) referenced from startup_stm32f030x8.o(RESET)
 <LI><a href="#[17]">TIM16_IRQHandler</a> from startup_stm32f030x8.o(.text) referenced from startup_stm32f030x8.o(RESET)
 <LI><a href="#[18]">TIM17_IRQHandler</a> from startup_stm32f030x8.o(.text) referenced from startup_stm32f030x8.o(RESET)
 <LI><a href="#[11]">TIM1_BRK_UP_TRG_COM_IRQHandler</a> from stm32f0xx_it.o(i.TIM1_BRK_UP_TRG_COM_IRQHandler) referenced from startup_stm32f030x8.o(RESET)
 <LI><a href="#[12]">TIM1_CC_IRQHandler</a> from startup_stm32f030x8.o(.text) referenced from startup_stm32f030x8.o(RESET)
 <LI><a href="#[13]">TIM3_IRQHandler</a> from stm32f0xx_it.o(i.TIM3_IRQHandler) referenced from startup_stm32f030x8.o(RESET)
 <LI><a href="#[14]">TIM6_IRQHandler</a> from startup_stm32f030x8.o(.text) referenced from startup_stm32f030x8.o(RESET)
 <LI><a href="#[1d]">USART1_IRQHandler</a> from stm32f0xx_it.o(i.USART1_IRQHandler) referenced from startup_stm32f030x8.o(RESET)
 <LI><a href="#[1e]">USART2_IRQHandler</a> from startup_stm32f030x8.o(.text) referenced from startup_stm32f030x8.o(RESET)
 <LI><a href="#[6]">WWDG_IRQHandler</a> from startup_stm32f030x8.o(.text) referenced from startup_stm32f030x8.o(RESET)
 <LI><a href="#[21]">__main</a> from entry.o(.ARM.Collect$$$$00000000) referenced from startup_stm32f030x8.o(.text)
 <LI><a href="#[22]">_sputc</a> from printfa.o(i._sputc) referenced from printfa.o(i.__0sprintf)
 <LI><a href="#[1f]">main</a> from main.o(i.main) referenced from entry9a.o(.ARM.Collect$$$$0000000B)
</UL>
<P>
<H3>
Global Symbols
</H3>
<P><STRONG><a name="[21]"></a>__main</STRONG> (Thumb, 0 bytes, Stack size unknown bytes, entry.o(.ARM.Collect$$$$00000000))
<BR>[Address Reference Count : 1]<UL><LI> startup_stm32f030x8.o(.text)
</UL>
<P><STRONG><a name="[be]"></a>_main_stk</STRONG> (Thumb, 0 bytes, Stack size unknown bytes, entry2.o(.ARM.Collect$$$$00000001))

<P><STRONG><a name="[23]"></a>_main_scatterload</STRONG> (Thumb, 0 bytes, Stack size unknown bytes, entry5.o(.ARM.Collect$$$$00000004))
<BR><BR>[Calls]<UL><LI><a href="#[24]">&gt;&gt;</a>&nbsp;&nbsp;&nbsp;__scatterload
</UL>

<P><STRONG><a name="[38]"></a>__main_after_scatterload</STRONG> (Thumb, 0 bytes, Stack size unknown bytes, entry5.o(.ARM.Collect$$$$00000004))
<BR><BR>[Called By]<UL><LI><a href="#[24]">&gt;&gt;</a>&nbsp;&nbsp;&nbsp;__scatterload
</UL>

<P><STRONG><a name="[bf]"></a>_main_clock</STRONG> (Thumb, 0 bytes, Stack size unknown bytes, entry7b.o(.ARM.Collect$$$$00000008))

<P><STRONG><a name="[c0]"></a>_main_cpp_init</STRONG> (Thumb, 0 bytes, Stack size unknown bytes, entry8b.o(.ARM.Collect$$$$0000000A))

<P><STRONG><a name="[c1]"></a>_main_init</STRONG> (Thumb, 0 bytes, Stack size unknown bytes, entry9a.o(.ARM.Collect$$$$0000000B))

<P><STRONG><a name="[c2]"></a>__rt_final_cpp</STRONG> (Thumb, 0 bytes, Stack size unknown bytes, entry10a.o(.ARM.Collect$$$$0000000D))

<P><STRONG><a name="[c3]"></a>__rt_final_exit</STRONG> (Thumb, 0 bytes, Stack size unknown bytes, entry11a.o(.ARM.Collect$$$$0000000F))

<P><STRONG><a name="[0]"></a>Reset_Handler</STRONG> (Thumb, 8 bytes, Stack size 0 bytes, startup_stm32f030x8.o(.text))
<BR>[Address Reference Count : 1]<UL><LI> startup_stm32f030x8.o(RESET)
</UL>
<P><STRONG><a name="[10]"></a>ADC1_IRQHandler</STRONG> (Thumb, 0 bytes, Stack size 0 bytes, startup_stm32f030x8.o(.text))
<BR><BR>[Calls]<UL><LI><a href="#[10]">&gt;&gt;</a>&nbsp;&nbsp;&nbsp;ADC1_IRQHandler
</UL>
<BR>[Called By]<UL><LI><a href="#[10]">&gt;&gt;</a>&nbsp;&nbsp;&nbsp;ADC1_IRQHandler
</UL>
<BR>[Address Reference Count : 1]<UL><LI> startup_stm32f030x8.o(RESET)
</UL>
<P><STRONG><a name="[e]"></a>DMA1_Channel2_3_IRQHandler</STRONG> (Thumb, 0 bytes, Stack size 0 bytes, startup_stm32f030x8.o(.text))
<BR>[Address Reference Count : 1]<UL><LI> startup_stm32f030x8.o(RESET)
</UL>
<P><STRONG><a name="[f]"></a>DMA1_Channel4_5_IRQHandler</STRONG> (Thumb, 0 bytes, Stack size 0 bytes, startup_stm32f030x8.o(.text))
<BR>[Address Reference Count : 1]<UL><LI> startup_stm32f030x8.o(RESET)
</UL>
<P><STRONG><a name="[a]"></a>EXTI0_1_IRQHandler</STRONG> (Thumb, 0 bytes, Stack size 0 bytes, startup_stm32f030x8.o(.text))
<BR>[Address Reference Count : 1]<UL><LI> startup_stm32f030x8.o(RESET)
</UL>
<P><STRONG><a name="[b]"></a>EXTI2_3_IRQHandler</STRONG> (Thumb, 0 bytes, Stack size 0 bytes, startup_stm32f030x8.o(.text))
<BR>[Address Reference Count : 1]<UL><LI> startup_stm32f030x8.o(RESET)
</UL>
<P><STRONG><a name="[c]"></a>EXTI4_15_IRQHandler</STRONG> (Thumb, 0 bytes, Stack size 0 bytes, startup_stm32f030x8.o(.text))
<BR>[Address Reference Count : 1]<UL><LI> startup_stm32f030x8.o(RESET)
</UL>
<P><STRONG><a name="[8]"></a>FLASH_IRQHandler</STRONG> (Thumb, 0 bytes, Stack size 0 bytes, startup_stm32f030x8.o(.text))
<BR>[Address Reference Count : 1]<UL><LI> startup_stm32f030x8.o(RESET)
</UL>
<P><STRONG><a name="[19]"></a>I2C1_IRQHandler</STRONG> (Thumb, 0 bytes, Stack size 0 bytes, startup_stm32f030x8.o(.text))
<BR>[Address Reference Count : 1]<UL><LI> startup_stm32f030x8.o(RESET)
</UL>
<P><STRONG><a name="[1a]"></a>I2C2_IRQHandler</STRONG> (Thumb, 0 bytes, Stack size 0 bytes, startup_stm32f030x8.o(.text))
<BR>[Address Reference Count : 1]<UL><LI> startup_stm32f030x8.o(RESET)
</UL>
<P><STRONG><a name="[9]"></a>RCC_IRQHandler</STRONG> (Thumb, 0 bytes, Stack size 0 bytes, startup_stm32f030x8.o(.text))
<BR>[Address Reference Count : 1]<UL><LI> startup_stm32f030x8.o(RESET)
</UL>
<P><STRONG><a name="[7]"></a>RTC_IRQHandler</STRONG> (Thumb, 0 bytes, Stack size 0 bytes, startup_stm32f030x8.o(.text))
<BR>[Address Reference Count : 1]<UL><LI> startup_stm32f030x8.o(RESET)
</UL>
<P><STRONG><a name="[1b]"></a>SPI1_IRQHandler</STRONG> (Thumb, 0 bytes, Stack size 0 bytes, startup_stm32f030x8.o(.text))
<BR>[Address Reference Count : 1]<UL><LI> startup_stm32f030x8.o(RESET)
</UL>
<P><STRONG><a name="[1c]"></a>SPI2_IRQHandler</STRONG> (Thumb, 0 bytes, Stack size 0 bytes, startup_stm32f030x8.o(.text))
<BR>[Address Reference Count : 1]<UL><LI> startup_stm32f030x8.o(RESET)
</UL>
<P><STRONG><a name="[16]"></a>TIM15_IRQHandler</STRONG> (Thumb, 0 bytes, Stack size 0 bytes, startup_stm32f030x8.o(.text))
<BR>[Address Reference Count : 1]<UL><LI> startup_stm32f030x8.o(RESET)
</UL>
<P><STRONG><a name="[17]"></a>TIM16_IRQHandler</STRONG> (Thumb, 0 bytes, Stack size 0 bytes, startup_stm32f030x8.o(.text))
<BR>[Address Reference Count : 1]<UL><LI> startup_stm32f030x8.o(RESET)
</UL>
<P><STRONG><a name="[18]"></a>TIM17_IRQHandler</STRONG> (Thumb, 0 bytes, Stack size 0 bytes, startup_stm32f030x8.o(.text))
<BR>[Address Reference Count : 1]<UL><LI> startup_stm32f030x8.o(RESET)
</UL>
<P><STRONG><a name="[12]"></a>TIM1_CC_IRQHandler</STRONG> (Thumb, 0 bytes, Stack size 0 bytes, startup_stm32f030x8.o(.text))
<BR>[Address Reference Count : 1]<UL><LI> startup_stm32f030x8.o(RESET)
</UL>
<P><STRONG><a name="[14]"></a>TIM6_IRQHandler</STRONG> (Thumb, 0 bytes, Stack size 0 bytes, startup_stm32f030x8.o(.text))
<BR>[Address Reference Count : 1]<UL><LI> startup_stm32f030x8.o(RESET)
</UL>
<P><STRONG><a name="[1e]"></a>USART2_IRQHandler</STRONG> (Thumb, 0 bytes, Stack size 0 bytes, startup_stm32f030x8.o(.text))
<BR>[Address Reference Count : 1]<UL><LI> startup_stm32f030x8.o(RESET)
</UL>
<P><STRONG><a name="[6]"></a>WWDG_IRQHandler</STRONG> (Thumb, 0 bytes, Stack size 0 bytes, startup_stm32f030x8.o(.text))
<BR>[Address Reference Count : 1]<UL><LI> startup_stm32f030x8.o(RESET)
</UL>
<P><STRONG><a name="[c4]"></a>__aeabi_uidiv</STRONG> (Thumb, 0 bytes, Stack size 12 bytes, uidiv.o(.text), UNUSED)

<P><STRONG><a name="[26]"></a>__aeabi_uidivmod</STRONG> (Thumb, 44 bytes, Stack size 12 bytes, uidiv.o(.text))
<BR><BR>[Stack]<UL><LI>Max Depth = 12<LI>Call Chain = __aeabi_uidivmod
</UL>
<BR>[Called By]<UL><LI><a href="#[8f]">&gt;&gt;</a>&nbsp;&nbsp;&nbsp;move_time_calculate
<LI><a href="#[8e]">&gt;&gt;</a>&nbsp;&nbsp;&nbsp;delay_confirm
<LI><a href="#[56]">&gt;&gt;</a>&nbsp;&nbsp;&nbsp;LL_USART_Init
<LI><a href="#[4b]">&gt;&gt;</a>&nbsp;&nbsp;&nbsp;LL_Init1msTick
<LI><a href="#[98]">&gt;&gt;</a>&nbsp;&nbsp;&nbsp;delay_page_para_adjust
<LI><a href="#[25]">&gt;&gt;</a>&nbsp;&nbsp;&nbsp;__aeabi_idivmod
<LI><a href="#[62]">&gt;&gt;</a>&nbsp;&nbsp;&nbsp;RCC_PLL_GetFreqDomain_SYS
<LI><a href="#[6d]">&gt;&gt;</a>&nbsp;&nbsp;&nbsp;_printf_core
</UL>

<P><STRONG><a name="[c5]"></a>__aeabi_idiv</STRONG> (Thumb, 0 bytes, Stack size 16 bytes, idiv.o(.text), UNUSED)

<P><STRONG><a name="[25]"></a>__aeabi_idivmod</STRONG> (Thumb, 40 bytes, Stack size 16 bytes, idiv.o(.text))
<BR><BR>[Stack]<UL><LI>Max Depth = 28<LI>Call Chain = __aeabi_idivmod &rArr; __aeabi_uidivmod
</UL>
<BR>[Calls]<UL><LI><a href="#[26]">&gt;&gt;</a>&nbsp;&nbsp;&nbsp;__aeabi_uidivmod
</UL>
<BR>[Called By]<UL><LI><a href="#[9d]">&gt;&gt;</a>&nbsp;&nbsp;&nbsp;total_time_display
</UL>

<P><STRONG><a name="[90]"></a>__aeabi_fmul</STRONG> (Thumb, 122 bytes, Stack size 16 bytes, fmul.o(.text))
<BR><BR>[Stack]<UL><LI>Max Depth = 16<LI>Call Chain = __aeabi_fmul
</UL>
<BR>[Called By]<UL><LI><a href="#[8e]">&gt;&gt;</a>&nbsp;&nbsp;&nbsp;delay_confirm
</UL>

<P><STRONG><a name="[27]"></a>__aeabi_dadd</STRONG> (Thumb, 326 bytes, Stack size 48 bytes, dadd.o(.text))
<BR><BR>[Stack]<UL><LI>Max Depth = 104<LI>Call Chain = __aeabi_dadd &rArr; _double_epilogue &rArr; __aeabi_llsr
</UL>
<BR>[Calls]<UL><LI><a href="#[29]">&gt;&gt;</a>&nbsp;&nbsp;&nbsp;__aeabi_lasr
<LI><a href="#[28]">&gt;&gt;</a>&nbsp;&nbsp;&nbsp;__aeabi_llsl
<LI><a href="#[2b]">&gt;&gt;</a>&nbsp;&nbsp;&nbsp;_double_round
<LI><a href="#[2a]">&gt;&gt;</a>&nbsp;&nbsp;&nbsp;_double_epilogue
</UL>
<BR>[Called By]<UL><LI><a href="#[2c]">&gt;&gt;</a>&nbsp;&nbsp;&nbsp;__aeabi_dsub
<LI><a href="#[9b]">&gt;&gt;</a>&nbsp;&nbsp;&nbsp;move_time_cout
<LI><a href="#[2d]">&gt;&gt;</a>&nbsp;&nbsp;&nbsp;__aeabi_drsub
<LI><a href="#[6e]">&gt;&gt;</a>&nbsp;&nbsp;&nbsp;_fp_digits
</UL>

<P><STRONG><a name="[2c]"></a>__aeabi_dsub</STRONG> (Thumb, 12 bytes, Stack size 8 bytes, dadd.o(.text))
<BR><BR>[Stack]<UL><LI>Max Depth = 112<LI>Call Chain = __aeabi_dsub &rArr; __aeabi_dadd &rArr; _double_epilogue &rArr; __aeabi_llsr
</UL>
<BR>[Calls]<UL><LI><a href="#[27]">&gt;&gt;</a>&nbsp;&nbsp;&nbsp;__aeabi_dadd
</UL>
<BR>[Called By]<UL><LI><a href="#[9b]">&gt;&gt;</a>&nbsp;&nbsp;&nbsp;move_time_cout
</UL>

<P><STRONG><a name="[2d]"></a>__aeabi_drsub</STRONG> (Thumb, 12 bytes, Stack size 8 bytes, dadd.o(.text), UNUSED)
<BR><BR>[Calls]<UL><LI><a href="#[27]">&gt;&gt;</a>&nbsp;&nbsp;&nbsp;__aeabi_dadd
</UL>

<P><STRONG><a name="[2e]"></a>__aeabi_dmul</STRONG> (Thumb, 202 bytes, Stack size 72 bytes, dmul.o(.text))
<BR><BR>[Stack]<UL><LI>Max Depth = 128<LI>Call Chain = __aeabi_dmul &rArr; _double_epilogue &rArr; __aeabi_llsr
</UL>
<BR>[Calls]<UL><LI><a href="#[2a]">&gt;&gt;</a>&nbsp;&nbsp;&nbsp;_double_epilogue
</UL>
<BR>[Called By]<UL><LI><a href="#[8f]">&gt;&gt;</a>&nbsp;&nbsp;&nbsp;move_time_calculate
<LI><a href="#[6e]">&gt;&gt;</a>&nbsp;&nbsp;&nbsp;_fp_digits
</UL>

<P><STRONG><a name="[2f]"></a>__aeabi_ui2d</STRONG> (Thumb, 24 bytes, Stack size 16 bytes, dfltui.o(.text))
<BR><BR>[Stack]<UL><LI>Max Depth = 72<LI>Call Chain = __aeabi_ui2d &rArr; _double_epilogue &rArr; __aeabi_llsr
</UL>
<BR>[Calls]<UL><LI><a href="#[2a]">&gt;&gt;</a>&nbsp;&nbsp;&nbsp;_double_epilogue
</UL>
<BR>[Called By]<UL><LI><a href="#[8f]">&gt;&gt;</a>&nbsp;&nbsp;&nbsp;move_time_calculate
</UL>

<P><STRONG><a name="[91]"></a>__aeabi_f2uiz</STRONG> (Thumb, 40 bytes, Stack size 0 bytes, ffixui.o(.text))
<BR><BR>[Called By]<UL><LI><a href="#[8e]">&gt;&gt;</a>&nbsp;&nbsp;&nbsp;delay_confirm
</UL>

<P><STRONG><a name="[30]"></a>__aeabi_d2uiz</STRONG> (Thumb, 50 bytes, Stack size 8 bytes, dfixui.o(.text))
<BR><BR>[Stack]<UL><LI>Max Depth = 16<LI>Call Chain = __aeabi_d2uiz &rArr; __aeabi_llsr
</UL>
<BR>[Calls]<UL><LI><a href="#[31]">&gt;&gt;</a>&nbsp;&nbsp;&nbsp;__aeabi_llsr
</UL>
<BR>[Called By]<UL><LI><a href="#[8f]">&gt;&gt;</a>&nbsp;&nbsp;&nbsp;move_time_calculate
</UL>

<P><STRONG><a name="[3e]"></a>__aeabi_f2d</STRONG> (Thumb, 40 bytes, Stack size 0 bytes, f2d.o(.text))
<BR><BR>[Called By]<UL><LI><a href="#[9b]">&gt;&gt;</a>&nbsp;&nbsp;&nbsp;move_time_cout
<LI><a href="#[3d]">&gt;&gt;</a>&nbsp;&nbsp;&nbsp;Fast_time_display
</UL>

<P><STRONG><a name="[32]"></a>__aeabi_d2f</STRONG> (Thumb, 56 bytes, Stack size 8 bytes, d2f.o(.text))
<BR><BR>[Stack]<UL><LI>Max Depth = 8<LI>Call Chain = __aeabi_d2f
</UL>
<BR>[Calls]<UL><LI><a href="#[33]">&gt;&gt;</a>&nbsp;&nbsp;&nbsp;_float_round
</UL>
<BR>[Called By]<UL><LI><a href="#[9b]">&gt;&gt;</a>&nbsp;&nbsp;&nbsp;move_time_cout
</UL>

<P><STRONG><a name="[c6]"></a>__aeabi_cfcmpeq</STRONG> (Thumb, 0 bytes, Stack size 0 bytes, cfcmple.o(.text), UNUSED)

<P><STRONG><a name="[b5]"></a>__aeabi_cfcmple</STRONG> (Thumb, 20 bytes, Stack size 0 bytes, cfcmple.o(.text))
<BR><BR>[Called By]<UL><LI><a href="#[9b]">&gt;&gt;</a>&nbsp;&nbsp;&nbsp;move_time_cout
</UL>

<P><STRONG><a name="[34]"></a>__aeabi_uldivmod</STRONG> (Thumb, 96 bytes, Stack size 48 bytes, uldiv.o(.text), UNUSED)
<BR><BR>[Calls]<UL><LI><a href="#[31]">&gt;&gt;</a>&nbsp;&nbsp;&nbsp;__aeabi_llsr
<LI><a href="#[28]">&gt;&gt;</a>&nbsp;&nbsp;&nbsp;__aeabi_llsl
</UL>
<BR>[Called By]<UL><LI><a href="#[6d]">&gt;&gt;</a>&nbsp;&nbsp;&nbsp;_printf_core
<LI><a href="#[6e]">&gt;&gt;</a>&nbsp;&nbsp;&nbsp;_fp_digits
</UL>

<P><STRONG><a name="[28]"></a>__aeabi_llsl</STRONG> (Thumb, 32 bytes, Stack size 8 bytes, llshl.o(.text))
<BR><BR>[Stack]<UL><LI>Max Depth = 8<LI>Call Chain = __aeabi_llsl
</UL>
<BR>[Called By]<UL><LI><a href="#[27]">&gt;&gt;</a>&nbsp;&nbsp;&nbsp;__aeabi_dadd
<LI><a href="#[34]">&gt;&gt;</a>&nbsp;&nbsp;&nbsp;__aeabi_uldivmod
<LI><a href="#[2a]">&gt;&gt;</a>&nbsp;&nbsp;&nbsp;_double_epilogue
<LI><a href="#[37]">&gt;&gt;</a>&nbsp;&nbsp;&nbsp;__aeabi_d2ulz
</UL>

<P><STRONG><a name="[c7]"></a>_ll_shift_l</STRONG> (Thumb, 0 bytes, Stack size 8 bytes, llshl.o(.text), UNUSED)

<P><STRONG><a name="[31]"></a>__aeabi_llsr</STRONG> (Thumb, 34 bytes, Stack size 8 bytes, llushr.o(.text))
<BR><BR>[Stack]<UL><LI>Max Depth = 8<LI>Call Chain = __aeabi_llsr
</UL>
<BR>[Called By]<UL><LI><a href="#[30]">&gt;&gt;</a>&nbsp;&nbsp;&nbsp;__aeabi_d2uiz
<LI><a href="#[34]">&gt;&gt;</a>&nbsp;&nbsp;&nbsp;__aeabi_uldivmod
<LI><a href="#[2a]">&gt;&gt;</a>&nbsp;&nbsp;&nbsp;_double_epilogue
<LI><a href="#[37]">&gt;&gt;</a>&nbsp;&nbsp;&nbsp;__aeabi_d2ulz
</UL>

<P><STRONG><a name="[c8]"></a>_ll_ushift_r</STRONG> (Thumb, 0 bytes, Stack size 8 bytes, llushr.o(.text), UNUSED)

<P><STRONG><a name="[29]"></a>__aeabi_lasr</STRONG> (Thumb, 38 bytes, Stack size 8 bytes, llsshr.o(.text))
<BR><BR>[Stack]<UL><LI>Max Depth = 8<LI>Call Chain = __aeabi_lasr
</UL>
<BR>[Called By]<UL><LI><a href="#[27]">&gt;&gt;</a>&nbsp;&nbsp;&nbsp;__aeabi_dadd
</UL>

<P><STRONG><a name="[c9]"></a>_ll_sshift_r</STRONG> (Thumb, 0 bytes, Stack size 8 bytes, llsshr.o(.text), UNUSED)

<P><STRONG><a name="[ca]"></a>__I$use$fp</STRONG> (Thumb, 0 bytes, Stack size 0 bytes, iusefp.o(.text), UNUSED)

<P><STRONG><a name="[33]"></a>_float_round</STRONG> (Thumb, 16 bytes, Stack size 0 bytes, fepilogue.o(.text))
<BR><BR>[Called By]<UL><LI><a href="#[32]">&gt;&gt;</a>&nbsp;&nbsp;&nbsp;__aeabi_d2f
</UL>

<P><STRONG><a name="[cb]"></a>_float_epilogue</STRONG> (Thumb, 116 bytes, Stack size 12 bytes, fepilogue.o(.text), UNUSED)

<P><STRONG><a name="[2b]"></a>_double_round</STRONG> (Thumb, 26 bytes, Stack size 8 bytes, depilogue.o(.text))
<BR><BR>[Stack]<UL><LI>Max Depth = 8<LI>Call Chain = _double_round
</UL>
<BR>[Called By]<UL><LI><a href="#[27]">&gt;&gt;</a>&nbsp;&nbsp;&nbsp;__aeabi_dadd
<LI><a href="#[2a]">&gt;&gt;</a>&nbsp;&nbsp;&nbsp;_double_epilogue
<LI><a href="#[36]">&gt;&gt;</a>&nbsp;&nbsp;&nbsp;__aeabi_ddiv
</UL>

<P><STRONG><a name="[2a]"></a>_double_epilogue</STRONG> (Thumb, 166 bytes, Stack size 48 bytes, depilogue.o(.text))
<BR><BR>[Stack]<UL><LI>Max Depth = 56<LI>Call Chain = _double_epilogue &rArr; __aeabi_llsr
</UL>
<BR>[Calls]<UL><LI><a href="#[35]">&gt;&gt;</a>&nbsp;&nbsp;&nbsp;__ARM_clz
<LI><a href="#[31]">&gt;&gt;</a>&nbsp;&nbsp;&nbsp;__aeabi_llsr
<LI><a href="#[28]">&gt;&gt;</a>&nbsp;&nbsp;&nbsp;__aeabi_llsl
<LI><a href="#[2b]">&gt;&gt;</a>&nbsp;&nbsp;&nbsp;_double_round
</UL>
<BR>[Called By]<UL><LI><a href="#[2f]">&gt;&gt;</a>&nbsp;&nbsp;&nbsp;__aeabi_ui2d
<LI><a href="#[2e]">&gt;&gt;</a>&nbsp;&nbsp;&nbsp;__aeabi_dmul
<LI><a href="#[27]">&gt;&gt;</a>&nbsp;&nbsp;&nbsp;__aeabi_dadd
</UL>

<P><STRONG><a name="[36]"></a>__aeabi_ddiv</STRONG> (Thumb, 234 bytes, Stack size 40 bytes, ddiv.o(.text), UNUSED)
<BR><BR>[Calls]<UL><LI><a href="#[2b]">&gt;&gt;</a>&nbsp;&nbsp;&nbsp;_double_round
</UL>
<BR>[Called By]<UL><LI><a href="#[6e]">&gt;&gt;</a>&nbsp;&nbsp;&nbsp;_fp_digits
</UL>

<P><STRONG><a name="[37]"></a>__aeabi_d2ulz</STRONG> (Thumb, 54 bytes, Stack size 8 bytes, dfixul.o(.text), UNUSED)
<BR><BR>[Calls]<UL><LI><a href="#[31]">&gt;&gt;</a>&nbsp;&nbsp;&nbsp;__aeabi_llsr
<LI><a href="#[28]">&gt;&gt;</a>&nbsp;&nbsp;&nbsp;__aeabi_llsl
</UL>
<BR>[Called By]<UL><LI><a href="#[6e]">&gt;&gt;</a>&nbsp;&nbsp;&nbsp;_fp_digits
</UL>

<P><STRONG><a name="[6f]"></a>__aeabi_cdrcmple</STRONG> (Thumb, 38 bytes, Stack size 0 bytes, cdrcmple.o(.text), UNUSED)
<BR><BR>[Called By]<UL><LI><a href="#[6e]">&gt;&gt;</a>&nbsp;&nbsp;&nbsp;_fp_digits
</UL>

<P><STRONG><a name="[24]"></a>__scatterload</STRONG> (Thumb, 28 bytes, Stack size 0 bytes, init.o(.text))
<BR><BR>[Calls]<UL><LI><a href="#[38]">&gt;&gt;</a>&nbsp;&nbsp;&nbsp;__main_after_scatterload
</UL>
<BR>[Called By]<UL><LI><a href="#[23]">&gt;&gt;</a>&nbsp;&nbsp;&nbsp;_main_scatterload
</UL>

<P><STRONG><a name="[cc]"></a>__scatterload_rt2</STRONG> (Thumb, 0 bytes, Stack size 0 bytes, init.o(.text), UNUSED)

<P><STRONG><a name="[d]"></a>DMA1_Channel1_IRQHandler</STRONG> (Thumb, 2 bytes, Stack size 0 bytes, stm32f0xx_it.o(i.DMA1_Channel1_IRQHandler))
<BR>[Address Reference Count : 1]<UL><LI> startup_stm32f030x8.o(RESET)
</UL>
<P><STRONG><a name="[39]"></a>FLASH_ErasePage</STRONG> (Thumb, 52 bytes, Stack size 20 bytes, flash.o(i.FLASH_ErasePage))
<BR><BR>[Stack]<UL><LI>Max Depth = 24<LI>Call Chain = FLASH_ErasePage &rArr; FLASH_WaitForLastOperation
</UL>
<BR>[Calls]<UL><LI><a href="#[3a]">&gt;&gt;</a>&nbsp;&nbsp;&nbsp;FLASH_WaitForLastOperation
</UL>
<BR>[Called By]<UL><LI><a href="#[a1]">&gt;&gt;</a>&nbsp;&nbsp;&nbsp;erase_flash_OnePage
</UL>

<P><STRONG><a name="[3c]"></a>FLASH_GetStatus</STRONG> (Thumb, 34 bytes, Stack size 0 bytes, flash.o(i.FLASH_GetStatus))
<BR><BR>[Called By]<UL><LI><a href="#[3a]">&gt;&gt;</a>&nbsp;&nbsp;&nbsp;FLASH_WaitForLastOperation
</UL>

<P><STRONG><a name="[bd]"></a>FLASH_Lock</STRONG> (Thumb, 12 bytes, Stack size 0 bytes, flash.o(i.FLASH_Lock))
<BR><BR>[Called By]<UL><LI><a href="#[ba]">&gt;&gt;</a>&nbsp;&nbsp;&nbsp;write_flash_holfword_buffer
</UL>

<P><STRONG><a name="[3b]"></a>FLASH_ProgramHalfWord</STRONG> (Thumb, 48 bytes, Stack size 20 bytes, flash.o(i.FLASH_ProgramHalfWord))
<BR><BR>[Stack]<UL><LI>Max Depth = 24<LI>Call Chain = FLASH_ProgramHalfWord &rArr; FLASH_WaitForLastOperation
</UL>
<BR>[Calls]<UL><LI><a href="#[3a]">&gt;&gt;</a>&nbsp;&nbsp;&nbsp;FLASH_WaitForLastOperation
</UL>
<BR>[Called By]<UL><LI><a href="#[bb]">&gt;&gt;</a>&nbsp;&nbsp;&nbsp;write_flash_holfword
</UL>

<P><STRONG><a name="[bc]"></a>FLASH_Unlock</STRONG> (Thumb, 18 bytes, Stack size 0 bytes, flash.o(i.FLASH_Unlock))
<BR><BR>[Called By]<UL><LI><a href="#[ba]">&gt;&gt;</a>&nbsp;&nbsp;&nbsp;write_flash_holfword_buffer
</UL>

<P><STRONG><a name="[3a]"></a>FLASH_WaitForLastOperation</STRONG> (Thumb, 34 bytes, Stack size 4 bytes, flash.o(i.FLASH_WaitForLastOperation))
<BR><BR>[Stack]<UL><LI>Max Depth = 4<LI>Call Chain = FLASH_WaitForLastOperation
</UL>
<BR>[Calls]<UL><LI><a href="#[3c]">&gt;&gt;</a>&nbsp;&nbsp;&nbsp;FLASH_GetStatus
</UL>
<BR>[Called By]<UL><LI><a href="#[3b]">&gt;&gt;</a>&nbsp;&nbsp;&nbsp;FLASH_ProgramHalfWord
<LI><a href="#[39]">&gt;&gt;</a>&nbsp;&nbsp;&nbsp;FLASH_ErasePage
</UL>

<P><STRONG><a name="[3d]"></a>Fast_time_display</STRONG> (Thumb, 52 bytes, Stack size 24 bytes, orbital.o(i.Fast_time_display))
<BR><BR>[Stack]<UL><LI>Max Depth = 144<LI>Call Chain = Fast_time_display &rArr; Oled_EnlPrint &rArr; LCD_P16x16Str &rArr; LCD_Set_Pos &rArr; Oled_Write_Command &rArr; Oled_WrBy
</UL>
<BR>[Calls]<UL><LI><a href="#[3e]">&gt;&gt;</a>&nbsp;&nbsp;&nbsp;__aeabi_f2d
<LI><a href="#[40]">&gt;&gt;</a>&nbsp;&nbsp;&nbsp;Oled_EnlPrint
<LI><a href="#[3f]">&gt;&gt;</a>&nbsp;&nbsp;&nbsp;__2sprintf
</UL>
<BR>[Called By]<UL><LI><a href="#[9f]">&gt;&gt;</a>&nbsp;&nbsp;&nbsp;delay_page_parameter_send
<LI><a href="#[98]">&gt;&gt;</a>&nbsp;&nbsp;&nbsp;delay_page_para_adjust
</UL>

<P><STRONG><a name="[48]"></a>Feed_IWDG</STRONG> (Thumb, 2 bytes, Stack size 0 bytes, main.o(i.Feed_IWDG))
<BR><BR>[Called By]<UL><LI><a href="#[ba]">&gt;&gt;</a>&nbsp;&nbsp;&nbsp;write_flash_holfword_buffer
<LI><a href="#[61]">&gt;&gt;</a>&nbsp;&nbsp;&nbsp;time_delay_ms
<LI><a href="#[6b]">&gt;&gt;</a>&nbsp;&nbsp;&nbsp;usart_read_byte
<LI><a href="#[5f]">&gt;&gt;</a>&nbsp;&nbsp;&nbsp;Oled_init
<LI><a href="#[47]">&gt;&gt;</a>&nbsp;&nbsp;&nbsp;LCD_P16x16Str
<LI><a href="#[40]">&gt;&gt;</a>&nbsp;&nbsp;&nbsp;Oled_EnlPrint
</UL>

<P><STRONG><a name="[41]"></a>GPIO_OUT_init</STRONG> (Thumb, 28 bytes, Stack size 32 bytes, main.o(i.GPIO_OUT_init))
<BR><BR>[Stack]<UL><LI>Max Depth = 52<LI>Call Chain = GPIO_OUT_init &rArr; LL_GPIO_Init
</UL>
<BR>[Calls]<UL><LI><a href="#[42]">&gt;&gt;</a>&nbsp;&nbsp;&nbsp;LL_GPIO_Init
</UL>
<BR>[Called By]<UL><LI><a href="#[b3]">&gt;&gt;</a>&nbsp;&nbsp;&nbsp;motor_prescale_setting
<LI><a href="#[1f]">&gt;&gt;</a>&nbsp;&nbsp;&nbsp;main
<LI><a href="#[60]">&gt;&gt;</a>&nbsp;&nbsp;&nbsp;oled_gpio_init
</UL>

<P><STRONG><a name="[43]"></a>Gpio_confi_input</STRONG> (Thumb, 28 bytes, Stack size 32 bytes, keyscan.o(i.Gpio_confi_input))
<BR><BR>[Stack]<UL><LI>Max Depth = 52<LI>Call Chain = Gpio_confi_input &rArr; LL_GPIO_Init
</UL>
<BR>[Calls]<UL><LI><a href="#[42]">&gt;&gt;</a>&nbsp;&nbsp;&nbsp;LL_GPIO_Init
</UL>
<BR>[Called By]<UL><LI><a href="#[ad]">&gt;&gt;</a>&nbsp;&nbsp;&nbsp;keyscan_pin_init
</UL>

<P><STRONG><a name="[2]"></a>HardFault_Handler</STRONG> (Thumb, 2 bytes, Stack size 0 bytes, stm32f0xx_it.o(i.HardFault_Handler))
<BR><BR>[Calls]<UL><LI><a href="#[2]">&gt;&gt;</a>&nbsp;&nbsp;&nbsp;HardFault_Handler
</UL>
<BR>[Called By]<UL><LI><a href="#[2]">&gt;&gt;</a>&nbsp;&nbsp;&nbsp;HardFault_Handler
</UL>
<BR>[Address Reference Count : 1]<UL><LI> startup_stm32f030x8.o(RESET)
</UL>
<P><STRONG><a name="[44]"></a>LCD_Fill</STRONG> (Thumb, 54 bytes, Stack size 16 bytes, oled_spi.o(i.LCD_Fill))
<BR><BR>[Stack]<UL><LI>Max Depth = 40<LI>Call Chain = LCD_Fill &rArr; Oled_Write_Data &rArr; Oled_WrBy
</UL>
<BR>[Calls]<UL><LI><a href="#[46]">&gt;&gt;</a>&nbsp;&nbsp;&nbsp;Oled_Write_Data
<LI><a href="#[45]">&gt;&gt;</a>&nbsp;&nbsp;&nbsp;Oled_Write_Command
</UL>
<BR>[Called By]<UL><LI><a href="#[72]">&gt;&gt;</a>&nbsp;&nbsp;&nbsp;ab_set_display
<LI><a href="#[5f]">&gt;&gt;</a>&nbsp;&nbsp;&nbsp;Oled_init
<LI><a href="#[81]">&gt;&gt;</a>&nbsp;&nbsp;&nbsp;video_page_send
<LI><a href="#[83]">&gt;&gt;</a>&nbsp;&nbsp;&nbsp;delay_page_send
<LI><a href="#[80]">&gt;&gt;</a>&nbsp;&nbsp;&nbsp;main_page_send
<LI><a href="#[7d]">&gt;&gt;</a>&nbsp;&nbsp;&nbsp;config_page_send
</UL>

<P><STRONG><a name="[47]"></a>LCD_P16x16Str</STRONG> (Thumb, 140 bytes, Stack size 40 bytes, oled_spi.o(i.LCD_P16x16Str))
<BR><BR>[Stack]<UL><LI>Max Depth = 72<LI>Call Chain = LCD_P16x16Str &rArr; LCD_Set_Pos &rArr; Oled_Write_Command &rArr; Oled_WrBy
</UL>
<BR>[Calls]<UL><LI><a href="#[48]">&gt;&gt;</a>&nbsp;&nbsp;&nbsp;Feed_IWDG
<LI><a href="#[46]">&gt;&gt;</a>&nbsp;&nbsp;&nbsp;Oled_Write_Data
<LI><a href="#[49]">&gt;&gt;</a>&nbsp;&nbsp;&nbsp;LCD_Set_Pos
</UL>
<BR>[Called By]<UL><LI><a href="#[40]">&gt;&gt;</a>&nbsp;&nbsp;&nbsp;Oled_EnlPrint
</UL>

<P><STRONG><a name="[4a]"></a>LCD_P8x16Str</STRONG> (Thumb, 104 bytes, Stack size 36 bytes, oled_spi.o(i.LCD_P8x16Str))
<BR><BR>[Stack]<UL><LI>Max Depth = 68<LI>Call Chain = LCD_P8x16Str &rArr; LCD_Set_Pos &rArr; Oled_Write_Command &rArr; Oled_WrBy
</UL>
<BR>[Calls]<UL><LI><a href="#[46]">&gt;&gt;</a>&nbsp;&nbsp;&nbsp;Oled_Write_Data
<LI><a href="#[49]">&gt;&gt;</a>&nbsp;&nbsp;&nbsp;LCD_Set_Pos
</UL>
<BR>[Called By]<UL><LI><a href="#[40]">&gt;&gt;</a>&nbsp;&nbsp;&nbsp;Oled_EnlPrint
</UL>

<P><STRONG><a name="[49]"></a>LCD_Set_Pos</STRONG> (Thumb, 36 bytes, Stack size 8 bytes, oled_spi.o(i.LCD_Set_Pos))
<BR><BR>[Stack]<UL><LI>Max Depth = 32<LI>Call Chain = LCD_Set_Pos &rArr; Oled_Write_Command &rArr; Oled_WrBy
</UL>
<BR>[Calls]<UL><LI><a href="#[45]">&gt;&gt;</a>&nbsp;&nbsp;&nbsp;Oled_Write_Command
</UL>
<BR>[Called By]<UL><LI><a href="#[5f]">&gt;&gt;</a>&nbsp;&nbsp;&nbsp;Oled_init
<LI><a href="#[7a]">&gt;&gt;</a>&nbsp;&nbsp;&nbsp;arrows_display
<LI><a href="#[4a]">&gt;&gt;</a>&nbsp;&nbsp;&nbsp;LCD_P8x16Str
<LI><a href="#[47]">&gt;&gt;</a>&nbsp;&nbsp;&nbsp;LCD_P16x16Str
</UL>

<P><STRONG><a name="[42]"></a>LL_GPIO_Init</STRONG> (Thumb, 168 bytes, Stack size 20 bytes, stm32f0xx_ll_gpio.o(i.LL_GPIO_Init))
<BR><BR>[Stack]<UL><LI>Max Depth = 20<LI>Call Chain = LL_GPIO_Init
</UL>
<BR>[Called By]<UL><LI><a href="#[a2]">&gt;&gt;</a>&nbsp;&nbsp;&nbsp;gpio_pulldown_int
<LI><a href="#[41]">&gt;&gt;</a>&nbsp;&nbsp;&nbsp;GPIO_OUT_init
<LI><a href="#[5c]">&gt;&gt;</a>&nbsp;&nbsp;&nbsp;MX_USART2_UART_Init
<LI><a href="#[57]">&gt;&gt;</a>&nbsp;&nbsp;&nbsp;MX_TIM3_Init
<LI><a href="#[43]">&gt;&gt;</a>&nbsp;&nbsp;&nbsp;Gpio_confi_input
</UL>

<P><STRONG><a name="[4b]"></a>LL_Init1msTick</STRONG> (Thumb, 26 bytes, Stack size 8 bytes, stm32f0xx_ll_utils.o(i.LL_Init1msTick))
<BR><BR>[Stack]<UL><LI>Max Depth = 20<LI>Call Chain = LL_Init1msTick &rArr; __aeabi_uidivmod
</UL>
<BR>[Calls]<UL><LI><a href="#[26]">&gt;&gt;</a>&nbsp;&nbsp;&nbsp;__aeabi_uidivmod
</UL>
<BR>[Called By]<UL><LI><a href="#[63]">&gt;&gt;</a>&nbsp;&nbsp;&nbsp;SystemClock_Config
</UL>

<P><STRONG><a name="[4c]"></a>LL_RCC_GetSystemClocksFreq</STRONG> (Thumb, 24 bytes, Stack size 8 bytes, stm32f0xx_ll_rcc.o(i.LL_RCC_GetSystemClocksFreq))
<BR><BR>[Stack]<UL><LI>Max Depth = 36<LI>Call Chain = LL_RCC_GetSystemClocksFreq &rArr; RCC_GetSystemClockFreq &rArr; RCC_PLL_GetFreqDomain_SYS &rArr; __aeabi_uidivmod
</UL>
<BR>[Calls]<UL><LI><a href="#[4d]">&gt;&gt;</a>&nbsp;&nbsp;&nbsp;RCC_GetSystemClockFreq
<LI><a href="#[4f]">&gt;&gt;</a>&nbsp;&nbsp;&nbsp;RCC_GetPCLK1ClockFreq
<LI><a href="#[4e]">&gt;&gt;</a>&nbsp;&nbsp;&nbsp;RCC_GetHCLKClockFreq
</UL>
<BR>[Called By]<UL><LI><a href="#[56]">&gt;&gt;</a>&nbsp;&nbsp;&nbsp;LL_USART_Init
</UL>

<P><STRONG><a name="[50]"></a>LL_RCC_GetUSARTClockFreq</STRONG> (Thumb, 76 bytes, Stack size 8 bytes, stm32f0xx_ll_rcc.o(i.LL_RCC_GetUSARTClockFreq))
<BR><BR>[Stack]<UL><LI>Max Depth = 36<LI>Call Chain = LL_RCC_GetUSARTClockFreq &rArr; RCC_GetSystemClockFreq &rArr; RCC_PLL_GetFreqDomain_SYS &rArr; __aeabi_uidivmod
</UL>
<BR>[Calls]<UL><LI><a href="#[4d]">&gt;&gt;</a>&nbsp;&nbsp;&nbsp;RCC_GetSystemClockFreq
<LI><a href="#[4f]">&gt;&gt;</a>&nbsp;&nbsp;&nbsp;RCC_GetPCLK1ClockFreq
<LI><a href="#[4e]">&gt;&gt;</a>&nbsp;&nbsp;&nbsp;RCC_GetHCLKClockFreq
</UL>
<BR>[Called By]<UL><LI><a href="#[56]">&gt;&gt;</a>&nbsp;&nbsp;&nbsp;LL_USART_Init
</UL>

<P><STRONG><a name="[64]"></a>LL_SetSystemCoreClock</STRONG> (Thumb, 6 bytes, Stack size 0 bytes, stm32f0xx_ll_utils.o(i.LL_SetSystemCoreClock))
<BR><BR>[Called By]<UL><LI><a href="#[63]">&gt;&gt;</a>&nbsp;&nbsp;&nbsp;SystemClock_Config
</UL>

<P><STRONG><a name="[5a]"></a>LL_TIM_Init</STRONG> (Thumb, 108 bytes, Stack size 20 bytes, stm32f0xx_ll_tim.o(i.LL_TIM_Init))
<BR><BR>[Stack]<UL><LI>Max Depth = 20<LI>Call Chain = LL_TIM_Init
</UL>
<BR>[Called By]<UL><LI><a href="#[1f]">&gt;&gt;</a>&nbsp;&nbsp;&nbsp;main
<LI><a href="#[57]">&gt;&gt;</a>&nbsp;&nbsp;&nbsp;MX_TIM3_Init
</UL>

<P><STRONG><a name="[51]"></a>LL_TIM_OC_Init</STRONG> (Thumb, 68 bytes, Stack size 8 bytes, stm32f0xx_ll_tim.o(i.LL_TIM_OC_Init))
<BR><BR>[Stack]<UL><LI>Max Depth = 24<LI>Call Chain = LL_TIM_OC_Init &rArr; OC4Config
</UL>
<BR>[Calls]<UL><LI><a href="#[52]">&gt;&gt;</a>&nbsp;&nbsp;&nbsp;OC4Config
<LI><a href="#[55]">&gt;&gt;</a>&nbsp;&nbsp;&nbsp;OC3Config
<LI><a href="#[54]">&gt;&gt;</a>&nbsp;&nbsp;&nbsp;OC2Config
<LI><a href="#[53]">&gt;&gt;</a>&nbsp;&nbsp;&nbsp;OC1Config
</UL>
<BR>[Called By]<UL><LI><a href="#[57]">&gt;&gt;</a>&nbsp;&nbsp;&nbsp;MX_TIM3_Init
</UL>

<P><STRONG><a name="[56]"></a>LL_USART_Init</STRONG> (Thumb, 156 bytes, Stack size 32 bytes, stm32f0xx_ll_usart.o(i.LL_USART_Init))
<BR><BR>[Stack]<UL><LI>Max Depth = 68<LI>Call Chain = LL_USART_Init &rArr; LL_RCC_GetUSARTClockFreq &rArr; RCC_GetSystemClockFreq &rArr; RCC_PLL_GetFreqDomain_SYS &rArr; __aeabi_uidivmod
</UL>
<BR>[Calls]<UL><LI><a href="#[26]">&gt;&gt;</a>&nbsp;&nbsp;&nbsp;__aeabi_uidivmod
<LI><a href="#[50]">&gt;&gt;</a>&nbsp;&nbsp;&nbsp;LL_RCC_GetUSARTClockFreq
<LI><a href="#[4c]">&gt;&gt;</a>&nbsp;&nbsp;&nbsp;LL_RCC_GetSystemClocksFreq
</UL>
<BR>[Called By]<UL><LI><a href="#[5c]">&gt;&gt;</a>&nbsp;&nbsp;&nbsp;MX_USART2_UART_Init
</UL>

<P><STRONG><a name="[1]"></a>NMI_Handler</STRONG> (Thumb, 2 bytes, Stack size 0 bytes, stm32f0xx_it.o(i.NMI_Handler))
<BR>[Address Reference Count : 1]<UL><LI> startup_stm32f030x8.o(RESET)
</UL>
<P><STRONG><a name="[40]"></a>Oled_EnlPrint</STRONG> (Thumb, 118 bytes, Stack size 48 bytes, oled_spi.o(i.Oled_EnlPrint))
<BR><BR>[Stack]<UL><LI>Max Depth = 120<LI>Call Chain = Oled_EnlPrint &rArr; LCD_P16x16Str &rArr; LCD_Set_Pos &rArr; Oled_Write_Command &rArr; Oled_WrBy
</UL>
<BR>[Calls]<UL><LI><a href="#[48]">&gt;&gt;</a>&nbsp;&nbsp;&nbsp;Feed_IWDG
<LI><a href="#[4a]">&gt;&gt;</a>&nbsp;&nbsp;&nbsp;LCD_P8x16Str
<LI><a href="#[47]">&gt;&gt;</a>&nbsp;&nbsp;&nbsp;LCD_P16x16Str
</UL>
<BR>[Called By]<UL><LI><a href="#[72]">&gt;&gt;</a>&nbsp;&nbsp;&nbsp;ab_set_display
<LI><a href="#[b8]">&gt;&gt;</a>&nbsp;&nbsp;&nbsp;video_status_dis
<LI><a href="#[9d]">&gt;&gt;</a>&nbsp;&nbsp;&nbsp;total_time_display
<LI><a href="#[9a]">&gt;&gt;</a>&nbsp;&nbsp;&nbsp;stop_time_display
<LI><a href="#[b7]">&gt;&gt;</a>&nbsp;&nbsp;&nbsp;speed_display
<LI><a href="#[9c]">&gt;&gt;</a>&nbsp;&nbsp;&nbsp;pix_amt_display
<LI><a href="#[95]">&gt;&gt;</a>&nbsp;&nbsp;&nbsp;pix_amt_compara_dis
<LI><a href="#[9e]">&gt;&gt;</a>&nbsp;&nbsp;&nbsp;fixed_shoot_display
<LI><a href="#[94]">&gt;&gt;</a>&nbsp;&nbsp;&nbsp;delay_status_display
<LI><a href="#[92]">&gt;&gt;</a>&nbsp;&nbsp;&nbsp;delay_mode_dir_dis
<LI><a href="#[3d]">&gt;&gt;</a>&nbsp;&nbsp;&nbsp;Fast_time_display
<LI><a href="#[81]">&gt;&gt;</a>&nbsp;&nbsp;&nbsp;video_page_send
<LI><a href="#[83]">&gt;&gt;</a>&nbsp;&nbsp;&nbsp;delay_page_send
<LI><a href="#[80]">&gt;&gt;</a>&nbsp;&nbsp;&nbsp;main_page_send
<LI><a href="#[8d]">&gt;&gt;</a>&nbsp;&nbsp;&nbsp;language_display
<LI><a href="#[8c]">&gt;&gt;</a>&nbsp;&nbsp;&nbsp;factory_set_display
<LI><a href="#[7d]">&gt;&gt;</a>&nbsp;&nbsp;&nbsp;config_page_send
<LI><a href="#[7c]">&gt;&gt;</a>&nbsp;&nbsp;&nbsp;auto_return_display
</UL>

<P><STRONG><a name="[5e]"></a>Oled_WrBy</STRONG> (Thumb, 42 bytes, Stack size 12 bytes, oled_spi.o(i.Oled_WrBy))
<BR><BR>[Stack]<UL><LI>Max Depth = 12<LI>Call Chain = Oled_WrBy
</UL>
<BR>[Called By]<UL><LI><a href="#[46]">&gt;&gt;</a>&nbsp;&nbsp;&nbsp;Oled_Write_Data
<LI><a href="#[45]">&gt;&gt;</a>&nbsp;&nbsp;&nbsp;Oled_Write_Command
</UL>

<P><STRONG><a name="[45]"></a>Oled_Write_Command</STRONG> (Thumb, 30 bytes, Stack size 12 bytes, oled_spi.o(i.Oled_Write_Command))
<BR><BR>[Stack]<UL><LI>Max Depth = 24<LI>Call Chain = Oled_Write_Command &rArr; Oled_WrBy
</UL>
<BR>[Calls]<UL><LI><a href="#[5e]">&gt;&gt;</a>&nbsp;&nbsp;&nbsp;Oled_WrBy
</UL>
<BR>[Called By]<UL><LI><a href="#[5f]">&gt;&gt;</a>&nbsp;&nbsp;&nbsp;Oled_init
<LI><a href="#[49]">&gt;&gt;</a>&nbsp;&nbsp;&nbsp;LCD_Set_Pos
<LI><a href="#[44]">&gt;&gt;</a>&nbsp;&nbsp;&nbsp;LCD_Fill
</UL>

<P><STRONG><a name="[46]"></a>Oled_Write_Data</STRONG> (Thumb, 30 bytes, Stack size 12 bytes, oled_spi.o(i.Oled_Write_Data))
<BR><BR>[Stack]<UL><LI>Max Depth = 24<LI>Call Chain = Oled_Write_Data &rArr; Oled_WrBy
</UL>
<BR>[Calls]<UL><LI><a href="#[5e]">&gt;&gt;</a>&nbsp;&nbsp;&nbsp;Oled_WrBy
</UL>
<BR>[Called By]<UL><LI><a href="#[7a]">&gt;&gt;</a>&nbsp;&nbsp;&nbsp;arrows_display
<LI><a href="#[4a]">&gt;&gt;</a>&nbsp;&nbsp;&nbsp;LCD_P8x16Str
<LI><a href="#[47]">&gt;&gt;</a>&nbsp;&nbsp;&nbsp;LCD_P16x16Str
<LI><a href="#[44]">&gt;&gt;</a>&nbsp;&nbsp;&nbsp;LCD_Fill
</UL>

<P><STRONG><a name="[5f]"></a>Oled_init</STRONG> (Thumb, 222 bytes, Stack size 16 bytes, oled_spi.o(i.Oled_init))
<BR><BR>[Stack]<UL><LI>Max Depth = 76<LI>Call Chain = Oled_init &rArr; oled_gpio_init &rArr; GPIO_OUT_init &rArr; LL_GPIO_Init
</UL>
<BR>[Calls]<UL><LI><a href="#[61]">&gt;&gt;</a>&nbsp;&nbsp;&nbsp;time_delay_ms
<LI><a href="#[48]">&gt;&gt;</a>&nbsp;&nbsp;&nbsp;Feed_IWDG
<LI><a href="#[60]">&gt;&gt;</a>&nbsp;&nbsp;&nbsp;oled_gpio_init
<LI><a href="#[45]">&gt;&gt;</a>&nbsp;&nbsp;&nbsp;Oled_Write_Command
<LI><a href="#[49]">&gt;&gt;</a>&nbsp;&nbsp;&nbsp;LCD_Set_Pos
<LI><a href="#[44]">&gt;&gt;</a>&nbsp;&nbsp;&nbsp;LCD_Fill
</UL>
<BR>[Called By]<UL><LI><a href="#[1f]">&gt;&gt;</a>&nbsp;&nbsp;&nbsp;main
</UL>

<P><STRONG><a name="[4]"></a>PendSV_Handler</STRONG> (Thumb, 2 bytes, Stack size 0 bytes, stm32f0xx_it.o(i.PendSV_Handler))
<BR>[Address Reference Count : 1]<UL><LI> startup_stm32f030x8.o(RESET)
</UL>
<P><STRONG><a name="[4e]"></a>RCC_GetHCLKClockFreq</STRONG> (Thumb, 18 bytes, Stack size 0 bytes, stm32f0xx_ll_rcc.o(i.RCC_GetHCLKClockFreq))
<BR><BR>[Called By]<UL><LI><a href="#[50]">&gt;&gt;</a>&nbsp;&nbsp;&nbsp;LL_RCC_GetUSARTClockFreq
<LI><a href="#[4c]">&gt;&gt;</a>&nbsp;&nbsp;&nbsp;LL_RCC_GetSystemClocksFreq
</UL>

<P><STRONG><a name="[4f]"></a>RCC_GetPCLK1ClockFreq</STRONG> (Thumb, 16 bytes, Stack size 0 bytes, stm32f0xx_ll_rcc.o(i.RCC_GetPCLK1ClockFreq))
<BR><BR>[Called By]<UL><LI><a href="#[50]">&gt;&gt;</a>&nbsp;&nbsp;&nbsp;LL_RCC_GetUSARTClockFreq
<LI><a href="#[4c]">&gt;&gt;</a>&nbsp;&nbsp;&nbsp;LL_RCC_GetSystemClocksFreq
</UL>

<P><STRONG><a name="[4d]"></a>RCC_GetSystemClockFreq</STRONG> (Thumb, 28 bytes, Stack size 8 bytes, stm32f0xx_ll_rcc.o(i.RCC_GetSystemClockFreq))
<BR><BR>[Stack]<UL><LI>Max Depth = 28<LI>Call Chain = RCC_GetSystemClockFreq &rArr; RCC_PLL_GetFreqDomain_SYS &rArr; __aeabi_uidivmod
</UL>
<BR>[Calls]<UL><LI><a href="#[62]">&gt;&gt;</a>&nbsp;&nbsp;&nbsp;RCC_PLL_GetFreqDomain_SYS
</UL>
<BR>[Called By]<UL><LI><a href="#[50]">&gt;&gt;</a>&nbsp;&nbsp;&nbsp;LL_RCC_GetUSARTClockFreq
<LI><a href="#[4c]">&gt;&gt;</a>&nbsp;&nbsp;&nbsp;LL_RCC_GetSystemClocksFreq
</UL>

<P><STRONG><a name="[62]"></a>RCC_PLL_GetFreqDomain_SYS</STRONG> (Thumb, 50 bytes, Stack size 8 bytes, stm32f0xx_ll_rcc.o(i.RCC_PLL_GetFreqDomain_SYS))
<BR><BR>[Stack]<UL><LI>Max Depth = 20<LI>Call Chain = RCC_PLL_GetFreqDomain_SYS &rArr; __aeabi_uidivmod
</UL>
<BR>[Calls]<UL><LI><a href="#[26]">&gt;&gt;</a>&nbsp;&nbsp;&nbsp;__aeabi_uidivmod
</UL>
<BR>[Called By]<UL><LI><a href="#[4d]">&gt;&gt;</a>&nbsp;&nbsp;&nbsp;RCC_GetSystemClockFreq
</UL>

<P><STRONG><a name="[3]"></a>SVC_Handler</STRONG> (Thumb, 2 bytes, Stack size 0 bytes, stm32f0xx_it.o(i.SVC_Handler))
<BR>[Address Reference Count : 1]<UL><LI> startup_stm32f030x8.o(RESET)
</UL>
<P><STRONG><a name="[5]"></a>SysTick_Handler</STRONG> (Thumb, 2 bytes, Stack size 0 bytes, stm32f0xx_it.o(i.SysTick_Handler))
<BR>[Address Reference Count : 1]<UL><LI> startup_stm32f030x8.o(RESET)
</UL>
<P><STRONG><a name="[63]"></a>SystemClock_Config</STRONG> (Thumb, 258 bytes, Stack size 16 bytes, main.o(i.SystemClock_Config))
<BR><BR>[Stack]<UL><LI>Max Depth = 36<LI>Call Chain = SystemClock_Config &rArr; LL_Init1msTick &rArr; __aeabi_uidivmod
</UL>
<BR>[Calls]<UL><LI><a href="#[64]">&gt;&gt;</a>&nbsp;&nbsp;&nbsp;LL_SetSystemCoreClock
<LI><a href="#[4b]">&gt;&gt;</a>&nbsp;&nbsp;&nbsp;LL_Init1msTick
<LI><a href="#[59]">&gt;&gt;</a>&nbsp;&nbsp;&nbsp;NVIC_SetPriority
</UL>
<BR>[Called By]<UL><LI><a href="#[1f]">&gt;&gt;</a>&nbsp;&nbsp;&nbsp;main
</UL>

<P><STRONG><a name="[20]"></a>SystemInit</STRONG> (Thumb, 78 bytes, Stack size 0 bytes, system_stm32f0xx.o(i.SystemInit))
<BR>[Address Reference Count : 1]<UL><LI> startup_stm32f030x8.o(.text)
</UL>
<P><STRONG><a name="[15]"></a>TIM14_IRQHandler</STRONG> (Thumb, 24 bytes, Stack size 8 bytes, stm32f0xx_it.o(i.TIM14_IRQHandler))
<BR><BR>[Stack]<UL><LI>Max Depth = 8<LI>Call Chain = TIM14_IRQHandler
</UL>
<BR>[Calls]<UL><LI><a href="#[66]">&gt;&gt;</a>&nbsp;&nbsp;&nbsp;time_count
<LI><a href="#[67]">&gt;&gt;</a>&nbsp;&nbsp;&nbsp;scan_cycle_count
<LI><a href="#[65]">&gt;&gt;</a>&nbsp;&nbsp;&nbsp;adc_cout
</UL>
<BR>[Address Reference Count : 1]<UL><LI> startup_stm32f030x8.o(RESET)
</UL>
<P><STRONG><a name="[11]"></a>TIM1_BRK_UP_TRG_COM_IRQHandler</STRONG> (Thumb, 24 bytes, Stack size 8 bytes, stm32f0xx_it.o(i.TIM1_BRK_UP_TRG_COM_IRQHandler))
<BR><BR>[Stack]<UL><LI>Max Depth = 8<LI>Call Chain = TIM1_BRK_UP_TRG_COM_IRQHandler
</UL>
<BR>[Calls]<UL><LI><a href="#[68]">&gt;&gt;</a>&nbsp;&nbsp;&nbsp;pulse_count
</UL>
<BR>[Address Reference Count : 1]<UL><LI> startup_stm32f030x8.o(RESET)
</UL>
<P><STRONG><a name="[13]"></a>TIM3_IRQHandler</STRONG> (Thumb, 24 bytes, Stack size 8 bytes, stm32f0xx_it.o(i.TIM3_IRQHandler))
<BR><BR>[Stack]<UL><LI>Max Depth = 28<LI>Call Chain = TIM3_IRQHandler &rArr; slow_spee_check &rArr; auto_return_check
</UL>
<BR>[Calls]<UL><LI><a href="#[69]">&gt;&gt;</a>&nbsp;&nbsp;&nbsp;slow_spee_check
<LI><a href="#[68]">&gt;&gt;</a>&nbsp;&nbsp;&nbsp;pulse_count
<LI><a href="#[6a]">&gt;&gt;</a>&nbsp;&nbsp;&nbsp;delay_move_time_compara
</UL>
<BR>[Address Reference Count : 1]<UL><LI> startup_stm32f030x8.o(RESET)
</UL>
<P><STRONG><a name="[1d]"></a>USART1_IRQHandler</STRONG> (Thumb, 34 bytes, Stack size 8 bytes, stm32f0xx_it.o(i.USART1_IRQHandler))
<BR><BR>[Stack]<UL><LI>Max Depth = 16<LI>Call Chain = USART1_IRQHandler &rArr; usart_read_byte
</UL>
<BR>[Calls]<UL><LI><a href="#[6b]">&gt;&gt;</a>&nbsp;&nbsp;&nbsp;usart_read_byte
</UL>
<BR>[Address Reference Count : 1]<UL><LI> startup_stm32f030x8.o(RESET)
</UL>
<P><STRONG><a name="[6c]"></a>__0sprintf</STRONG> (Thumb, 36 bytes, Stack size 24 bytes, printfa.o(i.__0sprintf), UNUSED)
<BR><BR>[Calls]<UL><LI><a href="#[22]">&gt;&gt;</a>&nbsp;&nbsp;&nbsp;_sputc
<LI><a href="#[6d]">&gt;&gt;</a>&nbsp;&nbsp;&nbsp;_printf_core
</UL>

<P><STRONG><a name="[cd]"></a>__1sprintf</STRONG> (Thumb, 0 bytes, Stack size 24 bytes, printfa.o(i.__0sprintf), UNUSED)

<P><STRONG><a name="[3f]"></a>__2sprintf</STRONG> (Thumb, 0 bytes, Stack size 24 bytes, printfa.o(i.__0sprintf))
<BR><BR>[Stack]<UL><LI>Max Depth = 24<LI>Call Chain = __2sprintf
</UL>
<BR>[Called By]<UL><LI><a href="#[9d]">&gt;&gt;</a>&nbsp;&nbsp;&nbsp;total_time_display
<LI><a href="#[9a]">&gt;&gt;</a>&nbsp;&nbsp;&nbsp;stop_time_display
<LI><a href="#[b7]">&gt;&gt;</a>&nbsp;&nbsp;&nbsp;speed_display
<LI><a href="#[9c]">&gt;&gt;</a>&nbsp;&nbsp;&nbsp;pix_amt_display
<LI><a href="#[95]">&gt;&gt;</a>&nbsp;&nbsp;&nbsp;pix_amt_compara_dis
<LI><a href="#[3d]">&gt;&gt;</a>&nbsp;&nbsp;&nbsp;Fast_time_display
</UL>

<P><STRONG><a name="[ce]"></a>__c89sprintf</STRONG> (Thumb, 0 bytes, Stack size 24 bytes, printfa.o(i.__0sprintf), UNUSED)

<P><STRONG><a name="[cf]"></a>sprintf</STRONG> (Thumb, 0 bytes, Stack size 24 bytes, printfa.o(i.__0sprintf), UNUSED)

<P><STRONG><a name="[35]"></a>__ARM_clz</STRONG> (Thumb, 46 bytes, Stack size 0 bytes, depilogue.o(i.__ARM_clz))
<BR><BR>[Called By]<UL><LI><a href="#[2a]">&gt;&gt;</a>&nbsp;&nbsp;&nbsp;_double_epilogue
</UL>

<P><STRONG><a name="[b4]"></a>__ARM_common_switch8</STRONG> (Thumb, 26 bytes, Stack size 8 bytes, motor_dri.o(i.__ARM_common_switch8))
<BR><BR>[Stack]<UL><LI>Max Depth = 8<LI>Call Chain = __ARM_common_switch8
</UL>
<BR>[Called By]<UL><LI><a href="#[b3]">&gt;&gt;</a>&nbsp;&nbsp;&nbsp;motor_prescale_setting
</UL>

<P><STRONG><a name="[d0]"></a>__scatterload_copy</STRONG> (Thumb, 14 bytes, Stack size unknown bytes, handlers.o(i.__scatterload_copy), UNUSED)

<P><STRONG><a name="[d1]"></a>__scatterload_null</STRONG> (Thumb, 2 bytes, Stack size unknown bytes, handlers.o(i.__scatterload_null), UNUSED)

<P><STRONG><a name="[d2]"></a>__scatterload_zeroinit</STRONG> (Thumb, 14 bytes, Stack size unknown bytes, handlers.o(i.__scatterload_zeroinit), UNUSED)

<P><STRONG><a name="[72]"></a>ab_set_display</STRONG> (Thumb, 104 bytes, Stack size 16 bytes, ab_set.o(i.ab_set_display))
<BR><BR>[Stack]<UL><LI>Max Depth = 136<LI>Call Chain = ab_set_display &rArr; Oled_EnlPrint &rArr; LCD_P16x16Str &rArr; LCD_Set_Pos &rArr; Oled_Write_Command &rArr; Oled_WrBy
</UL>
<BR>[Calls]<UL><LI><a href="#[40]">&gt;&gt;</a>&nbsp;&nbsp;&nbsp;Oled_EnlPrint
<LI><a href="#[44]">&gt;&gt;</a>&nbsp;&nbsp;&nbsp;LCD_Fill
</UL>
<BR>[Called By]<UL><LI><a href="#[1f]">&gt;&gt;</a>&nbsp;&nbsp;&nbsp;main
<LI><a href="#[78]">&gt;&gt;</a>&nbsp;&nbsp;&nbsp;ab_set_press_ok
</UL>

<P><STRONG><a name="[73]"></a>ab_set_move</STRONG> (Thumb, 70 bytes, Stack size 8 bytes, ab_set.o(i.ab_set_move))
<BR><BR>[Stack]<UL><LI>Max Depth = 8<LI>Call Chain = ab_set_move
</UL>
<BR>[Calls]<UL><LI><a href="#[74]">&gt;&gt;</a>&nbsp;&nbsp;&nbsp;motor_stop
<LI><a href="#[77]">&gt;&gt;</a>&nbsp;&nbsp;&nbsp;motor_start
<LI><a href="#[76]">&gt;&gt;</a>&nbsp;&nbsp;&nbsp;motor_speed_adjust
<LI><a href="#[75]">&gt;&gt;</a>&nbsp;&nbsp;&nbsp;motor_direction_change
</UL>
<BR>[Called By]<UL><LI><a href="#[a5]">&gt;&gt;</a>&nbsp;&nbsp;&nbsp;keyscan
</UL>

<P><STRONG><a name="[78]"></a>ab_set_press_ok</STRONG> (Thumb, 60 bytes, Stack size 8 bytes, ab_set.o(i.ab_set_press_ok))
<BR><BR>[Stack]<UL><LI>Max Depth = 192<LI>Call Chain = ab_set_press_ok &rArr; change_page &rArr; delay_page_send &rArr; total_time_display &rArr; Oled_EnlPrint &rArr; LCD_P16x16Str &rArr; LCD_Set_Pos &rArr; Oled_Write_Command &rArr; Oled_WrBy
</UL>
<BR>[Calls]<UL><LI><a href="#[72]">&gt;&gt;</a>&nbsp;&nbsp;&nbsp;ab_set_display
<LI><a href="#[79]">&gt;&gt;</a>&nbsp;&nbsp;&nbsp;change_page
</UL>
<BR>[Called By]<UL><LI><a href="#[a5]">&gt;&gt;</a>&nbsp;&nbsp;&nbsp;keyscan
</UL>

<P><STRONG><a name="[65]"></a>adc_cout</STRONG> (Thumb, 14 bytes, Stack size 0 bytes, adc.o(i.adc_cout))
<BR><BR>[Called By]<UL><LI><a href="#[15]">&gt;&gt;</a>&nbsp;&nbsp;&nbsp;TIM14_IRQHandler
</UL>

<P><STRONG><a name="[7a]"></a>arrows_display</STRONG> (Thumb, 74 bytes, Stack size 32 bytes, oled_spi.o(i.arrows_display))
<BR><BR>[Stack]<UL><LI>Max Depth = 64<LI>Call Chain = arrows_display &rArr; LCD_Set_Pos &rArr; Oled_Write_Command &rArr; Oled_WrBy
</UL>
<BR>[Calls]<UL><LI><a href="#[46]">&gt;&gt;</a>&nbsp;&nbsp;&nbsp;Oled_Write_Data
<LI><a href="#[49]">&gt;&gt;</a>&nbsp;&nbsp;&nbsp;LCD_Set_Pos
</UL>
<BR>[Called By]<UL><LI><a href="#[7f]">&gt;&gt;</a>&nbsp;&nbsp;&nbsp;sursor_display
</UL>

<P><STRONG><a name="[7b]"></a>auto_return_check</STRONG> (Thumb, 54 bytes, Stack size 8 bytes, motor_dri.o(i.auto_return_check))
<BR><BR>[Stack]<UL><LI>Max Depth = 8<LI>Call Chain = auto_return_check
</UL>
<BR>[Calls]<UL><LI><a href="#[75]">&gt;&gt;</a>&nbsp;&nbsp;&nbsp;motor_direction_change
</UL>
<BR>[Called By]<UL><LI><a href="#[69]">&gt;&gt;</a>&nbsp;&nbsp;&nbsp;slow_spee_check
</UL>

<P><STRONG><a name="[7c]"></a>auto_return_display</STRONG> (Thumb, 34 bytes, Stack size 8 bytes, config.o(i.auto_return_display))
<BR><BR>[Stack]<UL><LI>Max Depth = 128<LI>Call Chain = auto_return_display &rArr; Oled_EnlPrint &rArr; LCD_P16x16Str &rArr; LCD_Set_Pos &rArr; Oled_Write_Command &rArr; Oled_WrBy
</UL>
<BR>[Calls]<UL><LI><a href="#[40]">&gt;&gt;</a>&nbsp;&nbsp;&nbsp;Oled_EnlPrint
</UL>
<BR>[Called By]<UL><LI><a href="#[a8]">&gt;&gt;</a>&nbsp;&nbsp;&nbsp;video_dir_adjust
<LI><a href="#[98]">&gt;&gt;</a>&nbsp;&nbsp;&nbsp;delay_page_para_adjust
<LI><a href="#[82]">&gt;&gt;</a>&nbsp;&nbsp;&nbsp;video_para_send
<LI><a href="#[83]">&gt;&gt;</a>&nbsp;&nbsp;&nbsp;delay_page_send
</UL>

<P><STRONG><a name="[79]"></a>change_page</STRONG> (Thumb, 78 bytes, Stack size 8 bytes, config.o(i.change_page))
<BR><BR>[Stack]<UL><LI>Max Depth = 184<LI>Call Chain = change_page &rArr; delay_page_send &rArr; total_time_display &rArr; Oled_EnlPrint &rArr; LCD_P16x16Str &rArr; LCD_Set_Pos &rArr; Oled_Write_Command &rArr; Oled_WrBy
</UL>
<BR>[Calls]<UL><LI><a href="#[82]">&gt;&gt;</a>&nbsp;&nbsp;&nbsp;video_para_send
<LI><a href="#[81]">&gt;&gt;</a>&nbsp;&nbsp;&nbsp;video_page_send
<LI><a href="#[7f]">&gt;&gt;</a>&nbsp;&nbsp;&nbsp;sursor_display
<LI><a href="#[83]">&gt;&gt;</a>&nbsp;&nbsp;&nbsp;delay_page_send
<LI><a href="#[80]">&gt;&gt;</a>&nbsp;&nbsp;&nbsp;main_page_send
<LI><a href="#[7e]">&gt;&gt;</a>&nbsp;&nbsp;&nbsp;config_para_send
<LI><a href="#[7d]">&gt;&gt;</a>&nbsp;&nbsp;&nbsp;config_page_send
</UL>
<BR>[Called By]<UL><LI><a href="#[97]">&gt;&gt;</a>&nbsp;&nbsp;&nbsp;delay_page_ok
<LI><a href="#[89]">&gt;&gt;</a>&nbsp;&nbsp;&nbsp;page_return_adjust
<LI><a href="#[b1]">&gt;&gt;</a>&nbsp;&nbsp;&nbsp;main_page_ok
<LI><a href="#[8b]">&gt;&gt;</a>&nbsp;&nbsp;&nbsp;config_para_adjust
<LI><a href="#[78]">&gt;&gt;</a>&nbsp;&nbsp;&nbsp;ab_set_press_ok
</UL>

<P><STRONG><a name="[84]"></a>config_page_move_cursor</STRONG> (Thumb, 24 bytes, Stack size 8 bytes, config.o(i.config_page_move_cursor))
<BR><BR>[Stack]<UL><LI>Max Depth = 80<LI>Call Chain = config_page_move_cursor &rArr; sursor_display &rArr; arrows_display &rArr; LCD_Set_Pos &rArr; Oled_Write_Command &rArr; Oled_WrBy
</UL>
<BR>[Calls]<UL><LI><a href="#[7f]">&gt;&gt;</a>&nbsp;&nbsp;&nbsp;sursor_display
<LI><a href="#[85]">&gt;&gt;</a>&nbsp;&nbsp;&nbsp;cursor_count
</UL>
<BR>[Called By]<UL><LI><a href="#[a5]">&gt;&gt;</a>&nbsp;&nbsp;&nbsp;keyscan
</UL>

<P><STRONG><a name="[86]"></a>config_page_ok</STRONG> (Thumb, 44 bytes, Stack size 8 bytes, config.o(i.config_page_ok))
<BR><BR>[Stack]<UL><LI>Max Depth = 200<LI>Call Chain = config_page_ok &rArr; page_return_adjust &rArr; change_page &rArr; delay_page_send &rArr; total_time_display &rArr; Oled_EnlPrint &rArr; LCD_P16x16Str &rArr; LCD_Set_Pos &rArr; Oled_Write_Command &rArr; Oled_WrBy
</UL>
<BR>[Calls]<UL><LI><a href="#[88]">&gt;&gt;</a>&nbsp;&nbsp;&nbsp;if_write_flash
<LI><a href="#[8a]">&gt;&gt;</a>&nbsp;&nbsp;&nbsp;write_flash_active
<LI><a href="#[87]">&gt;&gt;</a>&nbsp;&nbsp;&nbsp;para_init
<LI><a href="#[89]">&gt;&gt;</a>&nbsp;&nbsp;&nbsp;page_return_adjust
</UL>
<BR>[Called By]<UL><LI><a href="#[a9]">&gt;&gt;</a>&nbsp;&nbsp;&nbsp;press_OK_function
</UL>

<P><STRONG><a name="[7d]"></a>config_page_send</STRONG> (Thumb, 44 bytes, Stack size 16 bytes, config.o(i.config_page_send))
<BR><BR>[Stack]<UL><LI>Max Depth = 136<LI>Call Chain = config_page_send &rArr; Oled_EnlPrint &rArr; LCD_P16x16Str &rArr; LCD_Set_Pos &rArr; Oled_Write_Command &rArr; Oled_WrBy
</UL>
<BR>[Calls]<UL><LI><a href="#[40]">&gt;&gt;</a>&nbsp;&nbsp;&nbsp;Oled_EnlPrint
<LI><a href="#[44]">&gt;&gt;</a>&nbsp;&nbsp;&nbsp;LCD_Fill
</UL>
<BR>[Called By]<UL><LI><a href="#[79]">&gt;&gt;</a>&nbsp;&nbsp;&nbsp;change_page
</UL>

<P><STRONG><a name="[8b]"></a>config_para_adjust</STRONG> (Thumb, 78 bytes, Stack size 16 bytes, config.o(i.config_para_adjust))
<BR><BR>[Stack]<UL><LI>Max Depth = 200<LI>Call Chain = config_para_adjust &rArr; change_page &rArr; delay_page_send &rArr; total_time_display &rArr; Oled_EnlPrint &rArr; LCD_P16x16Str &rArr; LCD_Set_Pos &rArr; Oled_Write_Command &rArr; Oled_WrBy
</UL>
<BR>[Calls]<UL><LI><a href="#[88]">&gt;&gt;</a>&nbsp;&nbsp;&nbsp;if_write_flash
<LI><a href="#[8c]">&gt;&gt;</a>&nbsp;&nbsp;&nbsp;factory_set_display
<LI><a href="#[79]">&gt;&gt;</a>&nbsp;&nbsp;&nbsp;change_page
</UL>
<BR>[Called By]<UL><LI><a href="#[a5]">&gt;&gt;</a>&nbsp;&nbsp;&nbsp;keyscan
</UL>

<P><STRONG><a name="[7e]"></a>config_para_send</STRONG> (Thumb, 24 bytes, Stack size 8 bytes, config.o(i.config_para_send))
<BR><BR>[Stack]<UL><LI>Max Depth = 136<LI>Call Chain = config_para_send &rArr; language_display &rArr; Oled_EnlPrint &rArr; LCD_P16x16Str &rArr; LCD_Set_Pos &rArr; Oled_Write_Command &rArr; Oled_WrBy
</UL>
<BR>[Calls]<UL><LI><a href="#[8d]">&gt;&gt;</a>&nbsp;&nbsp;&nbsp;language_display
<LI><a href="#[8c]">&gt;&gt;</a>&nbsp;&nbsp;&nbsp;factory_set_display
</UL>
<BR>[Called By]<UL><LI><a href="#[79]">&gt;&gt;</a>&nbsp;&nbsp;&nbsp;change_page
</UL>

<P><STRONG><a name="[85]"></a>cursor_count</STRONG> (Thumb, 40 bytes, Stack size 12 bytes, config.o(i.cursor_count))
<BR><BR>[Stack]<UL><LI>Max Depth = 12<LI>Call Chain = cursor_count
</UL>
<BR>[Called By]<UL><LI><a href="#[96]">&gt;&gt;</a>&nbsp;&nbsp;&nbsp;delay_page_cursor_upordw
<LI><a href="#[a6]">&gt;&gt;</a>&nbsp;&nbsp;&nbsp;main_cursor_upordw
<LI><a href="#[84]">&gt;&gt;</a>&nbsp;&nbsp;&nbsp;config_page_move_cursor
</UL>

<P><STRONG><a name="[b9]"></a>data_count</STRONG> (Thumb, 28 bytes, Stack size 8 bytes, orbital.o(i.data_count))
<BR><BR>[Stack]<UL><LI>Max Depth = 8<LI>Call Chain = data_count
</UL>
<BR>[Called By]<UL><LI><a href="#[a7]">&gt;&gt;</a>&nbsp;&nbsp;&nbsp;video_speed_adjust
</UL>

<P><STRONG><a name="[8e]"></a>delay_confirm</STRONG> (Thumb, 138 bytes, Stack size 24 bytes, motor_dri.o(i.delay_confirm))
<BR><BR>[Stack]<UL><LI>Max Depth = 160<LI>Call Chain = delay_confirm &rArr; move_time_calculate &rArr; __aeabi_dmul &rArr; _double_epilogue &rArr; __aeabi_llsr
</UL>
<BR>[Calls]<UL><LI><a href="#[8a]">&gt;&gt;</a>&nbsp;&nbsp;&nbsp;write_flash_active
<LI><a href="#[8f]">&gt;&gt;</a>&nbsp;&nbsp;&nbsp;move_time_calculate
<LI><a href="#[74]">&gt;&gt;</a>&nbsp;&nbsp;&nbsp;motor_stop
<LI><a href="#[77]">&gt;&gt;</a>&nbsp;&nbsp;&nbsp;motor_start
<LI><a href="#[76]">&gt;&gt;</a>&nbsp;&nbsp;&nbsp;motor_speed_adjust
<LI><a href="#[90]">&gt;&gt;</a>&nbsp;&nbsp;&nbsp;__aeabi_fmul
<LI><a href="#[91]">&gt;&gt;</a>&nbsp;&nbsp;&nbsp;__aeabi_f2uiz
<LI><a href="#[26]">&gt;&gt;</a>&nbsp;&nbsp;&nbsp;__aeabi_uidivmod
</UL>
<BR>[Called By]<UL><LI><a href="#[97]">&gt;&gt;</a>&nbsp;&nbsp;&nbsp;delay_page_ok
</UL>

<P><STRONG><a name="[92]"></a>delay_mode_dir_dis</STRONG> (Thumb, 34 bytes, Stack size 8 bytes, orbital.o(i.delay_mode_dir_dis))
<BR><BR>[Stack]<UL><LI>Max Depth = 128<LI>Call Chain = delay_mode_dir_dis &rArr; Oled_EnlPrint &rArr; LCD_P16x16Str &rArr; LCD_Set_Pos &rArr; Oled_Write_Command &rArr; Oled_WrBy
</UL>
<BR>[Calls]<UL><LI><a href="#[40]">&gt;&gt;</a>&nbsp;&nbsp;&nbsp;Oled_EnlPrint
</UL>
<BR>[Called By]<UL><LI><a href="#[98]">&gt;&gt;</a>&nbsp;&nbsp;&nbsp;delay_page_para_adjust
<LI><a href="#[83]">&gt;&gt;</a>&nbsp;&nbsp;&nbsp;delay_page_send
</UL>

<P><STRONG><a name="[93]"></a>delay_mode_main</STRONG> (Thumb, 146 bytes, Stack size 24 bytes, orbital.o(i.delay_mode_main))
<BR><BR>[Stack]<UL><LI>Max Depth = 168<LI>Call Chain = delay_mode_main &rArr; pix_amt_compara_dis &rArr; Oled_EnlPrint &rArr; LCD_P16x16Str &rArr; LCD_Set_Pos &rArr; Oled_Write_Command &rArr; Oled_WrBy
</UL>
<BR>[Calls]<UL><LI><a href="#[74]">&gt;&gt;</a>&nbsp;&nbsp;&nbsp;motor_stop
<LI><a href="#[77]">&gt;&gt;</a>&nbsp;&nbsp;&nbsp;motor_start
<LI><a href="#[95]">&gt;&gt;</a>&nbsp;&nbsp;&nbsp;pix_amt_compara_dis
<LI><a href="#[94]">&gt;&gt;</a>&nbsp;&nbsp;&nbsp;delay_status_display
</UL>
<BR>[Called By]<UL><LI><a href="#[1f]">&gt;&gt;</a>&nbsp;&nbsp;&nbsp;main
</UL>

<P><STRONG><a name="[6a]"></a>delay_move_time_compara</STRONG> (Thumb, 40 bytes, Stack size 8 bytes, orbital.o(i.delay_move_time_compara))
<BR><BR>[Stack]<UL><LI>Max Depth = 8<LI>Call Chain = delay_move_time_compara
</UL>
<BR>[Calls]<UL><LI><a href="#[74]">&gt;&gt;</a>&nbsp;&nbsp;&nbsp;motor_stop
</UL>
<BR>[Called By]<UL><LI><a href="#[13]">&gt;&gt;</a>&nbsp;&nbsp;&nbsp;TIM3_IRQHandler
</UL>

<P><STRONG><a name="[96]"></a>delay_page_cursor_upordw</STRONG> (Thumb, 34 bytes, Stack size 8 bytes, orbital.o(i.delay_page_cursor_upordw))
<BR><BR>[Stack]<UL><LI>Max Depth = 80<LI>Call Chain = delay_page_cursor_upordw &rArr; sursor_display &rArr; arrows_display &rArr; LCD_Set_Pos &rArr; Oled_Write_Command &rArr; Oled_WrBy
</UL>
<BR>[Calls]<UL><LI><a href="#[7f]">&gt;&gt;</a>&nbsp;&nbsp;&nbsp;sursor_display
<LI><a href="#[85]">&gt;&gt;</a>&nbsp;&nbsp;&nbsp;cursor_count
</UL>
<BR>[Called By]<UL><LI><a href="#[a5]">&gt;&gt;</a>&nbsp;&nbsp;&nbsp;keyscan
</UL>

<P><STRONG><a name="[97]"></a>delay_page_ok</STRONG> (Thumb, 46 bytes, Stack size 8 bytes, orbital.o(i.delay_page_ok))
<BR><BR>[Stack]<UL><LI>Max Depth = 192<LI>Call Chain = delay_page_ok &rArr; change_page &rArr; delay_page_send &rArr; total_time_display &rArr; Oled_EnlPrint &rArr; LCD_P16x16Str &rArr; LCD_Set_Pos &rArr; Oled_Write_Command &rArr; Oled_WrBy
</UL>
<BR>[Calls]<UL><LI><a href="#[8e]">&gt;&gt;</a>&nbsp;&nbsp;&nbsp;delay_confirm
<LI><a href="#[79]">&gt;&gt;</a>&nbsp;&nbsp;&nbsp;change_page
</UL>
<BR>[Called By]<UL><LI><a href="#[a9]">&gt;&gt;</a>&nbsp;&nbsp;&nbsp;press_OK_function
</UL>

<P><STRONG><a name="[98]"></a>delay_page_para_adjust</STRONG> (Thumb, 212 bytes, Stack size 16 bytes, orbital.o(i.delay_page_para_adjust))
<BR><BR>[Stack]<UL><LI>Max Depth = 176<LI>Call Chain = delay_page_para_adjust &rArr; total_time_display &rArr; Oled_EnlPrint &rArr; LCD_P16x16Str &rArr; LCD_Set_Pos &rArr; Oled_Write_Command &rArr; Oled_WrBy
</UL>
<BR>[Calls]<UL><LI><a href="#[88]">&gt;&gt;</a>&nbsp;&nbsp;&nbsp;if_write_flash
<LI><a href="#[75]">&gt;&gt;</a>&nbsp;&nbsp;&nbsp;motor_direction_change
<LI><a href="#[9d]">&gt;&gt;</a>&nbsp;&nbsp;&nbsp;total_time_display
<LI><a href="#[9a]">&gt;&gt;</a>&nbsp;&nbsp;&nbsp;stop_time_display
<LI><a href="#[9c]">&gt;&gt;</a>&nbsp;&nbsp;&nbsp;pix_amt_display
<LI><a href="#[99]">&gt;&gt;</a>&nbsp;&nbsp;&nbsp;para_count
<LI><a href="#[9b]">&gt;&gt;</a>&nbsp;&nbsp;&nbsp;move_time_cout
<LI><a href="#[9e]">&gt;&gt;</a>&nbsp;&nbsp;&nbsp;fixed_shoot_display
<LI><a href="#[92]">&gt;&gt;</a>&nbsp;&nbsp;&nbsp;delay_mode_dir_dis
<LI><a href="#[3d]">&gt;&gt;</a>&nbsp;&nbsp;&nbsp;Fast_time_display
<LI><a href="#[7c]">&gt;&gt;</a>&nbsp;&nbsp;&nbsp;auto_return_display
<LI><a href="#[26]">&gt;&gt;</a>&nbsp;&nbsp;&nbsp;__aeabi_uidivmod
</UL>
<BR>[Called By]<UL><LI><a href="#[a5]">&gt;&gt;</a>&nbsp;&nbsp;&nbsp;keyscan
<LI><a href="#[ab]">&gt;&gt;</a>&nbsp;&nbsp;&nbsp;press_key_continue
</UL>

<P><STRONG><a name="[9f]"></a>delay_page_parameter_send</STRONG> (Thumb, 16 bytes, Stack size 8 bytes, orbital.o(i.delay_page_parameter_send))
<BR><BR>[Stack]<UL><LI>Max Depth = 152<LI>Call Chain = delay_page_parameter_send &rArr; Fast_time_display &rArr; Oled_EnlPrint &rArr; LCD_P16x16Str &rArr; LCD_Set_Pos &rArr; Oled_Write_Command &rArr; Oled_WrBy
</UL>
<BR>[Calls]<UL><LI><a href="#[9a]">&gt;&gt;</a>&nbsp;&nbsp;&nbsp;stop_time_display
<LI><a href="#[9c]">&gt;&gt;</a>&nbsp;&nbsp;&nbsp;pix_amt_display
<LI><a href="#[3d]">&gt;&gt;</a>&nbsp;&nbsp;&nbsp;Fast_time_display
</UL>
<BR>[Called By]<UL><LI><a href="#[83]">&gt;&gt;</a>&nbsp;&nbsp;&nbsp;delay_page_send
</UL>

<P><STRONG><a name="[a0]"></a>delay_page_return</STRONG> (Thumb, 34 bytes, Stack size 8 bytes, orbital.o(i.delay_page_return))
<BR><BR>[Stack]<UL><LI>Max Depth = 8<LI>Call Chain = delay_page_return
</UL>
<BR>[Calls]<UL><LI><a href="#[74]">&gt;&gt;</a>&nbsp;&nbsp;&nbsp;motor_stop
</UL>
<BR>[Called By]<UL><LI><a href="#[89]">&gt;&gt;</a>&nbsp;&nbsp;&nbsp;page_return_adjust
</UL>

<P><STRONG><a name="[83]"></a>delay_page_send</STRONG> (Thumb, 200 bytes, Stack size 16 bytes, orbital.o(i.delay_page_send))
<BR><BR>[Stack]<UL><LI>Max Depth = 176<LI>Call Chain = delay_page_send &rArr; total_time_display &rArr; Oled_EnlPrint &rArr; LCD_P16x16Str &rArr; LCD_Set_Pos &rArr; Oled_Write_Command &rArr; Oled_WrBy
</UL>
<BR>[Calls]<UL><LI><a href="#[9d]">&gt;&gt;</a>&nbsp;&nbsp;&nbsp;total_time_display
<LI><a href="#[95]">&gt;&gt;</a>&nbsp;&nbsp;&nbsp;pix_amt_compara_dis
<LI><a href="#[9e]">&gt;&gt;</a>&nbsp;&nbsp;&nbsp;fixed_shoot_display
<LI><a href="#[94]">&gt;&gt;</a>&nbsp;&nbsp;&nbsp;delay_status_display
<LI><a href="#[9f]">&gt;&gt;</a>&nbsp;&nbsp;&nbsp;delay_page_parameter_send
<LI><a href="#[92]">&gt;&gt;</a>&nbsp;&nbsp;&nbsp;delay_mode_dir_dis
<LI><a href="#[7f]">&gt;&gt;</a>&nbsp;&nbsp;&nbsp;sursor_display
<LI><a href="#[7c]">&gt;&gt;</a>&nbsp;&nbsp;&nbsp;auto_return_display
<LI><a href="#[40]">&gt;&gt;</a>&nbsp;&nbsp;&nbsp;Oled_EnlPrint
<LI><a href="#[44]">&gt;&gt;</a>&nbsp;&nbsp;&nbsp;LCD_Fill
</UL>
<BR>[Called By]<UL><LI><a href="#[79]">&gt;&gt;</a>&nbsp;&nbsp;&nbsp;change_page
</UL>

<P><STRONG><a name="[94]"></a>delay_status_display</STRONG> (Thumb, 36 bytes, Stack size 8 bytes, orbital.o(i.delay_status_display))
<BR><BR>[Stack]<UL><LI>Max Depth = 128<LI>Call Chain = delay_status_display &rArr; Oled_EnlPrint &rArr; LCD_P16x16Str &rArr; LCD_Set_Pos &rArr; Oled_Write_Command &rArr; Oled_WrBy
</UL>
<BR>[Calls]<UL><LI><a href="#[40]">&gt;&gt;</a>&nbsp;&nbsp;&nbsp;Oled_EnlPrint
</UL>
<BR>[Called By]<UL><LI><a href="#[93]">&gt;&gt;</a>&nbsp;&nbsp;&nbsp;delay_mode_main
<LI><a href="#[83]">&gt;&gt;</a>&nbsp;&nbsp;&nbsp;delay_page_send
</UL>

<P><STRONG><a name="[a1]"></a>erase_flash_OnePage</STRONG> (Thumb, 16 bytes, Stack size 4 bytes, flash.o(i.erase_flash_OnePage))
<BR><BR>[Stack]<UL><LI>Max Depth = 28<LI>Call Chain = erase_flash_OnePage &rArr; FLASH_ErasePage &rArr; FLASH_WaitForLastOperation
</UL>
<BR>[Calls]<UL><LI><a href="#[39]">&gt;&gt;</a>&nbsp;&nbsp;&nbsp;FLASH_ErasePage
</UL>
<BR>[Called By]<UL><LI><a href="#[ba]">&gt;&gt;</a>&nbsp;&nbsp;&nbsp;write_flash_holfword_buffer
</UL>

<P><STRONG><a name="[8c]"></a>factory_set_display</STRONG> (Thumb, 36 bytes, Stack size 8 bytes, config.o(i.factory_set_display))
<BR><BR>[Stack]<UL><LI>Max Depth = 128<LI>Call Chain = factory_set_display &rArr; Oled_EnlPrint &rArr; LCD_P16x16Str &rArr; LCD_Set_Pos &rArr; Oled_Write_Command &rArr; Oled_WrBy
</UL>
<BR>[Calls]<UL><LI><a href="#[40]">&gt;&gt;</a>&nbsp;&nbsp;&nbsp;Oled_EnlPrint
</UL>
<BR>[Called By]<UL><LI><a href="#[7e]">&gt;&gt;</a>&nbsp;&nbsp;&nbsp;config_para_send
<LI><a href="#[8b]">&gt;&gt;</a>&nbsp;&nbsp;&nbsp;config_para_adjust
</UL>

<P><STRONG><a name="[9e]"></a>fixed_shoot_display</STRONG> (Thumb, 34 bytes, Stack size 8 bytes, orbital.o(i.fixed_shoot_display))
<BR><BR>[Stack]<UL><LI>Max Depth = 128<LI>Call Chain = fixed_shoot_display &rArr; Oled_EnlPrint &rArr; LCD_P16x16Str &rArr; LCD_Set_Pos &rArr; Oled_Write_Command &rArr; Oled_WrBy
</UL>
<BR>[Calls]<UL><LI><a href="#[40]">&gt;&gt;</a>&nbsp;&nbsp;&nbsp;Oled_EnlPrint
</UL>
<BR>[Called By]<UL><LI><a href="#[98]">&gt;&gt;</a>&nbsp;&nbsp;&nbsp;delay_page_para_adjust
<LI><a href="#[83]">&gt;&gt;</a>&nbsp;&nbsp;&nbsp;delay_page_send
</UL>

<P><STRONG><a name="[a2]"></a>gpio_pulldown_int</STRONG> (Thumb, 28 bytes, Stack size 32 bytes, motor_dri.o(i.gpio_pulldown_int))
<BR><BR>[Stack]<UL><LI>Max Depth = 52<LI>Call Chain = gpio_pulldown_int &rArr; LL_GPIO_Init
</UL>
<BR>[Calls]<UL><LI><a href="#[42]">&gt;&gt;</a>&nbsp;&nbsp;&nbsp;LL_GPIO_Init
</UL>
<BR>[Called By]<UL><LI><a href="#[b3]">&gt;&gt;</a>&nbsp;&nbsp;&nbsp;motor_prescale_setting
</UL>

<P><STRONG><a name="[88]"></a>if_write_flash</STRONG> (Thumb, 8 bytes, Stack size 0 bytes, flash.o(i.if_write_flash))
<BR><BR>[Called By]<UL><LI><a href="#[a7]">&gt;&gt;</a>&nbsp;&nbsp;&nbsp;video_speed_adjust
<LI><a href="#[98]">&gt;&gt;</a>&nbsp;&nbsp;&nbsp;delay_page_para_adjust
<LI><a href="#[8b]">&gt;&gt;</a>&nbsp;&nbsp;&nbsp;config_para_adjust
<LI><a href="#[86]">&gt;&gt;</a>&nbsp;&nbsp;&nbsp;config_page_ok
</UL>

<P><STRONG><a name="[a3]"></a>key_Handle</STRONG> (Thumb, 98 bytes, Stack size 24 bytes, keyscan.o(i.key_Handle))
<BR><BR>[Stack]<UL><LI>Max Depth = 24<LI>Call Chain = key_Handle
</UL>
<BR>[Calls]<UL><LI><a href="#[a4]">&gt;&gt;</a>&nbsp;&nbsp;&nbsp;LL_GPIO_IsInputPinSet
</UL>
<BR>[Called By]<UL><LI><a href="#[a5]">&gt;&gt;</a>&nbsp;&nbsp;&nbsp;keyscan
</UL>

<P><STRONG><a name="[a5]"></a>keyscan</STRONG> (Thumb, 260 bytes, Stack size 16 bytes, keyscan.o(i.keyscan))
<BR><BR>[Stack]<UL><LI>Max Depth = 224<LI>Call Chain = keyscan &rArr; press_OK_function &rArr; config_page_ok &rArr; page_return_adjust &rArr; change_page &rArr; delay_page_send &rArr; total_time_display &rArr; Oled_EnlPrint &rArr; LCD_P16x16Str &rArr; LCD_Set_Pos &rArr; Oled_Write_Command &rArr; Oled_WrBy
</UL>
<BR>[Calls]<UL><LI><a href="#[ab]">&gt;&gt;</a>&nbsp;&nbsp;&nbsp;press_key_continue
<LI><a href="#[a9]">&gt;&gt;</a>&nbsp;&nbsp;&nbsp;press_OK_function
<LI><a href="#[ac]">&gt;&gt;</a>&nbsp;&nbsp;&nbsp;page_return
<LI><a href="#[a3]">&gt;&gt;</a>&nbsp;&nbsp;&nbsp;key_Handle
<LI><a href="#[a7]">&gt;&gt;</a>&nbsp;&nbsp;&nbsp;video_speed_adjust
<LI><a href="#[a8]">&gt;&gt;</a>&nbsp;&nbsp;&nbsp;video_dir_adjust
<LI><a href="#[aa]">&gt;&gt;</a>&nbsp;&nbsp;&nbsp;press_key_continue_if
<LI><a href="#[98]">&gt;&gt;</a>&nbsp;&nbsp;&nbsp;delay_page_para_adjust
<LI><a href="#[96]">&gt;&gt;</a>&nbsp;&nbsp;&nbsp;delay_page_cursor_upordw
<LI><a href="#[a6]">&gt;&gt;</a>&nbsp;&nbsp;&nbsp;main_cursor_upordw
<LI><a href="#[8b]">&gt;&gt;</a>&nbsp;&nbsp;&nbsp;config_para_adjust
<LI><a href="#[84]">&gt;&gt;</a>&nbsp;&nbsp;&nbsp;config_page_move_cursor
<LI><a href="#[78]">&gt;&gt;</a>&nbsp;&nbsp;&nbsp;ab_set_press_ok
<LI><a href="#[73]">&gt;&gt;</a>&nbsp;&nbsp;&nbsp;ab_set_move
</UL>
<BR>[Called By]<UL><LI><a href="#[1f]">&gt;&gt;</a>&nbsp;&nbsp;&nbsp;main
</UL>

<P><STRONG><a name="[ad]"></a>keyscan_pin_init</STRONG> (Thumb, 32 bytes, Stack size 8 bytes, keyscan.o(i.keyscan_pin_init))
<BR><BR>[Stack]<UL><LI>Max Depth = 60<LI>Call Chain = keyscan_pin_init &rArr; Gpio_confi_input &rArr; LL_GPIO_Init
</UL>
<BR>[Calls]<UL><LI><a href="#[43]">&gt;&gt;</a>&nbsp;&nbsp;&nbsp;Gpio_confi_input
</UL>
<BR>[Called By]<UL><LI><a href="#[1f]">&gt;&gt;</a>&nbsp;&nbsp;&nbsp;main
</UL>

<P><STRONG><a name="[8d]"></a>language_display</STRONG> (Thumb, 32 bytes, Stack size 8 bytes, config.o(i.language_display))
<BR><BR>[Stack]<UL><LI>Max Depth = 128<LI>Call Chain = language_display &rArr; Oled_EnlPrint &rArr; LCD_P16x16Str &rArr; LCD_Set_Pos &rArr; Oled_Write_Command &rArr; Oled_WrBy
</UL>
<BR>[Calls]<UL><LI><a href="#[40]">&gt;&gt;</a>&nbsp;&nbsp;&nbsp;Oled_EnlPrint
</UL>
<BR>[Called By]<UL><LI><a href="#[7e]">&gt;&gt;</a>&nbsp;&nbsp;&nbsp;config_para_send
</UL>

<P><STRONG><a name="[1f]"></a>main</STRONG> (Thumb, 208 bytes, Stack size 24 bytes, main.o(i.main))
<BR><BR>[Stack]<UL><LI>Max Depth = 248<LI>Call Chain = main &rArr; keyscan &rArr; press_OK_function &rArr; config_page_ok &rArr; page_return_adjust &rArr; change_page &rArr; delay_page_send &rArr; total_time_display &rArr; Oled_EnlPrint &rArr; LCD_P16x16Str &rArr; LCD_Set_Pos &rArr; Oled_Write_Command &rArr; Oled_WrBy
</UL>
<BR>[Calls]<UL><LI><a href="#[b0]">&gt;&gt;</a>&nbsp;&nbsp;&nbsp;motor_slowly_startedORstop
<LI><a href="#[af]">&gt;&gt;</a>&nbsp;&nbsp;&nbsp;motor_init
<LI><a href="#[ad]">&gt;&gt;</a>&nbsp;&nbsp;&nbsp;keyscan_pin_init
<LI><a href="#[a5]">&gt;&gt;</a>&nbsp;&nbsp;&nbsp;keyscan
<LI><a href="#[93]">&gt;&gt;</a>&nbsp;&nbsp;&nbsp;delay_mode_main
<LI><a href="#[72]">&gt;&gt;</a>&nbsp;&nbsp;&nbsp;ab_set_display
<LI><a href="#[5f]">&gt;&gt;</a>&nbsp;&nbsp;&nbsp;Oled_init
<LI><a href="#[5a]">&gt;&gt;</a>&nbsp;&nbsp;&nbsp;LL_TIM_Init
<LI><a href="#[63]">&gt;&gt;</a>&nbsp;&nbsp;&nbsp;SystemClock_Config
<LI><a href="#[41]">&gt;&gt;</a>&nbsp;&nbsp;&nbsp;GPIO_OUT_init
<LI><a href="#[59]">&gt;&gt;</a>&nbsp;&nbsp;&nbsp;NVIC_SetPriority
<LI><a href="#[5c]">&gt;&gt;</a>&nbsp;&nbsp;&nbsp;MX_USART2_UART_Init
<LI><a href="#[57]">&gt;&gt;</a>&nbsp;&nbsp;&nbsp;MX_TIM3_Init
<LI><a href="#[5d]">&gt;&gt;</a>&nbsp;&nbsp;&nbsp;LL_APB1_GRP2_EnableClock
<LI><a href="#[58]">&gt;&gt;</a>&nbsp;&nbsp;&nbsp;LL_APB1_GRP1_EnableClock
<LI><a href="#[ae]">&gt;&gt;</a>&nbsp;&nbsp;&nbsp;LL_AHB1_GRP1_EnableClock
</UL>
<BR>[Address Reference Count : 1]<UL><LI> entry9a.o(.ARM.Collect$$$$0000000B)
</UL>
<P><STRONG><a name="[a6]"></a>main_cursor_upordw</STRONG> (Thumb, 32 bytes, Stack size 8 bytes, config.o(i.main_cursor_upordw))
<BR><BR>[Stack]<UL><LI>Max Depth = 80<LI>Call Chain = main_cursor_upordw &rArr; sursor_display &rArr; arrows_display &rArr; LCD_Set_Pos &rArr; Oled_Write_Command &rArr; Oled_WrBy
</UL>
<BR>[Calls]<UL><LI><a href="#[7f]">&gt;&gt;</a>&nbsp;&nbsp;&nbsp;sursor_display
<LI><a href="#[85]">&gt;&gt;</a>&nbsp;&nbsp;&nbsp;cursor_count
</UL>
<BR>[Called By]<UL><LI><a href="#[a5]">&gt;&gt;</a>&nbsp;&nbsp;&nbsp;keyscan
</UL>

<P><STRONG><a name="[b1]"></a>main_page_ok</STRONG> (Thumb, 60 bytes, Stack size 8 bytes, config.o(i.main_page_ok))
<BR><BR>[Stack]<UL><LI>Max Depth = 192<LI>Call Chain = main_page_ok &rArr; change_page &rArr; delay_page_send &rArr; total_time_display &rArr; Oled_EnlPrint &rArr; LCD_P16x16Str &rArr; LCD_Set_Pos &rArr; Oled_Write_Command &rArr; Oled_WrBy
</UL>
<BR>[Calls]<UL><LI><a href="#[79]">&gt;&gt;</a>&nbsp;&nbsp;&nbsp;change_page
</UL>
<BR>[Called By]<UL><LI><a href="#[a9]">&gt;&gt;</a>&nbsp;&nbsp;&nbsp;press_OK_function
</UL>

<P><STRONG><a name="[80]"></a>main_page_send</STRONG> (Thumb, 60 bytes, Stack size 16 bytes, config.o(i.main_page_send))
<BR><BR>[Stack]<UL><LI>Max Depth = 136<LI>Call Chain = main_page_send &rArr; Oled_EnlPrint &rArr; LCD_P16x16Str &rArr; LCD_Set_Pos &rArr; Oled_Write_Command &rArr; Oled_WrBy
</UL>
<BR>[Calls]<UL><LI><a href="#[40]">&gt;&gt;</a>&nbsp;&nbsp;&nbsp;Oled_EnlPrint
<LI><a href="#[44]">&gt;&gt;</a>&nbsp;&nbsp;&nbsp;LCD_Fill
</UL>
<BR>[Called By]<UL><LI><a href="#[79]">&gt;&gt;</a>&nbsp;&nbsp;&nbsp;change_page
</UL>

<P><STRONG><a name="[75]"></a>motor_direction_change</STRONG> (Thumb, 18 bytes, Stack size 0 bytes, motor_dri.o(i.motor_direction_change))
<BR><BR>[Called By]<UL><LI><a href="#[7b]">&gt;&gt;</a>&nbsp;&nbsp;&nbsp;auto_return_check
<LI><a href="#[af]">&gt;&gt;</a>&nbsp;&nbsp;&nbsp;motor_init
<LI><a href="#[a8]">&gt;&gt;</a>&nbsp;&nbsp;&nbsp;video_dir_adjust
<LI><a href="#[98]">&gt;&gt;</a>&nbsp;&nbsp;&nbsp;delay_page_para_adjust
<LI><a href="#[73]">&gt;&gt;</a>&nbsp;&nbsp;&nbsp;ab_set_move
</UL>

<P><STRONG><a name="[af]"></a>motor_init</STRONG> (Thumb, 48 bytes, Stack size 8 bytes, motor_dri.o(i.motor_init))
<BR><BR>[Stack]<UL><LI>Max Depth = 76<LI>Call Chain = motor_init &rArr; motor_prescale_setting &rArr; gpio_pulldown_int &rArr; LL_GPIO_Init
</UL>
<BR>[Calls]<UL><LI><a href="#[b2]">&gt;&gt;</a>&nbsp;&nbsp;&nbsp;para_read_from_flash
<LI><a href="#[77]">&gt;&gt;</a>&nbsp;&nbsp;&nbsp;motor_start
<LI><a href="#[76]">&gt;&gt;</a>&nbsp;&nbsp;&nbsp;motor_speed_adjust
<LI><a href="#[b3]">&gt;&gt;</a>&nbsp;&nbsp;&nbsp;motor_prescale_setting
<LI><a href="#[75]">&gt;&gt;</a>&nbsp;&nbsp;&nbsp;motor_direction_change
</UL>
<BR>[Called By]<UL><LI><a href="#[1f]">&gt;&gt;</a>&nbsp;&nbsp;&nbsp;main
</UL>

<P><STRONG><a name="[b3]"></a>motor_prescale_setting</STRONG> (Thumb, 108 bytes, Stack size 16 bytes, motor_dri.o(i.motor_prescale_setting))
<BR><BR>[Stack]<UL><LI>Max Depth = 68<LI>Call Chain = motor_prescale_setting &rArr; gpio_pulldown_int &rArr; LL_GPIO_Init
</UL>
<BR>[Calls]<UL><LI><a href="#[a2]">&gt;&gt;</a>&nbsp;&nbsp;&nbsp;gpio_pulldown_int
<LI><a href="#[b4]">&gt;&gt;</a>&nbsp;&nbsp;&nbsp;__ARM_common_switch8
<LI><a href="#[41]">&gt;&gt;</a>&nbsp;&nbsp;&nbsp;GPIO_OUT_init
</UL>
<BR>[Called By]<UL><LI><a href="#[af]">&gt;&gt;</a>&nbsp;&nbsp;&nbsp;motor_init
</UL>

<P><STRONG><a name="[b0]"></a>motor_slowly_startedORstop</STRONG> (Thumb, 92 bytes, Stack size 16 bytes, motor_dri.o(i.motor_slowly_startedORstop))
<BR><BR>[Stack]<UL><LI>Max Depth = 16<LI>Call Chain = motor_slowly_startedORstop
</UL>
<BR>[Calls]<UL><LI><a href="#[74]">&gt;&gt;</a>&nbsp;&nbsp;&nbsp;motor_stop
<LI><a href="#[76]">&gt;&gt;</a>&nbsp;&nbsp;&nbsp;motor_speed_adjust
</UL>
<BR>[Called By]<UL><LI><a href="#[1f]">&gt;&gt;</a>&nbsp;&nbsp;&nbsp;main
</UL>

<P><STRONG><a name="[76]"></a>motor_speed_adjust</STRONG> (Thumb, 20 bytes, Stack size 0 bytes, motor_dri.o(i.motor_speed_adjust))
<BR><BR>[Called By]<UL><LI><a href="#[8e]">&gt;&gt;</a>&nbsp;&nbsp;&nbsp;delay_confirm
<LI><a href="#[b0]">&gt;&gt;</a>&nbsp;&nbsp;&nbsp;motor_slowly_startedORstop
<LI><a href="#[af]">&gt;&gt;</a>&nbsp;&nbsp;&nbsp;motor_init
<LI><a href="#[a7]">&gt;&gt;</a>&nbsp;&nbsp;&nbsp;video_speed_adjust
<LI><a href="#[82]">&gt;&gt;</a>&nbsp;&nbsp;&nbsp;video_para_send
<LI><a href="#[73]">&gt;&gt;</a>&nbsp;&nbsp;&nbsp;ab_set_move
</UL>

<P><STRONG><a name="[77]"></a>motor_start</STRONG> (Thumb, 12 bytes, Stack size 0 bytes, motor_dri.o(i.motor_start))
<BR><BR>[Called By]<UL><LI><a href="#[8e]">&gt;&gt;</a>&nbsp;&nbsp;&nbsp;delay_confirm
<LI><a href="#[af]">&gt;&gt;</a>&nbsp;&nbsp;&nbsp;motor_init
<LI><a href="#[93]">&gt;&gt;</a>&nbsp;&nbsp;&nbsp;delay_mode_main
<LI><a href="#[b6]">&gt;&gt;</a>&nbsp;&nbsp;&nbsp;video_page_OK
<LI><a href="#[73]">&gt;&gt;</a>&nbsp;&nbsp;&nbsp;ab_set_move
</UL>

<P><STRONG><a name="[74]"></a>motor_stop</STRONG> (Thumb, 12 bytes, Stack size 0 bytes, motor_dri.o(i.motor_stop))
<BR><BR>[Called By]<UL><LI><a href="#[8e]">&gt;&gt;</a>&nbsp;&nbsp;&nbsp;delay_confirm
<LI><a href="#[6a]">&gt;&gt;</a>&nbsp;&nbsp;&nbsp;delay_move_time_compara
<LI><a href="#[b0]">&gt;&gt;</a>&nbsp;&nbsp;&nbsp;motor_slowly_startedORstop
<LI><a href="#[93]">&gt;&gt;</a>&nbsp;&nbsp;&nbsp;delay_mode_main
<LI><a href="#[b6]">&gt;&gt;</a>&nbsp;&nbsp;&nbsp;video_page_OK
<LI><a href="#[a0]">&gt;&gt;</a>&nbsp;&nbsp;&nbsp;delay_page_return
<LI><a href="#[73]">&gt;&gt;</a>&nbsp;&nbsp;&nbsp;ab_set_move
</UL>

<P><STRONG><a name="[8f]"></a>move_time_calculate</STRONG> (Thumb, 40 bytes, Stack size 8 bytes, motor_dri.o(i.move_time_calculate))
<BR><BR>[Stack]<UL><LI>Max Depth = 136<LI>Call Chain = move_time_calculate &rArr; __aeabi_dmul &rArr; _double_epilogue &rArr; __aeabi_llsr
</UL>
<BR>[Calls]<UL><LI><a href="#[2f]">&gt;&gt;</a>&nbsp;&nbsp;&nbsp;__aeabi_ui2d
<LI><a href="#[2e]">&gt;&gt;</a>&nbsp;&nbsp;&nbsp;__aeabi_dmul
<LI><a href="#[30]">&gt;&gt;</a>&nbsp;&nbsp;&nbsp;__aeabi_d2uiz
<LI><a href="#[26]">&gt;&gt;</a>&nbsp;&nbsp;&nbsp;__aeabi_uidivmod
</UL>
<BR>[Called By]<UL><LI><a href="#[8e]">&gt;&gt;</a>&nbsp;&nbsp;&nbsp;delay_confirm
</UL>

<P><STRONG><a name="[9b]"></a>move_time_cout</STRONG> (Thumb, 92 bytes, Stack size 24 bytes, orbital.o(i.move_time_cout))
<BR><BR>[Stack]<UL><LI>Max Depth = 136<LI>Call Chain = move_time_cout &rArr; __aeabi_dsub &rArr; __aeabi_dadd &rArr; _double_epilogue &rArr; __aeabi_llsr
</UL>
<BR>[Calls]<UL><LI><a href="#[3e]">&gt;&gt;</a>&nbsp;&nbsp;&nbsp;__aeabi_f2d
<LI><a href="#[2c]">&gt;&gt;</a>&nbsp;&nbsp;&nbsp;__aeabi_dsub
<LI><a href="#[27]">&gt;&gt;</a>&nbsp;&nbsp;&nbsp;__aeabi_dadd
<LI><a href="#[32]">&gt;&gt;</a>&nbsp;&nbsp;&nbsp;__aeabi_d2f
<LI><a href="#[b5]">&gt;&gt;</a>&nbsp;&nbsp;&nbsp;__aeabi_cfcmple
</UL>
<BR>[Called By]<UL><LI><a href="#[98]">&gt;&gt;</a>&nbsp;&nbsp;&nbsp;delay_page_para_adjust
</UL>

<P><STRONG><a name="[60]"></a>oled_gpio_init</STRONG> (Thumb, 44 bytes, Stack size 8 bytes, oled_spi.o(i.oled_gpio_init))
<BR><BR>[Stack]<UL><LI>Max Depth = 60<LI>Call Chain = oled_gpio_init &rArr; GPIO_OUT_init &rArr; LL_GPIO_Init
</UL>
<BR>[Calls]<UL><LI><a href="#[41]">&gt;&gt;</a>&nbsp;&nbsp;&nbsp;GPIO_OUT_init
</UL>
<BR>[Called By]<UL><LI><a href="#[5f]">&gt;&gt;</a>&nbsp;&nbsp;&nbsp;Oled_init
</UL>

<P><STRONG><a name="[ac]"></a>page_return</STRONG> (Thumb, 18 bytes, Stack size 8 bytes, keyscan.o(i.page_return))
<BR><BR>[Stack]<UL><LI>Max Depth = 200<LI>Call Chain = page_return &rArr; page_return_adjust &rArr; change_page &rArr; delay_page_send &rArr; total_time_display &rArr; Oled_EnlPrint &rArr; LCD_P16x16Str &rArr; LCD_Set_Pos &rArr; Oled_Write_Command &rArr; Oled_WrBy
</UL>
<BR>[Calls]<UL><LI><a href="#[89]">&gt;&gt;</a>&nbsp;&nbsp;&nbsp;page_return_adjust
</UL>
<BR>[Called By]<UL><LI><a href="#[a5]">&gt;&gt;</a>&nbsp;&nbsp;&nbsp;keyscan
</UL>

<P><STRONG><a name="[89]"></a>page_return_adjust</STRONG> (Thumb, 30 bytes, Stack size 8 bytes, config.o(i.page_return_adjust))
<BR><BR>[Stack]<UL><LI>Max Depth = 192<LI>Call Chain = page_return_adjust &rArr; change_page &rArr; delay_page_send &rArr; total_time_display &rArr; Oled_EnlPrint &rArr; LCD_P16x16Str &rArr; LCD_Set_Pos &rArr; Oled_Write_Command &rArr; Oled_WrBy
</UL>
<BR>[Calls]<UL><LI><a href="#[8a]">&gt;&gt;</a>&nbsp;&nbsp;&nbsp;write_flash_active
<LI><a href="#[a0]">&gt;&gt;</a>&nbsp;&nbsp;&nbsp;delay_page_return
<LI><a href="#[79]">&gt;&gt;</a>&nbsp;&nbsp;&nbsp;change_page
</UL>
<BR>[Called By]<UL><LI><a href="#[ac]">&gt;&gt;</a>&nbsp;&nbsp;&nbsp;page_return
<LI><a href="#[86]">&gt;&gt;</a>&nbsp;&nbsp;&nbsp;config_page_ok
</UL>

<P><STRONG><a name="[99]"></a>para_count</STRONG> (Thumb, 30 bytes, Stack size 0 bytes, orbital.o(i.para_count))
<BR><BR>[Called By]<UL><LI><a href="#[98]">&gt;&gt;</a>&nbsp;&nbsp;&nbsp;delay_page_para_adjust
</UL>

<P><STRONG><a name="[87]"></a>para_init</STRONG> (Thumb, 44 bytes, Stack size 0 bytes, motor_dri.o(i.para_init))
<BR><BR>[Called By]<UL><LI><a href="#[b2]">&gt;&gt;</a>&nbsp;&nbsp;&nbsp;para_read_from_flash
<LI><a href="#[86]">&gt;&gt;</a>&nbsp;&nbsp;&nbsp;config_page_ok
</UL>

<P><STRONG><a name="[b2]"></a>para_read_from_flash</STRONG> (Thumb, 8 bytes, Stack size 8 bytes, flash.o(i.para_read_from_flash))
<BR><BR>[Stack]<UL><LI>Max Depth = 8<LI>Call Chain = para_read_from_flash
</UL>
<BR>[Calls]<UL><LI><a href="#[87]">&gt;&gt;</a>&nbsp;&nbsp;&nbsp;para_init
</UL>
<BR>[Called By]<UL><LI><a href="#[af]">&gt;&gt;</a>&nbsp;&nbsp;&nbsp;motor_init
</UL>

<P><STRONG><a name="[95]"></a>pix_amt_compara_dis</STRONG> (Thumb, 36 bytes, Stack size 24 bytes, orbital.o(i.pix_amt_compara_dis))
<BR><BR>[Stack]<UL><LI>Max Depth = 144<LI>Call Chain = pix_amt_compara_dis &rArr; Oled_EnlPrint &rArr; LCD_P16x16Str &rArr; LCD_Set_Pos &rArr; Oled_Write_Command &rArr; Oled_WrBy
</UL>
<BR>[Calls]<UL><LI><a href="#[40]">&gt;&gt;</a>&nbsp;&nbsp;&nbsp;Oled_EnlPrint
<LI><a href="#[3f]">&gt;&gt;</a>&nbsp;&nbsp;&nbsp;__2sprintf
</UL>
<BR>[Called By]<UL><LI><a href="#[93]">&gt;&gt;</a>&nbsp;&nbsp;&nbsp;delay_mode_main
<LI><a href="#[83]">&gt;&gt;</a>&nbsp;&nbsp;&nbsp;delay_page_send
</UL>

<P><STRONG><a name="[9c]"></a>pix_amt_display</STRONG> (Thumb, 60 bytes, Stack size 16 bytes, orbital.o(i.pix_amt_display))
<BR><BR>[Stack]<UL><LI>Max Depth = 136<LI>Call Chain = pix_amt_display &rArr; Oled_EnlPrint &rArr; LCD_P16x16Str &rArr; LCD_Set_Pos &rArr; Oled_Write_Command &rArr; Oled_WrBy
</UL>
<BR>[Calls]<UL><LI><a href="#[40]">&gt;&gt;</a>&nbsp;&nbsp;&nbsp;Oled_EnlPrint
<LI><a href="#[3f]">&gt;&gt;</a>&nbsp;&nbsp;&nbsp;__2sprintf
</UL>
<BR>[Called By]<UL><LI><a href="#[9f]">&gt;&gt;</a>&nbsp;&nbsp;&nbsp;delay_page_parameter_send
<LI><a href="#[98]">&gt;&gt;</a>&nbsp;&nbsp;&nbsp;delay_page_para_adjust
</UL>

<P><STRONG><a name="[a9]"></a>press_OK_function</STRONG> (Thumb, 54 bytes, Stack size 8 bytes, keyscan.o(i.press_OK_function))
<BR><BR>[Stack]<UL><LI>Max Depth = 208<LI>Call Chain = press_OK_function &rArr; config_page_ok &rArr; page_return_adjust &rArr; change_page &rArr; delay_page_send &rArr; total_time_display &rArr; Oled_EnlPrint &rArr; LCD_P16x16Str &rArr; LCD_Set_Pos &rArr; Oled_Write_Command &rArr; Oled_WrBy
</UL>
<BR>[Calls]<UL><LI><a href="#[b6]">&gt;&gt;</a>&nbsp;&nbsp;&nbsp;video_page_OK
<LI><a href="#[97]">&gt;&gt;</a>&nbsp;&nbsp;&nbsp;delay_page_ok
<LI><a href="#[b1]">&gt;&gt;</a>&nbsp;&nbsp;&nbsp;main_page_ok
<LI><a href="#[86]">&gt;&gt;</a>&nbsp;&nbsp;&nbsp;config_page_ok
</UL>
<BR>[Called By]<UL><LI><a href="#[a5]">&gt;&gt;</a>&nbsp;&nbsp;&nbsp;keyscan
</UL>

<P><STRONG><a name="[ab]"></a>press_key_continue</STRONG> (Thumb, 46 bytes, Stack size 8 bytes, keyscan.o(i.press_key_continue))
<BR><BR>[Stack]<UL><LI>Max Depth = 184<LI>Call Chain = press_key_continue &rArr; delay_page_para_adjust &rArr; total_time_display &rArr; Oled_EnlPrint &rArr; LCD_P16x16Str &rArr; LCD_Set_Pos &rArr; Oled_Write_Command &rArr; Oled_WrBy
</UL>
<BR>[Calls]<UL><LI><a href="#[a7]">&gt;&gt;</a>&nbsp;&nbsp;&nbsp;video_speed_adjust
<LI><a href="#[98]">&gt;&gt;</a>&nbsp;&nbsp;&nbsp;delay_page_para_adjust
</UL>
<BR>[Called By]<UL><LI><a href="#[a5]">&gt;&gt;</a>&nbsp;&nbsp;&nbsp;keyscan
</UL>

<P><STRONG><a name="[aa]"></a>press_key_continue_if</STRONG> (Thumb, 60 bytes, Stack size 8 bytes, orbital.o(i.press_key_continue_if))
<BR><BR>[Stack]<UL><LI>Max Depth = 8<LI>Call Chain = press_key_continue_if
</UL>
<BR>[Called By]<UL><LI><a href="#[a5]">&gt;&gt;</a>&nbsp;&nbsp;&nbsp;keyscan
</UL>

<P><STRONG><a name="[68]"></a>pulse_count</STRONG> (Thumb, 40 bytes, Stack size 0 bytes, ab_set.o(i.pulse_count))
<BR><BR>[Called By]<UL><LI><a href="#[13]">&gt;&gt;</a>&nbsp;&nbsp;&nbsp;TIM3_IRQHandler
<LI><a href="#[11]">&gt;&gt;</a>&nbsp;&nbsp;&nbsp;TIM1_BRK_UP_TRG_COM_IRQHandler
</UL>

<P><STRONG><a name="[67]"></a>scan_cycle_count</STRONG> (Thumb, 58 bytes, Stack size 0 bytes, keyscan.o(i.scan_cycle_count))
<BR><BR>[Called By]<UL><LI><a href="#[15]">&gt;&gt;</a>&nbsp;&nbsp;&nbsp;TIM14_IRQHandler
</UL>

<P><STRONG><a name="[69]"></a>slow_spee_check</STRONG> (Thumb, 60 bytes, Stack size 12 bytes, motor_dri.o(i.slow_spee_check))
<BR><BR>[Stack]<UL><LI>Max Depth = 20<LI>Call Chain = slow_spee_check &rArr; auto_return_check
</UL>
<BR>[Calls]<UL><LI><a href="#[7b]">&gt;&gt;</a>&nbsp;&nbsp;&nbsp;auto_return_check
</UL>
<BR>[Called By]<UL><LI><a href="#[13]">&gt;&gt;</a>&nbsp;&nbsp;&nbsp;TIM3_IRQHandler
</UL>

<P><STRONG><a name="[b7]"></a>speed_display</STRONG> (Thumb, 62 bytes, Stack size 16 bytes, orbital.o(i.speed_display))
<BR><BR>[Stack]<UL><LI>Max Depth = 136<LI>Call Chain = speed_display &rArr; Oled_EnlPrint &rArr; LCD_P16x16Str &rArr; LCD_Set_Pos &rArr; Oled_Write_Command &rArr; Oled_WrBy
</UL>
<BR>[Calls]<UL><LI><a href="#[40]">&gt;&gt;</a>&nbsp;&nbsp;&nbsp;Oled_EnlPrint
<LI><a href="#[3f]">&gt;&gt;</a>&nbsp;&nbsp;&nbsp;__2sprintf
</UL>
<BR>[Called By]<UL><LI><a href="#[a7]">&gt;&gt;</a>&nbsp;&nbsp;&nbsp;video_speed_adjust
<LI><a href="#[82]">&gt;&gt;</a>&nbsp;&nbsp;&nbsp;video_para_send
</UL>

<P><STRONG><a name="[9a]"></a>stop_time_display</STRONG> (Thumb, 60 bytes, Stack size 16 bytes, orbital.o(i.stop_time_display))
<BR><BR>[Stack]<UL><LI>Max Depth = 136<LI>Call Chain = stop_time_display &rArr; Oled_EnlPrint &rArr; LCD_P16x16Str &rArr; LCD_Set_Pos &rArr; Oled_Write_Command &rArr; Oled_WrBy
</UL>
<BR>[Calls]<UL><LI><a href="#[40]">&gt;&gt;</a>&nbsp;&nbsp;&nbsp;Oled_EnlPrint
<LI><a href="#[3f]">&gt;&gt;</a>&nbsp;&nbsp;&nbsp;__2sprintf
</UL>
<BR>[Called By]<UL><LI><a href="#[9f]">&gt;&gt;</a>&nbsp;&nbsp;&nbsp;delay_page_parameter_send
<LI><a href="#[98]">&gt;&gt;</a>&nbsp;&nbsp;&nbsp;delay_page_para_adjust
</UL>

<P><STRONG><a name="[7f]"></a>sursor_display</STRONG> (Thumb, 60 bytes, Stack size 8 bytes, orbital.o(i.sursor_display))
<BR><BR>[Stack]<UL><LI>Max Depth = 72<LI>Call Chain = sursor_display &rArr; arrows_display &rArr; LCD_Set_Pos &rArr; Oled_Write_Command &rArr; Oled_WrBy
</UL>
<BR>[Calls]<UL><LI><a href="#[7a]">&gt;&gt;</a>&nbsp;&nbsp;&nbsp;arrows_display
</UL>
<BR>[Called By]<UL><LI><a href="#[96]">&gt;&gt;</a>&nbsp;&nbsp;&nbsp;delay_page_cursor_upordw
<LI><a href="#[83]">&gt;&gt;</a>&nbsp;&nbsp;&nbsp;delay_page_send
<LI><a href="#[a6]">&gt;&gt;</a>&nbsp;&nbsp;&nbsp;main_cursor_upordw
<LI><a href="#[84]">&gt;&gt;</a>&nbsp;&nbsp;&nbsp;config_page_move_cursor
<LI><a href="#[79]">&gt;&gt;</a>&nbsp;&nbsp;&nbsp;change_page
</UL>

<P><STRONG><a name="[66]"></a>time_count</STRONG> (Thumb, 60 bytes, Stack size 0 bytes, motor_dri.o(i.time_count))
<BR><BR>[Called By]<UL><LI><a href="#[15]">&gt;&gt;</a>&nbsp;&nbsp;&nbsp;TIM14_IRQHandler
</UL>

<P><STRONG><a name="[61]"></a>time_delay_ms</STRONG> (Thumb, 20 bytes, Stack size 8 bytes, motor_dri.o(i.time_delay_ms))
<BR><BR>[Stack]<UL><LI>Max Depth = 8<LI>Call Chain = time_delay_ms
</UL>
<BR>[Calls]<UL><LI><a href="#[48]">&gt;&gt;</a>&nbsp;&nbsp;&nbsp;Feed_IWDG
</UL>
<BR>[Called By]<UL><LI><a href="#[5f]">&gt;&gt;</a>&nbsp;&nbsp;&nbsp;Oled_init
</UL>

<P><STRONG><a name="[9d]"></a>total_time_display</STRONG> (Thumb, 104 bytes, Stack size 40 bytes, orbital.o(i.total_time_display))
<BR><BR>[Stack]<UL><LI>Max Depth = 160<LI>Call Chain = total_time_display &rArr; Oled_EnlPrint &rArr; LCD_P16x16Str &rArr; LCD_Set_Pos &rArr; Oled_Write_Command &rArr; Oled_WrBy
</UL>
<BR>[Calls]<UL><LI><a href="#[40]">&gt;&gt;</a>&nbsp;&nbsp;&nbsp;Oled_EnlPrint
<LI><a href="#[25]">&gt;&gt;</a>&nbsp;&nbsp;&nbsp;__aeabi_idivmod
<LI><a href="#[3f]">&gt;&gt;</a>&nbsp;&nbsp;&nbsp;__2sprintf
</UL>
<BR>[Called By]<UL><LI><a href="#[98]">&gt;&gt;</a>&nbsp;&nbsp;&nbsp;delay_page_para_adjust
<LI><a href="#[83]">&gt;&gt;</a>&nbsp;&nbsp;&nbsp;delay_page_send
</UL>

<P><STRONG><a name="[6b]"></a>usart_read_byte</STRONG> (Thumb, 32 bytes, Stack size 8 bytes, uart.o(i.usart_read_byte))
<BR><BR>[Stack]<UL><LI>Max Depth = 8<LI>Call Chain = usart_read_byte
</UL>
<BR>[Calls]<UL><LI><a href="#[48]">&gt;&gt;</a>&nbsp;&nbsp;&nbsp;Feed_IWDG
</UL>
<BR>[Called By]<UL><LI><a href="#[1d]">&gt;&gt;</a>&nbsp;&nbsp;&nbsp;USART1_IRQHandler
</UL>

<P><STRONG><a name="[a8]"></a>video_dir_adjust</STRONG> (Thumb, 66 bytes, Stack size 8 bytes, orbital.o(i.video_dir_adjust))
<BR><BR>[Stack]<UL><LI>Max Depth = 136<LI>Call Chain = video_dir_adjust &rArr; auto_return_display &rArr; Oled_EnlPrint &rArr; LCD_P16x16Str &rArr; LCD_Set_Pos &rArr; Oled_Write_Command &rArr; Oled_WrBy
</UL>
<BR>[Calls]<UL><LI><a href="#[75]">&gt;&gt;</a>&nbsp;&nbsp;&nbsp;motor_direction_change
<LI><a href="#[7c]">&gt;&gt;</a>&nbsp;&nbsp;&nbsp;auto_return_display
</UL>
<BR>[Called By]<UL><LI><a href="#[a5]">&gt;&gt;</a>&nbsp;&nbsp;&nbsp;keyscan
</UL>

<P><STRONG><a name="[b6]"></a>video_page_OK</STRONG> (Thumb, 40 bytes, Stack size 8 bytes, orbital.o(i.video_page_OK))
<BR><BR>[Stack]<UL><LI>Max Depth = 136<LI>Call Chain = video_page_OK &rArr; video_status_dis &rArr; Oled_EnlPrint &rArr; LCD_P16x16Str &rArr; LCD_Set_Pos &rArr; Oled_Write_Command &rArr; Oled_WrBy
</UL>
<BR>[Calls]<UL><LI><a href="#[74]">&gt;&gt;</a>&nbsp;&nbsp;&nbsp;motor_stop
<LI><a href="#[77]">&gt;&gt;</a>&nbsp;&nbsp;&nbsp;motor_start
<LI><a href="#[b8]">&gt;&gt;</a>&nbsp;&nbsp;&nbsp;video_status_dis
</UL>
<BR>[Called By]<UL><LI><a href="#[a9]">&gt;&gt;</a>&nbsp;&nbsp;&nbsp;press_OK_function
</UL>

<P><STRONG><a name="[81]"></a>video_page_send</STRONG> (Thumb, 64 bytes, Stack size 16 bytes, orbital.o(i.video_page_send))
<BR><BR>[Stack]<UL><LI>Max Depth = 144<LI>Call Chain = video_page_send &rArr; video_status_dis &rArr; Oled_EnlPrint &rArr; LCD_P16x16Str &rArr; LCD_Set_Pos &rArr; Oled_Write_Command &rArr; Oled_WrBy
</UL>
<BR>[Calls]<UL><LI><a href="#[b8]">&gt;&gt;</a>&nbsp;&nbsp;&nbsp;video_status_dis
<LI><a href="#[40]">&gt;&gt;</a>&nbsp;&nbsp;&nbsp;Oled_EnlPrint
<LI><a href="#[44]">&gt;&gt;</a>&nbsp;&nbsp;&nbsp;LCD_Fill
</UL>
<BR>[Called By]<UL><LI><a href="#[79]">&gt;&gt;</a>&nbsp;&nbsp;&nbsp;change_page
</UL>

<P><STRONG><a name="[82]"></a>video_para_send</STRONG> (Thumb, 30 bytes, Stack size 8 bytes, orbital.o(i.video_para_send))
<BR><BR>[Stack]<UL><LI>Max Depth = 144<LI>Call Chain = video_para_send &rArr; speed_display &rArr; Oled_EnlPrint &rArr; LCD_P16x16Str &rArr; LCD_Set_Pos &rArr; Oled_Write_Command &rArr; Oled_WrBy
</UL>
<BR>[Calls]<UL><LI><a href="#[76]">&gt;&gt;</a>&nbsp;&nbsp;&nbsp;motor_speed_adjust
<LI><a href="#[b7]">&gt;&gt;</a>&nbsp;&nbsp;&nbsp;speed_display
<LI><a href="#[7c]">&gt;&gt;</a>&nbsp;&nbsp;&nbsp;auto_return_display
</UL>
<BR>[Called By]<UL><LI><a href="#[79]">&gt;&gt;</a>&nbsp;&nbsp;&nbsp;change_page
</UL>

<P><STRONG><a name="[a7]"></a>video_speed_adjust</STRONG> (Thumb, 44 bytes, Stack size 8 bytes, orbital.o(i.video_speed_adjust))
<BR><BR>[Stack]<UL><LI>Max Depth = 144<LI>Call Chain = video_speed_adjust &rArr; speed_display &rArr; Oled_EnlPrint &rArr; LCD_P16x16Str &rArr; LCD_Set_Pos &rArr; Oled_Write_Command &rArr; Oled_WrBy
</UL>
<BR>[Calls]<UL><LI><a href="#[88]">&gt;&gt;</a>&nbsp;&nbsp;&nbsp;if_write_flash
<LI><a href="#[76]">&gt;&gt;</a>&nbsp;&nbsp;&nbsp;motor_speed_adjust
<LI><a href="#[b7]">&gt;&gt;</a>&nbsp;&nbsp;&nbsp;speed_display
<LI><a href="#[b9]">&gt;&gt;</a>&nbsp;&nbsp;&nbsp;data_count
</UL>
<BR>[Called By]<UL><LI><a href="#[a5]">&gt;&gt;</a>&nbsp;&nbsp;&nbsp;keyscan
<LI><a href="#[ab]">&gt;&gt;</a>&nbsp;&nbsp;&nbsp;press_key_continue
</UL>

<P><STRONG><a name="[b8]"></a>video_status_dis</STRONG> (Thumb, 36 bytes, Stack size 8 bytes, orbital.o(i.video_status_dis))
<BR><BR>[Stack]<UL><LI>Max Depth = 128<LI>Call Chain = video_status_dis &rArr; Oled_EnlPrint &rArr; LCD_P16x16Str &rArr; LCD_Set_Pos &rArr; Oled_Write_Command &rArr; Oled_WrBy
</UL>
<BR>[Calls]<UL><LI><a href="#[40]">&gt;&gt;</a>&nbsp;&nbsp;&nbsp;Oled_EnlPrint
</UL>
<BR>[Called By]<UL><LI><a href="#[b6]">&gt;&gt;</a>&nbsp;&nbsp;&nbsp;video_page_OK
<LI><a href="#[81]">&gt;&gt;</a>&nbsp;&nbsp;&nbsp;video_page_send
</UL>

<P><STRONG><a name="[8a]"></a>write_flash_active</STRONG> (Thumb, 22 bytes, Stack size 8 bytes, flash.o(i.write_flash_active))
<BR><BR>[Stack]<UL><LI>Max Depth = 60<LI>Call Chain = write_flash_active &rArr; write_flash_holfword_buffer &rArr; write_flash_holfword &rArr; FLASH_ProgramHalfWord &rArr; FLASH_WaitForLastOperation
</UL>
<BR>[Calls]<UL><LI><a href="#[ba]">&gt;&gt;</a>&nbsp;&nbsp;&nbsp;write_flash_holfword_buffer
</UL>
<BR>[Called By]<UL><LI><a href="#[8e]">&gt;&gt;</a>&nbsp;&nbsp;&nbsp;delay_confirm
<LI><a href="#[89]">&gt;&gt;</a>&nbsp;&nbsp;&nbsp;page_return_adjust
<LI><a href="#[86]">&gt;&gt;</a>&nbsp;&nbsp;&nbsp;config_page_ok
</UL>

<P><STRONG><a name="[bb]"></a>write_flash_holfword</STRONG> (Thumb, 14 bytes, Stack size 4 bytes, flash.o(i.write_flash_holfword))
<BR><BR>[Stack]<UL><LI>Max Depth = 28<LI>Call Chain = write_flash_holfword &rArr; FLASH_ProgramHalfWord &rArr; FLASH_WaitForLastOperation
</UL>
<BR>[Calls]<UL><LI><a href="#[3b]">&gt;&gt;</a>&nbsp;&nbsp;&nbsp;FLASH_ProgramHalfWord
</UL>
<BR>[Called By]<UL><LI><a href="#[ba]">&gt;&gt;</a>&nbsp;&nbsp;&nbsp;write_flash_holfword_buffer
</UL>

<P><STRONG><a name="[ba]"></a>write_flash_holfword_buffer</STRONG> (Thumb, 62 bytes, Stack size 24 bytes, flash.o(i.write_flash_holfword_buffer))
<BR><BR>[Stack]<UL><LI>Max Depth = 52<LI>Call Chain = write_flash_holfword_buffer &rArr; write_flash_holfword &rArr; FLASH_ProgramHalfWord &rArr; FLASH_WaitForLastOperation
</UL>
<BR>[Calls]<UL><LI><a href="#[bb]">&gt;&gt;</a>&nbsp;&nbsp;&nbsp;write_flash_holfword
<LI><a href="#[a1]">&gt;&gt;</a>&nbsp;&nbsp;&nbsp;erase_flash_OnePage
<LI><a href="#[bc]">&gt;&gt;</a>&nbsp;&nbsp;&nbsp;FLASH_Unlock
<LI><a href="#[bd]">&gt;&gt;</a>&nbsp;&nbsp;&nbsp;FLASH_Lock
<LI><a href="#[48]">&gt;&gt;</a>&nbsp;&nbsp;&nbsp;Feed_IWDG
</UL>
<BR>[Called By]<UL><LI><a href="#[8a]">&gt;&gt;</a>&nbsp;&nbsp;&nbsp;write_flash_active
</UL>
<P>
<H3>
Local Symbols
</H3>
<P><STRONG><a name="[ae]"></a>LL_AHB1_GRP1_EnableClock</STRONG> (Thumb, 18 bytes, Stack size 8 bytes, main.o(i.LL_AHB1_GRP1_EnableClock))
<BR><BR>[Stack]<UL><LI>Max Depth = 8<LI>Call Chain = LL_AHB1_GRP1_EnableClock
</UL>
<BR>[Called By]<UL><LI><a href="#[1f]">&gt;&gt;</a>&nbsp;&nbsp;&nbsp;main
</UL>

<P><STRONG><a name="[58]"></a>LL_APB1_GRP1_EnableClock</STRONG> (Thumb, 18 bytes, Stack size 8 bytes, main.o(i.LL_APB1_GRP1_EnableClock))
<BR><BR>[Stack]<UL><LI>Max Depth = 8<LI>Call Chain = LL_APB1_GRP1_EnableClock
</UL>
<BR>[Called By]<UL><LI><a href="#[1f]">&gt;&gt;</a>&nbsp;&nbsp;&nbsp;main
<LI><a href="#[57]">&gt;&gt;</a>&nbsp;&nbsp;&nbsp;MX_TIM3_Init
</UL>

<P><STRONG><a name="[5d]"></a>LL_APB1_GRP2_EnableClock</STRONG> (Thumb, 18 bytes, Stack size 8 bytes, main.o(i.LL_APB1_GRP2_EnableClock))
<BR><BR>[Stack]<UL><LI>Max Depth = 8<LI>Call Chain = LL_APB1_GRP2_EnableClock
</UL>
<BR>[Called By]<UL><LI><a href="#[1f]">&gt;&gt;</a>&nbsp;&nbsp;&nbsp;main
<LI><a href="#[5c]">&gt;&gt;</a>&nbsp;&nbsp;&nbsp;MX_USART2_UART_Init
</UL>

<P><STRONG><a name="[5b]"></a>LL_TIM_OC_EnablePreload</STRONG> (Thumb, 82 bytes, Stack size 0 bytes, main.o(i.LL_TIM_OC_EnablePreload))
<BR><BR>[Called By]<UL><LI><a href="#[57]">&gt;&gt;</a>&nbsp;&nbsp;&nbsp;MX_TIM3_Init
</UL>

<P><STRONG><a name="[57]"></a>MX_TIM3_Init</STRONG> (Thumb, 180 bytes, Stack size 104 bytes, main.o(i.MX_TIM3_Init))
<BR><BR>[Stack]<UL><LI>Max Depth = 128<LI>Call Chain = MX_TIM3_Init &rArr; LL_TIM_OC_Init &rArr; OC4Config
</UL>
<BR>[Calls]<UL><LI><a href="#[51]">&gt;&gt;</a>&nbsp;&nbsp;&nbsp;LL_TIM_OC_Init
<LI><a href="#[5a]">&gt;&gt;</a>&nbsp;&nbsp;&nbsp;LL_TIM_Init
<LI><a href="#[42]">&gt;&gt;</a>&nbsp;&nbsp;&nbsp;LL_GPIO_Init
<LI><a href="#[59]">&gt;&gt;</a>&nbsp;&nbsp;&nbsp;NVIC_SetPriority
<LI><a href="#[5b]">&gt;&gt;</a>&nbsp;&nbsp;&nbsp;LL_TIM_OC_EnablePreload
<LI><a href="#[58]">&gt;&gt;</a>&nbsp;&nbsp;&nbsp;LL_APB1_GRP1_EnableClock
</UL>
<BR>[Called By]<UL><LI><a href="#[1f]">&gt;&gt;</a>&nbsp;&nbsp;&nbsp;main
</UL>

<P><STRONG><a name="[5c]"></a>MX_USART2_UART_Init</STRONG> (Thumb, 134 bytes, Stack size 72 bytes, main.o(i.MX_USART2_UART_Init))
<BR><BR>[Stack]<UL><LI>Max Depth = 140<LI>Call Chain = MX_USART2_UART_Init &rArr; LL_USART_Init &rArr; LL_RCC_GetUSARTClockFreq &rArr; RCC_GetSystemClockFreq &rArr; RCC_PLL_GetFreqDomain_SYS &rArr; __aeabi_uidivmod
</UL>
<BR>[Calls]<UL><LI><a href="#[56]">&gt;&gt;</a>&nbsp;&nbsp;&nbsp;LL_USART_Init
<LI><a href="#[42]">&gt;&gt;</a>&nbsp;&nbsp;&nbsp;LL_GPIO_Init
<LI><a href="#[59]">&gt;&gt;</a>&nbsp;&nbsp;&nbsp;NVIC_SetPriority
<LI><a href="#[5d]">&gt;&gt;</a>&nbsp;&nbsp;&nbsp;LL_APB1_GRP2_EnableClock
</UL>
<BR>[Called By]<UL><LI><a href="#[1f]">&gt;&gt;</a>&nbsp;&nbsp;&nbsp;main
</UL>

<P><STRONG><a name="[59]"></a>NVIC_SetPriority</STRONG> (Thumb, 60 bytes, Stack size 0 bytes, main.o(i.NVIC_SetPriority))
<BR><BR>[Called By]<UL><LI><a href="#[1f]">&gt;&gt;</a>&nbsp;&nbsp;&nbsp;main
<LI><a href="#[63]">&gt;&gt;</a>&nbsp;&nbsp;&nbsp;SystemClock_Config
<LI><a href="#[5c]">&gt;&gt;</a>&nbsp;&nbsp;&nbsp;MX_USART2_UART_Init
<LI><a href="#[57]">&gt;&gt;</a>&nbsp;&nbsp;&nbsp;MX_TIM3_Init
</UL>

<P><STRONG><a name="[a4]"></a>LL_GPIO_IsInputPinSet</STRONG> (Thumb, 14 bytes, Stack size 0 bytes, keyscan.o(i.LL_GPIO_IsInputPinSet))
<BR><BR>[Called By]<UL><LI><a href="#[a3]">&gt;&gt;</a>&nbsp;&nbsp;&nbsp;key_Handle
</UL>

<P><STRONG><a name="[53]"></a>OC1Config</STRONG> (Thumb, 124 bytes, Stack size 12 bytes, stm32f0xx_ll_tim.o(i.OC1Config))
<BR><BR>[Stack]<UL><LI>Max Depth = 12<LI>Call Chain = OC1Config
</UL>
<BR>[Called By]<UL><LI><a href="#[51]">&gt;&gt;</a>&nbsp;&nbsp;&nbsp;LL_TIM_OC_Init
</UL>

<P><STRONG><a name="[54]"></a>OC2Config</STRONG> (Thumb, 128 bytes, Stack size 16 bytes, stm32f0xx_ll_tim.o(i.OC2Config))
<BR><BR>[Stack]<UL><LI>Max Depth = 16<LI>Call Chain = OC2Config
</UL>
<BR>[Called By]<UL><LI><a href="#[51]">&gt;&gt;</a>&nbsp;&nbsp;&nbsp;LL_TIM_OC_Init
</UL>

<P><STRONG><a name="[55]"></a>OC3Config</STRONG> (Thumb, 134 bytes, Stack size 16 bytes, stm32f0xx_ll_tim.o(i.OC3Config))
<BR><BR>[Stack]<UL><LI>Max Depth = 16<LI>Call Chain = OC3Config
</UL>
<BR>[Called By]<UL><LI><a href="#[51]">&gt;&gt;</a>&nbsp;&nbsp;&nbsp;LL_TIM_OC_Init
</UL>

<P><STRONG><a name="[52]"></a>OC4Config</STRONG> (Thumb, 98 bytes, Stack size 16 bytes, stm32f0xx_ll_tim.o(i.OC4Config))
<BR><BR>[Stack]<UL><LI>Max Depth = 16<LI>Call Chain = OC4Config
</UL>
<BR>[Called By]<UL><LI><a href="#[51]">&gt;&gt;</a>&nbsp;&nbsp;&nbsp;LL_TIM_OC_Init
</UL>

<P><STRONG><a name="[6e]"></a>_fp_digits</STRONG> (Thumb, 314 bytes, Stack size 56 bytes, printfa.o(i._fp_digits), UNUSED)
<BR><BR>[Calls]<UL><LI><a href="#[2e]">&gt;&gt;</a>&nbsp;&nbsp;&nbsp;__aeabi_dmul
<LI><a href="#[27]">&gt;&gt;</a>&nbsp;&nbsp;&nbsp;__aeabi_dadd
<LI><a href="#[34]">&gt;&gt;</a>&nbsp;&nbsp;&nbsp;__aeabi_uldivmod
<LI><a href="#[36]">&gt;&gt;</a>&nbsp;&nbsp;&nbsp;__aeabi_ddiv
<LI><a href="#[37]">&gt;&gt;</a>&nbsp;&nbsp;&nbsp;__aeabi_d2ulz
<LI><a href="#[6f]">&gt;&gt;</a>&nbsp;&nbsp;&nbsp;__aeabi_cdrcmple
</UL>
<BR>[Called By]<UL><LI><a href="#[6d]">&gt;&gt;</a>&nbsp;&nbsp;&nbsp;_printf_core
</UL>

<P><STRONG><a name="[6d]"></a>_printf_core</STRONG> (Thumb, 1766 bytes, Stack size 128 bytes, printfa.o(i._printf_core), UNUSED)
<BR><BR>[Calls]<UL><LI><a href="#[26]">&gt;&gt;</a>&nbsp;&nbsp;&nbsp;__aeabi_uidivmod
<LI><a href="#[34]">&gt;&gt;</a>&nbsp;&nbsp;&nbsp;__aeabi_uldivmod
<LI><a href="#[70]">&gt;&gt;</a>&nbsp;&nbsp;&nbsp;_printf_pre_padding
<LI><a href="#[71]">&gt;&gt;</a>&nbsp;&nbsp;&nbsp;_printf_post_padding
<LI><a href="#[6e]">&gt;&gt;</a>&nbsp;&nbsp;&nbsp;_fp_digits
</UL>
<BR>[Called By]<UL><LI><a href="#[6c]">&gt;&gt;</a>&nbsp;&nbsp;&nbsp;__0sprintf
</UL>

<P><STRONG><a name="[71]"></a>_printf_post_padding</STRONG> (Thumb, 32 bytes, Stack size 24 bytes, printfa.o(i._printf_post_padding), UNUSED)
<BR><BR>[Called By]<UL><LI><a href="#[6d]">&gt;&gt;</a>&nbsp;&nbsp;&nbsp;_printf_core
</UL>

<P><STRONG><a name="[70]"></a>_printf_pre_padding</STRONG> (Thumb, 44 bytes, Stack size 40 bytes, printfa.o(i._printf_pre_padding), UNUSED)
<BR><BR>[Called By]<UL><LI><a href="#[6d]">&gt;&gt;</a>&nbsp;&nbsp;&nbsp;_printf_core
</UL>

<P><STRONG><a name="[22]"></a>_sputc</STRONG> (Thumb, 10 bytes, Stack size 0 bytes, printfa.o(i._sputc))
<BR><BR>[Called By]<UL><LI><a href="#[6c]">&gt;&gt;</a>&nbsp;&nbsp;&nbsp;__0sprintf
</UL>
<BR>[Address Reference Count : 1]<UL><LI> printfa.o(i.__0sprintf)
</UL><P>
<H3>
Undefined Global Symbols
</H3><HR></body></html>
