<html>
<body>
<pre>
<h1>µVision Build Log</h1>
<h2>Project:</h2>
E:\PIC\Product\A920\code\A920 V10\MDK-ARM\A610.uvproj
Project File Date:  05/07/2018

<h2>Output:</h2>
Build target 'A610'
compiling ADC.c...
compiling ab_set.c...
compiling config.c...
compiling oled_spi.c...
compiling orbital.c...
linking...
Program Size: Code=14572 RO-data=5040 RW-data=80 ZI-data=1056  
FromELF: creating hex file...
"A610\A920.axf" - 0 Error(s), 0 Warning(s).
</pre>
</body>
</html>
ery_display_off();
..\Src\User\ADC.c: 2 warnings, 0 errors
compiling ab_set.c...
compiling config.c...
compiling oled_spi.c...
compiling orbital.c...
linking...
Program Size: Code=14572 RO-data=5040 RW-data=80 ZI-data=1056  
FromELF: creating hex file...
"A610\A920.axf" - 0 Error(s), 2 Warning(s).
C_Init(void)
../Src/main.c: 5 warnings, 0 errors
compiling ADC.c...
..\Src\User\ADC.c(102): warning:  #223-D: function "battery_display" declared implicitly
                        if(temp)battery_display(0);
..\Src\User\ADC.c(103): warning:  #223-D: function "battery_display_off" declared implicitly
                        else battery_display_off();
..\Src\User\ADC.c(108): warning:  #223-D: function "battery_display" declared implicitly
                        if(temp)battery_display(1);
..\Src\User\ADC.c(109): warning:  #223-D: function "battery_display_off" declared implicitly
                        else battery_display_off();
..\Src\User\ADC.c(113): warning:  #223-D: function "battery_display" declared implicitly
                        battery_display(3);
..\Src\User\ADC.c(117): warning:  #223-D: function "battery_display" declared implicitly
                        battery_display(5);
..\Src\User\ADC.c(121): warning:  #223-D: function "battery_display" declared implicitly
                        battery_display(6);
..\Src\User\ADC.c(125): warning:  #223-D: function "battery_display" declared implicitly
                        battery_display(7);
..\Src\User\ADC.c(129): warning:  #223-D: function "battery_display" declared implicitly
                        battery_display(8);
..\Src\User\ADC.c(133): warning:  #223-D: function "battery_display" declared implicitly
                        battery_display(9);
..\Src\User\ADC.c(137): warning:  #223-D: function "battery_display" declared implicitly
                        battery_display(10);
..\Src\User\ADC.c(141): warning:  #223-D: function "battery_display" declared implicitly
                        battery_display(11);
..\Src\User\ADC.c: 12 warnings, 0 errors
linking...
Program Size: Code=14572 RO-data=5040 RW-data=80 ZI-data=1056  
FromELF: creating hex file...
"A610\A920.axf" - 0 Error(s), 17 Warning(s).
