<html>
<body>
<pre>
<h1>µVision Build Log</h1>
<h2>Project:</h2>
F:\feng\project\A621\code\A621V10\MDK-ARM\A610.uvproj
Project File Date:  02/26/2019

<h2>Output:</h2>
Build target 'A610'
compiling motor_dri.c...
linking...
Program Size: Code=12136 RO-data=256 RW-data=128 ZI-data=1640  
FromELF: creating hex file...
"A610\A621.axf" - 0 Error(s), 0 Warning(s).
</pre>
</body>
</html>
_Init" was declared but never referenced
  static void MX_TIM1_Init(void);
../Src/main.c(271): warning:  #177-D: function "MX_RTC_Init" was declared but never referenced
  static void MX_RTC_Init(void)
../Src/main.c: 3 warnings, 0 errors
compiling stm32f0xx_it.c...
compiling uart.c...
compiling motor_dri.c...
linking...
Program Size: Code=12116 RO-data=256 RW-data=128 ZI-data=1640  
FromELF: creating hex file...
"A610\A621.axf" - 0 Error(s), 3 Warning(s).
10\A621.axf" - 0 Error(s), 3 Warning(s).
