<html>
<body>
<pre>
<h1>µVision Build Log</h1>
<h2>Tool Versions:</h2>
IDE-Version: ¦ÌVision V5.25.2.0
Copyright (C) 2018 ARM Ltd and ARM Germany GmbH. All rights reserved.
License Information: j AutoBVT, Microsoft, LIC=EXJKP-MUMK5-Y7LRW-Q0NP1-8BHKC-Z5EJX
 
Tool Versions:
Toolchain:       MDK-ARM Plus  Version: 5.25.2.0
Toolchain Path:  C:\Keil_v5\ARM\ARMCC\Bin
C Compiler:      Armcc.exe V5.06 update 6 (build 750)
Assembler:       Armasm.exe V5.06 update 6 (build 750)
Linker/Locator:  ArmLink.exe V5.06 update 6 (build 750)
Library Manager: ArmAr.exe V5.06 update 6 (build 750)
Hex Converter:   FromElf.exe V5.06 update 6 (build 750)
CPU DLL:         SARMCM3.DLL V5.25.2.0
Dialog DLL:      DARMCM1.DLL V1.19.1.0
Target DLL:      Segger\JL2CM3.dll V2.99.29.0
Dialog DLL:      TARMCM1.DLL V1.14.0.0
 
<h2>Project:</h2>
F:\feng\project\NEEWER\G30\CODE\motor\MDK-ARM\A610.uvproj
Project File Date:  08/12/2021

<h2>Output:</h2>
*** Using Compiler 'V5.06 update 6 (build 750)', folder: 'C:\Keil_v5\ARM\ARMCC\Bin'
Build target 'A610'
compiling GPIO.c...
compiling main.c...
../Src/main.c(422): warning:  #177-D: variable "GPIO_InitStruct"  was declared but never referenced
    LL_GPIO_InitTypeDef GPIO_InitStruct;
../Src/main.c(398): warning:  #177-D: function "MX_DMA_Init"  was declared but never referenced
  static void MX_DMA_Init(void) 
../Src/main.c(58): warning:  #177-D: function "MX_TIM1_Init"  was declared but never referenced
  static void MX_TIM1_Init(void);
../Src/main.c(285): warning:  #177-D: function "MX_RTC_Init"  was declared but never referenced
  static void MX_RTC_Init(void)
../Src/main.c: 4 warnings, 0 errors
compiling pair.c...
compiling motor_dri.c...
compiling RF24L01.c...
linking...
Program Size: Code=15768 RO-data=592 RW-data=112 ZI-data=1568  
FromELF: creating hex file...
"A610\A621.axf" - 0 Error(s), 4 Warning(s).
Build Time Elapsed:  00:00:02
</pre>
</body>
</html>
