<html>
<body>
<pre>
<h1>µVision Build Log</h1>
<h2>Project:</h2>
F:\MyProject\project\Product\A920\code\A920V13\MDK-ARM\A610.uvproj
Project File Date:  05/11/2018

<h2>Output:</h2>
Build target 'A610'
compiling motor_dri.c...
linking...
Program Size: Code=17440 RO-data=5520 RW-data=96 ZI-data=1144  
FromELF: creating hex file...
"A610\A920V13.axf" - 0 Error(s), 0 Warning(s).
</pre>
</body>
</html>
nit" was declared but never referenced
  static void MX_RTC_Init(void)
../Src/main.c: 2 warnings, 0 errors
compiling motor_dri.c...
compiling ab_set.c...
compiling config.c...
compiling orbital.c...
compiling keyscan.c...
linking...
Program Size: Code=17632 RO-data=5520 RW-data=96 ZI-data=1144  
FromELF: creating hex file...
"A610\A920V13.axf" - 0 Error(s), 2 Warning(s).
