ARM Linker, 5.03 [Build 76] [MDK-ARM Standard]

==============================================================================

Section Cross References

    system_stm32f0xx.o(i.SystemCoreClockUpdate) refers to uidiv.o(.text) for __aeabi_uidivmod
    system_stm32f0xx.o(i.SystemCoreClockUpdate) refers to system_stm32f0xx.o(.data) for .data
    system_stm32f0xx.o(i.SystemCoreClockUpdate) refers to system_stm32f0xx.o(.constdata) for .constdata
    main.o(i.GPIO_OUT_init) refers to stm32f0xx_ll_gpio.o(i.LL_GPIO_Init) for LL_GPIO_Init
    main.o(i.LL_TIM_OC_EnablePreload) refers to main.o(.constdata) for .constdata
    main.o(i.MX_TIM3_Init) refers to main.o(i.LL_APB1_GRP1_EnableClock) for LL_APB1_GRP1_EnableClock
    main.o(i.MX_TIM3_Init) refers to main.o(i.NVIC_SetPriority) for NVIC_SetPriority
    main.o(i.MX_TIM3_Init) refers to stm32f0xx_ll_tim.o(i.LL_TIM_Init) for LL_TIM_Init
    main.o(i.MX_TIM3_Init) refers to main.o(i.LL_TIM_OC_EnablePreload) for LL_TIM_OC_EnablePreload
    main.o(i.MX_TIM3_Init) refers to stm32f0xx_ll_tim.o(i.LL_TIM_OC_Init) for LL_TIM_OC_Init
    main.o(i.MX_TIM3_Init) refers to stm32f0xx_ll_gpio.o(i.LL_GPIO_Init) for LL_GPIO_Init
    main.o(i.MX_TIM3_Init) refers to main.o(.constdata) for .constdata
    main.o(i.MX_USART2_UART_Init) refers to main.o(i.LL_APB1_GRP2_EnableClock) for LL_APB1_GRP2_EnableClock
    main.o(i.MX_USART2_UART_Init) refers to stm32f0xx_ll_gpio.o(i.LL_GPIO_Init) for LL_GPIO_Init
    main.o(i.MX_USART2_UART_Init) refers to main.o(i.NVIC_SetPriority) for NVIC_SetPriority
    main.o(i.MX_USART2_UART_Init) refers to stm32f0xx_ll_usart.o(i.LL_USART_Init) for LL_USART_Init
    main.o(i.main) refers to main.o(i.LL_APB1_GRP2_EnableClock) for LL_APB1_GRP2_EnableClock
    main.o(i.main) refers to main.o(i.NVIC_SetPriority) for NVIC_SetPriority
    main.o(i.main) refers to main.o(i.SystemClock_Config) for SystemClock_Config
    main.o(i.main) refers to main.o(i.LL_AHB1_GRP1_EnableClock) for LL_AHB1_GRP1_EnableClock
    main.o(i.main) refers to main.o(i.GPIO_OUT_init) for GPIO_OUT_init
    main.o(i.main) refers to main.o(i.MX_TIM3_Init) for MX_TIM3_Init
    main.o(i.main) refers to main.o(i.LL_APB1_GRP1_EnableClock) for LL_APB1_GRP1_EnableClock
    main.o(i.main) refers to stm32f0xx_ll_tim.o(i.LL_TIM_Init) for LL_TIM_Init
    main.o(i.main) refers to main.o(i.MX_USART2_UART_Init) for MX_USART2_UART_Init
    main.o(i.main) refers to adc.o(i.A_d_c_int) for A_d_c_int
    main.o(i.main) refers to keyscan.o(i.keyscan_pin_init) for keyscan_pin_init
    main.o(i.main) refers to oled_spi.o(i.Oled_init) for Oled_init
    main.o(i.main) refers to motor_dri.o(i.motor_init) for motor_init
    main.o(i.main) refers to ab_set.o(i.ab_set_display) for ab_set_display
    main.o(i.main) refers to keyscan.o(i.keyscan) for keyscan
    main.o(i.main) refers to adc.o(i.read_ADC_value) for read_ADC_value
    main.o(i.main) refers to motor_dri.o(i.motor_slowly_startedORstop) for motor_slowly_startedORstop
    main.o(i.main) refers to orbital.o(i.delay_mode_main) for delay_mode_main
    main.o(i.main) refers to ab_set.o(i.ab_to_a_point_stop) for ab_to_a_point_stop
    stm32f0xx_it.o(i.TIM14_IRQHandler) refers to adc.o(i.adc_cout) for adc_cout
    stm32f0xx_it.o(i.TIM14_IRQHandler) refers to motor_dri.o(i.time_count) for time_count
    stm32f0xx_it.o(i.TIM14_IRQHandler) refers to keyscan.o(i.scan_cycle_count) for scan_cycle_count
    stm32f0xx_it.o(i.TIM1_BRK_UP_TRG_COM_IRQHandler) refers to ab_set.o(i.pulse_count) for pulse_count
    stm32f0xx_it.o(i.TIM3_IRQHandler) refers to ab_set.o(i.pulse_count) for pulse_count
    stm32f0xx_it.o(i.TIM3_IRQHandler) refers to motor_dri.o(i.slow_count) for slow_count
    stm32f0xx_it.o(i.TIM3_IRQHandler) refers to motor_dri.o(i.slow_spee_check) for slow_spee_check
    stm32f0xx_it.o(i.TIM3_IRQHandler) refers to motor_dri.o(i.auto_return_check) for auto_return_check
    stm32f0xx_it.o(i.TIM3_IRQHandler) refers to orbital.o(i.delay_move_time_compara) for delay_move_time_compara
    stm32f0xx_it.o(i.TIM3_IRQHandler) refers to orbital.o(i.start_point_over) for start_point_over
    stm32f0xx_it.o(i.USART1_IRQHandler) refers to uart.o(i.usart_read_byte) for usart_read_byte
    uart.o(i.print_word_data) refers to printfa.o(i.__0sprintf) for __2sprintf
    uart.o(i.print_word_data) refers to uart.o(i.uart_string_send) for uart_string_send
    uart.o(i.usart_read_byte) refers to main.o(i.Feed_IWDG) for Feed_IWDG
    uart.o(i.usart_read_byte) refers to uart.o(.data) for .data
    uart.o(i.usart_timer_test) refers to uart.o(.data) for .data
    adc.o(i.A_d_c_int) refers to adc.o(i.Adc_Gpio_init) for Adc_Gpio_init
    adc.o(i.A_d_c_int) refers to adc.o(i.Dma_int) for Dma_int
    adc.o(i.A_d_c_int) refers to adc.o(i.Adc_function_init) for Adc_function_init
    adc.o(i.Adc_Gpio_init) refers to stm32f0xx_ll_gpio.o(i.LL_GPIO_Init) for LL_GPIO_Init
    adc.o(i.Adc_function_init) refers to adc.o(i.ADC_GetCalibrationFactor) for ADC_GetCalibrationFactor
[...]
    ../fplib/microlib/fpmul.c                0x00000000   Number         0  fmul.o ABSOLUTE
    ..\Drivers\STM32F0xx_HAL_Driver\Src\stm32f0xx_ll_adc.c 0x00000000   Number         0  stm32f0xx_ll_adc.o ABSOLUTE
    ..\Drivers\STM32F0xx_HAL_Driver\Src\stm32f0xx_ll_dma.c 0x00000000   Number         0  stm32f0xx_ll_dma.o ABSOLUTE
    ..\Drivers\STM32F0xx_HAL_Driver\Src\stm32f0xx_ll_exti.c 0x00000000   Number         0  stm32f0xx_ll_exti.o ABSOLUTE
    ..\Drivers\STM32F0xx_HAL_Driver\Src\stm32f0xx_ll_gpio.c 0x00000000   Number         0  stm32f0xx_ll_gpio.o ABSOLUTE
    ..\Drivers\STM32F0xx_HAL_Driver\Src\stm32f0xx_ll_pwr.c 0x00000000   Number         0  stm32f0xx_ll_pwr.o ABSOLUTE
    ..\Drivers\STM32F0xx_HAL_Driver\Src\stm32f0xx_ll_rcc.c 0x00000000   Number         0  stm32f0xx_ll_rcc.o ABSOLUTE
    ..\Drivers\STM32F0xx_HAL_Driver\Src\stm32f0xx_ll_rtc.c 0x00000000   Number         0  stm32f0xx_ll_rtc.o ABSOLUTE
    ..\Drivers\STM32F0xx_HAL_Driver\Src\stm32f0xx_ll_tim.c 0x00000000   Number         0  stm32f0xx_ll_tim.o ABSOLUTE
    ..\Drivers\STM32F0xx_HAL_Driver\Src\stm32f0xx_ll_usart.c 0x00000000   Number         0  stm32f0xx_ll_usart.o ABSOLUTE
    ..\Drivers\STM32F0xx_HAL_Driver\Src\stm32f0xx_ll_utils.c 0x00000000   Number         0  stm32f0xx_ll_utils.o ABSOLUTE
    ..\Src\User\ADC.c                        0x00000000   Number         0  adc.o ABSOLUTE
    ..\Src\User\ab_set.c                     0x00000000   Number         0  ab_set.o ABSOLUTE
    ..\Src\User\config.c                     0x00000000   Number         0  config.o ABSOLUTE
    ..\Src\User\flash.c                      0x00000000   Number         0  flash.o ABSOLUTE
    ..\Src\User\keyscan.c                    0x00000000   Number         0  keyscan.o ABSOLUTE
    ..\Src\User\motor_dri.c                  0x00000000   Number         0  motor_dri.o ABSOLUTE
    ..\Src\User\oled_spi.c                   0x00000000   Number         0  oled_spi.o ABSOLUTE
    ..\Src\User\orbital.c                    0x00000000   Number         0  orbital.o ABSOLUTE
    ..\Src\User\uart.c                       0x00000000   Number         0  uart.o ABSOLUTE
    ..\Src\main.c                            0x00000000   Number         0  main.o ABSOLUTE
    ..\Src\stm32f0xx_it.c                    0x00000000   Number         0  stm32f0xx_it.o ABSOLUTE
    ..\Src\system_stm32f0xx.c                0x00000000   Number         0  system_stm32f0xx.o ABSOLUTE
    ..\\Src\\User\\ADC.c                     0x00000000   Number         0  adc.o ABSOLUTE
    ..\\Src\\User\\ab_set.c                  0x00000000   Number         0  ab_set.o ABSOLUTE
    ..\\Src\\User\\config.c                  0x00000000   Number         0  config.o ABSOLUTE
    ..\\Src\\User\\flash.c                   0x00000000   Number         0  flash.o ABSOLUTE
    ..\\Src\\User\\keyscan.c                 0x00000000   Number         0  keyscan.o ABSOLUTE
    ..\\Src\\User\\motor_dri.c               0x00000000   Number         0  motor_dri.o ABSOLUTE
    ..\\Src\\User\\oled_spi.c                0x00000000   Number         0  oled_spi.o ABSOLUTE
    ..\\Src\\User\\orbital.c                 0x00000000   Number         0  orbital.o ABSOLUTE
    ..\\Src\\User\\uart.c                    0x00000000   Number         0  uart.o ABSOLUTE
    cdrcmple.s                               0x00000000   Number         0  cdrcmple.o ABSOLUTE
    cfcmple.s                                0x00000000   Number         0  cfcmple.o ABSOLUTE
    dc.s                                     0x00000000   Number         0  dc.o ABSOLUTE
    handlers.s                               0x00000000   Number         0  handlers.o ABSOLUTE
    init.s                                   0x00000000   Number         0  init.o ABSOLUTE
    startup_stm32f030x8.s                    0x00000000   Number         0  startup_stm32f030x8.o ABSOLUTE
    RESET                                    0x08000000   Section      180  startup_stm32f030x8.o(RESET)
    .ARM.Collect$$$$00000000                 0x080000b4   Section        0  entry.o(.ARM.Collect$$$$00000000)
    .ARM.Collect$$$$00000001                 0x080000b4   Section        4  entry2.o(.ARM.Collect$$$$00000001)
    .ARM.Collect$$$$00000004                 0x080000b8   Section        4  entry5.o(.ARM.Collect$$$$00000004)
    .ARM.Collect$$$$00000008                 0x080000bc   Section        0  entry7b.o(.ARM.Collect$$$$00000008)
    .ARM.Collect$$$$0000000A                 0x080000bc   Section        0  entry8b.o(.ARM.Collect$$$$0000000A)
    .ARM.Collect$$$$0000000B                 0x080000bc   Section        8  entry9a.o(.ARM.Collect$$$$0000000B)
    .ARM.Collect$$$$0000000D                 0x080000c4   Section        0  entry10a.o(.ARM.Collect$$$$0000000D)
    .ARM.Collect$$$$0000000F                 0x080000c4   Section        0  entry11a.o(.ARM.Collect$$$$0000000F)
    .ARM.Collect$$$$00002712                 0x080000c4   Section        4  entry2.o(.ARM.Collect$$$$00002712)
    __lit__00000000                          0x080000c4   Data           4  entry2.o(.ARM.Collect$$$$00002712)
    .text                                    0x080000c8   Section       28  startup_stm32f030x8.o(.text)
    .text                                    0x080000e4   Section        0  uidiv.o(.text)
    .text                                    0x08000110   Section        0  fadd.o(.text)
    .text                                    0x080001c2   Section        0  fmul.o(.text)
    .text                                    0x0800023c   Section        0  fdiv.o(.text)
    .text                                    0x080002b8   Section        0  dadd.o(.text)
    .text                                    0x0800041c   Section        0  ffltui.o(.text)
    .text                                    0x0800042a   Section        0  ffixui.o(.text)
    .text                                    0x08000452   Section        0  f2d.o(.text)
    .text                                    0x0800047a   Section        0  d2f.o(.text)
    .text                                    0x080004b4   Section       20  cfcmple.o(.text)
    .text                                    0x080004c8   Section        0  uldiv.o(.text)
    .text                                    0x08000528   Section        0  llshl.o(.text)
    .text                                    0x08000548   Section        0  llsshr.o(.text)
    .text                                    0x0800056e   Section        0  fepilogue.o(.text)
    .text                                    0x0800056e   Section        0  iusefp.o(.text)
    .text                                    0x080005f2   Section        0  depilogue.o(.text)
    .text                                    0x080006b4   Section        0  dmul.o(.text)
    .text                                    0x08000784   Section        0  ddiv.o(.text)
    .text                                    0x08000874   Section        0  dfixul.o(.text)
    .text                                    0x080008b4   Section       40  cdrcmple.o(.text)
    .text                                    0x080008dc   Section       36  init.o(.text)
    .text                                    0x08000900   Section        0  llushr.o(.text)
    i.ADC_GetCalibrationFactor               0x08000924   Section        0  adc.o(i.ADC_GetCalibrationFactor)
    i.A_d_c_int                              0x0800095c   Section        0  adc.o(i.A_d_c_int)
    i.Adc_Gpio_init                          0x0800096c   Section        0  adc.o(i.Adc_Gpio_init)
    i.Adc_function_init                      0x080009a0   Section        0  adc.o(i.Adc_function_init)
    i.DMA1_Channel1_IRQHandler               0x08000a14   Section        0  stm32f0xx_it.o(i.DMA1_Channel1_IRQHandler)
    i.Dma_int                                0x08000a18   Section        0  adc.o(i.Dma_int)
    i.FLASH_ErasePage                        0x08000ab8   Section        0  flash.o(i.FLASH_ErasePage)
    i.FLASH_GetStatus                        0x08000af0   Section        0  flash.o(i.FLASH_GetStatus)
    i.FLASH_Lock                             0x08000b18   Section        0  flash.o(i.FLASH_Lock)
    i.FLASH_OB_Launch                        0x08000b28   Section        0  flash.o(i.FLASH_OB_Launch)
    i.FLASH_OB_Lock                          0x08000b3c   Section        0  flash.o(i.FLASH_OB_Lock)
    i.FLASH_OB_RDPConfig                     0x08000b4c   Section        0  flash.o(i.FLASH_OB_RDPConfig)
    i.FLASH_OB_Unlock                        0x08000ba8   Section        0  flash.o(i.FLASH_OB_Unlock)
    i.FLASH_ProgramHalfWord                  0x08000bc8   Section        0  flash.o(i.FLASH_ProgramHalfWord)
    i.FLASH_Unlock                           0x08000bfc   Section        0  flash.o(i.FLASH_Unlock)
    i.FLASH_WaitForLastOperation             0x08000c1c   Section        0  flash.o(i.FLASH_WaitForLastOperation)
    i.Fast_time_display                      0x08000c40   Section        0  orbital.o(i.Fast_time_display)
    i.Feed_IWDG                              0x08000c90   Section        0  main.o(i.Feed_IWDG)
    i.GPIO_OUT_init                          0x08000ca0   Section        0  main.o(i.GPIO_OUT_init)
    i.Gpio_confi_input                       0x08000cbc   Section        0  keyscan.o(i.Gpio_confi_input)
    i.HardFault_Handler                      0x08000cd6   Section        0  stm32f0xx_it.o(i.HardFault_Handler)
    i.LCD_CLS_line_area                      0x08000cd8   Section        0  oled_spi.o(i.LCD_CLS_line_area)
    i.LCD_Fill                               0x08000d12   Section        0  oled_spi.o(i.LCD_Fill)
    i.LCD_P16x16Str                          0x08000d48   Section        0  oled_spi.o(i.LCD_P16x16Str)
    i.LCD_P8x16Str                           0x08000dd8   Section        0  oled_spi.o(i.LCD_P8x16Str)
    i.LCD_Set_Pos                            0x08000e4c   Section        0  oled_spi.o(i.LCD_Set_Pos)
    i.LL_AHB1_GRP1_EnableClock               0x08000e70   Section        0  main.o(i.LL_AHB1_GRP1_EnableClock)
    LL_AHB1_GRP1_EnableClock                 0x08000e71   Thumb Code    18  main.o(i.LL_AHB1_GRP1_EnableClock)
    i.LL_APB1_GRP1_EnableClock               0x08000e88   Section        0  main.o(i.LL_APB1_GRP1_EnableClock)
    LL_APB1_GRP1_EnableClock                 0x08000e89   Thumb Code    18  main.o(i.LL_APB1_GRP1_EnableClock)
    i.LL_APB1_GRP2_EnableClock               0x08000ea0   Section        0  main.o(i.LL_APB1_GRP2_EnableClock)
    LL_APB1_GRP2_EnableClock                 0x08000ea1   Thumb Code    18  main.o(i.LL_APB1_GRP2_EnableClock)
    i.LL_GPIO_Init                           0x08000eb8   Section        0  stm32f0xx_ll_gpio.o(i.LL_GPIO_Init)
    i.LL_GPIO_IsInputPinSet                  0x08000f60   Section        0  keyscan.o(i.LL_GPIO_IsInputPinSet)
    LL_GPIO_IsInputPinSet                    0x08000f61   Thumb Code    14  keyscan.o(i.LL_GPIO_IsInputPinSet)
    i.LL_RCC_GetSystemClocksFreq             0x08000f6e   Section        0  stm32f0xx_ll_rcc.o(i.LL_RCC_GetSystemClocksFreq)
    i.LL_RCC_GetUSARTClockFreq               0x08000f88   Section        0  stm32f0xx_ll_rcc.o(i.LL_RCC_GetUSARTClockFreq)
    i.LL_TIM_Init                            0x08000fdc   Section        0  stm32f0xx_ll_tim.o(i.LL_TIM_Init)
    i.LL_TIM_OC_EnablePreload                0x08001060   Section        0  main.o(i.LL_TIM_OC_EnablePreload)
    LL_TIM_OC_EnablePreload                  0x08001061   Thumb Code    82  main.o(i.LL_TIM_OC_EnablePreload)
    i.LL_TIM_OC_Init                         0x080010b8   Section        0  stm32f0xx_ll_tim.o(i.LL_TIM_OC_Init)
    i.LL_USART_Init                          0x080010fc   Section        0  stm32f0xx_ll_usart.o(i.LL_USART_Init)
    i.MX_TIM3_Init                           0x080011a8   Section        0  main.o(i.MX_TIM3_Init)
    MX_TIM3_Init                             0x080011a9   Thumb Code   180  main.o(i.MX_TIM3_Init)
    i.MX_USART2_UART_Init                    0x0800126c   Section        0  main.o(i.MX_USART2_UART_Init)
    MX_USART2_UART_Init                      0x0800126d   Thumb Code   134  main.o(i.MX_USART2_UART_Init)
    i.NMI_Handler                            0x080012fc   Section        0  stm32f0xx_it.o(i.NMI_Handler)
    i.NVIC_SetPriority                       0x08001300   Section        0  main.o(i.NVIC_SetPriority)
    NVIC_SetPriority                         0x08001301   Thumb Code    60  main.o(i.NVIC_SetPriority)
    i.OC1Config                              0x08001344   Section        0  stm32f0xx_ll_tim.o(i.OC1Config)
    OC1Config                                0x08001345   Thumb Code   124  stm32f0xx_ll_tim.o(i.OC1Config)
    i.OC2Config                              0x080013d0   Section        0  stm32f0xx_ll_tim.o(i.OC2Config)
    OC2Config                                0x080013d1   Thumb Code   128  stm32f0xx_ll_tim.o(i.OC2Config)
    i.OC3Config                              0x08001460   Section        0  stm32f0xx_ll_tim.o(i.OC3Config)
    OC3Config                                0x08001461   Thumb Code   134  stm32f0xx_ll_tim.o(i.OC3Config)
    i.OC4Config                              0x080014f8   Section        0  stm32f0xx_ll_tim.o(i.OC4Config)
    OC4Config                                0x080014f9   Thumb Code    98  stm32f0xx_ll_tim.o(i.OC4Config)
    i.Oled_EnlPrint                          0x0800156c   Section        0  oled_spi.o(i.Oled_EnlPrint)
    i.Oled_WrBy                              0x080015e8   Section        0  oled_spi.o(i.Oled_WrBy)
    i.Oled_Write_Command                     0x08001614   Section        0  oled_spi.o(i.Oled_Write_Command)
    i.Oled_Write_Data                        0x08001638   Section        0  oled_spi.o(i.Oled_Write_Data)
    i.Oled_init                              0x0800165c   Section        0  oled_spi.o(i.Oled_init)
    i.PendSV_Handler                         0x0800173c   Section        0  stm32f0xx_it.o(i.PendSV_Handler)
    i.RCC_GetHCLKClockFreq                   0x08001740   Section        0  stm32f0xx_ll_rcc.o(i.RCC_GetHCLKClockFreq)
    i.RCC_GetPCLK1ClockFreq                  0x0800175c   Section        0  stm32f0xx_ll_rcc.o(i.RCC_GetPCLK1ClockFreq)
    i.RCC_GetSystemClockFreq                 0x08001774   Section        0  stm32f0xx_ll_rcc.o(i.RCC_GetSystemClockFreq)
    i.RCC_PLL_GetFreqDomain_SYS              0x08001798   Section        0  stm32f0xx_ll_rcc.o(i.RCC_PLL_GetFreqDomain_SYS)
    i.SVC_Handler                            0x080017d4   Section        0  stm32f0xx_it.o(i.SVC_Handler)
    i.SysTick_Handler                        0x080017d6   Section        0  stm32f0xx_it.o(i.SysTick_Handler)
    i.SystemClock_Config                     0x080017d8   Section        0  main.o(i.SystemClock_Config)
    i.SystemInit                             0x08001850   Section        0  system_stm32f0xx.o(i.SystemInit)
    i.TIM14_IRQHandler                       0x080018ac   Section        0  stm32f0xx_it.o(i.TIM14_IRQHandler)
    i.TIM1_BRK_UP_TRG_COM_IRQHandler         0x080018d0   Section        0  stm32f0xx_it.o(i.TIM1_BRK_UP_TRG_COM_IRQHandler)
    i.TIM3_IRQHandler                        0x080018ec   Section        0  stm32f0xx_it.o(i.TIM3_IRQHandler)
    i.USART1_IRQHandler                      0x0800191c   Section        0  stm32f0xx_it.o(i.USART1_IRQHandler)
    i.__0sprintf                             0x08001944   Section        0  printfa.o(i.__0sprintf)
    i.__ARM_clz                              0x0800196c   Section        0  depilogue.o(i.__ARM_clz)
    i.__scatterload_copy                     0x0800199a   Section       14  handlers.o(i.__scatterload_copy)
    i.__scatterload_null                     0x080019a8   Section        2  handlers.o(i.__scatterload_null)
    i.__scatterload_zeroinit                 0x080019aa   Section       14  handlers.o(i.__scatterload_zeroinit)
    i._fp_digits                             0x080019b8   Section        0  printfa.o(i._fp_digits)
    _fp_digits                               0x080019b9   Thumb Code   314  printfa.o(i._fp_digits)
    i._printf_core                           0x08001b10   Section        0  printfa.o(i._printf_core)
    _printf_core                             0x08001b11   Thumb Code  1766  printfa.o(i._printf_core)
    i._printf_post_padding                   0x08002208   Section        0  printfa.o(i._printf_post_padding)
    _printf_post_padding                     0x08002209   Thumb Code    32  printfa.o(i._printf_post_padding)
    i._printf_pre_padding                    0x08002228   Section        0  printfa.o(i._printf_pre_padding)
    _printf_pre_padding                      0x08002229   Thumb Code    44  printfa.o(i._printf_pre_padding)
    i._sputc                                 0x08002254   Section        0  printfa.o(i._sputc)
    _sputc                                   0x08002255   Thumb Code    10  printfa.o(i._sputc)
    i.ab_point_change_dir                    0x08002260   Section        0  orbital.o(i.ab_point_change_dir)
    i.ab_set_display                         0x08002288   Section        0  ab_set.o(i.ab_set_display)
    i.ab_set_move                            0x08002328   Section        0  ab_set.o(i.ab_set_move)
    i.ab_set_press_ok                        0x0800237c   Section        0  ab_set.o(i.ab_set_press_ok)
    i.ab_to_a_point_stop                     0x080023ec   Section        0  ab_set.o(i.ab_to_a_point_stop)
    i.adc_cout                               0x08002428   Section        0  adc.o(i.adc_cout)
    i.adv_timeH_dis                          0x0800243c   Section        0  orbital.o(i.adv_timeH_dis)
    i.adv_timeM_dis                          0x08002470   Section        0  orbital.o(i.adv_timeM_dis)
    i.arrows_display                         0x080024a4   Section        0  oled_spi.o(i.arrows_display)
    i.auto_return_check                      0x080024f4   Section        0  motor_dri.o(i.auto_return_check)
    i.auto_return_display                    0x08002588   Section        0  config.o(i.auto_return_display)
    i.battery_display                        0x080025d0   Section        0  oled_spi.o(i.battery_display)
    i.battery_display_off                    0x08002614   Section        0  oled_spi.o(i.battery_display_off)
    i.change_page                            0x08002648   Section        0  config.o(i.change_page)
    i.config_page_move_cursor                0x08002698   Section        0  config.o(i.config_page_move_cursor)
    i.config_page_ok                         0x080026b4   Section        0  config.o(i.config_page_ok)
    i.config_page_send                       0x080026e4   Section        0  config.o(i.config_page_send)
    i.config_para_adjust                     0x0800275c   Section        0  config.o(i.config_para_adjust)
    i.config_para_send                       0x080027cc   Section        0  config.o(i.config_para_send)
    i.countdown_display                      0x080027f4   Section        0  orbital.o(i.countdown_display)
    i.cursor_count                           0x080028bc   Section        0  config.o(i.cursor_count)
    i.cursor_glint                           0x080028e8   Section        0  orbital.o(i.cursor_glint)
    i.data_count                             0x0800298c   Section        0  orbital.o(i.data_count)
    i.delay_The_countdown                    0x080029c8   Section        0  orbital.o(i.delay_The_countdown)
    i.delay_begin_function                   0x08002a28   Section        0  orbital.o(i.delay_begin_function)
    i.delay_dir_adjust                       0x08002adc   Section        0  orbital.o(i.delay_dir_adjust)
    i.delay_mode_dir_dis                     0x08002b18   Section        0  orbital.o(i.delay_mode_dir_dis)
    i.delay_mode_main                        0x08002b68   Section        0  orbital.o(i.delay_mode_main)
    i.delay_move_time_compara                0x08002c44   Section        0  orbital.o(i.delay_move_time_compara)
    i.delay_page_cursor_upordw               0x08002c70   Section        0  orbital.o(i.delay_page_cursor_upordw)
    i.delay_page_ok                          0x08002c94   Section        0  orbital.o(i.delay_page_ok)
    i.delay_page_para_adjust                 0x08002cd4   Section        0  orbital.o(i.delay_page_para_adjust)
    i.delay_page_parameter_send              0x08002dd4   Section        0  orbital.o(i.delay_page_parameter_send)
    i.delay_page_return                      0x08002de4   Section        0  orbital.o(i.delay_page_return)
    i.delay_page_send                        0x08002e28   Section        0  orbital.o(i.delay_page_send)
    i.delay_para_compara                     0x08002f94   Section        0  orbital.o(i.delay_para_compara)
    i.delay_status_display                   0x08002ff4   Section        0  orbital.o(i.delay_status_display)
    i.dynamic_speed_calculat                 0x08003040   Section        0  motor_dri.o(i.dynamic_speed_calculat)
    i.erase_flash_OnePage                    0x080030a8   Section        0  flash.o(i.erase_flash_OnePage)
    i.factory_param_init                     0x080030bc   Section        0  config.o(i.factory_param_init)
    i.factory_set_display                    0x080030f4   Section        0  config.o(i.factory_set_display)
    i.fisrt_time_begin                       0x08003144   Section        0  orbital.o(i.fisrt_time_begin)
    i.fixed_shoot_display                    0x080031c4   Section        0  orbital.o(i.fixed_shoot_display)
    i.flash_read_protect                     0x080031fc   Section        0  flash.o(i.flash_read_protect)
    i.get_run_param                          0x0800321c   Section        0  orbital.o(i.get_run_param)
    i.if_write_flash                         0x08003304   Section        0  flash.o(i.if_write_flash)
    i.key_Handle                             0x08003310   Section        0  keyscan.o(i.key_Handle)
    i.keyscan                                0x08003364   Section        0  keyscan.o(i.keyscan)
    i.keyscan_pin_init                       0x0800347c   Section        0  keyscan.o(i.keyscan_pin_init)
    i.language_display                       0x080034a0   Section        0  config.o(i.language_display)
    i.length_display                         0x080034e0   Section        0  orbital.o(i.length_display)
    i.main                                   0x08003540   Section        0  main.o(i.main)
    i.main_cursor_upordw                     0x08003660   Section        0  config.o(i.main_cursor_upordw)
    i.main_page_ok                           0x0800367c   Section        0  config.o(i.main_page_ok)
    i.main_page_send                         0x080036b4   Section        0  config.o(i.main_page_send)
    i.motor_direction_change                 0x08003734   Section        0  motor_dri.o(i.motor_direction_change)
    i.motor_init                             0x08003754   Section        0  motor_dri.o(i.motor_init)
    i.motor_slowly_startedORstop             0x0800377c   Section        0  motor_dri.o(i.motor_slowly_startedORstop)
    i.motor_speed_adjust                     0x08003844   Section        0  motor_dri.o(i.motor_speed_adjust)
    i.motor_speed_set                        0x08003850   Section        0  motor_dri.o(i.motor_speed_set)
    i.motor_start                            0x08003864   Section        0  motor_dri.o(i.motor_start)
    i.motor_stop                             0x08003880   Section        0  motor_dri.o(i.motor_stop)
    i.move_judge_ABpoint                     0x080038a0   Section        0  orbital.o(i.move_judge_ABpoint)
    i.move_speed_calculat                    0x08003904   Section        0  orbital.o(i.move_speed_calculat)
    i.move_time_calculate                    0x08003a34   Section        0  motor_dri.o(i.move_time_calculate)
    i.move_time_cout                         0x08003ab0   Section        0  orbital.o(i.move_time_cout)
    i.move_time_display                      0x08003b1c   Section        0  orbital.o(i.move_time_display)
    i.oled_gpio_init                         0x08003b8c   Section        0  oled_spi.o(i.oled_gpio_init)
    i.page_return                            0x08003bc0   Section        0  keyscan.o(i.page_return)
    i.page_return_adjust                     0x08003bd8   Section        0  config.o(i.page_return_adjust)
    i.para_count                             0x08003bfc   Section        0  orbital.o(i.para_count)
    i.para_init                              0x08003c1c   Section        0  motor_dri.o(i.para_init)
    i.para_read_from_flash                   0x08003c60   Section        0  flash.o(i.para_read_from_flash)
    i.pix_amt_compara_dis                    0x08003c88   Section        0  orbital.o(i.pix_amt_compara_dis)
    i.pix_amt_display                        0x08003d18   Section        0  orbital.o(i.pix_amt_display)
    i.press_OK_function                      0x08003d70   Section        0  keyscan.o(i.press_OK_function)
    i.press_key_continue                     0x08003db4   Section        0  keyscan.o(i.press_key_continue)
    i.press_key_continue_if                  0x08003df0   Section        0  orbital.o(i.press_key_continue_if)
    i.pulse_count                            0x08003e48   Section        0  ab_set.o(i.pulse_count)
    i.read_ADC_value                         0x08003e74   Section        0  adc.o(i.read_ADC_value)
    i.read_flash_holfword                    0x0800402c   Section        0  flash.o(i.read_flash_holfword)
    i.return_sync                            0x0800405c   Section        0  config.o(i.return_sync)
    i.scan_cycle_count                       0x08004068   Section        0  keyscan.o(i.scan_cycle_count)
    i.shutter_time_over                      0x080040b0   Section        0  orbital.o(i.shutter_time_over)
    i.slider_upORdown                        0x080040d4   Section        0  motor_dri.o(i.slider_upORdown)
    i.slow_count                             0x080040e0   Section        0  motor_dri.o(i.slow_count)
    i.slow_point_check                       0x080040e4   Section        0  orbital.o(i.slow_point_check)
    i.slow_spee_check                        0x08004134   Section        0  motor_dri.o(i.slow_spee_check)
    i.speed_calculat                         0x080041a4   Section        0  motor_dri.o(i.speed_calculat)
    i.speed_display                          0x080041b8   Section        0  orbital.o(i.speed_display)
    i.start_point_over                       0x0800420c   Section        0  orbital.o(i.start_point_over)
    i.stop_time_display                      0x08004268   Section        0  orbital.o(i.stop_time_display)
    i.sursor_display                         0x080042f0   Section        0  orbital.o(i.sursor_display)
    i.time_count                             0x08004330   Section        0  motor_dri.o(i.time_count)
    i.time_delay_ms                          0x08004390   Section        0  motor_dri.o(i.time_delay_ms)
    i.total_time_display                     0x080043a8   Section        0  orbital.o(i.total_time_display)
    i.usart_read_byte                        0x080044d4   Section        0  uart.o(i.usart_read_byte)
    i.versions_display                       0x080044fc   Section        0  orbital.o(i.versions_display)
    i.video_cursor_upordw                    0x08004520   Section        0  config.o(i.video_cursor_upordw)
    i.video_dir_adjust                       0x0800456c   Section        0  orbital.o(i.video_dir_adjust)
    i.video_page_OK                          0x080045f4   Section        0  orbital.o(i.video_page_OK)
    i.video_page_send                        0x08004708   Section        0  orbital.o(i.video_page_send)
    i.video_para_adjust                      0x08004848   Section        0  orbital.o(i.video_para_adjust)
    i.video_para_send                        0x08004978   Section        0  orbital.o(i.video_para_send)
    i.video_speed_adjust                     0x080049b8   Section        0  orbital.o(i.video_speed_adjust)
    i.video_start                            0x080049f0   Section        0  orbital.o(i.video_start)
    i.video_status_dis                       0x08004a70   Section        0  orbital.o(i.video_status_dis)
    i.write_flash_active                     0x08004abc   Section        0  flash.o(i.write_flash_active)
    i.write_flash_holfword                   0x08004adc   Section        0  flash.o(i.write_flash_holfword)
    i.write_flash_holfword_buffer            0x08004aec   Section        0  flash.o(i.write_flash_holfword_buffer)
    .constdata                               0x08004b38   Section       16  system_stm32f0xx.o(.constdata)
    .constdata                               0x08004b48   Section        8  system_stm32f0xx.o(.constdata)
    .constdata                               0x08004b50   Section       14  main.o(.constdata)
    OFFSET_TAB_CCMRx                         0x08004b50   Data           7  main.o(.constdata)
    SHIFT_TAB_OCxx                           0x08004b57   Data           7  main.o(.constdata)
    .constdata                               0x08004b5e   Section        5  adc.o(.constdata)
    CHANNEL_OFFSET_TAB                       0x08004b5e   Data           5  adc.o(.constdata)
    .constdata                               0x08004b64   Section     5420  oled_spi.o(.constdata)
    .conststring                             0x08006090   Section      201  oled_spi.o(.conststring)
    .data                                    0x20000000   Section        4  uart.o(.data)
    temp                                     0x20000000   Data           1  uart.o(.data)
    temp                                     0x20000002   Data           2  uart.o(.data)
    .data                                    0x20000004   Section        8  adc.o(.data)
    temp                                     0x20000004   Data           1  adc.o(.data)
    ii                                       0x20000005   Data           1  adc.o(.data)
    .data                                    0x2000000c   Section       20  motor_dri.o(.data)
    .data                                    0x20000020   Section        1  flash.o(.data)
    .data                                    0x20000021   Section        1  ab_set.o(.data)
    .data                                    0x20000022   Section        4  config.o(.data)
    .data                                    0x20000028   Section       52  orbital.o(.data)
    tempp                                    0x20000032   Data           1  orbital.o(.data)
    .data                                    0x2000005c   Section        4  orbital.o(.data)
    .data                                    0x20000060   Section       12  keyscan.o(.data)
    .bss                                     0x2000006c   Section      200  adc.o(.bss)
    .bss                                     0x20000134   Section       40  motor_dri.o(.bss)
    STACK                                    0x20000160   Section     1024  startup_stm32f030x8.o(STACK)

    Global Symbols

    Symbol Name                              Value     Ov Type        Size  Object(Section)

    BuildAttributes$$THM_ISAv3M$S$PE$A:L22$X:L11$S22$IEEE1$IW$USESV6$~STKCKD$USESV7$~SHL$OTIME$ROPI$EBA8$MICROLIB$REQ8$PRES8$EABIv2 0x00000000   Number         0  anon$$obj.o ABSOLUTE
    __ARM_use_no_argv                        0x00000000   Number         0  main.o ABSOLUTE
    _printf_a                                0x00000000   Number         0  stubs.o ABSOLUTE
    _printf_c                                0x00000000   Number         0  stubs.o ABSOLUTE
    _printf_charcount                        0x00000000   Number         0  stubs.o ABSOLUTE
    _printf_d                                0x00000000   Number         0  stubs.o ABSOLUTE
    _printf_e                                0x00000000   Number         0  stubs.o ABSOLUTE
    _printf_f                                0x00000000   Number         0  stubs.o ABSOLUTE
    _printf_flags                            0x00000000   Number         0  stubs.o ABSOLUTE
    _printf_fp_dec                           0x00000000   Number         0  stubs.o ABSOLUTE
    _printf_fp_hex                           0x00000000   Number         0  stubs.o ABSOLUTE
    _printf_g                                0x00000000   Number         0  stubs.o ABSOLUTE
    _printf_i                                0x00000000   Number         0  stubs.o ABSOLUTE
    _printf_int_dec                          0x00000000   Number         0  stubs.o ABSOLUTE
    _printf_l                                0x00000000   Number         0  stubs.o ABSOLUTE
    _printf_lc                               0x00000000   Number         0  stubs.o ABSOLUTE
    _printf_ll                               0x00000000   Number         0  stubs.o ABSOLUTE
    _printf_lld                              0x00000000   Number         0  stubs.o ABSOLUTE
    _printf_lli                              0x00000000   Number         0  stubs.o ABSOLUTE
    _printf_llo                              0x00000000   Number         0  stubs.o ABSOLUTE
    _printf_llu                              0x00000000   Number         0  stubs.o ABSOLUTE
    _printf_llx                              0x00000000   Number         0  stubs.o ABSOLUTE
    _printf_longlong_dec                     0x00000000   Number         0  stubs.o ABSOLUTE
    _printf_longlong_hex                     0x00000000   Number         0  stubs.o ABSOLUTE
    _printf_longlong_oct                     0x00000000   Number         0  stubs.o ABSOLUTE
    _printf_ls                               0x00000000   Number         0  stubs.o ABSOLUTE
    _printf_mbtowc                           0x00000000   Number         0  stubs.o ABSOLUTE
    _printf_n                                0x00000000   Number         0  stubs.o ABSOLUTE
    _printf_o                                0x00000000   Number         0  stubs.o ABSOLUTE
    _printf_p                                0x00000000   Number         0  stubs.o ABSOLUTE
    _printf_percent                          0x00000000   Number         0  stubs.o ABSOLUTE
    _printf_pre_padding                      0x00000000   Number         0  stubs.o ABSOLUTE
    _printf_return_value                     0x00000000   Number         0  stubs.o ABSOLUTE
    _printf_s                                0x00000000   Number         0  stubs.o ABSOLUTE
    _printf_sizespec                         0x00000000   Number         0  stubs.o ABSOLUTE
    _printf_str                              0x00000000   Number         0  stubs.o ABSOLUTE
    _printf_truncate_signed                  0x00000000   Number         0  stubs.o ABSOLUTE
    _printf_truncate_unsigned                0x00000000   Number         0  stubs.o ABSOLUTE
    _printf_u                                0x00000000   Number         0  stubs.o ABSOLUTE
    _printf_wc                               0x00000000   Number         0  stubs.o ABSOLUTE
    _printf_wctomb                           0x00000000   Number         0  stubs.o ABSOLUTE
    _printf_widthprec                        0x00000000   Number         0  stubs.o ABSOLUTE
    _printf_x                                0x00000000   Number         0  stubs.o ABSOLUTE
    __cpp_initialize__aeabi_                  - Undefined Weak Reference
    __cxa_finalize                            - Undefined Weak Reference
    __decompress                              - Undefined Weak Reference
    _clock_init                               - Undefined Weak Reference
    _microlib_exit                            - Undefined Weak Reference
    __Vectors_Size                           0x000000b4   Number         0  startup_stm32f030x8.o ABSOLUTE
    __Vectors                                0x08000000   Data           4  startup_stm32f030x8.o(RESET)
    __Vectors_End                            0x080000b4   Data           0  startup_stm32f030x8.o(RESET)
    __main                                   0x080000b5   Thumb Code     0  entry.o(.ARM.Collect$$$$00000000)
    _main_stk                                0x080000b5   Thumb Code     0  entry2.o(.ARM.Collect$$$$00000001)
    _main_scatterload                        0x080000b9   Thumb Code     0  entry5.o(.ARM.Collect$$$$00000004)
    __main_after_scatterload                 0x080000bd   Thumb Code     0  entry5.o(.ARM.Collect$$$$00000004)
    _main_clock                              0x080000bd   Thumb Code     0  entry7b.o(.ARM.Collect$$$$00000008)
    _main_cpp_init                           0x080000bd   Thumb Code     0  entry8b.o(.ARM.Collect$$$$0000000A)
    _main_init                               0x080000bd   Thumb Code     0  entry9a.o(.ARM.Collect$$$$0000000B)
    __rt_final_cpp                           0x080000c5   Thumb Code     0  entry10a.o(.ARM.Collect$$$$0000000D)
    __rt_final_exit                          0x080000c5   Thumb Code     0  entry11a.o(.ARM.Collect$$$$0000000F)
    Reset_Handler                            0x080000c9   Thumb Code     8  startup_stm32f030x8.o(.text)
    ADC1_IRQHandler                          0x080000db   Thumb Code     0  startup_stm32f030x8.o(.text)
    DMA1_Channel2_3_IRQHandler               0x080000db   Thumb Code     0  startup_stm32f030x8.o(.text)
    DMA1_Channel4_5_IRQHandler               0x080000db   Thumb Code     0  startup_stm32f030x8.o(.text)
    EXTI0_1_IRQHandler                       0x080000db   Thumb Code     0  startup_stm32f030x8.o(.text)
    EXTI2_3_IRQHandler                       0x080000db   Thumb Code     0  startup_stm32f030x8.o(.text)
    EXTI4_15_IRQHandler                      0x080000db   Thumb Code     0  startup_stm32f030x8.o(.text)
    FLASH_IRQHandler                         0x080000db   Thumb Code     0  startup_stm32f030x8.o(.text)
    I2C1_IRQHandler                          0x080000db   Thumb Code     0  startup_stm32f030x8.o(.text)
    I2C2_IRQHandler                          0x080000db   Thumb Code     0  startup_stm32f030x8.o(.text)
    RCC_IRQHandler                           0x080000db   Thumb Code     0  startup_stm32f030x8.o(.text)
    RTC_IRQHandler                           0x080000db   Thumb Code     0  startup_stm32f030x8.o(.text)
    SPI1_IRQHandler                          0x080000db   Thumb Code     0  startup_stm32f030x8.o(.text)
    SPI2_IRQHandler                          0x080000db   Thumb Code     0  startup_stm32f030x8.o(.text)
    TIM15_IRQHandler                         0x080000db   Thumb Code     0  startup_stm32f030x8.o(.text)
    TIM16_IRQHandler                         0x080000db   Thumb Code     0  startup_stm32f030x8.o(.text)
    TIM17_IRQHandler                         0x080000db   Thumb Code     0  startup_stm32f030x8.o(.text)
    TIM1_CC_IRQHandler                       0x080000db   Thumb Code     0  startup_stm32f030x8.o(.text)
    TIM6_IRQHandler                          0x080000db   Thumb Code     0  startup_stm32f030x8.o(.text)
    USART2_IRQHandler                        0x080000db   Thumb Code     0  startup_stm32f030x8.o(.text)
    WWDG_IRQHandler                          0x080000db   Thumb Code     0  startup_stm32f030x8.o(.text)
    __aeabi_uidiv                            0x080000e5   Thumb Code     0  uidiv.o(.text)
    __aeabi_uidivmod                         0x080000e5   Thumb Code    44  uidiv.o(.text)
    __aeabi_fadd                             0x08000111   Thumb Code   162  fadd.o(.text)
    __aeabi_fsub                             0x080001b3   Thumb Code     8  fadd.o(.text)
    __aeabi_frsub                            0x080001bb   Thumb Code     8  fadd.o(.text)
    __aeabi_fmul                             0x080001c3   Thumb Code   122  fmul.o(.text)
    __aeabi_fdiv                             0x0800023d   Thumb Code   124  fdiv.o(.text)
    __aeabi_dadd                             0x080002b9   Thumb Code   326  dadd.o(.text)
    __aeabi_dsub                             0x080003ff   Thumb Code    12  dadd.o(.text)
    __aeabi_drsub                            0x0800040b   Thumb Code    12  dadd.o(.text)
    __aeabi_ui2f                             0x0800041d   Thumb Code    14  ffltui.o(.text)
    __aeabi_f2uiz                            0x0800042b   Thumb Code    40  ffixui.o(.text)
    __aeabi_f2d                              0x08000453   Thumb Code    40  f2d.o(.text)
    __aeabi_d2f                              0x0800047b   Thumb Code    56  d2f.o(.text)
    __aeabi_cfcmpeq                          0x080004b5   Thumb Code     0  cfcmple.o(.text)
    __aeabi_cfcmple                          0x080004b5   Thumb Code    20  cfcmple.o(.text)
    __aeabi_uldivmod                         0x080004c9   Thumb Code    96  uldiv.o(.text)
    __aeabi_llsl                             0x08000529   Thumb Code    32  llshl.o(.text)
    _ll_shift_l                              0x08000529   Thumb Code     0  llshl.o(.text)
    __aeabi_lasr                             0x08000549   Thumb Code    38  llsshr.o(.text)
    _ll_sshift_r                             0x08000549   Thumb Code     0  llsshr.o(.text)
    __I$use$fp                               0x0800056f   Thumb Code     0  iusefp.o(.text)
    _float_round                             0x0800056f   Thumb Code    16  fepilogue.o(.text)
    _float_epilogue                          0x0800057f   Thumb Code   116  fepilogue.o(.text)
    _double_round                            0x080005f3   Thumb Code    26  depilogue.o(.text)
    _double_epilogue                         0x0800060d   Thumb Code   166  depilogue.o(.text)
    __aeabi_dmul                             0x080006b5   Thumb Code   202  dmul.o(.text)
    __aeabi_ddiv                             0x08000785   Thumb Code   234  ddiv.o(.text)
    __aeabi_d2ulz                            0x08000875   Thumb Code    54  dfixul.o(.text)
    __aeabi_cdrcmple                         0x080008b5   Thumb Code    38  cdrcmple.o(.text)
    __scatterload                            0x080008dd   Thumb Code    28  init.o(.text)
    __scatterload_rt2                        0x080008dd   Thumb Code     0  init.o(.text)
    __aeabi_llsr                             0x08000901   Thumb Code    34  llushr.o(.text)
    _ll_ushift_r                             0x08000901   Thumb Code     0  llushr.o(.text)
    ADC_GetCalibrationFactor                 0x08000925   Thumb Code    52  adc.o(i.ADC_GetCalibrationFactor)
    A_d_c_int                                0x0800095d   Thumb Code    16  adc.o(i.A_d_c_int)
    Adc_Gpio_init                            0x0800096d   Thumb Code    48  adc.o(i.Adc_Gpio_init)
    Adc_function_init                        0x080009a1   Thumb Code   108  adc.o(i.Adc_function_init)
    DMA1_Channel1_IRQHandler                 0x08000a15   Thumb Code     2  stm32f0xx_it.o(i.DMA1_Channel1_IRQHandler)
    Dma_int                                  0x08000a19   Thumb Code   138  adc.o(i.Dma_int)
    FLASH_ErasePage                          0x08000ab9   Thumb Code    52  flash.o(i.FLASH_ErasePage)
    FLASH_GetStatus                          0x08000af1   Thumb Code    34  flash.o(i.FLASH_GetStatus)
    FLASH_Lock                               0x08000b19   Thumb Code    12  flash.o(i.FLASH_Lock)
    FLASH_OB_Launch                          0x08000b29   Thumb Code    14  flash.o(i.FLASH_OB_Launch)
    FLASH_OB_Lock                            0x08000b3d   Thumb Code    12  flash.o(i.FLASH_OB_Lock)
    FLASH_OB_RDPConfig                       0x08000b4d   Thumb Code    82  flash.o(i.FLASH_OB_RDPConfig)
    FLASH_OB_Unlock                          0x08000ba9   Thumb Code    18  flash.o(i.FLASH_OB_Unlock)
    FLASH_ProgramHalfWord                    0x08000bc9   Thumb Code    48  flash.o(i.FLASH_ProgramHalfWord)
    FLASH_Unlock                             0x08000bfd   Thumb Code    18  flash.o(i.FLASH_Unlock)
    FLASH_WaitForLastOperation               0x08000c1d   Thumb Code    34  flash.o(i.FLASH_WaitForLastOperation)
    Fast_time_display                        0x08000c41   Thumb Code    52  orbital.o(i.Fast_time_display)
    Feed_IWDG                                0x08000c91   Thumb Code     8  main.o(i.Feed_IWDG)
    GPIO_OUT_init                            0x08000ca1   Thumb Code    28  main.o(i.GPIO_OUT_init)
    Gpio_confi_input                         0x08000cbd   Thumb Code    26  keyscan.o(i.Gpio_confi_input)
    HardFault_Handler                        0x08000cd7   Thumb Code     2  stm32f0xx_it.o(i.HardFault_Handler)
    LCD_CLS_line_area                        0x08000cd9   Thumb Code    58  oled_spi.o(i.LCD_CLS_line_area)
    LCD_Fill                                 0x08000d13   Thumb Code    54  oled_spi.o(i.LCD_Fill)
    LCD_P16x16Str                            0x08000d49   Thumb Code   140  oled_spi.o(i.LCD_P16x16Str)
    LCD_P8x16Str                             0x08000dd9   Thumb Code   116  oled_spi.o(i.LCD_P8x16Str)
    LCD_Set_Pos                              0x08000e4d   Thumb Code    36  oled_spi.o(i.LCD_Set_Pos)
    LL_GPIO_Init                             0x08000eb9   Thumb Code   168  stm32f0xx_ll_gpio.o(i.LL_GPIO_Init)
    LL_RCC_GetSystemClocksFreq               0x08000f6f   Thumb Code    24  stm32f0xx_ll_rcc.o(i.LL_RCC_GetSystemClocksFreq)
    LL_RCC_GetUSARTClockFreq                 0x08000f89   Thumb Code    76  stm32f0xx_ll_rcc.o(i.LL_RCC_GetUSARTClockFreq)
    LL_TIM_Init                              0x08000fdd   Thumb Code   108  stm32f0xx_ll_tim.o(i.LL_TIM_Init)
    LL_TIM_OC_Init                           0x080010b9   Thumb Code    68  stm32f0xx_ll_tim.o(i.LL_TIM_OC_Init)
    LL_USART_Init                            0x080010fd   Thumb Code   156  stm32f0xx_ll_usart.o(i.LL_USART_Init)
    NMI_Handler                              0x080012fd   Thumb Code     2  stm32f0xx_it.o(i.NMI_Handler)
    Oled_EnlPrint                            0x0800156d   Thumb Code   118  oled_spi.o(i.Oled_EnlPrint)
    Oled_WrBy                                0x080015e9   Thumb Code    42  oled_spi.o(i.Oled_WrBy)
    Oled_Write_Command                       0x08001615   Thumb Code    30  oled_spi.o(i.Oled_Write_Command)
    Oled_Write_Data                          0x08001639   Thumb Code    30  oled_spi.o(i.Oled_Write_Data)
    Oled_init                                0x0800165d   Thumb Code   218  oled_spi.o(i.Oled_init)
    PendSV_Handler                           0x0800173d   Thumb Code     2  stm32f0xx_it.o(i.PendSV_Handler)
    RCC_GetHCLKClockFreq                     0x08001741   Thumb Code    18  stm32f0xx_ll_rcc.o(i.RCC_GetHCLKClockFreq)
    RCC_GetPCLK1ClockFreq                    0x0800175d   Thumb Code    16  stm32f0xx_ll_rcc.o(i.RCC_GetPCLK1ClockFreq)
    RCC_GetSystemClockFreq                   0x08001775   Thumb Code    28  stm32f0xx_ll_rcc.o(i.RCC_GetSystemClockFreq)
    RCC_PLL_GetFreqDomain_SYS                0x08001799   Thumb Code    50  stm32f0xx_ll_rcc.o(i.RCC_PLL_GetFreqDomain_SYS)
    SVC_Handler                              0x080017d5   Thumb Code     2  stm32f0xx_it.o(i.SVC_Handler)
    SysTick_Handler                          0x080017d7   Thumb Code     2  stm32f0xx_it.o(i.SysTick_Handler)
    SystemClock_Config                       0x080017d9   Thumb Code   114  main.o(i.SystemClock_Config)
    SystemInit                               0x08001851   Thumb Code    78  system_stm32f0xx.o(i.SystemInit)
    TIM14_IRQHandler                         0x080018ad   Thumb Code    32  stm32f0xx_it.o(i.TIM14_IRQHandler)
    TIM1_BRK_UP_TRG_COM_IRQHandler           0x080018d1   Thumb Code    24  stm32f0xx_it.o(i.TIM1_BRK_UP_TRG_COM_IRQHandler)
    TIM3_IRQHandler                          0x080018ed   Thumb Code    44  stm32f0xx_it.o(i.TIM3_IRQHandler)
    USART1_IRQHandler                        0x0800191d   Thumb Code    34  stm32f0xx_it.o(i.USART1_IRQHandler)
    __0sprintf                               0x08001945   Thumb Code    36  printfa.o(i.__0sprintf)
    __1sprintf                               0x08001945   Thumb Code     0  printfa.o(i.__0sprintf)
    __2sprintf                               0x08001945   Thumb Code     0  printfa.o(i.__0sprintf)
    __c89sprintf                             0x08001945   Thumb Code     0  printfa.o(i.__0sprintf)
    sprintf                                  0x08001945   Thumb Code     0  printfa.o(i.__0sprintf)
    __ARM_clz                                0x0800196d   Thumb Code    46  depilogue.o(i.__ARM_clz)
    __scatterload_copy                       0x0800199b   Thumb Code    14  handlers.o(i.__scatterload_copy)
    __scatterload_null                       0x080019a9   Thumb Code     2  handlers.o(i.__scatterload_null)
    __scatterload_zeroinit                   0x080019ab   Thumb Code    14  handlers.o(i.__scatterload_zeroinit)
    ab_point_change_dir                      0x08002261   Thumb Code    36  orbital.o(i.ab_point_change_dir)
    ab_set_display                           0x08002289   Thumb Code   104  ab_set.o(i.ab_set_display)
    ab_set_move                              0x08002329   Thumb Code    70  ab_set.o(i.ab_set_move)
    ab_set_press_ok                          0x0800237d   Thumb Code    90  ab_set.o(i.ab_set_press_ok)
    ab_to_a_point_stop                       0x080023ed   Thumb Code    46  ab_set.o(i.ab_to_a_point_stop)
    adc_cout                                 0x08002429   Thumb Code    14  adc.o(i.adc_cout)
    adv_timeH_dis                            0x0800243d   Thumb Code    38  orbital.o(i.adv_timeH_dis)
    adv_timeM_dis                            0x08002471   Thumb Code    38  orbital.o(i.adv_timeM_dis)
    arrows_display                           0x080024a5   Thumb Code    74  oled_spi.o(i.arrows_display)
    auto_return_check                        0x080024f5   Thumb Code   132  motor_dri.o(i.auto_return_check)
    auto_return_display                      0x08002589   Thumb Code    52  config.o(i.auto_return_display)
    battery_display                          0x080025d1   Thumb Code    64  oled_spi.o(i.battery_display)
    battery_display_off                      0x08002615   Thumb Code    52  oled_spi.o(i.battery_display_off)
    change_page                              0x08002649   Thumb Code    74  config.o(i.change_page)
    config_page_move_cursor                  0x08002699   Thumb Code    24  config.o(i.config_page_move_cursor)
    config_page_ok                           0x080026b5   Thumb Code    44  config.o(i.config_page_ok)
    config_page_send                         0x080026e5   Thumb Code    60  config.o(i.config_page_send)
    config_para_adjust                       0x0800275d   Thumb Code   104  config.o(i.config_para_adjust)
    config_para_send                         0x080027cd   Thumb Code    32  config.o(i.config_para_send)
    countdown_display                        0x080027f5   Thumb Code   138  orbital.o(i.countdown_display)
    cursor_count                             0x080028bd   Thumb Code    40  config.o(i.cursor_count)
    cursor_glint                             0x080028e9   Thumb Code   142  orbital.o(i.cursor_glint)
    data_count                               0x0800298d   Thumb Code    56  orbital.o(i.data_count)
    delay_The_countdown                      0x080029c9   Thumb Code    90  orbital.o(i.delay_The_countdown)
    delay_begin_function                     0x08002a29   Thumb Code   158  orbital.o(i.delay_begin_function)
    delay_dir_adjust                         0x08002add   Thumb Code    46  orbital.o(i.delay_dir_adjust)
    delay_mode_dir_dis                       0x08002b19   Thumb Code    48  orbital.o(i.delay_mode_dir_dis)
    delay_mode_main                          0x08002b69   Thumb Code   200  orbital.o(i.delay_mode_main)
    delay_move_time_compara                  0x08002c45   Thumb Code    40  orbital.o(i.delay_move_time_compara)
    delay_page_cursor_upordw                 0x08002c71   Thumb Code    32  orbital.o(i.delay_page_cursor_upordw)
    delay_page_ok                            0x08002c95   Thumb Code    52  orbital.o(i.delay_page_ok)
    delay_page_para_adjust                   0x08002cd5   Thumb Code   232  orbital.o(i.delay_page_para_adjust)
    delay_page_parameter_send                0x08002dd5   Thumb Code    16  orbital.o(i.delay_page_parameter_send)
    delay_page_return                        0x08002de5   Thumb Code    52  orbital.o(i.delay_page_return)
    delay_page_send                          0x08002e29   Thumb Code   212  orbital.o(i.delay_page_send)
    delay_para_compara                       0x08002f95   Thumb Code    82  orbital.o(i.delay_para_compara)
    delay_status_display                     0x08002ff5   Thumb Code    36  orbital.o(i.delay_status_display)
    dynamic_speed_calculat                   0x08003041   Thumb Code    84  motor_dri.o(i.dynamic_speed_calculat)
    erase_flash_OnePage                      0x080030a9   Thumb Code    16  flash.o(i.erase_flash_OnePage)
    factory_param_init                       0x080030bd   Thumb Code    48  config.o(i.factory_param_init)
    factory_set_display                      0x080030f5   Thumb Code    54  config.o(i.factory_set_display)
    fisrt_time_begin                         0x08003145   Thumb Code   110  orbital.o(i.fisrt_time_begin)
    fixed_shoot_display                      0x080031c5   Thumb Code    34  orbital.o(i.fixed_shoot_display)
    flash_read_protect                       0x080031fd   Thumb Code    30  flash.o(i.flash_read_protect)
    get_run_param                            0x0800321d   Thumb Code   214  orbital.o(i.get_run_param)
    if_write_flash                           0x08003305   Thumb Code     8  flash.o(i.if_write_flash)
    key_Handle                               0x08003311   Thumb Code    82  keyscan.o(i.key_Handle)
    keyscan                                  0x08003365   Thumb Code   276  keyscan.o(i.keyscan)
    keyscan_pin_init                         0x0800347d   Thumb Code    32  keyscan.o(i.keyscan_pin_init)
    language_display                         0x080034a1   Thumb Code    32  config.o(i.language_display)
    length_display                           0x080034e1   Thumb Code    60  orbital.o(i.length_display)
    main                                     0x08003541   Thumb Code   250  main.o(i.main)
    main_cursor_upordw                       0x08003661   Thumb Code    24  config.o(i.main_cursor_upordw)
    main_page_ok                             0x0800367d   Thumb Code    50  config.o(i.main_page_ok)
    main_page_send                           0x080036b5   Thumb Code    60  config.o(i.main_page_send)
    motor_direction_change                   0x08003735   Thumb Code    22  motor_dri.o(i.motor_direction_change)
    motor_init                               0x08003755   Thumb Code    40  motor_dri.o(i.motor_init)
    motor_slowly_startedORstop               0x0800377d   Thumb Code   176  motor_dri.o(i.motor_slowly_startedORstop)
    motor_speed_adjust                       0x08003845   Thumb Code    12  motor_dri.o(i.motor_speed_adjust)
    motor_speed_set                          0x08003851   Thumb Code    14  motor_dri.o(i.motor_speed_set)
    motor_start                              0x08003865   Thumb Code    22  motor_dri.o(i.motor_start)
    motor_stop                               0x08003881   Thumb Code    26  motor_dri.o(i.motor_stop)
    move_judge_ABpoint                       0x080038a1   Thumb Code    88  orbital.o(i.move_judge_ABpoint)
    move_speed_calculat                      0x08003905   Thumb Code   272  orbital.o(i.move_speed_calculat)
    move_time_calculate                      0x08003a35   Thumb Code   108  motor_dri.o(i.move_time_calculate)
    move_time_cout                           0x08003ab1   Thumb Code    94  orbital.o(i.move_time_cout)
    move_time_display                        0x08003b1d   Thumb Code    70  orbital.o(i.move_time_display)
    oled_gpio_init                           0x08003b8d   Thumb Code    44  oled_spi.o(i.oled_gpio_init)
    page_return                              0x08003bc1   Thumb Code    18  keyscan.o(i.page_return)
    page_return_adjust                       0x08003bd9   Thumb Code    30  config.o(i.page_return_adjust)
    para_count                               0x08003bfd   Thumb Code    30  orbital.o(i.para_count)
    para_init                                0x08003c1d   Thumb Code    58  motor_dri.o(i.para_init)
    para_read_from_flash                     0x08003c61   Thumb Code    36  flash.o(i.para_read_from_flash)
    pix_amt_compara_dis                      0x08003c89   Thumb Code    74  orbital.o(i.pix_amt_compara_dis)
    pix_amt_display                          0x08003d19   Thumb Code    60  orbital.o(i.pix_amt_display)
    press_OK_function                        0x08003d71   Thumb Code    62  keyscan.o(i.press_OK_function)
    press_key_continue                       0x08003db5   Thumb Code    46  keyscan.o(i.press_key_continue)
    press_key_continue_if                    0x08003df1   Thumb Code    74  orbital.o(i.press_key_continue_if)
    pulse_count                              0x08003e49   Thumb Code    34  ab_set.o(i.pulse_count)
    read_ADC_value                           0x08003e75   Thumb Code   332  adc.o(i.read_ADC_value)
    read_flash_holfword                      0x0800402d   Thumb Code    40  flash.o(i.read_flash_holfword)
    return_sync                              0x0800405d   Thumb Code     6  config.o(i.return_sync)
    scan_cycle_count                         0x08004069   Thumb Code    58  keyscan.o(i.scan_cycle_count)
    shutter_time_over                        0x080040b1   Thumb Code    28  orbital.o(i.shutter_time_over)
    slider_upORdown                          0x080040d5   Thumb Code     6  motor_dri.o(i.slider_upORdown)
    slow_count                               0x080040e1   Thumb Code     2  motor_dri.o(i.slow_count)
    slow_point_check                         0x080040e5   Thumb Code    58  orbital.o(i.slow_point_check)
    slow_spee_check                          0x08004135   Thumb Code    94  motor_dri.o(i.slow_spee_check)
    speed_calculat                           0x080041a5   Thumb Code    20  motor_dri.o(i.speed_calculat)
    speed_display                            0x080041b9   Thumb Code    62  orbital.o(i.speed_display)
    start_point_over                         0x0800420d   Thumb Code    82  orbital.o(i.start_point_over)
    stop_time_display                        0x08004269   Thumb Code    80  orbital.o(i.stop_time_display)
    sursor_display                           0x080042f1   Thumb Code    60  orbital.o(i.sursor_display)
    time_count                               0x08004331   Thumb Code    74  motor_dri.o(i.time_count)
    time_delay_ms                            0x08004391   Thumb Code    20  motor_dri.o(i.time_delay_ms)
    total_time_display                       0x080043a9   Thumb Code   240  orbital.o(i.total_time_display)
    usart_read_byte                          0x080044d5   Thumb Code    32  uart.o(i.usart_read_byte)
    versions_display                         0x080044fd   Thumb Code    18  orbital.o(i.versions_display)
    video_cursor_upordw                      0x08004521   Thumb Code    64  config.o(i.video_cursor_upordw)
    video_dir_adjust                         0x0800456d   Thumb Code   116  orbital.o(i.video_dir_adjust)
    video_page_OK                            0x080045f5   Thumb Code   252  orbital.o(i.video_page_OK)
    video_page_send                          0x08004709   Thumb Code   172  orbital.o(i.video_page_send)
    video_para_adjust                        0x08004849   Thumb Code   274  orbital.o(i.video_para_adjust)
    video_para_send                          0x08004979   Thumb Code    56  orbital.o(i.video_para_send)
    video_speed_adjust                       0x080049b9   Thumb Code    46  orbital.o(i.video_speed_adjust)
    video_start                              0x080049f1   Thumb Code   112  orbital.o(i.video_start)
    video_status_dis                         0x08004a71   Thumb Code    36  orbital.o(i.video_status_dis)
    write_flash_active                       0x08004abd   Thumb Code    22  flash.o(i.write_flash_active)
    write_flash_holfword                     0x08004add   Thumb Code    14  flash.o(i.write_flash_holfword)
    write_flash_holfword_buffer              0x08004aed   Thumb Code    62  flash.o(i.write_flash_holfword_buffer)
    AHBPrescTable                            0x08004b38   Data          16  system_stm32f0xx.o(.constdata)
    APBPrescTable                            0x08004b48   Data           8  system_stm32f0xx.o(.constdata)
    zhi_f16x16                               0x08004b64   Data        2412  oled_spi.o(.constdata)
    versionB                                 0x080054d0   Data          48  oled_spi.o(.constdata)
    arrows                                   0x08005500   Data          16  oled_spi.o(.constdata)
    battery                                  0x08005510   Data         384  oled_spi.o(.constdata)
    Angle                                    0x08005690   Data          16  oled_spi.o(.constdata)
    F8X16                                    0x080056a0   Data        1520  oled_spi.o(.constdata)
    KmalerDot                                0x08005c90   Data        1024  oled_spi.o(.constdata)
    Region$$Table$$Base                      0x0800615c   Number         0  anon$$obj.o(Region$$Table)
    Region$$Table$$Limit                     0x0800617c   Number         0  anon$$obj.o(Region$$Table)
    adc_send_time                            0x20000006   Data           2  adc.o(.data)
    ADCConvertedValue                        0x20000008   Data           4  adc.o(.data)
    m_start                                  0x2000000c   Data           1  motor_dri.o(.data)
    slow_time                                0x2000000d   Data           1  motor_dri.o(.data)
    p_upORdown                               0x2000000e   Data           1  motor_dri.o(.data)
    slowly_now                               0x2000000f   Data           1  motor_dri.o(.data)
    slow_tag                                 0x20000010   Data           1  motor_dri.o(.data)
    boot_time                                0x20000012   Data           2  motor_dri.o(.data)
    led_time                                 0x20000014   Data           2  motor_dri.o(.data)
    slow_point                               0x20000016   Data           2  motor_dri.o(.data)
    slow_max                                 0x20000018   Data           4  motor_dri.o(.data)
    slow_miix                                0x2000001c   Data           4  motor_dri.o(.data)
    whether_write_flash                      0x20000020   Data           1  flash.o(.data)
    ab_set_if                                0x20000021   Data           1  ab_set.o(.data)
    page_id                                  0x20000022   Data           1  config.o(.data)
    cursor_id                                0x20000023   Data           1  config.o(.data)
    Factory_set                              0x20000024   Data           1  config.o(.data)
    Sync_flag                                0x20000025   Data           1  config.o(.data)
    move_begin                               0x20000028   Data           1  orbital.o(.data)
    move_begin_backup                        0x20000029   Data           1  orbital.o(.data)
    minutes                                  0x2000002a   Data           1  orbital.o(.data)
    seconds                                  0x2000002b   Data           1  orbital.o(.data)
    check_start_point                        0x2000002c   Data           1  orbital.o(.data)
    dir_backup                               0x2000002d   Data           1  orbital.o(.data)
    shutter_time                             0x2000002e   Data           1  orbital.o(.data)
    shutter_time_tag                         0x2000002f   Data           1  orbital.o(.data)
    adj_parm_sel                             0x20000030   Data           1  orbital.o(.data)
    Inverse_Dis                              0x20000031   Data           1  orbital.o(.data)
    slow_temp                                0x20000034   Data           2  orbital.o(.data)
    sub_contunue                             0x20000036   Data           2  orbital.o(.data)
    add_contunue                             0x20000038   Data           2  orbital.o(.data)
    MS_count                                 0x2000003a   Data           2  orbital.o(.data)
    p_amount                                 0x2000003c   Data           2  orbital.o(.data)
    p_move_step                              0x2000003e   Data           2  orbital.o(.data)
    hours                                    0x20000040   Data           2  orbital.o(.data)
    fast_time_bakeup                         0x20000044   Data           4  orbital.o(.data)
    stop_time_bakeup                         0x20000048   Data           4  orbital.o(.data)
    move_time_bakeup                         0x2000004c   Data           4  orbital.o(.data)
    p_move_time                              0x20000050   Data           4  orbital.o(.data)
    sys_stop_time                            0x20000054   Data           4  orbital.o(.data)
    adv_speed_back                           0x20000058   Data           4  orbital.o(.data)
    dynamic_speed                            0x2000005c   Data           4  orbital.o(.data)
    scan_cycle                               0x20000060   Data           1  keyscan.o(.data)
    key_final_status                         0x20000061   Data           1  keyscan.o(.data)
    return_key                               0x20000062   Data           1  keyscan.o(.data)
    keyup_status                             0x20000063   Data           1  keyscan.o(.data)
    keydown_status                           0x20000064   Data           1  keyscan.o(.data)
    keyleft_status                           0x20000065   Data           1  keyscan.o(.data)
    keyright_status                          0x20000066   Data           1  keyscan.o(.data)
    keyok_status                             0x20000067   Data           1  keyscan.o(.data)
    key_debounce                             0x20000068   Data           1  keyscan.o(.data)
    key_contunue_cout                        0x20000069   Data           1  keyscan.o(.data)
    return_key_time                          0x2000006a   Data           2  keyscan.o(.data)
    adc_buffer                               0x2000006c   Data         200  adc.o(.bss)
    glob_para                                0x20000134   Data          40  motor_dri.o(.bss)
    __initial_sp                             0x20000560   Data           0  startup_stm32f030x8.o(STACK)



==============================================================================

Memory Map of the image

  Image Entry point : 0x080000b5

  Load Region LR_IROM1 (Base: 0x08000000, Size: 0x000061e8, Max: 0x00010000, ABSOLUTE)

    Execution Region ER_IROM1 (Base: 0x08000000, Size: 0x0000617c, Max: 0x00010000, ABSOLUTE)

    Base Addr    Size         Type   Attr      Idx    E Section Name        Object

    0x08000000   0x000000b4   Data   RO         2313    RESET               startup_stm32f030x8.o
    0x080000b4   0x00000000   Code   RO         2318  * .ARM.Collect$$$$00000000  mc_p.l(entry.o)
    0x080000b4   0x00000004   Code   RO         2602    .ARM.Collect$$$$00000001  mc_p.l(entry2.o)
    0x080000b8   0x00000004   Code   RO         2605    .ARM.Collect$$$$00000004  mc_p.l(entry5.o)
    0x080000bc   0x00000000   Code   RO         2607    .ARM.Collect$$$$00000008  mc_p.l(entry7b.o)
    0x080000bc   0x00000000   Code   RO         2609    .ARM.Collect$$$$0000000A  mc_p.l(entry8b.o)
    0x080000bc   0x00000008   Code   RO         2610    .ARM.Collect$$$$0000000B  mc_p.l(entry9a.o)
    0x080000c4   0x00000000   Code   RO         2612    .ARM.Collect$$$$0000000D  mc_p.l(entry10a.o)
    0x080000c4   0x00000000   Code   RO         2614    .ARM.Collect$$$$0000000F  mc_p.l(entry11a.o)
    0x080000c4   0x00000004   Code   RO         2603    .ARM.Collect$$$$00002712  mc_p.l(entry2.o)
    0x080000c8   0x0000001c   Code   RO         2314    .text               startup_stm32f030x8.o
    0x080000e4   0x0000002c   Code   RO         2321    .text               mc_p.l(uidiv.o)
    0x08000110   0x000000b2   Code   RO         2584    .text               mf_p.l(fadd.o)
    0x080001c2   0x0000007a   Code   RO         2586    .text               mf_p.l(fmul.o)
    0x0800023c   0x0000007c   Code   RO         2588    .text               mf_p.l(fdiv.o)
    0x080002b8   0x00000164   Code   RO         2590    .text               mf_p.l(dadd.o)
    0x0800041c   0x0000000e   Code   RO         2592    .text               mf_p.l(ffltui.o)
    0x0800042a   0x00000028   Code   RO         2594    .text               mf_p.l(ffixui.o)
    0x08000452   0x00000028   Code   RO         2596    .text               mf_p.l(f2d.o)
    0x0800047a   0x00000038   Code   RO         2598    .text               mf_p.l(d2f.o)
    0x080004b2   0x00000002   PAD
    0x080004b4   0x00000014   Code   RO         2600    .text               mf_p.l(cfcmple.o)
    0x080004c8   0x00000060   Code   RO         2619    .text               mc_p.l(uldiv.o)
    0x08000528   0x00000020   Code   RO         2621    .text               mc_p.l(llshl.o)
    0x08000548   0x00000026   Code   RO         2623    .text               mc_p.l(llsshr.o)
    0x0800056e   0x00000000   Code   RO         2625    .text               mc_p.l(iusefp.o)
    0x0800056e   0x00000084   Code   RO         2626    .text               mf_p.l(fepilogue.o)
    0x080005f2   0x000000c0   Code   RO         2628    .text               mf_p.l(depilogue.o)
    0x080006b2   0x00000002   PAD
    0x080006b4   0x000000d0   Code   RO         2632    .text               mf_p.l(dmul.o)
    0x08000784   0x000000f0   Code   RO         2634    .text               mf_p.l(ddiv.o)
    0x08000874   0x00000040   Code   RO         2636    .text               mf_p.l(dfixul.o)
    0x080008b4   0x00000028   Code   RO         2638    .text               mf_p.l(cdrcmple.o)
    0x080008dc   0x00000024   Code   RO         2640    .text               mc_p.l(init.o)
    0x08000900   0x00000022   Code   RO         2643    .text               mc_p.l(llushr.o)
    0x08000922   0x00000002   PAD
    0x08000924   0x00000038   Code   RO          405    i.ADC_GetCalibrationFactor  adc.o
    0x0800095c   0x00000010   Code   RO          406    i.A_d_c_int         adc.o
    0x0800096c   0x00000034   Code   RO          407    i.Adc_Gpio_init     adc.o
    0x080009a0   0x00000074   Code   RO          408    i.Adc_function_init  adc.o
    0x08000a14   0x00000002   Code   RO          215    i.DMA1_Channel1_IRQHandler  stm32f0xx_it.o
    0x08000a16   0x00000002   PAD
    0x08000a18   0x000000a0   Code   RO          409    i.Dma_int           adc.o
    0x08000ab8   0x00000038   Code   RO          693    i.FLASH_ErasePage   flash.o
    0x08000af0   0x00000028   Code   RO          694    i.FLASH_GetStatus   flash.o
    0x08000b18   0x00000010   Code   RO          695    i.FLASH_Lock        flash.o
    0x08000b28   0x00000014   Code   RO          696    i.FLASH_OB_Launch   flash.o
    0x08000b3c   0x00000010   Code   RO          697    i.FLASH_OB_Lock     flash.o
    0x08000b4c   0x0000005c   Code   RO          698    i.FLASH_OB_RDPConfig  flash.o
    0x08000ba8   0x00000020   Code   RO          699    i.FLASH_OB_Unlock   flash.o
    0x08000bc8   0x00000034   Code   RO          700    i.FLASH_ProgramHalfWord  flash.o
    0x08000bfc   0x00000020   Code   RO          701    i.FLASH_Unlock      flash.o
    0x08000c1c   0x00000022   Code   RO          702    i.FLASH_WaitForLastOperation  flash.o
    0x08000c3e   0x00000002   PAD
    0x08000c40   0x00000050   Code   RO         1211    i.Fast_time_display  orbital.o
    0x08000c90   0x00000010   Code   RO           61    i.Feed_IWDG         main.o
    0x08000ca0   0x0000001c   Code   RO           62    i.GPIO_OUT_init     main.o
    0x08000cbc   0x0000001a   Code   RO         1572    i.Gpio_confi_input  keyscan.o
    0x08000cd6   0x00000002   Code   RO          216    i.HardFault_Handler  stm32f0xx_it.o
    0x08000cd8   0x0000003a   Code   RO         1015    i.LCD_CLS_line_area  oled_spi.o
    0x08000d12   0x00000036   Code   RO         1017    i.LCD_Fill          oled_spi.o
    0x08000d48   0x00000090   Code   RO         1018    i.LCD_P16x16Str     oled_spi.o
    0x08000dd8   0x00000074   Code   RO         1020    i.LCD_P8x16Str      oled_spi.o
    0x08000e4c   0x00000024   Code   RO         1023    i.LCD_Set_Pos       oled_spi.o
    0x08000e70   0x00000018   Code   RO           63    i.LL_AHB1_GRP1_EnableClock  main.o
    0x08000e88   0x00000018   Code   RO           64    i.LL_APB1_GRP1_EnableClock  main.o
    0x08000ea0   0x00000018   Code   RO           65    i.LL_APB1_GRP2_EnableClock  main.o
    0x08000eb8   0x000000a8   Code   RO         2161    i.LL_GPIO_Init      stm32f0xx_ll_gpio.o
    0x08000f60   0x0000000e   Code   RO         1573    i.LL_GPIO_IsInputPinSet  keyscan.o
    0x08000f6e   0x00000018   Code   RO         1853    i.LL_RCC_GetSystemClocksFreq  stm32f0xx_ll_rcc.o
    0x08000f86   0x00000002   PAD
    0x08000f88   0x00000054   Code   RO         1854    i.LL_RCC_GetUSARTClockFreq  stm32f0xx_ll_rcc.o
    0x08000fdc   0x00000084   Code   RO         1925    i.LL_TIM_Init       stm32f0xx_ll_tim.o
    0x08001060   0x00000058   Code   RO           66    i.LL_TIM_OC_EnablePreload  main.o
    0x080010b8   0x00000044   Code   RO         1926    i.LL_TIM_OC_Init    stm32f0xx_ll_tim.o
    0x080010fc   0x000000ac   Code   RO         2045    i.LL_USART_Init     stm32f0xx_ll_usart.o
    0x080011a8   0x000000c4   Code   RO           67    i.MX_TIM3_Init      main.o
    0x0800126c   0x00000090   Code   RO           68    i.MX_USART2_UART_Init  main.o
    0x080012fc   0x00000002   Code   RO          217    i.NMI_Handler       stm32f0xx_it.o
    0x080012fe   0x00000002   PAD
    0x08001300   0x00000044   Code   RO           69    i.NVIC_SetPriority  main.o
    0x08001344   0x0000008c   Code   RO         1929    i.OC1Config         stm32f0xx_ll_tim.o
    0x080013d0   0x00000090   Code   RO         1930    i.OC2Config         stm32f0xx_ll_tim.o
    0x08001460   0x00000098   Code   RO         1931    i.OC3Config         stm32f0xx_ll_tim.o
    0x080014f8   0x00000074   Code   RO         1932    i.OC4Config         stm32f0xx_ll_tim.o
    0x0800156c   0x0000007c   Code   RO         1025    i.Oled_EnlPrint     oled_spi.o
    0x080015e8   0x0000002a   Code   RO         1026    i.Oled_WrBy         oled_spi.o
    0x08001612   0x00000002   PAD
    0x08001614   0x00000024   Code   RO         1027    i.Oled_Write_Command  oled_spi.o
    0x08001638   0x00000024   Code   RO         1028    i.Oled_Write_Data   oled_spi.o
    0x0800165c   0x000000e0   Code   RO         1029    i.Oled_init         oled_spi.o
    0x0800173c   0x00000002   Code   RO          218    i.PendSV_Handler    stm32f0xx_it.o
    0x0800173e   0x00000002   PAD
    0x08001740   0x0000001c   Code   RO         1855    i.RCC_GetHCLKClockFreq  stm32f0xx_ll_rcc.o
    0x0800175c   0x00000018   Code   RO         1856    i.RCC_GetPCLK1ClockFreq  stm32f0xx_ll_rcc.o
    0x08001774   0x00000024   Code   RO         1857    i.RCC_GetSystemClockFreq  stm32f0xx_ll_rcc.o
    0x08001798   0x0000003c   Code   RO         1858    i.RCC_PLL_GetFreqDomain_SYS  stm32f0xx_ll_rcc.o
    0x080017d4   0x00000002   Code   RO          219    i.SVC_Handler       stm32f0xx_it.o
    0x080017d6   0x00000002   Code   RO          220    i.SysTick_Handler   stm32f0xx_it.o
    0x080017d8   0x00000078   Code   RO           70    i.SystemClock_Config  main.o
    0x08001850   0x0000005c   Code   RO            4    i.SystemInit        system_stm32f0xx.o
    0x080018ac   0x00000024   Code   RO          221    i.TIM14_IRQHandler  stm32f0xx_it.o
    0x080018d0   0x0000001c   Code   RO          222    i.TIM1_BRK_UP_TRG_COM_IRQHandler  stm32f0xx_it.o
    0x080018ec   0x00000030   Code   RO          223    i.TIM3_IRQHandler   stm32f0xx_it.o
    0x0800191c   0x00000028   Code   RO          224    i.USART1_IRQHandler  stm32f0xx_it.o
    0x08001944   0x00000028   Code   RO         2558    i.__0sprintf        mc_p.l(printfa.o)
    0x0800196c   0x0000002e   Code   RO         2630    i.__ARM_clz         mf_p.l(depilogue.o)
    0x0800199a   0x0000000e   Code   RO         2648    i.__scatterload_copy  mc_p.l(handlers.o)
    0x080019a8   0x00000002   Code   RO         2649    i.__scatterload_null  mc_p.l(handlers.o)
    0x080019aa   0x0000000e   Code   RO         2650    i.__scatterload_zeroinit  mc_p.l(handlers.o)
    0x080019b8   0x00000158   Code   RO         2563    i._fp_digits        mc_p.l(printfa.o)
    0x08001b10   0x000006f8   Code   RO         2564    i._printf_core      mc_p.l(printfa.o)
    0x08002208   0x00000020   Code   RO         2565    i._printf_post_padding  mc_p.l(printfa.o)
    0x08002228   0x0000002c   Code   RO         2566    i._printf_pre_padding  mc_p.l(printfa.o)
    0x08002254   0x0000000a   Code   RO         2568    i._sputc            mc_p.l(printfa.o)
    0x0800225e   0x00000002   PAD
    0x08002260   0x00000028   Code   RO         1212    i.ab_point_change_dir  orbital.o
    0x08002288   0x000000a0   Code   RO          814    i.ab_set_display    ab_set.o
    0x08002328   0x00000054   Code   RO          815    i.ab_set_move       ab_set.o
    0x0800237c   0x00000070   Code   RO          816    i.ab_set_press_ok   ab_set.o
    0x080023ec   0x0000003c   Code   RO          817    i.ab_to_a_point_stop  ab_set.o
    0x08002428   0x00000014   Code   RO          410    i.adc_cout          adc.o
    0x0800243c   0x00000034   Code   RO         1213    i.adv_timeH_dis     orbital.o
    0x08002470   0x00000034   Code   RO         1214    i.adv_timeM_dis     orbital.o
    0x080024a4   0x00000050   Code   RO         1031    i.arrows_display    oled_spi.o
    0x080024f4   0x00000094   Code   RO          484    i.auto_return_check  motor_dri.o
    0x08002588   0x00000048   Code   RO          872    i.auto_return_display  config.o
    0x080025d0   0x00000044   Code   RO         1032    i.battery_display   oled_spi.o
    0x08002614   0x00000034   Code   RO         1033    i.battery_display_off  oled_spi.o
    0x08002648   0x00000050   Code   RO          873    i.change_page       config.o
    0x08002698   0x0000001c   Code   RO          874    i.config_page_move_cursor  config.o
    0x080026b4   0x00000030   Code   RO          875    i.config_page_ok    config.o
    0x080026e4   0x00000078   Code   RO          876    i.config_page_send  config.o
    0x0800275c   0x00000070   Code   RO          877    i.config_para_adjust  config.o
    0x080027cc   0x00000028   Code   RO          878    i.config_para_send  config.o
    0x080027f4   0x000000c8   Code   RO         1217    i.countdown_display  orbital.o
    0x080028bc   0x0000002c   Code   RO          879    i.cursor_count      config.o
    0x080028e8   0x000000a4   Code   RO         1218    i.cursor_glint      orbital.o
    0x0800298c   0x0000003c   Code   RO         1219    i.data_count        orbital.o
    0x080029c8   0x00000060   Code   RO         1220    i.delay_The_countdown  orbital.o
    0x08002a28   0x000000b4   Code   RO         1221    i.delay_begin_function  orbital.o
    0x08002adc   0x0000003c   Code   RO         1222    i.delay_dir_adjust  orbital.o
    0x08002b18   0x00000050   Code   RO         1223    i.delay_mode_dir_dis  orbital.o
    0x08002b68   0x000000dc   Code   RO         1224    i.delay_mode_main   orbital.o
    0x08002c44   0x0000002c   Code   RO         1225    i.delay_move_time_compara  orbital.o
    0x08002c70   0x00000024   Code   RO         1226    i.delay_page_cursor_upordw  orbital.o
    0x08002c94   0x00000040   Code   RO         1227    i.delay_page_ok     orbital.o
    0x08002cd4   0x00000100   Code   RO         1228    i.delay_page_para_adjust  orbital.o
    0x08002dd4   0x00000010   Code   RO         1229    i.delay_page_parameter_send  orbital.o
    0x08002de4   0x00000044   Code   RO         1230    i.delay_page_return  orbital.o
    0x08002e28   0x0000016c   Code   RO         1231    i.delay_page_send   orbital.o
    0x08002f94   0x00000060   Code   RO         1232    i.delay_para_compara  orbital.o
    0x08002ff4   0x0000004c   Code   RO         1233    i.delay_status_display  orbital.o
    0x08003040   0x00000068   Code   RO          486    i.dynamic_speed_calculat  motor_dri.o
    0x080030a8   0x00000014   Code   RO          703    i.erase_flash_OnePage  flash.o
    0x080030bc   0x00000038   Code   RO          880    i.factory_param_init  config.o
    0x080030f4   0x00000050   Code   RO          881    i.factory_set_display  config.o
    0x08003144   0x00000080   Code   RO         1234    i.fisrt_time_begin  orbital.o
    0x080031c4   0x00000038   Code   RO         1235    i.fixed_shoot_display  orbital.o
    0x080031fc   0x0000001e   Code   RO          704    i.flash_read_protect  flash.o
    0x0800321a   0x00000002   PAD
    0x0800321c   0x000000e8   Code   RO         1236    i.get_run_param     orbital.o
    0x08003304   0x0000000c   Code   RO          705    i.if_write_flash    flash.o
    0x08003310   0x00000052   Code   RO         1575    i.key_Handle        keyscan.o
    0x08003362   0x00000002   PAD
    0x08003364   0x00000118   Code   RO         1576    i.keyscan           keyscan.o
    0x0800347c   0x00000024   Code   RO         1577    i.keyscan_pin_init  keyscan.o
    0x080034a0   0x00000040   Code   RO          882    i.language_display  config.o
    0x080034e0   0x00000060   Code   RO         1237    i.length_display    orbital.o
    0x08003540   0x00000120   Code   RO           72    i.main              main.o
    0x08003660   0x0000001c   Code   RO          883    i.main_cursor_upordw  config.o
    0x0800367c   0x00000038   Code   RO          884    i.main_page_ok      config.o
    0x080036b4   0x00000080   Code   RO          885    i.main_page_send    config.o
    0x08003734   0x00000020   Code   RO          488    i.motor_direction_change  motor_dri.o
    0x08003754   0x00000028   Code   RO          492    i.motor_init        motor_dri.o
    0x0800377c   0x000000c8   Code   RO          496    i.motor_slowly_startedORstop  motor_dri.o
    0x08003844   0x0000000c   Code   RO          497    i.motor_speed_adjust  motor_dri.o
    0x08003850   0x00000014   Code   RO          498    i.motor_speed_set   motor_dri.o
    0x08003864   0x0000001c   Code   RO          499    i.motor_start       motor_dri.o
    0x08003880   0x00000020   Code   RO          500    i.motor_stop        motor_dri.o
    0x080038a0   0x00000064   Code   RO         1238    i.move_judge_ABpoint  orbital.o
    0x08003904   0x00000130   Code   RO         1239    i.move_speed_calculat  orbital.o
    0x08003a34   0x0000007c   Code   RO          501    i.move_time_calculate  motor_dri.o
    0x08003ab0   0x0000006c   Code   RO         1240    i.move_time_cout    orbital.o
    0x08003b1c   0x00000070   Code   RO         1241    i.move_time_display  orbital.o
    0x08003b8c   0x00000034   Code   RO         1036    i.oled_gpio_init    oled_spi.o
    0x08003bc0   0x00000018   Code   RO         1578    i.page_return       keyscan.o
    0x08003bd8   0x00000024   Code   RO          886    i.page_return_adjust  config.o
    0x08003bfc   0x0000001e   Code   RO         1244    i.para_count        orbital.o
    0x08003c1a   0x00000002   PAD
    0x08003c1c   0x00000044   Code   RO          502    i.para_init         motor_dri.o
    0x08003c60   0x00000028   Code   RO          706    i.para_read_from_flash  flash.o
    0x08003c88   0x00000090   Code   RO         1245    i.pix_amt_compara_dis  orbital.o
    0x08003d18   0x00000058   Code   RO         1246    i.pix_amt_display   orbital.o
    0x08003d70   0x00000044   Code   RO         1579    i.press_OK_function  keyscan.o
    0x08003db4   0x0000003c   Code   RO         1580    i.press_key_continue  keyscan.o
    0x08003df0   0x00000058   Code   RO         1247    i.press_key_continue_if  orbital.o
    0x08003e48   0x0000002c   Code   RO          818    i.pulse_count       ab_set.o
    0x08003e74   0x000001b8   Code   RO          411    i.read_ADC_value    adc.o
    0x0800402c   0x00000030   Code   RO          707    i.read_flash_holfword  flash.o
    0x0800405c   0x0000000c   Code   RO          887    i.return_sync       config.o
    0x08004068   0x00000048   Code   RO         1581    i.scan_cycle_count  keyscan.o
    0x080040b0   0x00000024   Code   RO         1248    i.shutter_time_over  orbital.o
    0x080040d4   0x0000000c   Code   RO          505    i.slider_upORdown   motor_dri.o
    0x080040e0   0x00000002   Code   RO          506    i.slow_count        motor_dri.o
    0x080040e2   0x00000002   PAD
    0x080040e4   0x00000050   Code   RO         1249    i.slow_point_check  orbital.o
    0x08004134   0x00000070   Code   RO          507    i.slow_spee_check   motor_dri.o
    0x080041a4   0x00000014   Code   RO          508    i.speed_calculat    motor_dri.o
    0x080041b8   0x00000054   Code   RO         1250    i.speed_display     orbital.o
    0x0800420c   0x0000005c   Code   RO         1251    i.start_point_over  orbital.o
    0x08004268   0x00000088   Code   RO         1252    i.stop_time_display  orbital.o
    0x080042f0   0x00000040   Code   RO         1253    i.sursor_display    orbital.o
    0x08004330   0x00000060   Code   RO          510    i.time_count        motor_dri.o
    0x08004390   0x00000018   Code   RO          511    i.time_delay_ms     motor_dri.o
    0x080043a8   0x0000012c   Code   RO         1255    i.total_time_display  orbital.o
    0x080044d4   0x00000028   Code   RO          352    i.usart_read_byte   uart.o
    0x080044fc   0x00000024   Code   RO         1257    i.versions_display  orbital.o
    0x08004520   0x0000004c   Code   RO          888    i.video_cursor_upordw  config.o
    0x0800456c   0x00000088   Code   RO         1258    i.video_dir_adjust  orbital.o
    0x080045f4   0x00000114   Code   RO         1260    i.video_page_OK     orbital.o
    0x08004708   0x00000140   Code   RO         1261    i.video_page_send   orbital.o
    0x08004848   0x00000130   Code   RO         1262    i.video_para_adjust  orbital.o
    0x08004978   0x00000040   Code   RO         1263    i.video_para_send   orbital.o
    0x080049b8   0x00000038   Code   RO         1264    i.video_speed_adjust  orbital.o
    0x080049f0   0x00000080   Code   RO         1265    i.video_start       orbital.o
    0x08004a70   0x0000004c   Code   RO         1266    i.video_status_dis  orbital.o
    0x08004abc   0x00000020   Code   RO          708    i.write_flash_active  flash.o
    0x08004adc   0x0000000e   Code   RO          709    i.write_flash_holfword  flash.o
    0x08004aea   0x00000002   PAD
    0x08004aec   0x0000004c   Code   RO          710    i.write_flash_holfword_buffer  flash.o
    0x08004b38   0x00000010   Data   RO            5    .constdata          system_stm32f0xx.o
    0x08004b48   0x00000008   Data   RO            6    .constdata          system_stm32f0xx.o
    0x08004b50   0x0000000e   Data   RO           73    .constdata          main.o
    0x08004b5e   0x00000005   Data   RO          413    .constdata          adc.o
    0x08004b63   0x00000001   PAD
    0x08004b64   0x0000152c   Data   RO         1040    .constdata          oled_spi.o
    0x08006090   0x000000c9   Data   RO         1041    .conststring        oled_spi.o
    0x08006159   0x00000003   PAD
    0x0800615c   0x00000020   Data   RO         2646    Region$$Table       anon$$obj.o


    Execution Region RW_IRAM1 (Base: 0x20000000, Size: 0x00000560, Max: 0x00002000, ABSOLUTE)

    Base Addr    Size         Type   Attr      Idx    E Section Name        Object

    0x20000000   0x00000004   Data   RW          354    .data               uart.o
    0x20000004   0x00000008   Data   RW          414    .data               adc.o
    0x2000000c   0x00000014   Data   RW          515    .data               motor_dri.o
    0x20000020   0x00000001   Data   RW          711    .data               flash.o
    0x20000021   0x00000001   Data   RW          819    .data               ab_set.o
    0x20000022   0x00000004   Data   RW          889    .data               config.o
    0x20000026   0x00000002   PAD
    0x20000028   0x00000034   Data   RW         1267    .data               orbital.o
    0x2000005c   0x00000004   Data   RW         1268    .data               orbital.o
    0x20000060   0x0000000c   Data   RW         1582    .data               keyscan.o
    0x2000006c   0x000000c8   Zero   RW          412    .bss                adc.o
    0x20000134   0x00000028   Zero   RW          513    .bss                motor_dri.o
    0x2000015c   0x00000004   PAD
    0x20000160   0x00000400   Zero   RW         2311    STACK               startup_stm32f030x8.o


==============================================================================

Image component sizes


      Code (inc. data)   RO Data    RW Data    ZI Data      Debug   Object Name

       460        116          0          1          0       2536   ab_set.o
       860        152          5          8        200      40022   adc.o
      1080        282          0          4          0       8565   config.o
       662        110          0          1          0       9247   flash.o
       662         48          0         12          0      12827   keyscan.o
      1020        110         14          0          0     260834   main.o
      1074        164          0         20         40      41483   motor_dri.o
      1122         46       5621          0          0      16272   oled_spi.o
      5978       1310          0         56          0      52937   orbital.o
        28          8        180          0       1024        564   startup_stm32f030x8.o
       164         18          0          0          0      49241   stm32f0xx_it.o
         0          0          0          0          0     174316   stm32f0xx_ll_adc.o
       168          0          0          0          0       6375   stm32f0xx_ll_gpio.o
       256         44          0          0          0      16600   stm32f0xx_ll_rcc.o
       752         92          0          0          0      33659   stm32f0xx_ll_tim.o
       172         16          0          0          0      28672   stm32f0xx_ll_usart.o
        92         14         24          0          0     178479   system_stm32f0xx.o
        40          8          0          4          0      14649   uart.o

    ----------------------------------------------------------------------
     14612       2538       5880        108       1268     947278   Object Totals
         0          0         32          0          0          0   (incl. Generated)
        22          0          4          2          4          0   (incl. Padding)

    ----------------------------------------------------------------------

      Code (inc. data)   RO Data    RW Data    ZI Data      Debug   Library Member Name

         0          0          0          0          0          0   entry.o
         0          0          0          0          0          0   entry10a.o
         0          0          0          0          0          0   entry11a.o
         8          4          0          0          0          0   entry2.o
         4          0          0          0          0          0   entry5.o
         0          0          0          0          0          0   entry7b.o
         0          0          0          0          0          0   entry8b.o
         8          4          0          0          0          0   entry9a.o
        30          0          0          0          0          0   handlers.o
        36          8          0          0          0         68   init.o
         0          0          0          0          0          0   iusefp.o
        32          0          0          0          0         68   llshl.o
        38          0          0          0          0         68   llsshr.o
        34          0          0          0          0         68   llushr.o
      2254         98          0          0          0        472   printfa.o
        44          0          0          0          0         72   uidiv.o
        96          0          0          0          0         84   uldiv.o
        40          2          0          0          0         68   cdrcmple.o
        20          0          0          0          0         68   cfcmple.o
        56          0          0          0          0         68   d2f.o
       356          6          0          0          0        140   dadd.o
       240          6          0          0          0         84   ddiv.o
       238          0          0          0          0        216   depilogue.o
        64         10          0          0          0         68   dfixul.o
       208          6          0          0          0         88   dmul.o
        40          0          0          0          0         60   f2d.o
       178          0          0          0          0        108   fadd.o
       124          0          0          0          0         72   fdiv.o
       132          0          0          0          0        144   fepilogue.o
        40          0          0          0          0         60   ffixui.o
        14          0          0          0          0         68   ffltui.o
       122          0          0          0          0         72   fmul.o

    ----------------------------------------------------------------------
      4464        144          0          0          0       2284   Library Totals
         8          0          0          0          0          0   (incl. Padding)

    ----------------------------------------------------------------------

      Code (inc. data)   RO Data    RW Data    ZI Data      Debug   Library Name

      2584        114          0          0          0        900   mc_p.l
      1872         30          0          0          0       1384   mf_p.l

    ----------------------------------------------------------------------
      4464        144          0          0          0       2284   Library Totals

    ----------------------------------------------------------------------

==============================================================================


      Code (inc. data)   RO Data    RW Data    ZI Data      Debug   

     19076       2682       5880        108       1268     940914   Grand Totals
     19076       2682       5880        108       1268     940914   ELF Image Totals
     19076       2682       5880        108          0          0   ROM Totals

==============================================================================

    Total RO  Size (Code + RO Data)                24956 (  24.37kB)
    Total RW  Size (RW Data + ZI Data)              1376 (   1.34kB)
    Total ROM Size (Code + RO Data + RW Data)      25064 (  24.48kB)

==============================================================================

