<html>
<body>
<pre>
<h1>µVision Build Log</h1>
<h2>Project:</h2>
F:\MyProject\project\Product\A920\code\A920 V12\MDK-ARM\A610.uvproj
Project File Date:  05/22/2018

<h2>Output:</h2>
Build target 'A610'
compiling main.c...
../Src/main.c(58): warning:  #177-D: function "MX_TIM1_Init" was declared but never referenced
  static void MX_TIM1_Init(void);
../Src/main.c(269): warning:  #177-D: function "MX_RTC_Init" was declared but never referenced
  static void MX_RTC_Init(void)
../Src/main.c: 2 warnings, 0 errors
compiling stm32f0xx_it.c...
compiling uart.c...
compiling ADC.c...
compiling motor_dri.c...
compiling flash.c...
compiling ab_set.c...
compiling config.c...
compiling oled_spi.c...
compiling orbital.c...
compiling keyscan.c...
linking...
Program Size: Code=16716 RO-data=6416 RW-data=84 ZI-data=1060  
FromELF: creating hex file...
"A610\A920 V12.axf" - 0 Error(s), 2 Warning(s).
</pre>
</body>
</html>
