<html>
<body>
<pre>
<h1>µVision Build Log</h1>
<h2>Tool Versions:</h2>
IDE-Version: ¦ÌVision V5.25.2.0
Copyright (C) 2018 ARM Ltd and ARM Germany GmbH. All rights reserved.
License Information: j AutoBVT, Microsoft, LIC=EXJKP-MUMK5-Y7LRW-Q0NP1-8BHKC-Z5EJX
 
Tool Versions:
Toolchain:       MDK-ARM Plus  Version: 5.25.2.0
Toolchain Path:  C:\Keil_v5\ARM\ARMCC\Bin
C Compiler:      Armcc.exe V5.06 update 6 (build 750)
Assembler:       Armasm.exe V5.06 update 6 (build 750)
Linker/Locator:  ArmLink.exe V5.06 update 6 (build 750)
Library Manager: ArmAr.exe V5.06 update 6 (build 750)
Hex Converter:   FromElf.exe V5.06 update 6 (build 750)
CPU DLL:         SARMCM3.DLL V5.25.2.0
Dialog DLL:      DARMCM1.DLL V1.19.1.0
Target DLL:      Segger\JL2CM3.dll V2.99.29.0
Dialog DLL:      TARMCM1.DLL V1.14.0.0
 
<h2>Project:</h2>
F:\feng\project\NEEWER\G30\CODE\CONTROLLER\G30-CONTROLLERV11\MDK-ARM\A610.uvproj
Project File Date:  08/07/2021

<h2>Output:</h2>
*** Using Compiler 'V5.06 update 6 (build 750)', folder: 'C:\Keil_v5\ARM\ARMCC\Bin'
Build target 'A610'
compiling system_stm32f0xx.c...
compiling stm32f0xx_it.c...
compiling main.c...
../Src/main.c(58): warning:  #177-D: function "MX_TIM1_Init"  was declared but never referenced
  static void MX_TIM1_Init(void);
../Src/main.c(61): warning:  #177-D: function "MX_RTC_Init"  was declared but never referenced
  static void MX_RTC_Init(void);
../Src/main.c(290): warning:  #177-D: function "MX_TIM3_Init"  was declared but never referenced
  static void MX_TIM3_Init(void)
../Src/main.c(397): warning:  #177-D: function "MX_TIM15_Init"  was declared but never referenced
  static void MX_TIM15_Init(void)
../Src/main.c: 4 warnings, 0 errors
compiling uart.c...
..\Src\User\uart.c(334): warning:  #550-D: variable "ack_times"  was set but never used
  	static uint8_t ack_times = 0;
..\Src\User\uart.c(654): warning:  #550-D: variable "ack_times"  was set but never used
  	static uint8_t ack_times = 0;
..\Src\User\uart.c: 2 warnings, 0 errors
compiling ADC.c...
compiling motor_dri.c...
compiling flash.c...
compiling ab_set.c...
compiling config.c...
compiling GPIO.c...
compiling keyscan.c...
compiling orbital.c...
compiling Pair.c...
compiling oled.c...
compiling RF24L01.c...
compiling low_power.c...
compiling Ble.c...
compiling stm32f0xx_ll_adc.c...
compiling stm32f0xx_ll_exti.c...
compiling stm32f0xx_ll_utils.c...
compiling stm32f0xx_ll_rcc.c...
compiling stm32f0xx_ll_usart.c...
compiling stm32f0xx_ll_tim.c...
compiling stm32f0xx_ll_dma.c...
compiling stm32f0xx_ll_pwr.c...
compiling stm32f0xx_ll_gpio.c...
assembling startup_stm32f030x8.s...
compiling stm32f0xx_ll_rtc.c...
compiling stm32f0xx_ll_spi.c...
linking...
Program Size: Code=25076 RO-data=25796 RW-data=152 ZI-data=1872  
FromELF: creating hex file...
After Build - User command #1: C:\Keil\ARM\ARMCC\bin\fromelf.exe --bin --output ../output/G30-CTR.bin ../output/EG30CTR.axf
"../output/EG30CTR.axf": Error: Q0122E: Could not open file '../output/EG30CTR.axf': No such file or directory
Finished: 0 information, 0 warning and 1 error messages.
"A610\G30-CTR.axf" - 0 Error(s), 6 Warning(s).
Build Time Elapsed:  00:00:12
</pre>
</body>
</html>
