Component: ARM Compiler 5.06 update 6 (build 750) Tool: armlink [4d35ed]

==============================================================================

Section Cross References

    system_stm32f0xx.o(i.SystemCoreClockUpdate) refers to uidiv.o(.text) for __aeabi_uidivmod
    system_stm32f0xx.o(i.SystemCoreClockUpdate) refers to system_stm32f0xx.o(.data) for .data
    system_stm32f0xx.o(i.SystemCoreClockUpdate) refers to system_stm32f0xx.o(.constdata) for .constdata
    main.o(i.LL_TIM_OC_EnablePreload) refers to main.o(.constdata) for .constdata
    main.o(i.MX_TIM3_Init) refers to main.o(i.LL_APB1_GRP1_EnableClock) for LL_APB1_GRP1_EnableClock
    main.o(i.MX_TIM3_Init) refers to main.o(i.NVIC_SetPriority) for NVIC_SetPriority
    main.o(i.MX_TIM3_Init) refers to stm32f0xx_ll_tim.o(i.LL_TIM_Init) for LL_TIM_Init
    main.o(i.MX_TIM3_Init) refers to main.o(i.LL_TIM_OC_EnablePreload) for LL_TIM_OC_EnablePreload
    main.o(i.MX_TIM3_Init) refers to stm32f0xx_ll_tim.o(i.LL_TIM_OC_Init) for LL_TIM_OC_Init
    main.o(i.MX_TIM3_Init) refers to stm32f0xx_ll_gpio.o(i.LL_GPIO_Init) for LL_GPIO_Init
    main.o(i.MX_TIM3_Init) refers to orbital.o(.bss) for wifi_id
    main.o(i.MX_TIM3_Init) refers to main.o(.constdata) for .constdata
    main.o(i.SystemClock_Config) refers to rtc.o(i.RTC_clock_init) for RTC_clock_init
    main.o(i.main) refers to main.o(i.SystemClock_Config) for SystemClock_Config
    main.o(i.main) refers to main.o(i.LL_AHB1_GRP1_EnableClock) for LL_AHB1_GRP1_EnableClock
    main.o(i.main) refers to gpio.o(i.Device_init) for Device_init
    main.o(i.main) refers to main.o(i.LL_APB1_GRP1_EnableClock) for LL_APB1_GRP1_EnableClock
    main.o(i.main) refers to main.o(i.NVIC_SetPriority) for NVIC_SetPriority
    main.o(i.main) refers to stm32f0xx_ll_tim.o(i.LL_TIM_Init) for LL_TIM_Init
    main.o(i.main) refers to uart.o(i.MX_USART2_UART_Init) for MX_USART2_UART_Init
    main.o(i.main) refers to adc.o(i.A_d_c_int) for A_d_c_int
    main.o(i.main) refers to oled.o(i.Lcd_Init) for Lcd_Init
    main.o(i.main) refers to orbital.o(i.time_delay_ms) for time_delay_ms
    main.o(i.main) refers to orbital.o(i.motor_init) for motor_init
    main.o(i.main) refers to rf24l01.o(i.Nrf24L01_init) for Nrf24L01_init
    main.o(i.main) refers to main.o(i.MX_TIM3_Init) for MX_TIM3_Init
    main.o(i.main) refers to oled.o(i.TurnOff_ShutDonw_Battery_dis) for TurnOff_ShutDonw_Battery_dis
    main.o(i.main) refers to orbital.o(i.wait_for_init) for wait_for_init
    main.o(i.main) refers to oled.o(i.battery_init) for battery_init
    main.o(i.main) refers to low_power.o(i.set_active_time_out) for set_active_time_out
    main.o(i.main) refers to flash.o(i.write_flash_active) for write_flash_active
    main.o(i.main) refers to rtc.o(i.MX_RTC_Init) for MX_RTC_Init
    main.o(i.main) refers to keyscan.o(i.keyscan) for keyscan
    main.o(i.main) refers to adc.o(i.read_ADC_value) for read_ADC_value
    main.o(i.main) refers to keyscan.o(i.return_powers) for return_powers
    main.o(i.main) refers to pair.o(i.Burn_code_value) for Burn_code_value
    main.o(i.main) refers to keyscan.o(i.Key_To_Pair) for Key_To_Pair
    main.o(i.main) refers to oled.o(i.Logo_display) for Logo_display
    main.o(i.main) refers to orbital.o(i.check_connection) for check_connection
    main.o(i.main) refers to orbital.o(i.get_init_from_A650) for get_init_from_A650
    main.o(i.main) refers to rf24l01.o(i.wifi24G_data_Dispose) for wifi24G_data_Dispose
    main.o(i.main) refers to low_power.o(i.Time_Out_And_Enter_Stop_Mode) for Time_Out_And_Enter_Stop_Mode
    main.o(i.main) refers to orbital.o(.bss) for wifi_id
    stm32f0xx_it.o(i.DMA1_Channel2_3_IRQHandler) refers to uart.o(i.Dma_SendIRQ_Dispose) for Dma_SendIRQ_Dispose
    stm32f0xx_it.o(i.DMA1_Channel4_5_IRQHandler) refers to uart.o(i.Usart22_Dma_SendIRQ_Dispose) for Usart22_Dma_SendIRQ_Dispose
    stm32f0xx_it.o(i.EXTI2_3_IRQHandler) refers to low_power.o(i.set_rtc_wackup) for set_rtc_wackup
    stm32f0xx_it.o(i.EXTI4_15_IRQHandler) refers to keyscan.o(i.set_press_time) for set_press_time
    stm32f0xx_it.o(i.EXTI4_15_IRQHandler) refers to low_power.o(i.set_rtc_wackup) for set_rtc_wackup
    stm32f0xx_it.o(i.EXTI4_15_IRQHandler) refers to low_power.o(.data) for charge_tag
    stm32f0xx_it.o(i.RTC_IRQHandler) refers to low_power.o(i.set_rtc_wackup) for set_rtc_wackup
    stm32f0xx_it.o(i.RTC_IRQHandler) refers to low_power.o(.data) for charge_tag
    stm32f0xx_it.o(i.TIM14_IRQHandler) refers to adc.o(i.adc_cout) for adc_cout
    stm32f0xx_it.o(i.TIM14_IRQHandler) refers to orbital.o(i.time_count) for time_count
    stm32f0xx_it.o(i.TIM14_IRQHandler) refers to keyscan.o(i.scan_cycle_count) for scan_cycle_count
    stm32f0xx_it.o(i.TIM14_IRQHandler) refers to uart.o(i.send_interval_count) for send_interval_count
    stm32f0xx_it.o(i.TIM14_IRQHandler) refers to pair.o(i.Pairing_time) for Pairing_time
    stm32f0xx_it.o(i.TIM14_IRQHandler) refers to orbital.o(i.Time_DCount) for Time_DCount
[...]
    Check_Buffer_Empty                       0x080025ad   Thumb Code    28  config.o(i.Check_Buffer_Empty)
    Check_String                             0x080025cd   Thumb Code    18  oled.o(i.Check_String)
    Check_String_Size                        0x080025e5   Thumb Code    26  oled.o(i.Check_String_Size)
    ConfirmOrCancel_dis                      0x08002601   Thumb Code    96  specialty_mode.o(i.ConfirmOrCancel_dis)
    Cunrent_para_display                     0x08002689   Thumb Code   122  specialty_mode.o(i.Cunrent_para_display)
    Current_Status_display                   0x08002741   Thumb Code   386  specialty_mode.o(i.Current_Status_display)
    DMA1_Channel1_IRQHandler                 0x08002939   Thumb Code     2  stm32f0xx_it.o(i.DMA1_Channel1_IRQHandler)
    DMA1_Channel2_3_IRQHandler               0x0800293b   Thumb Code     8  stm32f0xx_it.o(i.DMA1_Channel2_3_IRQHandler)
    DMA1_Channel4_5_IRQHandler               0x08002943   Thumb Code     8  stm32f0xx_it.o(i.DMA1_Channel4_5_IRQHandler)
    Delay_amount_adjust                      0x0800294d   Thumb Code   288  orbital.o(i.Delay_amount_adjust)
    Delay_mode_cursor_shift                  0x08002a7d   Thumb Code    50  orbital.o(i.Delay_mode_cursor_shift)
    Delay_pix_amt_display                    0x08002abd   Thumb Code    54  orbital.o(i.Delay_pix_amt_display)
    Device_init                              0x08002b01   Thumb Code    28  gpio.o(i.Device_init)
    Dma_SendIRQ_Dispose                      0x08002b1d   Thumb Code    34  uart.o(i.Dma_SendIRQ_Dispose)
    Dma_int                                  0x08002b45   Thumb Code   156  adc.o(i.Dma_int)
    EXTI2_3_IRQHandler                       0x08002bf9   Thumb Code    16  stm32f0xx_it.o(i.EXTI2_3_IRQHandler)
    EXTI4_15_IRQHandler                      0x08002c0d   Thumb Code    52  stm32f0xx_it.o(i.EXTI4_15_IRQHandler)
    Enter_into_Pair                          0x08002c4d   Thumb Code   266  pair.o(i.Enter_into_Pair)
    FLASH_ErasePage                          0x08002d71   Thumb Code    52  flash.o(i.FLASH_ErasePage)
    FLASH_GetStatus                          0x08002da9   Thumb Code    34  flash.o(i.FLASH_GetStatus)
    FLASH_Lock                               0x08002dd1   Thumb Code    12  flash.o(i.FLASH_Lock)
    FLASH_ProgramHalfWord                    0x08002de1   Thumb Code    48  flash.o(i.FLASH_ProgramHalfWord)
    FLASH_Unlock                             0x08002e15   Thumb Code    18  flash.o(i.FLASH_Unlock)
    FLASH_WaitForLastOperation               0x08002e35   Thumb Code    34  flash.o(i.FLASH_WaitForLastOperation)
    Feed_IWDG                                0x08002e59   Thumb Code     8  main.o(i.Feed_IWDG)
    GPIO_INUP_Init                           0x08002e69   Thumb Code    26  gpio.o(i.GPIO_INUP_Init)
    GPIO_OUT_init                            0x08002e83   Thumb Code    28  gpio.o(i.GPIO_OUT_init)
    Get_data_from_Motor                      0x08002ea1   Thumb Code   110  specialty_mode.o(i.Get_data_from_Motor)
    Group_page_OK                            0x08002f1d   Thumb Code    88  orbital.o(i.Group_page_OK)
    Group_pix_amt_compara_dis                0x08002fad   Thumb Code    92  orbital.o(i.Group_pix_amt_compara_dis)
    HAL_PWR_EnterSTOPMode                    0x08003049   Thumb Code    44  stm32f0xx_hal_pwr.o(i.HAL_PWR_EnterSTOPMode)
    HardFault_Handler                        0x0800307d   Thumb Code     2  stm32f0xx_it.o(i.HardFault_Handler)
    ICcode_checksum_verify                   0x0800307f   Thumb Code    38  pair.o(i.ICcode_checksum_verify)
    Irq_gpio_init                            0x080030a5   Thumb Code    12  rf24l01.o(i.Irq_gpio_init)
    Key_To_Pair                              0x080030b5   Thumb Code    74  keyscan.o(i.Key_To_Pair)
    LCD_Clear                                0x08003105   Thumb Code    44  oled.o(i.LCD_Clear)
    LCD_Fill                                 0x08003131   Thumb Code    76  oled.o(i.LCD_Fill)
    LCD_P16x16Str                            0x0800317d   Thumb Code   228  oled.o(i.LCD_P16x16Str)
    LCD_P8x16Str                             0x0800326d   Thumb Code   142  oled.o(i.LCD_P8x16Str)
    LCD_WR_DATA                              0x08003305   Thumb Code    30  oled.o(i.LCD_WR_DATA)
    LCD_WR_DATA8                             0x08003323   Thumb Code    18  oled.o(i.LCD_WR_DATA8)
    LCD_WR_REG                               0x08003335   Thumb Code    18  oled.o(i.LCD_WR_REG)
    LCD_shi_fen_miao_display                 0x08003349   Thumb Code   156  oled.o(i.LCD_shi_fen_miao_display)
    LL_EXTI_Init                             0x080035cd   Thumb Code   156  stm32f0xx_ll_exti.o(i.LL_EXTI_Init)
    LL_GPIO_Init                             0x0800366d   Thumb Code   168  stm32f0xx_ll_gpio.o(i.LL_GPIO_Init)
    LL_Init1msTick                           0x0800375d   Thumb Code    26  stm32f0xx_ll_utils.o(i.LL_Init1msTick)
    LL_RCC_GetSystemClocksFreq               0x0800377d   Thumb Code    24  stm32f0xx_ll_rcc.o(i.LL_RCC_GetSystemClocksFreq)
    LL_RCC_GetUSARTClockFreq                 0x08003795   Thumb Code    76  stm32f0xx_ll_rcc.o(i.LL_RCC_GetUSARTClockFreq)
    LL_RTC_ALMA_Init                         0x08003821   Thumb Code   196  stm32f0xx_ll_rtc.o(i.LL_RTC_ALMA_Init)
    LL_RTC_EnterInitMode                     0x080038e9   Thumb Code    70  stm32f0xx_ll_rtc.o(i.LL_RTC_EnterInitMode)
    LL_RTC_Init                              0x08003935   Thumb Code    82  stm32f0xx_ll_rtc.o(i.LL_RTC_Init)
    LL_RTC_TIME_Init                         0x080039ad   Thumb Code   144  stm32f0xx_ll_rtc.o(i.LL_RTC_TIME_Init)
    LL_RTC_WaitForSynchro                    0x08003a41   Thumb Code   110  stm32f0xx_ll_rtc.o(i.LL_RTC_WaitForSynchro)
    LL_SPI_Init                              0x08003ab5   Thumb Code    92  stm32f0xx_ll_spi.o(i.LL_SPI_Init)
    LL_TIM_Init                              0x08003b39   Thumb Code   108  stm32f0xx_ll_tim.o(i.LL_TIM_Init)
    LL_TIM_OC_Init                           0x08003c15   Thumb Code    68  stm32f0xx_ll_tim.o(i.LL_TIM_OC_Init)
    LL_USART_Init                            0x08003c59   Thumb Code   156  stm32f0xx_ll_usart.o(i.LL_USART_Init)
    Lcd_Init                                 0x08003d05   Thumb Code   578  oled.o(i.Lcd_Init)
    Logo_display                             0x08003f4d   Thumb Code   208  oled.o(i.Logo_display)
    LowBattery_wakeup                        0x08004039   Thumb Code    20  low_power.o(i.LowBattery_wakeup)
    MX_RTC_Init                              0x08004051   Thumb Code   164  rtc.o(i.MX_RTC_Init)
    MX_TIM3_Init                             0x0800410d   Thumb Code   170  main.o(i.MX_TIM3_Init)
    MX_USART2_UART_Init                      0x080041cd   Thumb Code    26  uart.o(i.MX_USART2_UART_Init)
    Manual_page_OK                           0x080041ed   Thumb Code    42  orbital.o(i.Manual_page_OK)
    NMI_Handler                              0x08004221   Thumb Code     2  stm32f0xx_it.o(i.NMI_Handler)
    NRF24L01_Clear_IRQ_Flag                  0x08004225   Thumb Code    44  rf24l01.o(i.NRF24L01_Clear_IRQ_Flag)
    NRF24L01_Read_Buf                        0x08004255   Thumb Code    42  rf24l01.o(i.NRF24L01_Read_Buf)
    NRF24L01_Read_Reg                        0x08004285   Thumb Code    24  rf24l01.o(i.NRF24L01_Read_Reg)
    NRF24L01_Read_Status_Register            0x080042a1   Thumb Code    20  rf24l01.o(i.NRF24L01_Read_Status_Register)
    NRF24L01_RxPacket                        0x080042b9   Thumb Code    78  rf24l01.o(i.NRF24L01_RxPacket)
    NRF24L01_Set_RxAddr                      0x0800430d   Thumb Code    24  rf24l01.o(i.NRF24L01_Set_RxAddr)
    NRF24L01_Set_TxAddr                      0x08004325   Thumb Code    20  rf24l01.o(i.NRF24L01_Set_TxAddr)
    NRF24L01_TxPacket                        0x08004339   Thumb Code   142  rf24l01.o(i.NRF24L01_TxPacket)
    NRF24L01_Write_Buf                       0x080043cd   Thumb Code    44  rf24l01.o(i.NRF24L01_Write_Buf)
    NRF24L01_Write_Reg                       0x080043fd   Thumb Code    30  rf24l01.o(i.NRF24L01_Write_Reg)
    NRF24L01_check                           0x08004421   Thumb Code   110  rf24l01.o(i.NRF24L01_check)
    Nrf24L01_init                            0x080045d9   Thumb Code    54  rf24l01.o(i.Nrf24L01_init)
    Oled_EnlPrint                            0x0800483d   Thumb Code   186  oled.o(i.Oled_EnlPrint)
    Page_preinstall_move_return              0x08004901   Thumb Code    70  specialty_mode.o(i.Page_preinstall_move_return)
    Pairing_time                             0x080049f5   Thumb Code    16  pair.o(i.Pairing_time)
    PendSV_Handler                           0x08004a09   Thumb Code     2  stm32f0xx_it.o(i.PendSV_Handler)
    Pwr_key_continue                         0x08004a0d   Thumb Code   140  keyscan.o(i.Pwr_key_continue)
    RCC_GetHCLKClockFreq                     0x08004ab5   Thumb Code    18  stm32f0xx_ll_rcc.o(i.RCC_GetHCLKClockFreq)
    RCC_GetPCLK1ClockFreq                    0x08004ad1   Thumb Code    16  stm32f0xx_ll_rcc.o(i.RCC_GetPCLK1ClockFreq)
    RCC_GetSystemClockFreq                   0x08004ae9   Thumb Code    28  stm32f0xx_ll_rcc.o(i.RCC_GetSystemClockFreq)
    RCC_PLL_GetFreqDomain_SYS                0x08004b0d   Thumb Code    50  stm32f0xx_ll_rcc.o(i.RCC_PLL_GetFreqDomain_SYS)
    RF24L01_GPIO_Init                        0x08004b49   Thumb Code    52  rf24l01.o(i.RF24L01_GPIO_Init)
    RF24L01_Init                             0x08004b81   Thumb Code   140  rf24l01.o(i.RF24L01_Init)
    RF24L01_Set_Mode                         0x08004c11   Thumb Code    40  rf24l01.o(i.RF24L01_Set_Mode)
    RF_reconver                              0x08004c39   Thumb Code    72  pair.o(i.RF_reconver)
    RTC_AlarmConfig                          0x08004c85   Thumb Code   134  rtc.o(i.RTC_AlarmConfig)
    RTC_GetTime                              0x08004d29   Thumb Code    82  rtc.o(i.RTC_GetTime)
    RTC_IRQHandler                           0x08004d81   Thumb Code    36  stm32f0xx_it.o(i.RTC_IRQHandler)
    RTC_clock_init                           0x08004db1   Thumb Code    64  rtc.o(i.RTC_clock_init)
    Reset_Tx_Complete                        0x08004dfd   Thumb Code    12  uart.o(i.Reset_Tx_Complete)
    Reset_theSystem                          0x08004e0d   Thumb Code    64  low_power.o(i.Reset_theSystem)
    ReturnOrNext_dis                         0x08004e51   Thumb Code   134  specialty_mode.o(i.ReturnOrNext_dis)
    SVC_Handler                              0x08004f09   Thumb Code     2  stm32f0xx_it.o(i.SVC_Handler)
    Set_DDab_set_if                          0x08004f0d   Thumb Code     6  ab_set.o(i.Set_DDab_set_if)
    Set_Gp_set_if                            0x08004f19   Thumb Code     6  ab_set.o(i.Set_Gp_set_if)
    Set_ab_set_if                            0x08004f25   Thumb Code     6  ab_set.o(i.Set_ab_set_if)
    Set_adc_back                             0x08004f31   Thumb Code     8  adc.o(i.Set_adc_back)
    Set_enter_time                           0x08004f3d   Thumb Code     8  specialty_mode.o(i.Set_enter_time)
    ShutDown                                 0x08004f4d   Thumb Code   152  low_power.o(i.ShutDown)
    ShutDown_AllIO_High_resistance_mode      0x08004ff9   Thumb Code    76  gpio.o(i.ShutDown_AllIO_High_resistance_mode)
    Speed_display                            0x08005059   Thumb Code    60  orbital.o(i.Speed_display)
    Spi_init                                 0x080050a1   Thumb Code   140  gpio.o(i.Spi_init)
    Spi_write_data                           0x08005139   Thumb Code    14  gpio.o(i.Spi_write_data)
    String_Printf                            0x0800514d   Thumb Code    30  uart.o(i.String_Printf)
    SysTick_Handler                          0x08005171   Thumb Code     2  stm32f0xx_it.o(i.SysTick_Handler)
    SystemClock_Config                       0x08005175   Thumb Code   138  main.o(i.SystemClock_Config)
    SystemInit                               0x08005209   Thumb Code    78  system_stm32f0xx.o(i.SystemInit)
    TIM14_IRQHandler                         0x08005265   Thumb Code    48  stm32f0xx_it.o(i.TIM14_IRQHandler)
    TIM15_IRQHandler                         0x08005299   Thumb Code    18  stm32f0xx_it.o(i.TIM15_IRQHandler)
    TIM1_BRK_UP_TRG_COM_IRQHandler           0x080052b1   Thumb Code     2  stm32f0xx_it.o(i.TIM1_BRK_UP_TRG_COM_IRQHandler)
    TIM3_IRQHandler                          0x080052b5   Thumb Code    18  stm32f0xx_it.o(i.TIM3_IRQHandler)
    Task_Percentage_Dis                      0x080052cd   Thumb Code    66  orbital.o(i.Task_Percentage_Dis)
    The_motor_battery_dis_init               0x08005329   Thumb Code    38  oled.o(i.The_motor_battery_dis_init)
    The_page_processing                      0x08005355   Thumb Code   114  oled.o(i.The_page_processing)
    Time_DCount                              0x080053cd   Thumb Code    16  orbital.o(i.Time_DCount)
    Time_DownCount                           0x080053e1   Thumb Code   240  orbital.o(i.Time_DownCount)
    Time_Out_And_Enter_Stop_Mode             0x080054f9   Thumb Code    54  low_power.o(i.Time_Out_And_Enter_Stop_Mode)
    TurnOff_ShutDonw_Battery_dis             0x08005539   Thumb Code   266  oled.o(i.TurnOff_ShutDonw_Battery_dis)
    USART1_IRQHandler                        0x08005661   Thumb Code    22  stm32f0xx_it.o(i.USART1_IRQHandler)
    USART2_IRQHandler                        0x0800567d   Thumb Code    22  stm32f0xx_it.o(i.USART2_IRQHandler)
    UpOrDown_adjust_para                     0x08005699   Thumb Code   200  orbital.o(i.UpOrDown_adjust_para)
    Usart22_Dma_SendIRQ_Dispose              0x08005771   Thumb Code    36  uart.o(i.Usart22_Dma_SendIRQ_Dispose)
    Usart22_Receiver                         0x08005799   Thumb Code    58  uart.o(i.Usart22_Receiver)
    Usart22_Reset_Tx_Complete                0x08005869   Thumb Code    12  uart.o(i.Usart22_Reset_Tx_Complete)
    Video_Get_downcount_times                0x080059b1   Thumb Code    18  video.o(i.Video_Get_downcount_times)
    Video_check_the_motor_status             0x080059cd   Thumb Code   134  video.o(i.Video_check_the_motor_status)
    Video_downcount_times_display            0x08005ac1   Thumb Code   228  video.o(i.Video_downcount_times_display)
    Video_mode_cursor_shift                  0x08005bd1   Thumb Code    84  orbital.o(i.Video_mode_cursor_shift)
    Video_motor_status_display               0x08005c35   Thumb Code    68  video.o(i.Video_motor_status_display)
    Video_motor_status_return                0x08005c81   Thumb Code     6  video.o(i.Video_motor_status_return)
    Video_times_downcount                    0x08005c8d   Thumb Code    82  video.o(i.Video_times_downcount)
    __0sprintf                               0x08005ce9   Thumb Code    36  printfa.o(i.__0sprintf)
    __1sprintf                               0x08005ce9   Thumb Code     0  printfa.o(i.__0sprintf)
    __2sprintf                               0x08005ce9   Thumb Code     0  printfa.o(i.__0sprintf)
    __c89sprintf                             0x08005ce9   Thumb Code     0  printfa.o(i.__0sprintf)
    sprintf                                  0x08005ce9   Thumb Code     0  printfa.o(i.__0sprintf)
    __ARM_clz                                0x08005d11   Thumb Code    46  depilogue.o(i.__ARM_clz)
    __ARM_common_switch8                     0x08005d3f   Thumb Code    26  orbital.o(i.__ARM_common_switch8)
    __scatterload_copy                       0x08005d59   Thumb Code    14  handlers.o(i.__scatterload_copy)
    __scatterload_null                       0x08005d67   Thumb Code     2  handlers.o(i.__scatterload_null)
    __scatterload_zeroinit                   0x08005d69   Thumb Code    14  handlers.o(i.__scatterload_zeroinit)
    ab_set_move                              0x08006631   Thumb Code   222  ab_set.o(i.ab_set_move)
    ab_set_press_ok                          0x08006725   Thumb Code    76  ab_set.o(i.ab_set_press_ok)
    active_time_out_countdown                0x08006779   Thumb Code    16  low_power.o(i.active_time_out_countdown)
    adc_cout                                 0x0800678d   Thumb Code    16  adc.o(i.adc_cout)
    angle_cear                               0x080067a1   Thumb Code    10  orbital.o(i.angle_cear)
    angle_display                            0x080067b1   Thumb Code    82  orbital.o(i.angle_display)
    battery_data_display                     0x08006825   Thumb Code   292  oled.o(i.battery_data_display)
    battery_display                          0x08006975   Thumb Code    86  oled.o(i.battery_display)
    battery_frame_display                    0x080069d1   Thumb Code    98  oled.o(i.battery_frame_display)
    battery_init                             0x08006a3d   Thumb Code    70  oled.o(i.battery_init)
    bootloader_action_if                     0x08006a8d   Thumb Code   134  bootloader.o(i.bootloader_action_if)
    bornd_code_dis                           0x08006b31   Thumb Code   168  oled.o(i.bornd_code_dis)
    cear_the_id_add                          0x08006d1d   Thumb Code     6  specialty_mode.o(i.cear_the_id_add)
    changeIO_Init                            0x08006d29   Thumb Code    14  gpio.o(i.changeIO_Init)
    change_page                              0x08006d3d   Thumb Code    28  orbital.o(i.change_page)
    check_abpoint_Set_if                     0x08006d61   Thumb Code    38  ab_set.o(i.check_abpoint_Set_if)
    check_connection                         0x08006d8d   Thumb Code    56  orbital.o(i.check_connection)
    check_enter_boot_if                      0x08006dd5   Thumb Code    78  bootloader.o(i.check_enter_boot_if)
    check_sum_add                            0x08006e2d   Thumb Code    28  orbital.o(i.check_sum_add)
    check_the_powers_status                  0x08006e49   Thumb Code    30  keyscan.o(i.check_the_powers_status)
    checksum_verify                          0x08006e71   Thumb Code    38  rf24l01.o(i.checksum_verify)
    chinese_page_dis                         0x08006e99   Thumb Code  1796  oled.o(i.chinese_page_dis)
    config_page_ok                           0x0800762d   Thumb Code    88  config.o(i.config_page_ok)
    controller_send_data_to_motor            0x08007695   Thumb Code   466  orbital.o(i.controller_send_data_to_motor)
    count_tag_set                            0x0800787d   Thumb Code     6  video.o(i.count_tag_set)
    cursor_count                             0x08007889   Thumb Code    70  config.o(i.cursor_count)
    cursor_display                           0x080078d5   Thumb Code    94  config.o(i.cursor_display)
    cursor_glint                             0x08007939   Thumb Code   114  orbital.o(i.cursor_glint)
    cursor_shift                             0x080079bd   Thumb Code   108  orbital.o(i.cursor_shift)
    data_count                               0x08007a39   Thumb Code    56  orbital.o(i.data_count)
    delay_page_ok                            0x08007a79   Thumb Code   200  orbital.o(i.delay_page_ok)
    delet_paraORmode                         0x08007b4d   Thumb Code   116  specialty_mode.o(i.delet_paraORmode)
    delete_jahao                             0x08007bd5   Thumb Code   104  specialty_mode.o(i.delete_jahao)
    disable_interrupt                        0x08007c55   Thumb Code   124  low_power.o(i.disable_interrupt)
    drv_spi_read_write_byte                  0x08007ce5   Thumb Code    74  rf24l01.o(i.drv_spi_read_write_byte)
    durationORdelay_time_dis                 0x08007d31   Thumb Code    52  orbital.o(i.durationORdelay_time_dis)
    enable_interrupt                         0x08007d6d   Thumb Code    18  low_power.o(i.enable_interrupt)
    english_page_dis                         0x08007d89   Thumb Code  1762  oled.o(i.english_page_dis)
    enter_bootloader                         0x08008531   Thumb Code    24  bootloader.o(i.enter_bootloader)
    erase_flash_OnePage                      0x08008551   Thumb Code    18  flash.o(i.erase_flash_OnePage)
    factory_set_display                      0x08008565   Thumb Code    48  config.o(i.factory_set_display)
    filtering                                0x080085a9   Thumb Code   142  adc.o(i.filtering)
    get_data_form_A650                       0x08008655   Thumb Code    78  orbital.o(i.get_data_form_A650)
    get_init_from_A650                       0x080086a9   Thumb Code    82  orbital.o(i.get_init_from_A650)
    hours_time_dis                           0x08008705   Thumb Code   148  orbital.o(i.hours_time_dis)
    if_write_flash                           0x080087b9   Thumb Code     8  flash.o(i.if_write_flash)
    input_opendrain                          0x080087c5   Thumb Code    30  gpio.o(i.input_opendrain)
    integer_display                          0x080087e5   Thumb Code    90  orbital.o(i.integer_display)
    inverse_get_value                        0x08008859   Thumb Code     6  orbital.o(i.inverse_get_value)
    jiantou_display                          0x08008865   Thumb Code    98  specialty_mode.o(i.jiantou_display)
    key_Handle                               0x080088e1   Thumb Code   134  keyscan.o(i.key_Handle)
    keyscan                                  0x0800896d   Thumb Code   432  keyscan.o(i.keyscan)
    keyscan_pin_init                         0x08008b25   Thumb Code    48  gpio.o(i.keyscan_pin_init)
    language_display                         0x08008b59   Thumb Code     2  config.o(i.language_display)
    main                                     0x08008b5d   Thumb Code   252  main.o(i.main)
    main_page_ok                             0x08008c81   Thumb Code   144  config.o(i.main_page_ok)
    manulORauto_dis                          0x08008d15   Thumb Code    78  orbital.o(i.manulORauto_dis)
    minutes_time_dis                         0x08008d85   Thumb Code   148  orbital.o(i.minutes_time_dis)
    mode_and_para_sendt                      0x08008e39   Thumb Code    98  specialty_mode.o(i.mode_and_para_sendt)
    motor_battery_dis                        0x08008ea9   Thumb Code    12  oled.o(i.motor_battery_dis)
    motor_init                               0x08008eb5   Thumb Code    36  orbital.o(i.motor_init)
    move_to_disp                             0x08008ee5   Thumb Code    46  orbital.o(i.move_to_disp)
    oled_gpio_init                           0x08008f2d   Thumb Code    34  gpio.o(i.oled_gpio_init)
    oled_print_page                          0x08008f55   Thumb Code     8  oled.o(i.oled_print_page)
    oled_print_screen                        0x08008f5d   Thumb Code    56  oled.o(i.oled_print_screen)
    page_display                             0x08008f99   Thumb Code    26  oled.o(i.page_display)
    page_return                              0x08008fb9   Thumb Code    22  keyscan.o(i.page_return)
    page_return_adjust                       0x08008fd5   Thumb Code    98  config.o(i.page_return_adjust)
    paraORmode_shift                         0x08009049   Thumb Code   198  specialty_mode.o(i.paraORmode_shift)
    para_init                                0x08009125   Thumb Code    64  config.o(i.para_init)
    para_read_from_flash                     0x0800916d   Thumb Code    72  flash.o(i.para_read_from_flash)
    param_adjust                             0x080091c9   Thumb Code   704  orbital.o(i.param_adjust)
    param_display                            0x080094a9   Thumb Code   432  orbital.o(i.param_display)
    parameter_init                           0x08009675   Thumb Code    96  orbital.o(i.parameter_init)
    pecialty_pix_amt_display                 0x080096e5   Thumb Code   108  specialty_mode.o(i.pecialty_pix_amt_display)
    percentage_get                           0x08009771   Thumb Code    70  adc.o(i.percentage_get)
    pix_amt_compara_dis                      0x080097d5   Thumb Code    96  orbital.o(i.pix_amt_compara_dis)
    pix_amt_display                          0x0800986d   Thumb Code    82  orbital.o(i.pix_amt_display)
    press_OK_function                        0x080098e5   Thumb Code   266  keyscan.o(i.press_OK_function)
    press_key_continue                       0x080099fd   Thumb Code    84  keyscan.o(i.press_key_continue)
    press_key_continue_if                    0x08009a6d   Thumb Code    72  orbital.o(i.press_key_continue_if)
    pwrKey_exti_interrupt                    0x08009ac5   Thumb Code    64  gpio.o(i.pwrKey_exti_interrupt)
    pwr_key_enter_moveInterfer               0x08009b0d   Thumb Code    30  specialty_mode.o(i.pwr_key_enter_moveInterfer)
    read_ADC_value                           0x08009b35   Thumb Code   256  adc.o(i.read_ADC_value)
    read_flash_holfword                      0x08009c5d   Thumb Code    52  flash.o(i.read_flash_holfword)
    receiver_data_from_A650                  0x08009c91   Thumb Code  1390  orbital.o(i.receiver_data_from_A650)
    remotoe_cursor_dispose                   0x0800a241   Thumb Code     4  orbital.o(i.remotoe_cursor_dispose)
    return_mode_back                         0x0800a245   Thumb Code     6  ab_set.o(i.return_mode_back)
    return_powers                            0x0800a251   Thumb Code     6  keyscan.o(i.return_powers)
    scan_cycle_count                         0x0800a25d   Thumb Code    88  keyscan.o(i.scan_cycle_count)
    secondes_time_dis                        0x0800a2c1   Thumb Code   182  orbital.o(i.secondes_time_dis)
    send_interval_count                      0x0800a3a5   Thumb Code    32  uart.o(i.send_interval_count)
    set_active_time_out                      0x0800a3c9   Thumb Code    14  low_power.o(i.set_active_time_out)
    set_addend_data                          0x0800a3e5   Thumb Code     2  orbital.o(i.set_addend_data)
    set_mode_back                            0x0800a3e9   Thumb Code     6  ab_set.o(i.set_mode_back)
    set_power_on_int                         0x0800a3f5   Thumb Code     6  keyscan.o(i.set_power_on_int)
    set_press_time                           0x0800a401   Thumb Code     8  keyscan.o(i.set_press_time)
    set_rtc_wackup                           0x0800a411   Thumb Code     6  low_power.o(i.set_rtc_wackup)
    shotting_Get_data_from_controller        0x0800a41d   Thumb Code    86  specialty_mode.o(i.shotting_Get_data_from_controller)
    shutKey_start                            0x0800a485   Thumb Code    14  orbital.o(i.shutKey_start)
    single_cursor_dis                        0x0800a495   Thumb Code    44  orbital.o(i.single_cursor_dis)
    sleep_time_dis                           0x0800a4c9   Thumb Code    60  orbital.o(i.sleep_time_dis)
    slow_start_stop_dis                      0x0800a519   Thumb Code    80  orbital.o(i.slow_start_stop_dis)
    specialty_cursor_id_dis                  0x0800a58d   Thumb Code   436  specialty_mode.o(i.specialty_cursor_id_dis)
    specialty_cursor_id_mode_dis             0x0800a751   Thumb Code   126  specialty_mode.o(i.specialty_cursor_id_mode_dis)
    specialty_cursor_id_para_dis             0x0800a7ed   Thumb Code   124  specialty_mode.o(i.specialty_cursor_id_para_dis)
    specialty_cursor_id_shift                0x0800a88d   Thumb Code    66  specialty_mode.o(i.specialty_cursor_id_shift)
    specialty_jiaHao_display                 0x0800a8dd   Thumb Code   222  specialty_mode.o(i.specialty_jiaHao_display)
    specialty_jiaHao_scan                    0x0800a9ed   Thumb Code    98  specialty_mode.o(i.specialty_jiaHao_scan)
    specialty_mode_OKkey                     0x0800aa59   Thumb Code   504  specialty_mode.o(i.specialty_mode_OKkey)
    specialty_mode_para_clear                0x0800ac85   Thumb Code    30  specialty_mode.o(i.specialty_mode_para_clear)
    specialty_move_dis                       0x0800acad   Thumb Code   106  specialty_mode.o(i.specialty_move_dis)
    specialty_page_mode_dis                  0x0800ad2d   Thumb Code    76  specialty_mode.o(i.specialty_page_mode_dis)
    specialty_page_para_dis                  0x0800ad85   Thumb Code   320  specialty_mode.o(i.specialty_page_para_dis)
    specialty_para_clear                     0x0800aed1   Thumb Code     8  specialty_mode.o(i.specialty_para_clear)
    specialty_para_sendTo_motor              0x0800aedd   Thumb Code   662  specialty_mode.o(i.specialty_para_sendTo_motor)
    specialty_totaol_time_dis                0x0800b189   Thumb Code    58  specialty_mode.o(i.specialty_totaol_time_dis)
    specielty_para_adjust                    0x0800b1d1   Thumb Code   516  specialty_mode.o(i.specielty_para_adjust)
    specielty_para_dis                       0x0800b3e5   Thumb Code   108  specialty_mode.o(i.specielty_para_dis)
    specilty_clear_han_display               0x0800b45d   Thumb Code    42  specialty_mode.o(i.specilty_clear_han_display)
    specilty_get_reshot_form_motor           0x0800b4a9   Thumb Code    14  specialty_mode.o(i.specilty_get_reshot_form_motor)
    specilty_keyscan_send                    0x0800b4bd   Thumb Code   108  specialty_mode.o(i.specilty_keyscan_send)
    specilty_page_return                     0x0800b535   Thumb Code   110  specialty_mode.o(i.specilty_page_return)
    splty_mode_time_count                    0x0800b5b1   Thumb Code    16  specialty_mode.o(i.splty_mode_time_count)
    status_display                           0x0800b5c5   Thumb Code   204  orbital.o(i.status_display)
    string_lengt                             0x0800b709   Thumb Code    20  bootloader.o(i.string_lengt)
    time_count                               0x0800b71d   Thumb Code    40  orbital.o(i.time_count)
    time_delay_ms                            0x0800b749   Thumb Code    20  orbital.o(i.time_delay_ms)
    usart1_receiver                          0x0800b761   Thumb Code    58  uart.o(i.usart1_receiver)
    usart22_Recdata_Handling                 0x0800b7a9   Thumb Code    72  uart.o(i.usart22_Recdata_Handling)
    usart22_read_byte                        0x0800b7fd   Thumb Code    12  uart.o(i.usart22_read_byte)
    version_dis                              0x0800b809   Thumb Code    20  oled.o(i.version_dis)
    video_page_OK                            0x0800b829   Thumb Code   148  orbital.o(i.video_page_OK)
    wait_for_init                            0x0800b8cd   Thumb Code    60  orbital.o(i.wait_for_init)
    wifi24G_data_Dispose                     0x0800b915   Thumb Code    12  rf24l01.o(i.wifi24G_data_Dispose)
    wifi24G_read_data                        0x0800b921   Thumb Code    62  rf24l01.o(i.wifi24G_read_data)
    wifi24G_send_data                        0x0800b969   Thumb Code   204  rf24l01.o(i.wifi24G_send_data)
    wifi_init                                0x0800ba45   Thumb Code    20  gpio.o(i.wifi_init)
    wifi_sleep                               0x0800ba5d   Thumb Code    34  rf24l01.o(i.wifi_sleep)
    write_bootTag                            0x0800ba85   Thumb Code    42  flash.o(i.write_bootTag)
    write_flash_active                       0x0800bab5   Thumb Code    26  flash.o(i.write_flash_active)
    write_flash_holfword                     0x0800badd   Thumb Code    14  flash.o(i.write_flash_holfword)
    write_flash_holfword_buffer              0x0800baed   Thumb Code    78  flash.o(i.write_flash_holfword_buffer)
    AHBPrescTable                            0x0800bb40   Data          16  system_stm32f0xx.o(.constdata)
    APBPrescTable                            0x0800bb50   Data           8  system_stm32f0xx.o(.constdata)
    zhi_f16x16                               0x0800bb6c   Data        4144  oled.o(.constdata)
    LOGO720YUN                               0x0800cb9c   Data         320  oled.o(.constdata)
    Biaoyu                                   0x0800ccdc   Data         256  oled.o(.constdata)
    battery                                  0x0800cddc   Data          42  oled.o(.constdata)
    F8X16                                    0x0800ce06   Data        1140  oled.o(.constdata)
    Region$$Table$$Base                      0x0800d4c8   Number         0  anon$$obj.o(Region$$Table)
    Region$$Table$$Limit                     0x0800d4e8   Number         0  anon$$obj.o(Region$$Table)
    whether_write_flash                      0x200000c4   Data           1  flash.o(.data)
    page_id                                  0x200000c5   Data           1  config.o(.data)
    cursor_id                                0x200000c6   Data           1  config.o(.data)
    cursor_id_back                           0x200000c7   Data           1  config.o(.data)
    Factory_set                              0x200000c8   Data           1  config.o(.data)
    auto_fine_abpoint                        0x200000c9   Data           1  config.o(.data)
    device_confirm                           0x200000ca   Data           1  config.o(.data)
    page_id_back                             0x200000cc   Data           1  orbital.o(.data)
    specialty_get                            0x200000cd   Data           1  orbital.o(.data)
    std_manul_tag                            0x200000ce   Data           1  orbital.o(.data)
    move_begin                               0x200000cf   Data           1  orbital.o(.data)
    m_start                                  0x200000d0   Data           1  orbital.o(.data)
    move_begin_backup                        0x200000d1   Data           1  orbital.o(.data)
    minutes                                  0x200000d2   Data           1  orbital.o(.data)
    seconds                                  0x200000d3   Data           1  orbital.o(.data)
    check_start_point                        0x200000d4   Data           1  orbital.o(.data)
    ramp_flag                                0x200000d5   Data           1  orbital.o(.data)
    move_mode                                0x200000d6   Data           1  orbital.o(.data)
    locus_numb                               0x200000d7   Data           1  orbital.o(.data)
    Inverse_Dis                              0x200000d8   Data           1  orbital.o(.data)
    adj_parm_sel                             0x200000d9   Data           1  orbital.o(.data)
    delay_time_set                           0x200000da   Data           1  orbital.o(.data)
    video_fisrt_time                         0x200000db   Data           1  orbital.o(.data)
    manual_flag                              0x200000dc   Data           1  orbital.o(.data)
    get_init_tag                             0x200000dd   Data           1  orbital.o(.data)
    get_init_time                            0x200000e0   Data           2  orbital.o(.data)
    led_time                                 0x200000e2   Data           2  orbital.o(.data)
    sub_contunue                             0x200000e4   Data           2  orbital.o(.data)
    add_contunue                             0x200000e6   Data           2  orbital.o(.data)
    MS_count                                 0x200000e8   Data           2  orbital.o(.data)
    p_amount                                 0x200000ea   Data           2  orbital.o(.data)
    p_move_step                              0x200000ec   Data           2  orbital.o(.data)
    hours                                    0x200000ee   Data           2  orbital.o(.data)
    addend_value                             0x200000f0   Data           2  orbital.o(.data)
    connection_flag                          0x200000f2   Data           2  orbital.o(.data)
    V_agnle                                  0x200000f4   Data           2  orbital.o(.data)
    H_agnle                                  0x200000f6   Data           2  orbital.o(.data)
    fps_buffer                               0x200000f8   Data           3  orbital.o(.data)
    D_amount                                 0x200000fb   Data           4  orbital.o(.data)
    move_time_bakeup                         0x20000100   Data           4  orbital.o(.data)
    p_move_time                              0x20000104   Data           4  orbital.o(.data)
    dynamic_speed                            0x20000108   Data           4  orbital.o(.data)
    boot_time                                0x2000010c   Data           4  orbital.o(.data)
    value_add                                0x20000110   Data           4  orbital.o(.data)
    reverse_cur                              0x20000114   Data           1  orbital.o(.data)
    ramp_flag11                              0x20000115   Data           1  orbital.o(.data)
    scan_cycle                               0x20000116   Data           1  keyscan.o(.data)
    key_final_status                         0x20000117   Data           1  keyscan.o(.data)
    return_key                               0x20000118   Data           1  keyscan.o(.data)
    keyup_status                             0x20000119   Data           1  keyscan.o(.data)
    keydown_status                           0x2000011a   Data           1  keyscan.o(.data)
    keyleft_status                           0x2000011b   Data           1  keyscan.o(.data)
    keyright_status                          0x2000011c   Data           1  keyscan.o(.data)
    keyok_status                             0x2000011d   Data           1  keyscan.o(.data)
    keyPwr_status                            0x2000011e   Data           1  keyscan.o(.data)
    keyMain_status                           0x2000011f   Data           1  keyscan.o(.data)
    keyShut_status                           0x20000120   Data           1  keyscan.o(.data)
    key_debounce                             0x20000121   Data           1  keyscan.o(.data)
    Pwrkey_debounce                          0x20000122   Data           1  keyscan.o(.data)
    powers_off                               0x20000123   Data           1  keyscan.o(.data)
    return_key_time                          0x20000124   Data           2  keyscan.o(.data)
    key_contunue_cout                        0x20000126   Data           2  keyscan.o(.data)
    press_time                               0x20000128   Data           2  keyscan.o(.data)
    continues                                0x2000012a   Data           2  keyscan.o(.data)
    Battery_percentage                       0x2000012c   Data           1  oled.o(.data)
    POINT_COLOR                              0x20000130   Data           4  oled.o(.data)
    z_buffer                                 0x20000134   Data           4  oled.o(.data)
    battery_colour                           0x20000138   Data           4  oled.o(.data)
    m_battery_colour                         0x2000013c   Data           4  oled.o(.data)
    send_mode                                0x20000140   Data           1  pair.o(.data)
    Pair_times                               0x20000142   Data           2  pair.o(.data)
    lowbattery_dis_if                        0x20000148   Data           1  low_power.o(.data)
    charge_tag                               0x20000149   Data           1  low_power.o(.data)
    rtc_wackup                               0x2000014a   Data           1  low_power.o(.data)
    active_time_out                          0x2000014c   Data           4  low_power.o(.data)
    boot_action                              0x20000150   Data           1  bootloader.o(.data)
    ab_set_if                                0x20000151   Data           1  ab_set.o(.data)
    DDab_set_if                              0x20000152   Data           1  ab_set.o(.data)
    GPab_set_if                              0x20000153   Data           1  ab_set.o(.data)
    mode_back                                0x20000154   Data           1  ab_set.o(.data)
    adc_init                                 0x20000158   Data           1  adc.o(.data)
    ADCConvertedValue                        0x2000015c   Data           2  adc.o(.data)
    adc_send_time                            0x2000015e   Data           2  adc.o(.data)
    low_voltage                              0x20000160   Data           2  adc.o(.data)
    adc_back                                 0x20000164   Data           4  adc.o(.data)
    adc_cenrent                              0x20000168   Data           4  adc.o(.data)
    adc_active                               0x2000016c   Data           4  adc.o(.data)
    id_add                                   0x20000170   Data           1  specialty_mode.o(.data)
    id_add_back                              0x20000171   Data           1  specialty_mode.o(.data)
    mode_id                                  0x20000172   Data           1  specialty_mode.o(.data)
    mid_cr_back                              0x20000173   Data           1  specialty_mode.o(.data)
    mid_cr                                   0x20000174   Data           1  specialty_mode.o(.data)
    pid_cr                                   0x20000175   Data           1  specialty_mode.o(.data)
    fanye                                    0x20000176   Data           1  specialty_mode.o(.data)
    Reshot                                   0x20000177   Data           1  specialty_mode.o(.data)
    sp_start                                 0x20000178   Data           1  specialty_mode.o(.data)
    enter_time                               0x2000017a   Data           2  specialty_mode.o(.data)
    sp_lip                                   0x2000017c   Data           8  specialty_mode.o(.data)
    count_tag                                0x20000184   Data           1  video.o(.data)
    v_seconds                                0x20000185   Data           1  video.o(.data)
    v_minutes                                0x20000186   Data           1  video.o(.data)
    v_hours                                  0x20000187   Data           1  video.o(.data)
    motor_statu                              0x20000188   Data           1  video.o(.data)
    tims_count                               0x2000018a   Data           2  video.o(.data)
    app_read_buffer                          0x2000018c   Data          40  uart.o(.bss)
    usart_rev                                0x200001b4   Data          42  uart.o(.bss)
    usart_send                               0x200001de   Data          26  uart.o(.bss)
    usart22_rev                              0x200001f8   Data          22  uart.o(.bss)
    usart22_send                             0x2000020e   Data          25  uart.o(.bss)
    App_Buffer                               0x20000227   Data         176  uart.o(.bss)
    App_buffer_spt                           0x200002d7   Data          22  uart.o(.bss)
    glob_para                                0x200002f0   Data          76  orbital.o(.bss)
    wifi_id                                  0x2000033c   Data          14  orbital.o(.bss)
    adc_buffer                               0x2000034c   Data         200  adc.o(.bss)
    adc_buffer22                             0x20000414   Data         200  adc.o(.bss)
    spe_para                                 0x200004dc   Data        2464  specialty_mode.o(.bss)
    __initial_sp                             0x20001280   Data           0  startup_stm32f030x8.o(STACK)



==============================================================================

Memory Map of the image

  Image Entry point : 0x080018b5

  Load Region LR_IROM1 (Base: 0x08001800, Size: 0x0000bdb0, Max: 0x0000e000, ABSOLUTE)

    Execution Region ER_IROM1 (Exec base: 0x08001800, Load base: 0x08001800, Size: 0x0000bce8, Max: 0x0000e000, ABSOLUTE)

    Exec Addr    Load Addr    Size         Type   Attr      Idx    E Section Name        Object

    0x08001800   0x08001800   0x000000b4   Data   RO         4119    RESET               startup_stm32f030x8.o
    0x080018b4   0x080018b4   0x00000000   Code   RO         4124  * .ARM.Collect$$$$00000000  mc_p.l(entry.o)
    0x080018b4   0x080018b4   0x00000004   Code   RO         4420    .ARM.Collect$$$$00000001  mc_p.l(entry2.o)
    0x080018b8   0x080018b8   0x00000004   Code   RO         4423    .ARM.Collect$$$$00000004  mc_p.l(entry5.o)
    0x080018bc   0x080018bc   0x00000000   Code   RO         4425    .ARM.Collect$$$$00000008  mc_p.l(entry7b.o)
    0x080018bc   0x080018bc   0x00000000   Code   RO         4427    .ARM.Collect$$$$0000000A  mc_p.l(entry8b.o)
    0x080018bc   0x080018bc   0x00000008   Code   RO         4428    .ARM.Collect$$$$0000000B  mc_p.l(entry9a.o)
    0x080018c4   0x080018c4   0x00000000   Code   RO         4430    .ARM.Collect$$$$0000000D  mc_p.l(entry10a.o)
    0x080018c4   0x080018c4   0x00000000   Code   RO         4432    .ARM.Collect$$$$0000000F  mc_p.l(entry11a.o)
    0x080018c4   0x080018c4   0x00000004   Code   RO         4421    .ARM.Collect$$$$00002712  mc_p.l(entry2.o)
    0x080018c8   0x080018c8   0x0000001c   Code   RO         4120    .text               startup_stm32f030x8.o
    0x080018e4   0x080018e4   0x0000002c   Code   RO         4127    .text               mc_p.l(uidiv.o)
    0x08001910   0x08001910   0x00000024   Code   RO         4129    .text               mc_p.l(memcpya.o)
    0x08001934   0x08001934   0x00000024   Code   RO         4131    .text               mc_p.l(memseta.o)
    0x08001958   0x08001958   0x0000001e   Code   RO         4135    .text               mc_p.l(strncmp.o)
    0x08001976   0x08001976   0x000000b2   Code   RO         4400    .text               mf_p.l(fadd.o)
    0x08001a28   0x08001a28   0x0000007a   Code   RO         4402    .text               mf_p.l(fmul.o)
    0x08001aa2   0x08001aa2   0x0000007c   Code   RO         4404    .text               mf_p.l(fdiv.o)
    0x08001b1e   0x08001b1e   0x00000002   PAD
    0x08001b20   0x08001b20   0x00000164   Code   RO         4406    .text               mf_p.l(dadd.o)
    0x08001c84   0x08001c84   0x0000000e   Code   RO         4408    .text               mf_p.l(ffltui.o)
    0x08001c92   0x08001c92   0x00000028   Code   RO         4410    .text               mf_p.l(ffixui.o)
    0x08001cba   0x08001cba   0x00000028   Code   RO         4412    .text               mf_p.l(f2d.o)
    0x08001ce2   0x08001ce2   0x00000038   Code   RO         4414    .text               mf_p.l(d2f.o)
    0x08001d1a   0x08001d1a   0x00000002   PAD
    0x08001d1c   0x08001d1c   0x00000014   Code   RO         4416    .text               mf_p.l(cfcmple.o)
    0x08001d30   0x08001d30   0x00000014   Code   RO         4418    .text               mf_p.l(cfrcmple.o)
    0x08001d44   0x08001d44   0x00000060   Code   RO         4437    .text               mc_p.l(uldiv.o)
    0x08001da4   0x08001da4   0x00000020   Code   RO         4439    .text               mc_p.l(llshl.o)
    0x08001dc4   0x08001dc4   0x00000026   Code   RO         4441    .text               mc_p.l(llsshr.o)
    0x08001dea   0x08001dea   0x00000000   Code   RO         4443    .text               mc_p.l(iusefp.o)
    0x08001dea   0x08001dea   0x00000082   Code   RO         4444    .text               mf_p.l(fepilogue.o)
    0x08001e6c   0x08001e6c   0x000000be   Code   RO         4446    .text               mf_p.l(depilogue.o)
    0x08001f2a   0x08001f2a   0x00000002   PAD
    0x08001f2c   0x08001f2c   0x000000d0   Code   RO         4450    .text               mf_p.l(dmul.o)
    0x08001ffc   0x08001ffc   0x000000f0   Code   RO         4452    .text               mf_p.l(ddiv.o)
    0x080020ec   0x080020ec   0x00000040   Code   RO         4454    .text               mf_p.l(dfixul.o)
    0x0800212c   0x0800212c   0x00000028   Code   RO         4456    .text               mf_p.l(cdrcmple.o)
    0x08002154   0x08002154   0x00000024   Code   RO         4458    .text               mc_p.l(init.o)
    0x08002178   0x08002178   0x00000022   Code   RO         4461    .text               mc_p.l(llushr.o)
    0x0800219a   0x0800219a   0x00000002   PAD
    0x0800219c   0x0800219c   0x00000038   Code   RO         2853    i.ADC_GetCalibrationFactor  adc.o
    0x080021d4   0x080021d4   0x00000058   Code   RO         2508    i.ADC_shutdown      low_power.o
    0x0800222c   0x0800222c   0x00000010   Code   RO         2854    i.A_d_c_int         adc.o
    0x0800223c   0x0800223c   0x00000034   Code   RO         2855    i.Adc_Gpio_init     adc.o
    0x08002270   0x08002270   0x00000078   Code   RO         2856    i.Adc_function_init  adc.o
    0x080022e8   0x080022e8   0x00000056   Code   RO         1934    i.Address_set       oled.o
    0x0800233e   0x0800233e   0x00000002   PAD
    0x08002340   0x08002340   0x00000074   Code   RO         2949    i.Angle_dis         specialty_mode.o
    0x080023b4   0x080023b4   0x00000016   Code   RO         1746    i.Boost_init        gpio.o
    0x080023ca   0x080023ca   0x00000002   PAD
    0x080023cc   0x080023cc   0x00000060   Code   RO         1039    i.Brightness_dis    orbital.o
    0x0800242c   0x0800242c   0x00000144   Code   RO         2264    i.Burn_code_value   pair.o
    0x08002570   0x08002570   0x0000003c   Code   RO         1935    i.Charging_Dis      oled.o
    0x080025ac   0x080025ac   0x00000020   Code   RO          924    i.Check_Buffer_Empty  config.o
    0x080025cc   0x080025cc   0x00000018   Code   RO         1936    i.Check_String      oled.o
    0x080025e4   0x080025e4   0x0000001a   Code   RO         1937    i.Check_String_Size  oled.o
    0x080025fe   0x080025fe   0x00000002   PAD
    0x08002600   0x08002600   0x00000088   Code   RO         2950    i.ConfirmOrCancel_dis  specialty_mode.o
    0x08002688   0x08002688   0x000000b8   Code   RO         2951    i.Cunrent_para_display  specialty_mode.o
    0x08002740   0x08002740   0x000001f8   Code   RO         2952    i.Current_Status_display  specialty_mode.o
    0x08002938   0x08002938   0x00000002   Code   RO          200    i.DMA1_Channel1_IRQHandler  stm32f0xx_it.o
    0x0800293a   0x0800293a   0x00000008   Code   RO          201    i.DMA1_Channel2_3_IRQHandler  stm32f0xx_it.o
    0x08002942   0x08002942   0x00000008   Code   RO          202    i.DMA1_Channel4_5_IRQHandler  stm32f0xx_it.o
    0x0800294a   0x0800294a   0x00000002   PAD
    0x0800294c   0x0800294c   0x00000130   Code   RO         1040    i.Delay_amount_adjust  orbital.o
    0x08002a7c   0x08002a7c   0x00000040   Code   RO         1041    i.Delay_mode_cursor_shift  orbital.o
    0x08002abc   0x08002abc   0x00000044   Code   RO         1042    i.Delay_pix_amt_display  orbital.o
    0x08002b00   0x08002b00   0x0000001c   Code   RO         1749    i.Device_init       gpio.o
    0x08002b1c   0x08002b1c   0x00000028   Code   RO          343    i.Dma_SendIRQ_Dispose  uart.o
    0x08002b44   0x08002b44   0x000000b4   Code   RO         2857    i.Dma_int           adc.o
    0x08002bf8   0x08002bf8   0x00000014   Code   RO          203    i.EXTI2_3_IRQHandler  stm32f0xx_it.o
    0x08002c0c   0x08002c0c   0x00000040   Code   RO          204    i.EXTI4_15_IRQHandler  stm32f0xx_it.o
    0x08002c4c   0x08002c4c   0x00000124   Code   RO         2265    i.Enter_into_Pair   pair.o
    0x08002d70   0x08002d70   0x00000038   Code   RO          784    i.FLASH_ErasePage   flash.o
    0x08002da8   0x08002da8   0x00000028   Code   RO          785    i.FLASH_GetStatus   flash.o
    0x08002dd0   0x08002dd0   0x00000010   Code   RO          786    i.FLASH_Lock        flash.o
    0x08002de0   0x08002de0   0x00000034   Code   RO          791    i.FLASH_ProgramHalfWord  flash.o
    0x08002e14   0x08002e14   0x00000020   Code   RO          792    i.FLASH_Unlock      flash.o
    0x08002e34   0x08002e34   0x00000022   Code   RO          793    i.FLASH_WaitForLastOperation  flash.o
    0x08002e56   0x08002e56   0x00000002   PAD
    0x08002e58   0x08002e58   0x00000010   Code   RO           61    i.Feed_IWDG         main.o
    0x08002e68   0x08002e68   0x0000001a   Code   RO         1750    i.GPIO_INUP_Init    gpio.o
    0x08002e82   0x08002e82   0x0000001c   Code   RO         1751    i.GPIO_OUT_init     gpio.o
    0x08002e9e   0x08002e9e   0x00000002   PAD
    0x08002ea0   0x08002ea0   0x0000007c   Code   RO         2953    i.Get_data_from_Motor  specialty_mode.o
    0x08002f1c   0x08002f1c   0x00000090   Code   RO         1044    i.Group_page_OK     orbital.o
    0x08002fac   0x08002fac   0x0000009c   Code   RO         1045    i.Group_pix_amt_compara_dis  orbital.o
    0x08003048   0x08003048   0x00000034   Code   RO         4005    i.HAL_PWR_EnterSTOPMode  stm32f0xx_hal_pwr.o
    0x0800307c   0x0800307c   0x00000002   Code   RO          205    i.HardFault_Handler  stm32f0xx_it.o
    0x0800307e   0x0800307e   0x00000026   Code   RO         2267    i.ICcode_checksum_verify  pair.o
    0x080030a4   0x080030a4   0x00000010   Code   RO         2339    i.Irq_gpio_init     rf24l01.o
    0x080030b4   0x080030b4   0x00000050   Code   RO         1634    i.Key_To_Pair       keyscan.o
    0x08003104   0x08003104   0x0000002c   Code   RO         1943    i.LCD_Clear         oled.o
    0x08003130   0x08003130   0x0000004c   Code   RO         1948    i.LCD_Fill          oled.o
    0x0800317c   0x0800317c   0x000000f0   Code   RO         1949    i.LCD_P16x16Str     oled.o
    0x0800326c   0x0800326c   0x00000098   Code   RO         1950    i.LCD_P8x16Str      oled.o
    0x08003304   0x08003304   0x0000001e   Code   RO         1955    i.LCD_WR_DATA       oled.o
    0x08003322   0x08003322   0x00000012   Code   RO         1956    i.LCD_WR_DATA8      oled.o
    0x08003334   0x08003334   0x00000012   Code   RO         1957    i.LCD_WR_REG        oled.o
    0x08003346   0x08003346   0x00000002   PAD
    0x08003348   0x08003348   0x000000a4   Code   RO         1960    i.LCD_shi_fen_miao_display  oled.o
    0x080033ec   0x080033ec   0x00000018   Code   RO           62    i.LL_AHB1_GRP1_EnableClock  main.o
    0x08003404   0x08003404   0x00000018   Code   RO          345    i.LL_AHB1_GRP1_EnableClock  uart.o
    0x0800341c   0x0800341c   0x00000018   Code   RO         1754    i.LL_AHB1_GRP1_EnableClock  gpio.o
    0x08003434   0x08003434   0x00000018   Code   RO           63    i.LL_APB1_GRP1_EnableClock  main.o
    0x0800344c   0x0800344c   0x00000018   Code   RO         2511    i.LL_APB1_GRP1_EnableClock  low_power.o
    0x08003464   0x08003464   0x00000018   Code   RO          346    i.LL_DMA_DisableChannel  uart.o
    0x0800347c   0x0800347c   0x00000018   Code   RO          347    i.LL_DMA_DisableIT_TC  uart.o
    0x08003494   0x08003494   0x00000018   Code   RO          348    i.LL_DMA_EnableChannel  uart.o
    0x080034ac   0x080034ac   0x00000014   Code   RO          350    i.LL_DMA_GetDataLength  uart.o
    0x080034c0   0x080034c0   0x0000001c   Code   RO          351    i.LL_DMA_SetChannelPriorityLevel  uart.o
    0x080034dc   0x080034dc   0x0000001c   Code   RO          352    i.LL_DMA_SetDataLength  uart.o
    0x080034f8   0x080034f8   0x00000020   Code   RO          353    i.LL_DMA_SetDataTransferDirection  uart.o
    0x08003518   0x08003518   0x00000014   Code   RO          354    i.LL_DMA_SetMemoryAddress  uart.o
    0x0800352c   0x0800352c   0x0000001c   Code   RO          355    i.LL_DMA_SetMemoryIncMode  uart.o
    0x08003548   0x08003548   0x0000001c   Code   RO          356    i.LL_DMA_SetMemorySize  uart.o
    0x08003564   0x08003564   0x0000001c   Code   RO          357    i.LL_DMA_SetMode    uart.o
    0x08003580   0x08003580   0x00000014   Code   RO          358    i.LL_DMA_SetPeriphAddress  uart.o
    0x08003594   0x08003594   0x0000001c   Code   RO          359    i.LL_DMA_SetPeriphIncMode  uart.o
    0x080035b0   0x080035b0   0x0000001c   Code   RO          360    i.LL_DMA_SetPeriphSize  uart.o
    0x080035cc   0x080035cc   0x000000a0   Code   RO         3472    i.LL_EXTI_Init      stm32f0xx_ll_exti.o
    0x0800366c   0x0800366c   0x000000a8   Code   RO         3807    i.LL_GPIO_Init      stm32f0xx_ll_gpio.o
    0x08003714   0x08003714   0x0000000e   Code   RO         1635    i.LL_GPIO_IsInputPinSet  keyscan.o
    0x08003722   0x08003722   0x0000000e   Code   RO         1961    i.LL_GPIO_IsInputPinSet  oled.o
    0x08003730   0x08003730   0x0000000e   Code   RO         2340    i.LL_GPIO_IsInputPinSet  rf24l01.o
    0x0800373e   0x0800373e   0x0000000e   Code   RO         2512    i.LL_GPIO_IsInputPinSet  low_power.o
    0x0800374c   0x0800374c   0x0000000e   Code   RO         2858    i.LL_GPIO_IsInputPinSet  adc.o
    0x0800375a   0x0800375a   0x00000002   PAD
    0x0800375c   0x0800375c   0x00000020   Code   RO         3396    i.LL_Init1msTick    stm32f0xx_ll_utils.o
    0x0800377c   0x0800377c   0x00000018   Code   RO         3508    i.LL_RCC_GetSystemClocksFreq  stm32f0xx_ll_rcc.o
    0x08003794   0x08003794   0x00000054   Code   RO         3509    i.LL_RCC_GetUSARTClockFreq  stm32f0xx_ll_rcc.o
    0x080037e8   0x080037e8   0x00000014   Code   RO         2513    i.LL_RCC_SetSysClkSource  low_power.o
    0x080037fc   0x080037fc   0x00000024   Code   RO         3852    i.LL_RTC_ALMA_ConfigTime  stm32f0xx_ll_rtc.o
    0x08003820   0x08003820   0x000000c8   Code   RO         3853    i.LL_RTC_ALMA_Init  stm32f0xx_ll_rtc.o
    0x080038e8   0x080038e8   0x0000004c   Code   RO         3859    i.LL_RTC_EnterInitMode  stm32f0xx_ll_rtc.o
    0x08003934   0x08003934   0x00000052   Code   RO         3861    i.LL_RTC_Init       stm32f0xx_ll_rtc.o
    0x08003986   0x08003986   0x00000002   PAD
    0x08003988   0x08003988   0x00000024   Code   RO         3863    i.LL_RTC_TIME_Config  stm32f0xx_ll_rtc.o
    0x080039ac   0x080039ac   0x00000094   Code   RO         3864    i.LL_RTC_TIME_Init  stm32f0xx_ll_rtc.o
    0x08003a40   0x08003a40   0x00000074   Code   RO         3866    i.LL_RTC_WaitForSynchro  stm32f0xx_ll_rtc.o
    0x08003ab4   0x08003ab4   0x00000064   Code   RO         3960    i.LL_SPI_Init       stm32f0xx_ll_spi.o
    0x08003b18   0x08003b18   0x00000020   Code   RO         1755    i.LL_SYSCFG_SetEXTISource  gpio.o
    0x08003b38   0x08003b38   0x00000084   Code   RO         3580    i.LL_TIM_Init       stm32f0xx_ll_tim.o
    0x08003bbc   0x08003bbc   0x00000058   Code   RO           64    i.LL_TIM_OC_EnablePreload  main.o
    0x08003c14   0x08003c14   0x00000044   Code   RO         3581    i.LL_TIM_OC_Init    stm32f0xx_ll_tim.o
    0x08003c58   0x08003c58   0x000000ac   Code   RO         3700    i.LL_USART_Init     stm32f0xx_ll_usart.o
    0x08003d04   0x08003d04   0x00000248   Code   RO         1962    i.Lcd_Init          oled.o
    0x08003f4c   0x08003f4c   0x000000ec   Code   RO         1963    i.Logo_display      oled.o
    0x08004038   0x08004038   0x00000018   Code   RO         2514    i.LowBattery_wakeup  low_power.o
    0x08004050   0x08004050   0x000000bc   Code   RO         3267    i.MX_RTC_Init       rtc.o
    0x0800410c   0x0800410c   0x000000c0   Code   RO           65    i.MX_TIM3_Init      main.o
    0x080041cc   0x080041cc   0x00000020   Code   RO          363    i.MX_USART2_UART_Init  uart.o
    0x080041ec   0x080041ec   0x00000034   Code   RO         1046    i.Manual_page_OK    orbital.o
    0x08004220   0x08004220   0x00000002   Code   RO          206    i.NMI_Handler       stm32f0xx_it.o
    0x08004222   0x08004222   0x00000002   PAD
    0x08004224   0x08004224   0x00000030   Code   RO         2341    i.NRF24L01_Clear_IRQ_Flag  rf24l01.o
    0x08004254   0x08004254   0x00000030   Code   RO         2342    i.NRF24L01_Read_Buf  rf24l01.o
    0x08004284   0x08004284   0x0000001c   Code   RO         2343    i.NRF24L01_Read_Reg  rf24l01.o
    0x080042a0   0x080042a0   0x00000018   Code   RO         2344    i.NRF24L01_Read_Status_Register  rf24l01.o
    0x080042b8   0x080042b8   0x00000054   Code   RO         2345    i.NRF24L01_RxPacket  rf24l01.o
    0x0800430c   0x0800430c   0x00000018   Code   RO         2346    i.NRF24L01_Set_RxAddr  rf24l01.o
    0x08004324   0x08004324   0x00000014   Code   RO         2347    i.NRF24L01_Set_TxAddr  rf24l01.o
    0x08004338   0x08004338   0x00000094   Code   RO         2348    i.NRF24L01_TxPacket  rf24l01.o
    0x080043cc   0x080043cc   0x00000030   Code   RO         2349    i.NRF24L01_Write_Buf  rf24l01.o
    0x080043fc   0x080043fc   0x00000024   Code   RO         2350    i.NRF24L01_Write_Reg  rf24l01.o
    0x08004420   0x08004420   0x00000094   Code   RO         2351    i.NRF24L01_check    rf24l01.o
    0x080044b4   0x080044b4   0x00000014   Code   RO         2515    i.NVIC_DisableIRQ   low_power.o
    0x080044c8   0x080044c8   0x00000014   Code   RO          364    i.NVIC_EnableIRQ    uart.o
    0x080044dc   0x080044dc   0x00000014   Code   RO         1757    i.NVIC_EnableIRQ    gpio.o
    0x080044f0   0x080044f0   0x00000044   Code   RO           66    i.NVIC_SetPriority  main.o
    0x08004534   0x08004534   0x00000044   Code   RO          365    i.NVIC_SetPriority  uart.o
    0x08004578   0x08004578   0x00000044   Code   RO         1758    i.NVIC_SetPriority  gpio.o
    0x080045bc   0x080045bc   0x0000001c   Code   RO         2516    i.NVIC_SystemReset  low_power.o
    0x080045d8   0x080045d8   0x0000003c   Code   RO         2352    i.Nrf24L01_init     rf24l01.o
    0x08004614   0x08004614   0x0000008c   Code   RO         3584    i.OC1Config         stm32f0xx_ll_tim.o
    0x080046a0   0x080046a0   0x00000090   Code   RO         3585    i.OC2Config         stm32f0xx_ll_tim.o
    0x08004730   0x08004730   0x00000098   Code   RO         3586    i.OC3Config         stm32f0xx_ll_tim.o
    0x080047c8   0x080047c8   0x00000074   Code   RO         3587    i.OC4Config         stm32f0xx_ll_tim.o
    0x0800483c   0x0800483c   0x000000c4   Code   RO         1965    i.Oled_EnlPrint     oled.o
    0x08004900   0x08004900   0x00000054   Code   RO         2954    i.Page_preinstall_move_return  specialty_mode.o
    0x08004954   0x08004954   0x000000a0   Code   RO         2269    i.Pair_send_data    pair.o
    0x080049f4   0x080049f4   0x00000014   Code   RO         2270    i.Pairing_time      pair.o
    0x08004a08   0x08004a08   0x00000002   Code   RO          207    i.PendSV_Handler    stm32f0xx_it.o
    0x08004a0a   0x08004a0a   0x00000002   PAD
    0x08004a0c   0x08004a0c   0x000000a8   Code   RO         1636    i.Pwr_key_continue  keyscan.o
    0x08004ab4   0x08004ab4   0x0000001c   Code   RO         3510    i.RCC_GetHCLKClockFreq  stm32f0xx_ll_rcc.o
    0x08004ad0   0x08004ad0   0x00000018   Code   RO         3511    i.RCC_GetPCLK1ClockFreq  stm32f0xx_ll_rcc.o
    0x08004ae8   0x08004ae8   0x00000024   Code   RO         3512    i.RCC_GetSystemClockFreq  stm32f0xx_ll_rcc.o
    0x08004b0c   0x08004b0c   0x0000003c   Code   RO         3513    i.RCC_PLL_GetFreqDomain_SYS  stm32f0xx_ll_rcc.o
    0x08004b48   0x08004b48   0x00000038   Code   RO         2353    i.RF24L01_GPIO_Init  rf24l01.o
    0x08004b80   0x08004b80   0x00000090   Code   RO         2354    i.RF24L01_Init      rf24l01.o
    0x08004c10   0x08004c10   0x00000028   Code   RO         2356    i.RF24L01_Set_Mode  rf24l01.o
    0x08004c38   0x08004c38   0x0000004c   Code   RO         2271    i.RF_reconver       pair.o
    0x08004c84   0x08004c84   0x00000094   Code   RO         3268    i.RTC_AlarmConfig   rtc.o
    0x08004d18   0x08004d18   0x00000010   Code   RO         3269    i.RTC_Bcd2ToByte    rtc.o
    0x08004d28   0x08004d28   0x00000058   Code   RO         3270    i.RTC_GetTime       rtc.o
    0x08004d80   0x08004d80   0x00000030   Code   RO          208    i.RTC_IRQHandler    stm32f0xx_it.o
    0x08004db0   0x08004db0   0x0000004c   Code   RO         3271    i.RTC_clock_init    rtc.o
    0x08004dfc   0x08004dfc   0x00000010   Code   RO          369    i.Reset_Tx_Complete  uart.o
    0x08004e0c   0x08004e0c   0x00000044   Code   RO         2517    i.Reset_theSystem   low_power.o
    0x08004e50   0x08004e50   0x000000b8   Code   RO         2955    i.ReturnOrNext_dis  specialty_mode.o
    0x08004f08   0x08004f08   0x00000002   Code   RO          209    i.SVC_Handler       stm32f0xx_it.o
    0x08004f0a   0x08004f0a   0x00000002   PAD
    0x08004f0c   0x08004f0c   0x0000000c   Code   RO         2755    i.Set_DDab_set_if   ab_set.o
    0x08004f18   0x08004f18   0x0000000c   Code   RO         2756    i.Set_Gp_set_if     ab_set.o
    0x08004f24   0x08004f24   0x0000000c   Code   RO         2757    i.Set_ab_set_if     ab_set.o
    0x08004f30   0x08004f30   0x0000000c   Code   RO         2859    i.Set_adc_back      adc.o
    0x08004f3c   0x08004f3c   0x00000010   Code   RO         2956    i.Set_enter_time    specialty_mode.o
    0x08004f4c   0x08004f4c   0x000000ac   Code   RO         2518    i.ShutDown          low_power.o
    0x08004ff8   0x08004ff8   0x00000060   Code   RO         1760    i.ShutDown_AllIO_High_resistance_mode  gpio.o
    0x08005058   0x08005058   0x00000048   Code   RO         1048    i.Speed_display     orbital.o
    0x080050a0   0x080050a0   0x00000098   Code   RO         1761    i.Spi_init          gpio.o
    0x08005138   0x08005138   0x00000014   Code   RO         1762    i.Spi_write_data    gpio.o
    0x0800514c   0x0800514c   0x00000024   Code   RO          375    i.String_Printf     uart.o
    0x08005170   0x08005170   0x00000002   Code   RO          210    i.SysTick_Handler   stm32f0xx_it.o
    0x08005172   0x08005172   0x00000002   PAD
    0x08005174   0x08005174   0x00000094   Code   RO           68    i.SystemClock_Config  main.o
    0x08005208   0x08005208   0x0000005c   Code   RO            4    i.SystemInit        system_stm32f0xx.o
    0x08005264   0x08005264   0x00000034   Code   RO          211    i.TIM14_IRQHandler  stm32f0xx_it.o
    0x08005298   0x08005298   0x00000018   Code   RO          212    i.TIM15_IRQHandler  stm32f0xx_it.o
    0x080052b0   0x080052b0   0x00000002   Code   RO          213    i.TIM1_BRK_UP_TRG_COM_IRQHandler  stm32f0xx_it.o
    0x080052b2   0x080052b2   0x00000002   PAD
    0x080052b4   0x080052b4   0x00000018   Code   RO          214    i.TIM3_IRQHandler   stm32f0xx_it.o
    0x080052cc   0x080052cc   0x0000005c   Code   RO         1049    i.Task_Percentage_Dis  orbital.o
    0x08005328   0x08005328   0x0000002c   Code   RO         1968    i.The_motor_battery_dis_init  oled.o
    0x08005354   0x08005354   0x00000078   Code   RO         1969    i.The_page_processing  oled.o
    0x080053cc   0x080053cc   0x00000014   Code   RO         1051    i.Time_DCount       orbital.o
    0x080053e0   0x080053e0   0x00000118   Code   RO         1052    i.Time_DownCount    orbital.o
    0x080054f8   0x080054f8   0x00000040   Code   RO         2519    i.Time_Out_And_Enter_Stop_Mode  low_power.o
    0x08005538   0x08005538   0x00000128   Code   RO         1970    i.TurnOff_ShutDonw_Battery_dis  oled.o
    0x08005660   0x08005660   0x0000001c   Code   RO          215    i.USART1_IRQHandler  stm32f0xx_it.o
    0x0800567c   0x0800567c   0x0000001c   Code   RO          216    i.USART2_IRQHandler  stm32f0xx_it.o
    0x08005698   0x08005698   0x000000d8   Code   RO         1053    i.UpOrDown_adjust_para  orbital.o
    0x08005770   0x08005770   0x00000028   Code   RO          383    i.Usart22_Dma_SendIRQ_Dispose  uart.o
    0x08005798   0x08005798   0x00000048   Code   RO          388    i.Usart22_Receiver  uart.o
    0x080057e0   0x080057e0   0x00000088   Code   RO          389    i.Usart22_Receiver_Dma_Init  uart.o
    0x08005868   0x08005868   0x00000010   Code   RO          392    i.Usart22_Reset_Tx_Complete  uart.o
    0x08005878   0x08005878   0x00000094   Code   RO          394    i.Usart22_Send_Dma_Init  uart.o
    0x0800590c   0x0800590c   0x000000a4   Code   RO          398    i.Usart22_init      uart.o
    0x080059b0   0x080059b0   0x0000001c   Code   RO         3208    i.Video_Get_downcount_times  video.o
    0x080059cc   0x080059cc   0x000000f4   Code   RO         3209    i.Video_check_the_motor_status  video.o
    0x08005ac0   0x08005ac0   0x00000110   Code   RO         3210    i.Video_downcount_times_display  video.o
    0x08005bd0   0x08005bd0   0x00000064   Code   RO         1054    i.Video_mode_cursor_shift  orbital.o
    0x08005c34   0x08005c34   0x0000004c   Code   RO         3211    i.Video_motor_status_display  video.o
    0x08005c80   0x08005c80   0x0000000c   Code   RO         3212    i.Video_motor_status_return  video.o
    0x08005c8c   0x08005c8c   0x0000005c   Code   RO         3213    i.Video_times_downcount  video.o
    0x08005ce8   0x08005ce8   0x00000028   Code   RO         4374    i.__0sprintf        mc_p.l(printfa.o)
    0x08005d10   0x08005d10   0x0000002e   Code   RO         4448    i.__ARM_clz         mf_p.l(depilogue.o)
    0x08005d3e   0x08005d3e   0x0000001a   Code   RO         1612    i.__ARM_common_switch8  orbital.o
    0x08005d58   0x08005d58   0x0000000e   Code   RO         4466    i.__scatterload_copy  mc_p.l(handlers.o)
    0x08005d66   0x08005d66   0x00000002   Code   RO         4467    i.__scatterload_null  mc_p.l(handlers.o)
    0x08005d68   0x08005d68   0x0000000e   Code   RO         4468    i.__scatterload_zeroinit  mc_p.l(handlers.o)
    0x08005d76   0x08005d76   0x00000002   PAD
    0x08005d78   0x08005d78   0x00000174   Code   RO         4379    i._fp_digits        mc_p.l(printfa.o)
    0x08005eec   0x08005eec   0x000006ec   Code   RO         4380    i._printf_core      mc_p.l(printfa.o)
    0x080065d8   0x080065d8   0x00000020   Code   RO         4381    i._printf_post_padding  mc_p.l(printfa.o)
    0x080065f8   0x080065f8   0x0000002c   Code   RO         4382    i._printf_pre_padding  mc_p.l(printfa.o)
    0x08006624   0x08006624   0x0000000a   Code   RO         4384    i._sputc            mc_p.l(printfa.o)
    0x0800662e   0x0800662e   0x00000002   PAD
    0x08006630   0x08006630   0x000000f4   Code   RO         2758    i.ab_set_move       ab_set.o
    0x08006724   0x08006724   0x00000054   Code   RO         2760    i.ab_set_press_ok   ab_set.o
    0x08006778   0x08006778   0x00000014   Code   RO         2520    i.active_time_out_countdown  low_power.o
    0x0800678c   0x0800678c   0x00000014   Code   RO         2860    i.adc_cout          adc.o
    0x080067a0   0x080067a0   0x00000010   Code   RO         1058    i.angle_cear        orbital.o
    0x080067b0   0x080067b0   0x00000074   Code   RO         1059    i.angle_display     orbital.o
    0x08006824   0x08006824   0x00000150   Code   RO         1971    i.battery_data_display  oled.o
    0x08006974   0x08006974   0x0000005c   Code   RO         1972    i.battery_display   oled.o
    0x080069d0   0x080069d0   0x0000006c   Code   RO         1973    i.battery_frame_display  oled.o
    0x08006a3c   0x08006a3c   0x00000050   Code   RO         1974    i.battery_init      oled.o
    0x08006a8c   0x08006a8c   0x000000a4   Code   RO         2663    i.bootloader_action_if  bootloader.o
    0x08006b30   0x08006b30   0x000001ec   Code   RO         1975    i.bornd_code_dis    oled.o
    0x08006d1c   0x08006d1c   0x0000000c   Code   RO         2958    i.cear_the_id_add   specialty_mode.o
    0x08006d28   0x08006d28   0x00000014   Code   RO         1763    i.changeIO_Init     gpio.o
    0x08006d3c   0x08006d3c   0x00000024   Code   RO         1062    i.change_page       orbital.o
    0x08006d60   0x08006d60   0x0000002c   Code   RO         2761    i.check_abpoint_Set_if  ab_set.o
    0x08006d8c   0x08006d8c   0x00000048   Code   RO         1063    i.check_connection  orbital.o
    0x08006dd4   0x08006dd4   0x00000058   Code   RO         2664    i.check_enter_boot_if  bootloader.o
    0x08006e2c   0x08006e2c   0x0000001c   Code   RO         1064    i.check_sum_add     orbital.o
    0x08006e48   0x08006e48   0x00000028   Code   RO         1638    i.check_the_powers_status  keyscan.o
    0x08006e70   0x08006e70   0x00000026   Code   RO         2357    i.checksum_verify   rf24l01.o
    0x08006e96   0x08006e96   0x00000002   PAD
    0x08006e98   0x08006e98   0x00000794   Code   RO         1976    i.chinese_page_dis  oled.o
    0x0800762c   0x0800762c   0x00000068   Code   RO          926    i.config_page_ok    config.o
    0x08007694   0x08007694   0x000001e8   Code   RO         1066    i.controller_send_data_to_motor  orbital.o
    0x0800787c   0x0800787c   0x0000000c   Code   RO         3214    i.count_tag_set     video.o
    0x08007888   0x08007888   0x0000004c   Code   RO          927    i.cursor_count      config.o
    0x080078d4   0x080078d4   0x00000064   Code   RO          928    i.cursor_display    config.o
    0x08007938   0x08007938   0x00000084   Code   RO         1068    i.cursor_glint      orbital.o
    0x080079bc   0x080079bc   0x0000007c   Code   RO         1069    i.cursor_shift      orbital.o
    0x08007a38   0x08007a38   0x00000040   Code   RO         1070    i.data_count        orbital.o
    0x08007a78   0x08007a78   0x000000d4   Code   RO         1078    i.delay_page_ok     orbital.o
    0x08007b4c   0x08007b4c   0x00000088   Code   RO         2959    i.delet_paraORmode  specialty_mode.o
    0x08007bd4   0x08007bd4   0x00000080   Code   RO         2960    i.delete_jahao      specialty_mode.o
    0x08007c54   0x08007c54   0x00000090   Code   RO         2521    i.disable_interrupt  low_power.o
    0x08007ce4   0x08007ce4   0x0000004a   Code   RO         2358    i.drv_spi_read_write_byte  rf24l01.o
    0x08007d2e   0x08007d2e   0x00000002   PAD
    0x08007d30   0x08007d30   0x0000003c   Code   RO         1082    i.durationORdelay_time_dis  orbital.o
    0x08007d6c   0x08007d6c   0x0000001c   Code   RO         2522    i.enable_interrupt  low_power.o
    0x08007d88   0x08007d88   0x000007a8   Code   RO         1977    i.english_page_dis  oled.o
    0x08008530   0x08008530   0x00000020   Code   RO         2665    i.enter_bootloader  bootloader.o
    0x08008550   0x08008550   0x00000012   Code   RO          795    i.erase_flash_OnePage  flash.o
    0x08008562   0x08008562   0x00000002   PAD
    0x08008564   0x08008564   0x00000044   Code   RO          930    i.factory_set_display  config.o
    0x080085a8   0x080085a8   0x000000ac   Code   RO         2861    i.filtering         adc.o
    0x08008654   0x08008654   0x00000054   Code   RO         1085    i.get_data_form_A650  orbital.o
    0x080086a8   0x080086a8   0x0000005c   Code   RO         1086    i.get_init_from_A650  orbital.o
    0x08008704   0x08008704   0x000000b4   Code   RO         1088    i.hours_time_dis    orbital.o
    0x080087b8   0x080087b8   0x0000000c   Code   RO          797    i.if_write_flash    flash.o
    0x080087c4   0x080087c4   0x0000001e   Code   RO         1764    i.input_opendrain   gpio.o
    0x080087e2   0x080087e2   0x00000002   PAD
    0x080087e4   0x080087e4   0x00000074   Code   RO         1089    i.integer_display   orbital.o
    0x08008858   0x08008858   0x0000000c   Code   RO         1092    i.inverse_get_value  orbital.o
    0x08008864   0x08008864   0x0000007c   Code   RO         2961    i.jiantou_display   specialty_mode.o
    0x080088e0   0x080088e0   0x0000008c   Code   RO         1639    i.key_Handle        keyscan.o
    0x0800896c   0x0800896c   0x000001b8   Code   RO         1640    i.keyscan           keyscan.o
    0x08008b24   0x08008b24   0x00000034   Code   RO         1766    i.keyscan_pin_init  gpio.o
    0x08008b58   0x08008b58   0x00000002   Code   RO          931    i.language_display  config.o
    0x08008b5a   0x08008b5a   0x00000002   PAD
    0x08008b5c   0x08008b5c   0x00000124   Code   RO           70    i.main              main.o
    0x08008c80   0x08008c80   0x00000094   Code   RO          932    i.main_page_ok      config.o
    0x08008d14   0x08008d14   0x00000070   Code   RO         1094    i.manulORauto_dis   orbital.o
    0x08008d84   0x08008d84   0x000000b4   Code   RO         1095    i.minutes_time_dis  orbital.o
    0x08008e38   0x08008e38   0x00000070   Code   RO         2962    i.mode_and_para_sendt  specialty_mode.o
    0x08008ea8   0x08008ea8   0x0000000c   Code   RO         1978    i.motor_battery_dis  oled.o
    0x08008eb4   0x08008eb4   0x00000030   Code   RO         1096    i.motor_init        orbital.o
    0x08008ee4   0x08008ee4   0x00000048   Code   RO         1100    i.move_to_disp      orbital.o
    0x08008f2c   0x08008f2c   0x00000028   Code   RO         1770    i.oled_gpio_init    gpio.o
    0x08008f54   0x08008f54   0x00000008   Code   RO         1980    i.oled_print_page   oled.o
    0x08008f5c   0x08008f5c   0x0000003c   Code   RO         1981    i.oled_print_screen  oled.o
    0x08008f98   0x08008f98   0x00000020   Code   RO         1982    i.page_display      oled.o
    0x08008fb8   0x08008fb8   0x0000001c   Code   RO         1641    i.page_return       keyscan.o
    0x08008fd4   0x08008fd4   0x00000074   Code   RO          933    i.page_return_adjust  config.o
    0x08009048   0x08009048   0x000000dc   Code   RO         2963    i.paraORmode_shift  specialty_mode.o
    0x08009124   0x08009124   0x00000048   Code   RO          934    i.para_init         config.o
    0x0800916c   0x0800916c   0x0000005c   Code   RO          798    i.para_read_from_flash  flash.o
    0x080091c8   0x080091c8   0x000002e0   Code   RO         1102    i.param_adjust      orbital.o
    0x080094a8   0x080094a8   0x000001cc   Code   RO         1103    i.param_display     orbital.o
    0x08009674   0x08009674   0x00000070   Code   RO         1104    i.parameter_init    orbital.o
    0x080096e4   0x080096e4   0x0000008c   Code   RO         2964    i.pecialty_pix_amt_display  specialty_mode.o
    0x08009770   0x08009770   0x00000064   Code   RO         2862    i.percentage_get    adc.o
    0x080097d4   0x080097d4   0x00000098   Code   RO         1105    i.pix_amt_compara_dis  orbital.o
    0x0800986c   0x0800986c   0x00000078   Code   RO         1106    i.pix_amt_display   orbital.o
    0x080098e4   0x080098e4   0x00000118   Code   RO         1642    i.press_OK_function  keyscan.o
    0x080099fc   0x080099fc   0x00000070   Code   RO         1643    i.press_key_continue  keyscan.o
    0x08009a6c   0x08009a6c   0x00000058   Code   RO         1108    i.press_key_continue_if  orbital.o
    0x08009ac4   0x08009ac4   0x00000048   Code   RO         1771    i.pwrKey_exti_interrupt  gpio.o
    0x08009b0c   0x08009b0c   0x00000028   Code   RO         2965    i.pwr_key_enter_moveInterfer  specialty_mode.o
    0x08009b34   0x08009b34   0x00000128   Code   RO         2863    i.read_ADC_value    adc.o
    0x08009c5c   0x08009c5c   0x00000034   Code   RO          799    i.read_flash_holfword  flash.o
    0x08009c90   0x08009c90   0x000005b0   Code   RO         1109    i.receiver_data_from_A650  orbital.o
    0x0800a240   0x0800a240   0x00000004   Code   RO         1110    i.remotoe_cursor_dispose  orbital.o
    0x0800a244   0x0800a244   0x0000000c   Code   RO         2763    i.return_mode_back  ab_set.o
    0x0800a250   0x0800a250   0x0000000c   Code   RO         1644    i.return_powers     keyscan.o
    0x0800a25c   0x0800a25c   0x00000064   Code   RO         1645    i.scan_cycle_count  keyscan.o
    0x0800a2c0   0x0800a2c0   0x000000e4   Code   RO         1111    i.secondes_time_dis  orbital.o
    0x0800a3a4   0x0800a3a4   0x00000024   Code   RO          406    i.send_interval_count  uart.o
    0x0800a3c8   0x0800a3c8   0x0000001c   Code   RO         2524    i.set_active_time_out  low_power.o
    0x0800a3e4   0x0800a3e4   0x00000002   Code   RO         1112    i.set_addend_data   orbital.o
    0x0800a3e6   0x0800a3e6   0x00000002   PAD
    0x0800a3e8   0x0800a3e8   0x0000000c   Code   RO         2764    i.set_mode_back     ab_set.o
    0x0800a3f4   0x0800a3f4   0x0000000c   Code   RO         1646    i.set_power_on_int  keyscan.o
    0x0800a400   0x0800a400   0x00000010   Code   RO         1647    i.set_press_time    keyscan.o
    0x0800a410   0x0800a410   0x0000000c   Code   RO         2525    i.set_rtc_wackup    low_power.o
    0x0800a41c   0x0800a41c   0x00000068   Code   RO         2966    i.shotting_Get_data_from_controller  specialty_mode.o
    0x0800a484   0x0800a484   0x0000000e   Code   RO         1114    i.shutKey_start     orbital.o
    0x0800a492   0x0800a492   0x00000002   PAD
    0x0800a494   0x0800a494   0x00000034   Code   RO         1115    i.single_cursor_dis  orbital.o
    0x0800a4c8   0x0800a4c8   0x00000050   Code   RO         1116    i.sleep_time_dis    orbital.o
    0x0800a518   0x0800a518   0x00000074   Code   RO         1118    i.slow_start_stop_dis  orbital.o
    0x0800a58c   0x0800a58c   0x000001c4   Code   RO         2967    i.specialty_cursor_id_dis  specialty_mode.o
    0x0800a750   0x0800a750   0x0000009c   Code   RO         2968    i.specialty_cursor_id_mode_dis  specialty_mode.o
    0x0800a7ec   0x0800a7ec   0x000000a0   Code   RO         2969    i.specialty_cursor_id_para_dis  specialty_mode.o
    0x0800a88c   0x0800a88c   0x00000050   Code   RO         2970    i.specialty_cursor_id_shift  specialty_mode.o
    0x0800a8dc   0x0800a8dc   0x00000110   Code   RO         2971    i.specialty_jiaHao_display  specialty_mode.o
    0x0800a9ec   0x0800a9ec   0x0000006c   Code   RO         2972    i.specialty_jiaHao_scan  specialty_mode.o
    0x0800aa58   0x0800aa58   0x0000022c   Code   RO         2973    i.specialty_mode_OKkey  specialty_mode.o
    0x0800ac84   0x0800ac84   0x00000028   Code   RO         2974    i.specialty_mode_para_clear  specialty_mode.o
    0x0800acac   0x0800acac   0x00000080   Code   RO         2975    i.specialty_move_dis  specialty_mode.o
    0x0800ad2c   0x0800ad2c   0x00000058   Code   RO         2976    i.specialty_page_mode_dis  specialty_mode.o
    0x0800ad84   0x0800ad84   0x0000014c   Code   RO         2977    i.specialty_page_para_dis  specialty_mode.o
    0x0800aed0   0x0800aed0   0x0000000c   Code   RO         2978    i.specialty_para_clear  specialty_mode.o
    0x0800aedc   0x0800aedc   0x000002ac   Code   RO         2979    i.specialty_para_sendTo_motor  specialty_mode.o
    0x0800b188   0x0800b188   0x00000048   Code   RO         2980    i.specialty_totaol_time_dis  specialty_mode.o
    0x0800b1d0   0x0800b1d0   0x00000214   Code   RO         2981    i.specielty_para_adjust  specialty_mode.o
    0x0800b3e4   0x0800b3e4   0x00000078   Code   RO         2982    i.specielty_para_dis  specialty_mode.o
    0x0800b45c   0x0800b45c   0x0000004c   Code   RO         2983    i.specilty_clear_han_display  specialty_mode.o
    0x0800b4a8   0x0800b4a8   0x00000014   Code   RO         2984    i.specilty_get_reshot_form_motor  specialty_mode.o
    0x0800b4bc   0x0800b4bc   0x00000078   Code   RO         2985    i.specilty_keyscan_send  specialty_mode.o
    0x0800b534   0x0800b534   0x0000007c   Code   RO         2986    i.specilty_page_return  specialty_mode.o
    0x0800b5b0   0x0800b5b0   0x00000014   Code   RO         2987    i.splty_mode_time_count  specialty_mode.o
    0x0800b5c4   0x0800b5c4   0x00000144   Code   RO         1121    i.status_display    orbital.o
    0x0800b708   0x0800b708   0x00000014   Code   RO         2666    i.string_lengt      bootloader.o
    0x0800b71c   0x0800b71c   0x0000002c   Code   RO         1125    i.time_count        orbital.o
    0x0800b748   0x0800b748   0x00000018   Code   RO         1126    i.time_delay_ms     orbital.o
    0x0800b760   0x0800b760   0x00000048   Code   RO          411    i.usart1_receiver   uart.o
    0x0800b7a8   0x0800b7a8   0x00000054   Code   RO          413    i.usart22_Recdata_Handling  uart.o
    0x0800b7fc   0x0800b7fc   0x0000000c   Code   RO          414    i.usart22_read_byte  uart.o
    0x0800b808   0x0800b808   0x00000020   Code   RO         1983    i.version_dis       oled.o
    0x0800b828   0x0800b828   0x000000a4   Code   RO         1130    i.video_page_OK     orbital.o
    0x0800b8cc   0x0800b8cc   0x00000048   Code   RO         1131    i.wait_for_init     orbital.o
    0x0800b914   0x0800b914   0x0000000c   Code   RO         2360    i.wifi24G_data_Dispose  rf24l01.o
    0x0800b920   0x0800b920   0x00000048   Code   RO         2361    i.wifi24G_read_data  rf24l01.o
    0x0800b968   0x0800b968   0x000000dc   Code   RO         2362    i.wifi24G_send_data  rf24l01.o
    0x0800ba44   0x0800ba44   0x00000018   Code   RO         1773    i.wifi_init         gpio.o
    0x0800ba5c   0x0800ba5c   0x00000028   Code   RO         2363    i.wifi_sleep        rf24l01.o
    0x0800ba84   0x0800ba84   0x00000030   Code   RO          800    i.write_bootTag     flash.o
    0x0800bab4   0x0800bab4   0x00000028   Code   RO          801    i.write_flash_active  flash.o
    0x0800badc   0x0800badc   0x0000000e   Code   RO          802    i.write_flash_holfword  flash.o
    0x0800baea   0x0800baea   0x00000002   PAD
    0x0800baec   0x0800baec   0x00000054   Code   RO          803    i.write_flash_holfword_buffer  flash.o
    0x0800bb40   0x0800bb40   0x00000010   Data   RO            5    .constdata          system_stm32f0xx.o
    0x0800bb50   0x0800bb50   0x00000008   Data   RO            6    .constdata          system_stm32f0xx.o
    0x0800bb58   0x0800bb58   0x0000000e   Data   RO           71    .constdata          main.o
    0x0800bb66   0x0800bb66   0x00000005   Data   RO          419    .constdata          uart.o
    0x0800bb6b   0x0800bb6b   0x00000001   PAD
    0x0800bb6c   0x0800bb6c   0x0000170e   Data   RO         1984    .constdata          oled.o
    0x0800d27a   0x0800d27a   0x00000005   Data   RO         2865    .constdata          adc.o
    0x0800d27f   0x0800d27f   0x00000001   PAD
    0x0800d280   0x0800d280   0x00000247   Data   RO         1988    .conststring        oled.o
    0x0800d4c7   0x0800d4c7   0x00000001   PAD
    0x0800d4c8   0x0800d4c8   0x00000020   Data   RO         4464    Region$$Table       anon$$obj.o


    Execution Region RW_IRAM1 (Exec base: 0x200000c4, Load base: 0x0800d4e8, Size: 0x000011bc, Max: 0x00002000, ABSOLUTE)

    Exec Addr    Load Addr    Size         Type   Attr      Idx    E Section Name        Object

    0x200000c4   0x0800d4e8   0x00000001   Data   RW          804    .data               flash.o
    0x200000c5   0x0800d4e9   0x00000006   Data   RW          935    .data               config.o
    0x200000cb   0x0800d4ef   0x00000001   PAD
    0x200000cc   0x0800d4f0   0x00000048   Data   RW         1133    .data               orbital.o
    0x20000114   0x0800d538   0x00000001   Data   RW         1135    .data               orbital.o
    0x20000115   0x0800d539   0x00000001   Data   RW         1136    .data               orbital.o
    0x20000116   0x0800d53a   0x00000016   Data   RW         1648    .data               keyscan.o
    0x2000012c   0x0800d550   0x00000014   Data   RW         1990    .data               oled.o
    0x20000140   0x0800d564   0x00000004   Data   RW         2275    .data               pair.o
    0x20000144   0x0800d568   0x00000003   Data   RW         2366    .data               rf24l01.o
    0x20000147   0x0800d56b   0x00000001   PAD
    0x20000148   0x0800d56c   0x00000008   Data   RW         2526    .data               low_power.o
    0x20000150   0x0800d574   0x00000001   Data   RW         2667    .data               bootloader.o
    0x20000151   0x0800d575   0x00000007   Data   RW         2769    .data               ab_set.o
    0x20000158   0x0800d57c   0x00000018   Data   RW         2866    .data               adc.o
    0x20000170   0x0800d594   0x00000014   Data   RW         2989    .data               specialty_mode.o
    0x20000184   0x0800d5a8   0x00000008   Data   RW         3215    .data               video.o
    0x2000018c        -       0x00000161   Zero   RW          416    .bss                uart.o
    0x200002ed   0x0800d5b0   0x00000003   PAD
    0x200002f0        -       0x0000005a   Zero   RW         1132    .bss                orbital.o
    0x2000034a   0x0800d5b0   0x00000002   PAD
    0x2000034c        -       0x00000190   Zero   RW         2864    .bss                adc.o
    0x200004dc        -       0x000009a0   Zero   RW         2988    .bss                specialty_mode.o
    0x20000e7c   0x0800d5b0   0x00000004   PAD
    0x20000e80        -       0x00000400   Zero   RW         4117    STACK               startup_stm32f030x8.o


==============================================================================

Image component sizes


      Code (inc. data)   RO Data    RW Data    ZI Data      Debug   Object Name

       432         66          0          7          0      10517   ab_set.o
      1038        150          5         24        400      43188   adc.o
       304         48          0          1          0       3043   bootloader.o
       718         82          0          6          0      30440   config.o
       590         82          0          1          0       9267   flash.o
       754         90          0          0          0      38427   gpio.o
      1442        138          0         22          0      15712   keyscan.o
       754        132          0          8          0      94524   low_power.o
       852        106         14          0          0      68060   main.o
      7580       2936       6485         20          0      30949   oled.o
      8182       1262          0         74         90      47602   orbital.o
       910         84          0          4          0       5732   pair.o
      1442        128          0          3          0      19293   rf24l01.o
       516         56          0          0          0      45963   rtc.o
      6516        902          0         20       2464      31077   specialty_mode.o
        28          8        180          0       1024        608   startup_stm32f030x8.o
        52          8          0          0          0        640   stm32f0xx_hal_pwr.o
       318         56          0          0          0      76873   stm32f0xx_it.o
       160          4          0          0          0       4911   stm32f0xx_ll_exti.o
       168          0          0          0          0       6783   stm32f0xx_ll_gpio.o
       256         44          0          0          0      17080   stm32f0xx_ll_rcc.o
       694         28          0          0          0      25899   stm32f0xx_ll_rtc.o
       100          8          0          0          0      11282   stm32f0xx_ll_spi.o
       752         92          0          0          0      34447   stm32f0xx_ll_tim.o
       172         16          0          0          0      16952   stm32f0xx_ll_usart.o
        32          6          0          0          0       1681   stm32f0xx_ll_utils.o
        92         14         24          0          0     180207   system_stm32f0xx.o
      1376        210          5          0        353      43333   uart.o
       736        194          0          8          0       5019   video.o

    ----------------------------------------------------------------------
     37010       6950       6748        200       4340     919509   Object Totals
         0          0         32          0          0          0   (incl. Generated)
        44          0          3          2          9          0   (incl. Padding)

    ----------------------------------------------------------------------

      Code (inc. data)   RO Data    RW Data    ZI Data      Debug   Library Member Name

         0          0          0          0          0          0   entry.o
         0          0          0          0          0          0   entry10a.o
         0          0          0          0          0          0   entry11a.o
         8          4          0          0          0          0   entry2.o
         4          0          0          0          0          0   entry5.o
         0          0          0          0          0          0   entry7b.o
         0          0          0          0          0          0   entry8b.o
         8          4          0          0          0          0   entry9a.o
        30          0          0          0          0          0   handlers.o
        36          8          0          0          0         68   init.o
         0          0          0          0          0          0   iusefp.o
        32          0          0          0          0         68   llshl.o
        38          0          0          0          0         68   llsshr.o
        34          0          0          0          0         68   llushr.o
        36          0          0          0          0         60   memcpya.o
        36          0          0          0          0        100   memseta.o
      2270         94          0          0          0        472   printfa.o
        30          0          0          0          0         72   strncmp.o
        44          0          0          0          0         72   uidiv.o
        96          0          0          0          0         84   uldiv.o
        40          2          0          0          0         68   cdrcmple.o
        20          0          0          0          0         68   cfcmple.o
        20          0          0          0          0         68   cfrcmple.o
        56          0          0          0          0         68   d2f.o
       356          4          0          0          0        140   dadd.o
       240          6          0          0          0         84   ddiv.o
       236          0          0          0          0        216   depilogue.o
        64         10          0          0          0         68   dfixul.o
       208          6          0          0          0         88   dmul.o
        40          0          0          0          0         60   f2d.o
       178          0          0          0          0        108   fadd.o
       124          0          0          0          0         72   fdiv.o
       130          0          0          0          0        144   fepilogue.o
        40          0          0          0          0         60   ffixui.o
        14          0          0          0          0         68   ffltui.o
       122          0          0          0          0         72   fmul.o

    ----------------------------------------------------------------------
      4602        138          0          0          0       2584   Library Totals
        12          0          0          0          0          0   (incl. Padding)

    ----------------------------------------------------------------------

      Code (inc. data)   RO Data    RW Data    ZI Data      Debug   Library Name

      2702        110          0          0          0       1132   mc_p.l
      1888         28          0          0          0       1452   mf_p.l

    ----------------------------------------------------------------------
      4602        138          0          0          0       2584   Library Totals

    ----------------------------------------------------------------------

==============================================================================


      Code (inc. data)   RO Data    RW Data    ZI Data      Debug   

     41612       7088       6748        200       4340     906293   Grand Totals
     41612       7088       6748        200       4340     906293   ELF Image Totals
     41612       7088       6748        200          0          0   ROM Totals

==============================================================================

    Total RO  Size (Code + RO Data)                48360 (  47.23kB)
    Total RW  Size (RW Data + ZI Data)              4540 (   4.43kB)
    Total ROM Size (Code + RO Data + RW Data)      48560 (  47.42kB)

==============================================================================

