Component: ARM Compiler 5.06 update 6 (build 750) Tool: armlink [4d35ed]

==============================================================================

Section Cross References

    system_stm32f0xx.o(i.SystemCoreClockUpdate) refers to uidiv.o(.text) for __aeabi_uidivmod
    system_stm32f0xx.o(i.SystemCoreClockUpdate) refers to system_stm32f0xx.o(.data) for .data
    system_stm32f0xx.o(i.SystemCoreClockUpdate) refers to system_stm32f0xx.o(.constdata) for .constdata
    main.o(i.LL_TIM_OC_EnablePreload) refers to main.o(.constdata) for .constdata
    main.o(i.MX_TIM3_Init) refers to main.o(i.LL_APB1_GRP1_EnableClock) for LL_APB1_GRP1_EnableClock
    main.o(i.MX_TIM3_Init) refers to main.o(i.NVIC_SetPriority) for NVIC_SetPriority
    main.o(i.MX_TIM3_Init) refers to stm32f0xx_ll_tim.o(i.LL_TIM_Init) for LL_TIM_Init
    main.o(i.MX_TIM3_Init) refers to main.o(i.LL_TIM_OC_EnablePreload) for LL_TIM_OC_EnablePreload
    main.o(i.MX_TIM3_Init) refers to stm32f0xx_ll_tim.o(i.LL_TIM_OC_Init) for LL_TIM_OC_Init
    main.o(i.MX_TIM3_Init) refers to stm32f0xx_ll_gpio.o(i.LL_GPIO_Init) for LL_GPIO_Init
    main.o(i.MX_TIM3_Init) refers to orbital.o(.bss) for wifi_id
    main.o(i.MX_TIM3_Init) refers to main.o(.constdata) for .constdata
    main.o(i.SystemClock_Config) refers to rtc.o(i.RTC_clock_init) for RTC_clock_init
    main.o(i.main) refers to main.o(i.SystemClock_Config) for SystemClock_Config
    main.o(i.main) refers to main.o(i.LL_AHB1_GRP1_EnableClock) for LL_AHB1_GRP1_EnableClock
    main.o(i.main) refers to gpio.o(i.Device_init) for Device_init
    main.o(i.main) refers to main.o(i.LL_APB1_GRP1_EnableClock) for LL_APB1_GRP1_EnableClock
    main.o(i.main) refers to main.o(i.NVIC_SetPriority) for NVIC_SetPriority
    main.o(i.main) refers to stm32f0xx_ll_tim.o(i.LL_TIM_Init) for LL_TIM_Init
    main.o(i.main) refers to uart.o(i.MX_USART2_UART_Init) for MX_USART2_UART_Init
    main.o(i.main) refers to flash.o(i.check_uid) for check_uid
    main.o(i.main) refers to adc.o(i.A_d_c_int) for A_d_c_int
    main.o(i.main) refers to oled.o(i.Lcd_Init) for Lcd_Init
    main.o(i.main) refers to orbital.o(i.time_delay_ms) for time_delay_ms
    main.o(i.main) refers to orbital.o(i.motor_init) for motor_init
    main.o(i.main) refers to rf24l01.o(i.Nrf24L01_init) for Nrf24L01_init
    main.o(i.main) refers to main.o(i.MX_TIM3_Init) for MX_TIM3_Init
    main.o(i.main) refers to oled.o(i.TurnOff_ShutDonw_Battery_dis) for TurnOff_ShutDonw_Battery_dis
    main.o(i.main) refers to orbital.o(i.wait_for_init) for wait_for_init
    main.o(i.main) refers to oled.o(i.battery_init) for battery_init
    main.o(i.main) refers to low_power.o(i.set_active_time_out) for set_active_time_out
    main.o(i.main) refers to flash.o(i.write_flash_active) for write_flash_active
    main.o(i.main) refers to rtc.o(i.MX_RTC_Init) for MX_RTC_Init
    main.o(i.main) refers to keyscan.o(i.keyscan) for keyscan
    main.o(i.main) refers to adc.o(i.read_ADC_value) for read_ADC_value
    main.o(i.main) refers to keyscan.o(i.return_powers) for return_powers
    main.o(i.main) refers to pair.o(i.Burn_code_value) for Burn_code_value
    main.o(i.main) refers to keyscan.o(i.Key_To_Pair) for Key_To_Pair
    main.o(i.main) refers to oled.o(i.Logo_display) for Logo_display
    main.o(i.main) refers to orbital.o(i.check_connection) for check_connection
    main.o(i.main) refers to orbital.o(i.get_init_from_A650) for get_init_from_A650
    main.o(i.main) refers to rf24l01.o(i.wifi24G_data_Dispose) for wifi24G_data_Dispose
    main.o(i.main) refers to low_power.o(i.Time_Out_And_Enter_Stop_Mode) for Time_Out_And_Enter_Stop_Mode
    main.o(i.main) refers to orbital.o(.bss) for wifi_id
    stm32f0xx_it.o(i.DMA1_Channel2_3_IRQHandler) refers to uart.o(i.Dma_SendIRQ_Dispose) for Dma_SendIRQ_Dispose
    stm32f0xx_it.o(i.DMA1_Channel4_5_IRQHandler) refers to uart.o(i.Usart22_Dma_SendIRQ_Dispose) for Usart22_Dma_SendIRQ_Dispose
    stm32f0xx_it.o(i.EXTI2_3_IRQHandler) refers to low_power.o(i.set_rtc_wackup) for set_rtc_wackup
    stm32f0xx_it.o(i.EXTI4_15_IRQHandler) refers to keyscan.o(i.set_press_time) for set_press_time
    stm32f0xx_it.o(i.EXTI4_15_IRQHandler) refers to low_power.o(i.set_rtc_wackup) for set_rtc_wackup
    stm32f0xx_it.o(i.EXTI4_15_IRQHandler) refers to low_power.o(.data) for charge_tag
    stm32f0xx_it.o(i.RTC_IRQHandler) refers to low_power.o(i.set_rtc_wackup) for set_rtc_wackup
    stm32f0xx_it.o(i.RTC_IRQHandler) refers to low_power.o(.data) for charge_tag
    stm32f0xx_it.o(i.TIM14_IRQHandler) refers to adc.o(i.adc_cout) for adc_cout
    stm32f0xx_it.o(i.TIM14_IRQHandler) refers to orbital.o(i.time_count) for time_count
    stm32f0xx_it.o(i.TIM14_IRQHandler) refers to keyscan.o(i.scan_cycle_count) for scan_cycle_count
    stm32f0xx_it.o(i.TIM14_IRQHandler) refers to uart.o(i.send_interval_count) for send_interval_count
    stm32f0xx_it.o(i.TIM14_IRQHandler) refers to pair.o(i.Pairing_time) for Pairing_time
[...]
    Device_init                              0x08003185   Thumb Code    28  gpio.o(i.Device_init)
    Dma_SendIRQ_Dispose                      0x080031a1   Thumb Code    36  uart.o(i.Dma_SendIRQ_Dispose)
    Dma_int                                  0x080031cd   Thumb Code   156  adc.o(i.Dma_int)
    EXTI2_3_IRQHandler                       0x08003281   Thumb Code    16  stm32f0xx_it.o(i.EXTI2_3_IRQHandler)
    EXTI4_15_IRQHandler                      0x08003295   Thumb Code    52  stm32f0xx_it.o(i.EXTI4_15_IRQHandler)
    Enter_into_Pair                          0x080032d5   Thumb Code   266  pair.o(i.Enter_into_Pair)
    FLASH_ErasePage                          0x080033f9   Thumb Code    52  flash.o(i.FLASH_ErasePage)
    FLASH_GetStatus                          0x08003431   Thumb Code    34  flash.o(i.FLASH_GetStatus)
    FLASH_Lock                               0x08003459   Thumb Code    12  flash.o(i.FLASH_Lock)
    FLASH_ProgramHalfWord                    0x08003469   Thumb Code    48  flash.o(i.FLASH_ProgramHalfWord)
    FLASH_Unlock                             0x0800349d   Thumb Code    18  flash.o(i.FLASH_Unlock)
    FLASH_WaitForLastOperation               0x080034bd   Thumb Code    34  flash.o(i.FLASH_WaitForLastOperation)
    Feed_IWDG                                0x080034e1   Thumb Code     8  main.o(i.Feed_IWDG)
    GPIO_INUP_Init                           0x080034f1   Thumb Code    26  gpio.o(i.GPIO_INUP_Init)
    GPIO_OUT_init                            0x0800350b   Thumb Code    28  gpio.o(i.GPIO_OUT_init)
    Get_data_from_Motor                      0x08003529   Thumb Code   110  specialty_mode.o(i.Get_data_from_Motor)
    Group_page_OK                            0x080035a5   Thumb Code    96  orbital.o(i.Group_page_OK)
    Group_pix_amt_compara_dis                0x08003611   Thumb Code    92  orbital.o(i.Group_pix_amt_compara_dis)
    Group_shut_mode_display                  0x080036ad   Thumb Code    74  orbital.o(i.Group_shut_mode_display)
    HAL_PWR_EnterSTOPMode                    0x0800371d   Thumb Code    44  stm32f0xx_hal_pwr.o(i.HAL_PWR_EnterSTOPMode)
    HardFault_Handler                        0x08003751   Thumb Code     2  stm32f0xx_it.o(i.HardFault_Handler)
    ICcode_checksum_verify                   0x08003753   Thumb Code    38  pair.o(i.ICcode_checksum_verify)
    Irq_gpio_init                            0x08003779   Thumb Code    12  rf24l01.o(i.Irq_gpio_init)
    Key_To_Pair                              0x08003789   Thumb Code    74  keyscan.o(i.Key_To_Pair)
    LCD_Clear                                0x080037d9   Thumb Code    44  oled.o(i.LCD_Clear)
    LCD_Fill                                 0x08003805   Thumb Code    76  oled.o(i.LCD_Fill)
    LCD_P16x16Str                            0x08003851   Thumb Code   228  oled.o(i.LCD_P16x16Str)
    LCD_P8x16Str                             0x08003941   Thumb Code   142  oled.o(i.LCD_P8x16Str)
    LCD_WR_DATA                              0x080039d9   Thumb Code    30  oled.o(i.LCD_WR_DATA)
    LCD_WR_DATA8                             0x080039f7   Thumb Code    18  oled.o(i.LCD_WR_DATA8)
    LCD_WR_REG                               0x08003a09   Thumb Code    18  oled.o(i.LCD_WR_REG)
    LCD_shi_fen_miao_display                 0x08003a1d   Thumb Code   156  oled.o(i.LCD_shi_fen_miao_display)
    LL_EXTI_Init                             0x08003b39   Thumb Code   156  stm32f0xx_ll_exti.o(i.LL_EXTI_Init)
    LL_GPIO_Init                             0x08003bd9   Thumb Code   168  stm32f0xx_ll_gpio.o(i.LL_GPIO_Init)
    LL_Init1msTick                           0x08003cc9   Thumb Code    26  stm32f0xx_ll_utils.o(i.LL_Init1msTick)
    LL_RCC_GetSystemClocksFreq               0x08003ce9   Thumb Code    24  stm32f0xx_ll_rcc.o(i.LL_RCC_GetSystemClocksFreq)
    LL_RCC_GetUSARTClockFreq                 0x08003d01   Thumb Code    76  stm32f0xx_ll_rcc.o(i.LL_RCC_GetUSARTClockFreq)
    LL_RTC_ALMA_Init                         0x08003d8d   Thumb Code   196  stm32f0xx_ll_rtc.o(i.LL_RTC_ALMA_Init)
    LL_RTC_EnterInitMode                     0x08003e55   Thumb Code    70  stm32f0xx_ll_rtc.o(i.LL_RTC_EnterInitMode)
    LL_RTC_Init                              0x08003ea1   Thumb Code    82  stm32f0xx_ll_rtc.o(i.LL_RTC_Init)
    LL_RTC_TIME_Init                         0x08003f19   Thumb Code   144  stm32f0xx_ll_rtc.o(i.LL_RTC_TIME_Init)
    LL_RTC_WaitForSynchro                    0x08003fad   Thumb Code   110  stm32f0xx_ll_rtc.o(i.LL_RTC_WaitForSynchro)
    LL_SPI_Init                              0x08004021   Thumb Code    92  stm32f0xx_ll_spi.o(i.LL_SPI_Init)
    LL_TIM_Init                              0x080040a5   Thumb Code   108  stm32f0xx_ll_tim.o(i.LL_TIM_Init)
    LL_TIM_OC_Init                           0x08004181   Thumb Code    68  stm32f0xx_ll_tim.o(i.LL_TIM_OC_Init)
    LL_USART_Init                            0x080041c5   Thumb Code   156  stm32f0xx_ll_usart.o(i.LL_USART_Init)
    Lcd_Init                                 0x08004271   Thumb Code   578  oled.o(i.Lcd_Init)
    LittleEndia_BigEndia_Interconvert_32     0x080044b9   Thumb Code    22  uid_encryption.o(i.LittleEndia_BigEndia_Interconvert_32)
    Logo_display                             0x080044d1   Thumb Code   208  oled.o(i.Logo_display)
    LowBattery_wakeup                        0x080045bd   Thumb Code    20  low_power.o(i.LowBattery_wakeup)
    MX_RTC_Init                              0x080045d5   Thumb Code   164  rtc.o(i.MX_RTC_Init)
    MX_TIM3_Init                             0x08004691   Thumb Code   170  main.o(i.MX_TIM3_Init)
    MX_USART2_UART_Init                      0x08004751   Thumb Code     8  uart.o(i.MX_USART2_UART_Init)
    Manual_page_OK                           0x08004759   Thumb Code    42  orbital.o(i.Manual_page_OK)
    NMI_Handler                              0x0800478d   Thumb Code     2  stm32f0xx_it.o(i.NMI_Handler)
    NRF24L01_Clear_IRQ_Flag                  0x08004791   Thumb Code    44  rf24l01.o(i.NRF24L01_Clear_IRQ_Flag)
    NRF24L01_Read_Buf                        0x080047c1   Thumb Code    42  rf24l01.o(i.NRF24L01_Read_Buf)
    NRF24L01_Read_Reg                        0x080047f1   Thumb Code    24  rf24l01.o(i.NRF24L01_Read_Reg)
    NRF24L01_Read_Status_Register            0x0800480d   Thumb Code    20  rf24l01.o(i.NRF24L01_Read_Status_Register)
    NRF24L01_RxPacket                        0x08004825   Thumb Code    78  rf24l01.o(i.NRF24L01_RxPacket)
    NRF24L01_Set_RxAddr                      0x08004879   Thumb Code    24  rf24l01.o(i.NRF24L01_Set_RxAddr)
    NRF24L01_Set_TxAddr                      0x08004891   Thumb Code    20  rf24l01.o(i.NRF24L01_Set_TxAddr)
    NRF24L01_TxPacket                        0x080048a5   Thumb Code   142  rf24l01.o(i.NRF24L01_TxPacket)
    NRF24L01_Write_Buf                       0x08004939   Thumb Code    44  rf24l01.o(i.NRF24L01_Write_Buf)
    NRF24L01_Write_Reg                       0x08004969   Thumb Code    30  rf24l01.o(i.NRF24L01_Write_Reg)
    NRF24L01_check                           0x0800498d   Thumb Code   110  rf24l01.o(i.NRF24L01_check)
    Nrf24L01_init                            0x08004b31   Thumb Code    54  rf24l01.o(i.Nrf24L01_init)
    Oled_EnlPrint                            0x08004d95   Thumb Code   186  oled.o(i.Oled_EnlPrint)
    Page_preinstall_move_return              0x08004e59   Thumb Code    70  specialty_mode.o(i.Page_preinstall_move_return)
    Pairing_time                             0x08004f4d   Thumb Code    14  pair.o(i.Pairing_time)
    PendSV_Handler                           0x08004f61   Thumb Code     2  stm32f0xx_it.o(i.PendSV_Handler)
    Pwr_key_continue                         0x08004f65   Thumb Code   140  keyscan.o(i.Pwr_key_continue)
    RCC_GetHCLKClockFreq                     0x0800500d   Thumb Code    18  stm32f0xx_ll_rcc.o(i.RCC_GetHCLKClockFreq)
    RCC_GetPCLK1ClockFreq                    0x08005029   Thumb Code    16  stm32f0xx_ll_rcc.o(i.RCC_GetPCLK1ClockFreq)
    RCC_GetSystemClockFreq                   0x08005041   Thumb Code    28  stm32f0xx_ll_rcc.o(i.RCC_GetSystemClockFreq)
    RCC_PLL_GetFreqDomain_SYS                0x08005065   Thumb Code    50  stm32f0xx_ll_rcc.o(i.RCC_PLL_GetFreqDomain_SYS)
    RF24L01_GPIO_Init                        0x080050a1   Thumb Code    52  rf24l01.o(i.RF24L01_GPIO_Init)
    RF24L01_Init                             0x080050d9   Thumb Code   140  rf24l01.o(i.RF24L01_Init)
    RF24L01_Set_Mode                         0x08005169   Thumb Code    40  rf24l01.o(i.RF24L01_Set_Mode)
    RF_reconver                              0x08005191   Thumb Code    72  pair.o(i.RF_reconver)
    RTC_AlarmConfig                          0x080051dd   Thumb Code   134  rtc.o(i.RTC_AlarmConfig)
    RTC_GetTime                              0x08005281   Thumb Code    82  rtc.o(i.RTC_GetTime)
    RTC_IRQHandler                           0x080052d9   Thumb Code    36  stm32f0xx_it.o(i.RTC_IRQHandler)
    RTC_clock_init                           0x08005309   Thumb Code    64  rtc.o(i.RTC_clock_init)
    RTC_disable                              0x08005355   Thumb Code    32  rtc.o(i.RTC_disable)
    Reset_Tx_Complete                        0x08005379   Thumb Code    12  uart.o(i.Reset_Tx_Complete)
    Reset_theSystem                          0x08005389   Thumb Code    64  low_power.o(i.Reset_theSystem)
    ReturnOrNext_dis                         0x080053cd   Thumb Code   134  specialty_mode.o(i.ReturnOrNext_dis)
    SVC_Handler                              0x08005485   Thumb Code     2  stm32f0xx_it.o(i.SVC_Handler)
    Set_DDab_set_if                          0x08005489   Thumb Code     6  ab_set.o(i.Set_DDab_set_if)
    Set_Gp_set_if                            0x08005495   Thumb Code     6  ab_set.o(i.Set_Gp_set_if)
    Set_ab_set_if                            0x080054a1   Thumb Code     6  ab_set.o(i.Set_ab_set_if)
    Set_adc_back                             0x080054ad   Thumb Code     8  adc.o(i.Set_adc_back)
    Set_enter_time                           0x080054b9   Thumb Code     8  specialty_mode.o(i.Set_enter_time)
    ShutDown                                 0x080054c9   Thumb Code   160  low_power.o(i.ShutDown)
    ShutDown_AllIO_High_resistance_mode      0x0800557d   Thumb Code    76  gpio.o(i.ShutDown_AllIO_High_resistance_mode)
    Speed_display                            0x080055dd   Thumb Code    60  orbital.o(i.Speed_display)
    Spi_init                                 0x08005625   Thumb Code   140  gpio.o(i.Spi_init)
    Spi_write_data                           0x080056bd   Thumb Code    14  gpio.o(i.Spi_write_data)
    String_Printf                            0x080056d1   Thumb Code    30  uart.o(i.String_Printf)
    SysTick_Handler                          0x080056f5   Thumb Code     2  stm32f0xx_it.o(i.SysTick_Handler)
    SystemClock_Config                       0x080056f9   Thumb Code   138  main.o(i.SystemClock_Config)
    SystemInit                               0x0800578d   Thumb Code    78  system_stm32f0xx.o(i.SystemInit)
    TIM14_IRQHandler                         0x080057e9   Thumb Code    48  stm32f0xx_it.o(i.TIM14_IRQHandler)
    TIM15_IRQHandler                         0x0800581d   Thumb Code    18  stm32f0xx_it.o(i.TIM15_IRQHandler)
    TIM1_BRK_UP_TRG_COM_IRQHandler           0x08005835   Thumb Code     2  stm32f0xx_it.o(i.TIM1_BRK_UP_TRG_COM_IRQHandler)
    TIM3_IRQHandler                          0x08005839   Thumb Code    18  stm32f0xx_it.o(i.TIM3_IRQHandler)
    Task_Percentage_Dis                      0x08005851   Thumb Code    66  orbital.o(i.Task_Percentage_Dis)
    The_motor_battery_dis_init               0x080058ad   Thumb Code    38  oled.o(i.The_motor_battery_dis_init)
    The_page_processing                      0x080058d9   Thumb Code   114  oled.o(i.The_page_processing)
    Time_DCount                              0x08005951   Thumb Code    14  orbital.o(i.Time_DCount)
    Time_DownCount                           0x08005965   Thumb Code   240  orbital.o(i.Time_DownCount)
    Time_Out_And_Enter_Stop_Mode             0x08005a7d   Thumb Code    52  low_power.o(i.Time_Out_And_Enter_Stop_Mode)
    TurnOff_ShutDonw_Battery_dis             0x08005ab9   Thumb Code   266  oled.o(i.TurnOff_ShutDonw_Battery_dis)
    UID_Encryption_Key_Check                 0x08005be1   Thumb Code    70  uid_encryption.o(i.UID_Encryption_Key_Check)
    USART1_IRQHandler                        0x08005c31   Thumb Code    22  stm32f0xx_it.o(i.USART1_IRQHandler)
    USART2_IRQHandler                        0x08005c4d   Thumb Code    42  stm32f0xx_it.o(i.USART2_IRQHandler)
    UpOrDown_adjust_para                     0x08005c7d   Thumb Code   200  orbital.o(i.UpOrDown_adjust_para)
    Usart22_Dma_SendIRQ_Dispose              0x08005d55   Thumb Code     2  uart.o(i.Usart22_Dma_SendIRQ_Dispose)
    Usart22_ReadByte                         0x08005d59   Thumb Code    26  uart.o(i.Usart22_ReadByte)
    Usart22_Receiver                         0x08005d81   Thumb Code    18  uart.o(i.Usart22_Receiver)
    Video_Get_downcount_times                0x08005e31   Thumb Code    18  video.o(i.Video_Get_downcount_times)
    Video_check_the_motor_status             0x08005e4d   Thumb Code   238  video.o(i.Video_check_the_motor_status)
    Video_downcount_times_display            0x08005fcd   Thumb Code   228  video.o(i.Video_downcount_times_display)
    Video_mode_cursor_shift                  0x080060dd   Thumb Code    84  orbital.o(i.Video_mode_cursor_shift)
    Video_motor_status_display               0x08006141   Thumb Code    66  video.o(i.Video_motor_status_display)
    Video_motor_status_return                0x0800618d   Thumb Code     6  video.o(i.Video_motor_status_return)
    Video_times_downcount                    0x08006199   Thumb Code    84  video.o(i.Video_times_downcount)
    __0sprintf                               0x080061f5   Thumb Code    36  printfa.o(i.__0sprintf)
    __1sprintf                               0x080061f5   Thumb Code     0  printfa.o(i.__0sprintf)
    __2sprintf                               0x080061f5   Thumb Code     0  printfa.o(i.__0sprintf)
    __c89sprintf                             0x080061f5   Thumb Code     0  printfa.o(i.__0sprintf)
    sprintf                                  0x080061f5   Thumb Code     0  printfa.o(i.__0sprintf)
    __ARM_clz                                0x0800621d   Thumb Code    46  depilogue.o(i.__ARM_clz)
    __ARM_common_switch8                     0x0800624b   Thumb Code    26  orbital.o(i.__ARM_common_switch8)
    __scatterload_copy                       0x08006265   Thumb Code    14  handlers.o(i.__scatterload_copy)
    __scatterload_null                       0x08006273   Thumb Code     2  handlers.o(i.__scatterload_null)
    __scatterload_zeroinit                   0x08006275   Thumb Code    14  handlers.o(i.__scatterload_zeroinit)
    ab_set_move                              0x08006b3d   Thumb Code   222  ab_set.o(i.ab_set_move)
    ab_set_press_ok                          0x08006c31   Thumb Code    76  ab_set.o(i.ab_set_press_ok)
    active_time_out_countdown                0x08006c85   Thumb Code    14  low_power.o(i.active_time_out_countdown)
    adc_cout                                 0x08006c99   Thumb Code    14  adc.o(i.adc_cout)
    angle_cear                               0x08006cad   Thumb Code    10  orbital.o(i.angle_cear)
    angle_display                            0x08006cbd   Thumb Code    82  orbital.o(i.angle_display)
    battery_data_display                     0x08006d31   Thumb Code   292  oled.o(i.battery_data_display)
    battery_display                          0x08006e81   Thumb Code    86  oled.o(i.battery_display)
    battery_frame_display                    0x08006edd   Thumb Code    98  oled.o(i.battery_frame_display)
    battery_init                             0x08006f49   Thumb Code    70  oled.o(i.battery_init)
    bootloader_action_if                     0x08006f99   Thumb Code   134  bootloader.o(i.bootloader_action_if)
    bornd_code_dis                           0x0800703d   Thumb Code   168  oled.o(i.bornd_code_dis)
    cear_the_id_add                          0x08007229   Thumb Code     6  specialty_mode.o(i.cear_the_id_add)
    changeIO_Init                            0x08007235   Thumb Code    14  gpio.o(i.changeIO_Init)
    change_page                              0x08007249   Thumb Code    28  orbital.o(i.change_page)
    check_abpoint_Set_if                     0x0800726d   Thumb Code    38  ab_set.o(i.check_abpoint_Set_if)
    check_connection                         0x08007299   Thumb Code    56  orbital.o(i.check_connection)
    check_enter_boot_if                      0x080072e1   Thumb Code    78  bootloader.o(i.check_enter_boot_if)
    check_sum_add                            0x08007339   Thumb Code    28  orbital.o(i.check_sum_add)
    check_the_powers_status                  0x08007355   Thumb Code    30  keyscan.o(i.check_the_powers_status)
    check_uid                                0x0800737d   Thumb Code    46  flash.o(i.check_uid)
    checksum_verify                          0x080073c1   Thumb Code    38  rf24l01.o(i.checksum_verify)
    chinese_page_dis                         0x080073e9   Thumb Code  1830  oled.o(i.chinese_page_dis)
    config_page_ok                           0x08007c39   Thumb Code    88  config.o(i.config_page_ok)
    controller_send_data_to_motor            0x08007ca1   Thumb Code   540  orbital.o(i.controller_send_data_to_motor)
    count_tag_set                            0x08007ed5   Thumb Code     6  video.o(i.count_tag_set)
    cursor_count                             0x08007ee1   Thumb Code    70  config.o(i.cursor_count)
    cursor_display                           0x08007f2d   Thumb Code    94  config.o(i.cursor_display)
    cursor_glint                             0x08007f91   Thumb Code   114  orbital.o(i.cursor_glint)
    cursor_shift                             0x08008015   Thumb Code   112  orbital.o(i.cursor_shift)
    data_count                               0x08008095   Thumb Code    56  orbital.o(i.data_count)
    delay_page_ok                            0x080080d5   Thumb Code   200  orbital.o(i.delay_page_ok)
    delet_paraORmode                         0x080081a9   Thumb Code   116  specialty_mode.o(i.delet_paraORmode)
    delete_jahao                             0x08008231   Thumb Code   104  specialty_mode.o(i.delete_jahao)
    disable_interrupt                        0x080082b1   Thumb Code   124  low_power.o(i.disable_interrupt)
    drv_spi_read_write_byte                  0x08008341   Thumb Code    74  rf24l01.o(i.drv_spi_read_write_byte)
    durationORdelay_time_dis                 0x0800838d   Thumb Code    52  orbital.o(i.durationORdelay_time_dis)
    enable_interrupt                         0x080083c9   Thumb Code    18  low_power.o(i.enable_interrupt)
    english_page_dis                         0x080083e5   Thumb Code  1788  oled.o(i.english_page_dis)
    enter_bootloader                         0x08008c19   Thumb Code    24  bootloader.o(i.enter_bootloader)
    erase_flash_OnePage                      0x08008c39   Thumb Code    18  flash.o(i.erase_flash_OnePage)
    factory_set_display                      0x08008c4d   Thumb Code    48  config.o(i.factory_set_display)
    filtering                                0x08008c91   Thumb Code   142  adc.o(i.filtering)
    float_time_dis                           0x08008d3d   Thumb Code    64  oled.o(i.float_time_dis)
    get_data_form_A650                       0x08008d95   Thumb Code    78  orbital.o(i.get_data_form_A650)
    get_init_from_A650                       0x08008de9   Thumb Code    82  orbital.o(i.get_init_from_A650)
    hours_time_dis                           0x08008e45   Thumb Code   148  orbital.o(i.hours_time_dis)
    if_write_flash                           0x08008ef9   Thumb Code     8  flash.o(i.if_write_flash)
    init_dis                                 0x08008f05   Thumb Code    76  oled.o(i.init_dis)
    input_opendrain                          0x08008f6d   Thumb Code    30  gpio.o(i.input_opendrain)
    integer_display                          0x08008f8d   Thumb Code    90  orbital.o(i.integer_display)
    inverse_get_value                        0x08009001   Thumb Code     6  orbital.o(i.inverse_get_value)
    jiantou_display                          0x0800900d   Thumb Code    98  specialty_mode.o(i.jiantou_display)
    key_Handle                               0x08009089   Thumb Code   134  keyscan.o(i.key_Handle)
    keyscan                                  0x08009115   Thumb Code   432  keyscan.o(i.keyscan)
    keyscan_pin_init                         0x080092cd   Thumb Code    48  gpio.o(i.keyscan_pin_init)
    language_display                         0x08009301   Thumb Code     2  config.o(i.language_display)
    main                                     0x08009305   Thumb Code   256  main.o(i.main)
    main_page_ok                             0x0800942d   Thumb Code   144  config.o(i.main_page_ok)
    manulORauto_dis                          0x080094c1   Thumb Code    78  orbital.o(i.manulORauto_dis)
    minutes_time_dis                         0x08009531   Thumb Code   148  orbital.o(i.minutes_time_dis)
    mode_and_para_sendt                      0x080095e5   Thumb Code    98  specialty_mode.o(i.mode_and_para_sendt)
    motor_battery_dis                        0x08009655   Thumb Code    12  oled.o(i.motor_battery_dis)
    motor_init                               0x08009661   Thumb Code    36  orbital.o(i.motor_init)
    move_to_disp                             0x08009691   Thumb Code    46  orbital.o(i.move_to_disp)
    oled_gpio_init                           0x080096d9   Thumb Code    34  gpio.o(i.oled_gpio_init)
    oled_print_page                          0x08009701   Thumb Code     8  oled.o(i.oled_print_page)
    oled_print_screen                        0x08009709   Thumb Code    56  oled.o(i.oled_print_screen)
    page_display                             0x08009745   Thumb Code    26  oled.o(i.page_display)
    page_return                              0x08009765   Thumb Code    22  keyscan.o(i.page_return)
    page_return_adjust                       0x08009781   Thumb Code   112  config.o(i.page_return_adjust)
    paraORmode_shift                         0x08009801   Thumb Code   198  specialty_mode.o(i.paraORmode_shift)
    para_count                               0x080098dd   Thumb Code    70  orbital.o(i.para_count)
    para_init                                0x08009929   Thumb Code    64  config.o(i.para_init)
    para_read_from_flash                     0x08009971   Thumb Code    72  flash.o(i.para_read_from_flash)
    param_adjust                             0x080099cd   Thumb Code   858  orbital.o(i.param_adjust)
    param_display                            0x08009d49   Thumb Code   480  orbital.o(i.param_display)
    parameter_init                           0x08009f45   Thumb Code    96  orbital.o(i.parameter_init)
    pecialty_pix_amt_display                 0x08009fb5   Thumb Code   108  specialty_mode.o(i.pecialty_pix_amt_display)
    percentage_get                           0x0800a041   Thumb Code    70  adc.o(i.percentage_get)
    pix_amt_compara_dis                      0x0800a0a5   Thumb Code    96  orbital.o(i.pix_amt_compara_dis)
    pix_amt_display                          0x0800a13d   Thumb Code    82  orbital.o(i.pix_amt_display)
    press_OK_function                        0x0800a1b5   Thumb Code   270  keyscan.o(i.press_OK_function)
    press_key_continue                       0x0800a2d1   Thumb Code    84  keyscan.o(i.press_key_continue)
    press_key_continue_if                    0x0800a341   Thumb Code    72  orbital.o(i.press_key_continue_if)
    pwrKey_exti_interrupt                    0x0800a399   Thumb Code    64  gpio.o(i.pwrKey_exti_interrupt)
    pwr_key_enter_moveInterfer               0x0800a3e1   Thumb Code    30  specialty_mode.o(i.pwr_key_enter_moveInterfer)
    read_ADC_value                           0x0800a409   Thumb Code   264  adc.o(i.read_ADC_value)
    read_flash_holfword                      0x0800a539   Thumb Code    52  flash.o(i.read_flash_holfword)
    receiver_data_from_A650                  0x0800a56d   Thumb Code  1484  orbital.o(i.receiver_data_from_A650)
    remotoe_cursor_dispose                   0x0800ab55   Thumb Code     4  orbital.o(i.remotoe_cursor_dispose)
    return_mode_back                         0x0800ab59   Thumb Code     6  ab_set.o(i.return_mode_back)
    return_powers                            0x0800ab65   Thumb Code     6  keyscan.o(i.return_powers)
    scan_cycle_count                         0x0800ab71   Thumb Code    78  keyscan.o(i.scan_cycle_count)
    secondes_time_dis                        0x0800abcd   Thumb Code   182  orbital.o(i.secondes_time_dis)
    send_interval_count                      0x0800acb1   Thumb Code    28  uart.o(i.send_interval_count)
    set_active_time_out                      0x0800acd1   Thumb Code    14  low_power.o(i.set_active_time_out)
    set_addend_data                          0x0800aced   Thumb Code     2  orbital.o(i.set_addend_data)
    set_mode_back                            0x0800acf1   Thumb Code     6  ab_set.o(i.set_mode_back)
    set_power_on_int                         0x0800acfd   Thumb Code     6  keyscan.o(i.set_power_on_int)
    set_press_time                           0x0800ad09   Thumb Code     8  keyscan.o(i.set_press_time)
    set_rtc_wackup                           0x0800ad19   Thumb Code     6  low_power.o(i.set_rtc_wackup)
    shotting_Get_data_from_controller        0x0800ad25   Thumb Code    86  specialty_mode.o(i.shotting_Get_data_from_controller)
    shutKey_start                            0x0800ad8d   Thumb Code    14  orbital.o(i.shutKey_start)
    single_cursor_dis                        0x0800ad9d   Thumb Code    44  orbital.o(i.single_cursor_dis)
    sleep_time_dis                           0x0800add1   Thumb Code    60  orbital.o(i.sleep_time_dis)
    slow_start_stop_dis                      0x0800ae21   Thumb Code    80  orbital.o(i.slow_start_stop_dis)
    specialty_cursor_id_dis                  0x0800ae95   Thumb Code   436  specialty_mode.o(i.specialty_cursor_id_dis)
    specialty_cursor_id_mode_dis             0x0800b059   Thumb Code   126  specialty_mode.o(i.specialty_cursor_id_mode_dis)
    specialty_cursor_id_para_dis             0x0800b0f5   Thumb Code   124  specialty_mode.o(i.specialty_cursor_id_para_dis)
    specialty_cursor_id_shift                0x0800b195   Thumb Code    66  specialty_mode.o(i.specialty_cursor_id_shift)
    specialty_jiaHao_display                 0x0800b1e5   Thumb Code   222  specialty_mode.o(i.specialty_jiaHao_display)
    specialty_jiaHao_scan                    0x0800b2f5   Thumb Code    98  specialty_mode.o(i.specialty_jiaHao_scan)
    specialty_mode_OKkey                     0x0800b361   Thumb Code   504  specialty_mode.o(i.specialty_mode_OKkey)
    specialty_mode_para_clear                0x0800b58d   Thumb Code    30  specialty_mode.o(i.specialty_mode_para_clear)
    specialty_move_dis                       0x0800b5b5   Thumb Code   106  specialty_mode.o(i.specialty_move_dis)
    specialty_page_mode_dis                  0x0800b635   Thumb Code    76  specialty_mode.o(i.specialty_page_mode_dis)
    specialty_page_para_dis                  0x0800b68d   Thumb Code   320  specialty_mode.o(i.specialty_page_para_dis)
    specialty_para_clear                     0x0800b7d9   Thumb Code     8  specialty_mode.o(i.specialty_para_clear)
    specialty_para_sendTo_motor              0x0800b7e5   Thumb Code   662  specialty_mode.o(i.specialty_para_sendTo_motor)
    specialty_totaol_time_dis                0x0800ba91   Thumb Code    58  specialty_mode.o(i.specialty_totaol_time_dis)
    specielty_para_adjust                    0x0800bad9   Thumb Code   516  specialty_mode.o(i.specielty_para_adjust)
    specielty_para_dis                       0x0800bced   Thumb Code   108  specialty_mode.o(i.specielty_para_dis)
    specilty_clear_han_display               0x0800bd65   Thumb Code    42  specialty_mode.o(i.specilty_clear_han_display)
    specilty_get_reshot_form_motor           0x0800bdb1   Thumb Code    14  specialty_mode.o(i.specilty_get_reshot_form_motor)
    specilty_keyscan_send                    0x0800bdc5   Thumb Code   108  specialty_mode.o(i.specilty_keyscan_send)
    specilty_page_return                     0x0800be3d   Thumb Code   110  specialty_mode.o(i.specilty_page_return)
    splty_mode_time_count                    0x0800beb9   Thumb Code    14  specialty_mode.o(i.splty_mode_time_count)
    status_display                           0x0800becd   Thumb Code   198  orbital.o(i.status_display)
    string_lengt                             0x0800c00d   Thumb Code    20  bootloader.o(i.string_lengt)
    time_count                               0x0800c021   Thumb Code    36  orbital.o(i.time_count)
    time_delay_ms                            0x0800c049   Thumb Code    20  orbital.o(i.time_delay_ms)
    usart1_receiver                          0x0800c061   Thumb Code    56  uart.o(i.usart1_receiver)
    usart22_Recdata_Handling                 0x0800c0a9   Thumb Code    42  uart.o(i.usart22_Recdata_Handling)
    usart22_read_byte                        0x0800c0d9   Thumb Code    12  uart.o(i.usart22_read_byte)
    version_dis                              0x0800c0e5   Thumb Code    20  oled.o(i.version_dis)
    video_page_OK                            0x0800c105   Thumb Code   148  orbital.o(i.video_page_OK)
    wait_for_init                            0x0800c1a9   Thumb Code    60  orbital.o(i.wait_for_init)
    wifi24G_data_Dispose                     0x0800c1f1   Thumb Code    12  rf24l01.o(i.wifi24G_data_Dispose)
    wifi24G_read_data                        0x0800c1fd   Thumb Code    62  rf24l01.o(i.wifi24G_read_data)
    wifi24G_send_data                        0x0800c245   Thumb Code   204  rf24l01.o(i.wifi24G_send_data)
    wifi_init                                0x0800c321   Thumb Code    20  gpio.o(i.wifi_init)
    wifi_sleep                               0x0800c339   Thumb Code    34  rf24l01.o(i.wifi_sleep)
    write_bootTag                            0x0800c361   Thumb Code    42  flash.o(i.write_bootTag)
    write_flash_active                       0x0800c391   Thumb Code    26  flash.o(i.write_flash_active)
    write_flash_holfword                     0x0800c3b9   Thumb Code    14  flash.o(i.write_flash_holfword)
    write_flash_holfword_buffer              0x0800c3c9   Thumb Code    78  flash.o(i.write_flash_holfword_buffer)
    AHBPrescTable                            0x0800c41c   Data          16  system_stm32f0xx.o(.constdata)
    APBPrescTable                            0x0800c42c   Data           8  system_stm32f0xx.o(.constdata)
    zhi_f16x16                               0x0800c448   Data        4340  oled.o(.constdata)
    LOGO720YUN                               0x0800d53c   Data         320  oled.o(.constdata)
    Biaoyu                                   0x0800d67c   Data         256  oled.o(.constdata)
    battery                                  0x0800d77c   Data          42  oled.o(.constdata)
    F8X16                                    0x0800d7a6   Data        1140  oled.o(.constdata)
    Region$$Table$$Base                      0x0800de9c   Number         0  anon$$obj.o(Region$$Table)
    Region$$Table$$Limit                     0x0800debc   Number         0  anon$$obj.o(Region$$Table)
    read_id                                  0x200000c4   Data           1  uart.o(.data)
    whether_write_flash                      0x200000c8   Data           1  flash.o(.data)
    page_id                                  0x200000c9   Data           1  config.o(.data)
    cursor_id                                0x200000ca   Data           1  config.o(.data)
    cursor_id_back                           0x200000cb   Data           1  config.o(.data)
    Factory_set                              0x200000cc   Data           1  config.o(.data)
    auto_fine_abpoint                        0x200000cd   Data           1  config.o(.data)
    device_confirm                           0x200000ce   Data           1  config.o(.data)
    page_id_back                             0x200000d0   Data           1  orbital.o(.data)
    specialty_get                            0x200000d1   Data           1  orbital.o(.data)
    std_manul_tag                            0x200000d2   Data           1  orbital.o(.data)
    shut_mode                                0x200000d3   Data           1  orbital.o(.data)
    move_begin                               0x200000d4   Data           1  orbital.o(.data)
    m_start                                  0x200000d5   Data           1  orbital.o(.data)
    move_begin_backup                        0x200000d6   Data           1  orbital.o(.data)
    minutes                                  0x200000d7   Data           1  orbital.o(.data)
    seconds                                  0x200000d8   Data           1  orbital.o(.data)
    check_start_point                        0x200000d9   Data           1  orbital.o(.data)
    ramp_flag                                0x200000da   Data           1  orbital.o(.data)
    move_mode                                0x200000db   Data           1  orbital.o(.data)
    locus_numb                               0x200000dc   Data           1  orbital.o(.data)
    Inverse_Dis                              0x200000dd   Data           1  orbital.o(.data)
    adj_parm_sel                             0x200000de   Data           1  orbital.o(.data)
    delay_time_set                           0x200000df   Data           1  orbital.o(.data)
    video_fisrt_time                         0x200000e0   Data           1  orbital.o(.data)
    manual_flag                              0x200000e1   Data           1  orbital.o(.data)
    get_init_tag                             0x200000e2   Data           1  orbital.o(.data)
    get_init_time                            0x200000e4   Data           2  orbital.o(.data)
    led_time                                 0x200000e6   Data           2  orbital.o(.data)
    sub_contunue                             0x200000e8   Data           2  orbital.o(.data)
    add_contunue                             0x200000ea   Data           2  orbital.o(.data)
    MS_count                                 0x200000ec   Data           2  orbital.o(.data)
    p_amount                                 0x200000ee   Data           2  orbital.o(.data)
    p_move_step                              0x200000f0   Data           2  orbital.o(.data)
    hours                                    0x200000f2   Data           2  orbital.o(.data)
    addend_value                             0x200000f4   Data           2  orbital.o(.data)
    connection_flag                          0x200000f6   Data           2  orbital.o(.data)
    V_agnle                                  0x200000f8   Data           2  orbital.o(.data)
    H_agnle                                  0x200000fa   Data           2  orbital.o(.data)
    fps_buffer                               0x200000fc   Data           3  orbital.o(.data)
    D_amount                                 0x200000ff   Data           4  orbital.o(.data)
    move_time_bakeup                         0x20000104   Data           4  orbital.o(.data)
    p_move_time                              0x20000108   Data           4  orbital.o(.data)
    dynamic_speed                            0x2000010c   Data           4  orbital.o(.data)
    boot_time                                0x20000110   Data           4  orbital.o(.data)
    value_add                                0x20000114   Data           4  orbital.o(.data)
    reverse_cur                              0x20000118   Data           1  orbital.o(.data)
    ramp_flag11                              0x20000119   Data           1  orbital.o(.data)
    scan_cycle                               0x2000011a   Data           1  keyscan.o(.data)
    key_final_status                         0x2000011b   Data           1  keyscan.o(.data)
    return_key                               0x2000011c   Data           1  keyscan.o(.data)
    keyup_status                             0x2000011d   Data           1  keyscan.o(.data)
    keydown_status                           0x2000011e   Data           1  keyscan.o(.data)
    keyleft_status                           0x2000011f   Data           1  keyscan.o(.data)
    keyright_status                          0x20000120   Data           1  keyscan.o(.data)
    keyok_status                             0x20000121   Data           1  keyscan.o(.data)
    keyPwr_status                            0x20000122   Data           1  keyscan.o(.data)
    keyMain_status                           0x20000123   Data           1  keyscan.o(.data)
    keyShut_status                           0x20000124   Data           1  keyscan.o(.data)
    key_debounce                             0x20000125   Data           1  keyscan.o(.data)
    Pwrkey_debounce                          0x20000126   Data           1  keyscan.o(.data)
    powers_off                               0x20000127   Data           1  keyscan.o(.data)
    return_key_time                          0x20000128   Data           2  keyscan.o(.data)
    key_contunue_cout                        0x2000012a   Data           2  keyscan.o(.data)
    press_time                               0x2000012c   Data           2  keyscan.o(.data)
    continues                                0x2000012e   Data           2  keyscan.o(.data)
    Battery_percentage                       0x20000130   Data           1  oled.o(.data)
    POINT_COLOR                              0x20000134   Data           4  oled.o(.data)
    z_buffer                                 0x20000138   Data           4  oled.o(.data)
    battery_colour                           0x2000013c   Data           4  oled.o(.data)
    m_battery_colour                         0x20000140   Data           4  oled.o(.data)
    send_mode                                0x20000144   Data           1  pair.o(.data)
    Pair_times                               0x20000146   Data           2  pair.o(.data)
    lowbattery_dis_if                        0x2000014c   Data           1  low_power.o(.data)
    charge_tag                               0x2000014d   Data           1  low_power.o(.data)
    rtc_wackup                               0x2000014e   Data           1  low_power.o(.data)
    active_time_out                          0x20000150   Data           4  low_power.o(.data)
    boot_action                              0x20000154   Data           1  bootloader.o(.data)
    ab_set_if                                0x2000015c   Data           1  ab_set.o(.data)
    DDab_set_if                              0x2000015d   Data           1  ab_set.o(.data)
    GPab_set_if                              0x2000015e   Data           1  ab_set.o(.data)
    mode_back                                0x2000015f   Data           1  ab_set.o(.data)
    adc_init                                 0x20000164   Data           1  adc.o(.data)
    ADCConvertedValue                        0x20000168   Data           2  adc.o(.data)
    adc_send_time                            0x2000016a   Data           2  adc.o(.data)
    low_voltage                              0x2000016c   Data           2  adc.o(.data)
    adc_back                                 0x20000170   Data           4  adc.o(.data)
    adc_cenrent                              0x20000174   Data           4  adc.o(.data)
    adc_active                               0x20000178   Data           4  adc.o(.data)
    id_add                                   0x2000017c   Data           1  specialty_mode.o(.data)
    id_add_back                              0x2000017d   Data           1  specialty_mode.o(.data)
    mode_id                                  0x2000017e   Data           1  specialty_mode.o(.data)
    mid_cr_back                              0x2000017f   Data           1  specialty_mode.o(.data)
    mid_cr                                   0x20000180   Data           1  specialty_mode.o(.data)
    pid_cr                                   0x20000181   Data           1  specialty_mode.o(.data)
    fanye                                    0x20000182   Data           1  specialty_mode.o(.data)
    Reshot                                   0x20000183   Data           1  specialty_mode.o(.data)
    sp_start                                 0x20000184   Data           1  specialty_mode.o(.data)
    enter_time                               0x20000186   Data           2  specialty_mode.o(.data)
    sp_lip                                   0x20000188   Data           8  specialty_mode.o(.data)
    count_tag                                0x20000190   Data           1  video.o(.data)
    v_seconds                                0x20000191   Data           1  video.o(.data)
    v_minutes                                0x20000192   Data           1  video.o(.data)
    v_hours                                  0x20000193   Data           1  video.o(.data)
    motor_statu                              0x20000194   Data           1  video.o(.data)
    tims_count                               0x20000196   Data           2  video.o(.data)
    app_read_buffer                          0x20000198   Data          40  uart.o(.bss)
    usart_rev                                0x200001c0   Data          42  uart.o(.bss)
    usart_send                               0x200001ea   Data          26  uart.o(.bss)
    usart22_rev                              0x20000204   Data          22  uart.o(.bss)
    usart22_send                             0x2000021a   Data          25  uart.o(.bss)
    App_Buffer                               0x20000233   Data         176  uart.o(.bss)
    App_buffer_spt                           0x200002e3   Data          22  uart.o(.bss)
    glob_para                                0x200002fc   Data          88  orbital.o(.bss)
    wifi_id                                  0x20000354   Data          14  orbital.o(.bss)
    adc_buffer                               0x20000364   Data         200  adc.o(.bss)
    adc_buffer22                             0x2000042c   Data         200  adc.o(.bss)
    spe_para                                 0x200004f4   Data        2464  specialty_mode.o(.bss)
    __initial_sp                             0x20001298   Data           0  startup_stm32f030x8.o(STACK)



==============================================================================

Memory Map of the image

  Image Entry point : 0x080018b5

  Load Region LR_IROM1 (Base: 0x08001800, Size: 0x0000c790, Max: 0x0000e000, ABSOLUTE)

    Execution Region ER_IROM1 (Exec base: 0x08001800, Load base: 0x08001800, Size: 0x0000c6bc, Max: 0x0000e000, ABSOLUTE)

    Exec Addr    Load Addr    Size         Type   Attr      Idx    E Section Name        Object

    0x08001800   0x08001800   0x000000b4   Data   RO         4099    RESET               startup_stm32f030x8.o
    0x080018b4   0x080018b4   0x00000000   Code   RO         4104  * .ARM.Collect$$$$00000000  mc_p.l(entry.o)
    0x080018b4   0x080018b4   0x00000004   Code   RO         4400    .ARM.Collect$$$$00000001  mc_p.l(entry2.o)
    0x080018b8   0x080018b8   0x00000004   Code   RO         4403    .ARM.Collect$$$$00000004  mc_p.l(entry5.o)
    0x080018bc   0x080018bc   0x00000000   Code   RO         4405    .ARM.Collect$$$$00000008  mc_p.l(entry7b.o)
    0x080018bc   0x080018bc   0x00000000   Code   RO         4407    .ARM.Collect$$$$0000000A  mc_p.l(entry8b.o)
    0x080018bc   0x080018bc   0x00000008   Code   RO         4408    .ARM.Collect$$$$0000000B  mc_p.l(entry9a.o)
    0x080018c4   0x080018c4   0x00000000   Code   RO         4410    .ARM.Collect$$$$0000000D  mc_p.l(entry10a.o)
    0x080018c4   0x080018c4   0x00000000   Code   RO         4412    .ARM.Collect$$$$0000000F  mc_p.l(entry11a.o)
    0x080018c4   0x080018c4   0x00000004   Code   RO         4401    .ARM.Collect$$$$00002712  mc_p.l(entry2.o)
    0x080018c8   0x080018c8   0x0000001c   Code   RO         4100    .text               startup_stm32f030x8.o
    0x080018e4   0x080018e4   0x0000002c   Code   RO         4107    .text               mc_p.l(uidiv.o)
    0x08001910   0x08001910   0x00000024   Code   RO         4109    .text               mc_p.l(memcpya.o)
    0x08001934   0x08001934   0x00000024   Code   RO         4111    .text               mc_p.l(memseta.o)
    0x08001958   0x08001958   0x0000001a   Code   RO         4113    .text               mc_p.l(memcmp.o)
    0x08001972   0x08001972   0x0000001e   Code   RO         4115    .text               mc_p.l(strncmp.o)
    0x08001990   0x08001990   0x000000b2   Code   RO         4380    .text               mf_p.l(fadd.o)
    0x08001a42   0x08001a42   0x0000007a   Code   RO         4382    .text               mf_p.l(fmul.o)
    0x08001abc   0x08001abc   0x0000007c   Code   RO         4384    .text               mf_p.l(fdiv.o)
    0x08001b38   0x08001b38   0x00000164   Code   RO         4386    .text               mf_p.l(dadd.o)
    0x08001c9c   0x08001c9c   0x0000000e   Code   RO         4388    .text               mf_p.l(ffltui.o)
    0x08001caa   0x08001caa   0x00000028   Code   RO         4390    .text               mf_p.l(ffixui.o)
    0x08001cd2   0x08001cd2   0x00000028   Code   RO         4392    .text               mf_p.l(f2d.o)
    0x08001cfa   0x08001cfa   0x00000038   Code   RO         4394    .text               mf_p.l(d2f.o)
    0x08001d32   0x08001d32   0x00000002   PAD
    0x08001d34   0x08001d34   0x00000014   Code   RO         4396    .text               mf_p.l(cfcmple.o)
    0x08001d48   0x08001d48   0x00000014   Code   RO         4398    .text               mf_p.l(cfrcmple.o)
    0x08001d5c   0x08001d5c   0x00000060   Code   RO         4417    .text               mc_p.l(uldiv.o)
    0x08001dbc   0x08001dbc   0x00000020   Code   RO         4419    .text               mc_p.l(llshl.o)
    0x08001ddc   0x08001ddc   0x00000026   Code   RO         4421    .text               mc_p.l(llsshr.o)
    0x08001e02   0x08001e02   0x00000000   Code   RO         4423    .text               mc_p.l(iusefp.o)
    0x08001e02   0x08001e02   0x00000082   Code   RO         4424    .text               mf_p.l(fepilogue.o)
    0x08001e84   0x08001e84   0x000000be   Code   RO         4426    .text               mf_p.l(depilogue.o)
    0x08001f42   0x08001f42   0x00000002   PAD
    0x08001f44   0x08001f44   0x000000d0   Code   RO         4430    .text               mf_p.l(dmul.o)
    0x08002014   0x08002014   0x000000f0   Code   RO         4432    .text               mf_p.l(ddiv.o)
    0x08002104   0x08002104   0x00000040   Code   RO         4434    .text               mf_p.l(dfixul.o)
    0x08002144   0x08002144   0x00000028   Code   RO         4436    .text               mf_p.l(cdrcmple.o)
    0x0800216c   0x0800216c   0x00000024   Code   RO         4438    .text               mc_p.l(init.o)
    0x08002190   0x08002190   0x00000022   Code   RO         4441    .text               mc_p.l(llushr.o)
    0x080021b2   0x080021b2   0x00000002   PAD
    0x080021b4   0x080021b4   0x00000038   Code   RO         2833    i.ADC_GetCalibrationFactor  adc.o
    0x080021ec   0x080021ec   0x00000058   Code   RO         2487    i.ADC_shutdown      low_power.o
    0x08002244   0x08002244   0x00000010   Code   RO         2834    i.A_d_c_int         adc.o
    0x08002254   0x08002254   0x00000034   Code   RO         2835    i.Adc_Gpio_init     adc.o
    0x08002288   0x08002288   0x00000078   Code   RO         2836    i.Adc_function_init  adc.o
    0x08002300   0x08002300   0x00000056   Code   RO         1901    i.Address_set       oled.o
    0x08002356   0x08002356   0x00000148   Code   RO         2681    i.Algorithm_0       uid_encryption.o
    0x0800249e   0x0800249e   0x0000014e   Code   RO         2682    i.Algorithm_1       uid_encryption.o
    0x080025ec   0x080025ec   0x0000014e   Code   RO         2683    i.Algorithm_2       uid_encryption.o
    0x0800273a   0x0800273a   0x00000146   Code   RO         2684    i.Algorithm_3       uid_encryption.o
    0x08002880   0x08002880   0x00000144   Code   RO         2685    i.Algorithm_4       uid_encryption.o
    0x080029c4   0x080029c4   0x00000074   Code   RO         2929    i.Angle_dis         specialty_mode.o
    0x08002a38   0x08002a38   0x00000016   Code   RO         1713    i.Boost_init        gpio.o
    0x08002a4e   0x08002a4e   0x00000002   PAD
    0x08002a50   0x08002a50   0x00000060   Code   RO         1000    i.Brightness_dis    orbital.o
    0x08002ab0   0x08002ab0   0x00000144   Code   RO         2243    i.Burn_code_value   pair.o
    0x08002bf4   0x08002bf4   0x0000003c   Code   RO         1902    i.Charging_Dis      oled.o
    0x08002c30   0x08002c30   0x00000020   Code   RO          885    i.Check_Buffer_Empty  config.o
    0x08002c50   0x08002c50   0x00000018   Code   RO         1903    i.Check_String      oled.o
    0x08002c68   0x08002c68   0x0000001a   Code   RO         1904    i.Check_String_Size  oled.o
    0x08002c82   0x08002c82   0x00000002   PAD
    0x08002c84   0x08002c84   0x00000088   Code   RO         2930    i.ConfirmOrCancel_dis  specialty_mode.o
    0x08002d0c   0x08002d0c   0x000000b8   Code   RO         2931    i.Cunrent_para_display  specialty_mode.o
    0x08002dc4   0x08002dc4   0x000001f8   Code   RO         2932    i.Current_Status_display  specialty_mode.o
    0x08002fbc   0x08002fbc   0x00000002   Code   RO          200    i.DMA1_Channel1_IRQHandler  stm32f0xx_it.o
    0x08002fbe   0x08002fbe   0x00000008   Code   RO          201    i.DMA1_Channel2_3_IRQHandler  stm32f0xx_it.o
    0x08002fc6   0x08002fc6   0x00000008   Code   RO          202    i.DMA1_Channel4_5_IRQHandler  stm32f0xx_it.o
    0x08002fce   0x08002fce   0x00000002   PAD
    0x08002fd0   0x08002fd0   0x00000130   Code   RO         1001    i.Delay_amount_adjust  orbital.o
    0x08003100   0x08003100   0x00000040   Code   RO         1002    i.Delay_mode_cursor_shift  orbital.o
    0x08003140   0x08003140   0x00000044   Code   RO         1003    i.Delay_pix_amt_display  orbital.o
    0x08003184   0x08003184   0x0000001c   Code   RO         1716    i.Device_init       gpio.o
    0x080031a0   0x080031a0   0x0000002c   Code   RO          343    i.Dma_SendIRQ_Dispose  uart.o
    0x080031cc   0x080031cc   0x000000b4   Code   RO         2837    i.Dma_int           adc.o
    0x08003280   0x08003280   0x00000014   Code   RO          203    i.EXTI2_3_IRQHandler  stm32f0xx_it.o
    0x08003294   0x08003294   0x00000040   Code   RO          204    i.EXTI4_15_IRQHandler  stm32f0xx_it.o
    0x080032d4   0x080032d4   0x00000124   Code   RO         2244    i.Enter_into_Pair   pair.o
    0x080033f8   0x080033f8   0x00000038   Code   RO          745    i.FLASH_ErasePage   flash.o
    0x08003430   0x08003430   0x00000028   Code   RO          746    i.FLASH_GetStatus   flash.o
    0x08003458   0x08003458   0x00000010   Code   RO          747    i.FLASH_Lock        flash.o
    0x08003468   0x08003468   0x00000034   Code   RO          752    i.FLASH_ProgramHalfWord  flash.o
    0x0800349c   0x0800349c   0x00000020   Code   RO          753    i.FLASH_Unlock      flash.o
    0x080034bc   0x080034bc   0x00000022   Code   RO          754    i.FLASH_WaitForLastOperation  flash.o
    0x080034de   0x080034de   0x00000002   PAD
    0x080034e0   0x080034e0   0x00000010   Code   RO           61    i.Feed_IWDG         main.o
    0x080034f0   0x080034f0   0x0000001a   Code   RO         1717    i.GPIO_INUP_Init    gpio.o
    0x0800350a   0x0800350a   0x0000001c   Code   RO         1718    i.GPIO_OUT_init     gpio.o
    0x08003526   0x08003526   0x00000002   PAD
    0x08003528   0x08003528   0x0000007c   Code   RO         2933    i.Get_data_from_Motor  specialty_mode.o
    0x080035a4   0x080035a4   0x0000006c   Code   RO         1005    i.Group_page_OK     orbital.o
    0x08003610   0x08003610   0x0000009c   Code   RO         1006    i.Group_pix_amt_compara_dis  orbital.o
    0x080036ac   0x080036ac   0x00000070   Code   RO         1007    i.Group_shut_mode_display  orbital.o
    0x0800371c   0x0800371c   0x00000034   Code   RO         3985    i.HAL_PWR_EnterSTOPMode  stm32f0xx_hal_pwr.o
    0x08003750   0x08003750   0x00000002   Code   RO          205    i.HardFault_Handler  stm32f0xx_it.o
    0x08003752   0x08003752   0x00000026   Code   RO         2246    i.ICcode_checksum_verify  pair.o
    0x08003778   0x08003778   0x00000010   Code   RO         2318    i.Irq_gpio_init     rf24l01.o
    0x08003788   0x08003788   0x00000050   Code   RO         1601    i.Key_To_Pair       keyscan.o
    0x080037d8   0x080037d8   0x0000002c   Code   RO         1910    i.LCD_Clear         oled.o
    0x08003804   0x08003804   0x0000004c   Code   RO         1915    i.LCD_Fill          oled.o
    0x08003850   0x08003850   0x000000f0   Code   RO         1916    i.LCD_P16x16Str     oled.o
    0x08003940   0x08003940   0x00000098   Code   RO         1917    i.LCD_P8x16Str      oled.o
    0x080039d8   0x080039d8   0x0000001e   Code   RO         1922    i.LCD_WR_DATA       oled.o
    0x080039f6   0x080039f6   0x00000012   Code   RO         1923    i.LCD_WR_DATA8      oled.o
    0x08003a08   0x08003a08   0x00000012   Code   RO         1924    i.LCD_WR_REG        oled.o
    0x08003a1a   0x08003a1a   0x00000002   PAD
    0x08003a1c   0x08003a1c   0x000000a4   Code   RO         1927    i.LCD_shi_fen_miao_display  oled.o
    0x08003ac0   0x08003ac0   0x00000018   Code   RO           62    i.LL_AHB1_GRP1_EnableClock  main.o
    0x08003ad8   0x08003ad8   0x00000018   Code   RO         1721    i.LL_AHB1_GRP1_EnableClock  gpio.o
    0x08003af0   0x08003af0   0x00000018   Code   RO           63    i.LL_APB1_GRP1_EnableClock  main.o
    0x08003b08   0x08003b08   0x00000018   Code   RO         2490    i.LL_APB1_GRP1_EnableClock  low_power.o
    0x08003b20   0x08003b20   0x00000018   Code   RO          346    i.LL_DMA_DisableChannel  uart.o
    0x08003b38   0x08003b38   0x000000a0   Code   RO         3452    i.LL_EXTI_Init      stm32f0xx_ll_exti.o
    0x08003bd8   0x08003bd8   0x000000a8   Code   RO         3787    i.LL_GPIO_Init      stm32f0xx_ll_gpio.o
    0x08003c80   0x08003c80   0x0000000e   Code   RO         1602    i.LL_GPIO_IsInputPinSet  keyscan.o
    0x08003c8e   0x08003c8e   0x0000000e   Code   RO         1928    i.LL_GPIO_IsInputPinSet  oled.o
    0x08003c9c   0x08003c9c   0x0000000e   Code   RO         2319    i.LL_GPIO_IsInputPinSet  rf24l01.o
    0x08003caa   0x08003caa   0x0000000e   Code   RO         2491    i.LL_GPIO_IsInputPinSet  low_power.o
    0x08003cb8   0x08003cb8   0x0000000e   Code   RO         2838    i.LL_GPIO_IsInputPinSet  adc.o
    0x08003cc6   0x08003cc6   0x00000002   PAD
    0x08003cc8   0x08003cc8   0x00000020   Code   RO         3376    i.LL_Init1msTick    stm32f0xx_ll_utils.o
    0x08003ce8   0x08003ce8   0x00000018   Code   RO         3488    i.LL_RCC_GetSystemClocksFreq  stm32f0xx_ll_rcc.o
    0x08003d00   0x08003d00   0x00000054   Code   RO         3489    i.LL_RCC_GetUSARTClockFreq  stm32f0xx_ll_rcc.o
    0x08003d54   0x08003d54   0x00000014   Code   RO         2492    i.LL_RCC_SetSysClkSource  low_power.o
    0x08003d68   0x08003d68   0x00000024   Code   RO         3832    i.LL_RTC_ALMA_ConfigTime  stm32f0xx_ll_rtc.o
    0x08003d8c   0x08003d8c   0x000000c8   Code   RO         3833    i.LL_RTC_ALMA_Init  stm32f0xx_ll_rtc.o
    0x08003e54   0x08003e54   0x0000004c   Code   RO         3839    i.LL_RTC_EnterInitMode  stm32f0xx_ll_rtc.o
    0x08003ea0   0x08003ea0   0x00000052   Code   RO         3841    i.LL_RTC_Init       stm32f0xx_ll_rtc.o
    0x08003ef2   0x08003ef2   0x00000002   PAD
    0x08003ef4   0x08003ef4   0x00000024   Code   RO         3843    i.LL_RTC_TIME_Config  stm32f0xx_ll_rtc.o
    0x08003f18   0x08003f18   0x00000094   Code   RO         3844    i.LL_RTC_TIME_Init  stm32f0xx_ll_rtc.o
    0x08003fac   0x08003fac   0x00000074   Code   RO         3846    i.LL_RTC_WaitForSynchro  stm32f0xx_ll_rtc.o
    0x08004020   0x08004020   0x00000064   Code   RO         3940    i.LL_SPI_Init       stm32f0xx_ll_spi.o
    0x08004084   0x08004084   0x00000020   Code   RO         1722    i.LL_SYSCFG_SetEXTISource  gpio.o
    0x080040a4   0x080040a4   0x00000084   Code   RO         3560    i.LL_TIM_Init       stm32f0xx_ll_tim.o
    0x08004128   0x08004128   0x00000058   Code   RO           64    i.LL_TIM_OC_EnablePreload  main.o
    0x08004180   0x08004180   0x00000044   Code   RO         3561    i.LL_TIM_OC_Init    stm32f0xx_ll_tim.o
    0x080041c4   0x080041c4   0x000000ac   Code   RO         3680    i.LL_USART_Init     stm32f0xx_ll_usart.o
    0x08004270   0x08004270   0x00000248   Code   RO         1929    i.Lcd_Init          oled.o
    0x080044b8   0x080044b8   0x00000016   Code   RO         2686    i.LittleEndia_BigEndia_Interconvert_32  uid_encryption.o
    0x080044ce   0x080044ce   0x00000002   PAD
    0x080044d0   0x080044d0   0x000000ec   Code   RO         1930    i.Logo_display      oled.o
    0x080045bc   0x080045bc   0x00000018   Code   RO         2493    i.LowBattery_wakeup  low_power.o
    0x080045d4   0x080045d4   0x000000bc   Code   RO         3247    i.MX_RTC_Init       rtc.o
    0x08004690   0x08004690   0x000000c0   Code   RO           65    i.MX_TIM3_Init      main.o
    0x08004750   0x08004750   0x00000008   Code   RO          359    i.MX_USART2_UART_Init  uart.o
    0x08004758   0x08004758   0x00000034   Code   RO         1008    i.Manual_page_OK    orbital.o
    0x0800478c   0x0800478c   0x00000002   Code   RO          206    i.NMI_Handler       stm32f0xx_it.o
    0x0800478e   0x0800478e   0x00000002   PAD
    0x08004790   0x08004790   0x00000030   Code   RO         2320    i.NRF24L01_Clear_IRQ_Flag  rf24l01.o
    0x080047c0   0x080047c0   0x00000030   Code   RO         2321    i.NRF24L01_Read_Buf  rf24l01.o
    0x080047f0   0x080047f0   0x0000001c   Code   RO         2322    i.NRF24L01_Read_Reg  rf24l01.o
    0x0800480c   0x0800480c   0x00000018   Code   RO         2323    i.NRF24L01_Read_Status_Register  rf24l01.o
    0x08004824   0x08004824   0x00000054   Code   RO         2324    i.NRF24L01_RxPacket  rf24l01.o
    0x08004878   0x08004878   0x00000018   Code   RO         2325    i.NRF24L01_Set_RxAddr  rf24l01.o
    0x08004890   0x08004890   0x00000014   Code   RO         2326    i.NRF24L01_Set_TxAddr  rf24l01.o
    0x080048a4   0x080048a4   0x00000094   Code   RO         2327    i.NRF24L01_TxPacket  rf24l01.o
    0x08004938   0x08004938   0x00000030   Code   RO         2328    i.NRF24L01_Write_Buf  rf24l01.o
    0x08004968   0x08004968   0x00000024   Code   RO         2329    i.NRF24L01_Write_Reg  rf24l01.o
    0x0800498c   0x0800498c   0x00000094   Code   RO         2330    i.NRF24L01_check    rf24l01.o
    0x08004a20   0x08004a20   0x00000014   Code   RO         2494    i.NVIC_DisableIRQ   low_power.o
    0x08004a34   0x08004a34   0x00000014   Code   RO         1724    i.NVIC_EnableIRQ    gpio.o
    0x08004a48   0x08004a48   0x00000044   Code   RO           66    i.NVIC_SetPriority  main.o
    0x08004a8c   0x08004a8c   0x00000044   Code   RO          360    i.NVIC_SetPriority  uart.o
    0x08004ad0   0x08004ad0   0x00000044   Code   RO         1725    i.NVIC_SetPriority  gpio.o
    0x08004b14   0x08004b14   0x0000001c   Code   RO         2495    i.NVIC_SystemReset  low_power.o
    0x08004b30   0x08004b30   0x0000003c   Code   RO         2331    i.Nrf24L01_init     rf24l01.o
    0x08004b6c   0x08004b6c   0x0000008c   Code   RO         3564    i.OC1Config         stm32f0xx_ll_tim.o
    0x08004bf8   0x08004bf8   0x00000090   Code   RO         3565    i.OC2Config         stm32f0xx_ll_tim.o
    0x08004c88   0x08004c88   0x00000098   Code   RO         3566    i.OC3Config         stm32f0xx_ll_tim.o
    0x08004d20   0x08004d20   0x00000074   Code   RO         3567    i.OC4Config         stm32f0xx_ll_tim.o
    0x08004d94   0x08004d94   0x000000c4   Code   RO         1932    i.Oled_EnlPrint     oled.o
    0x08004e58   0x08004e58   0x00000054   Code   RO         2934    i.Page_preinstall_move_return  specialty_mode.o
    0x08004eac   0x08004eac   0x000000a0   Code   RO         2248    i.Pair_send_data    pair.o
    0x08004f4c   0x08004f4c   0x00000014   Code   RO         2249    i.Pairing_time      pair.o
    0x08004f60   0x08004f60   0x00000002   Code   RO          207    i.PendSV_Handler    stm32f0xx_it.o
    0x08004f62   0x08004f62   0x00000002   PAD
    0x08004f64   0x08004f64   0x000000a8   Code   RO         1603    i.Pwr_key_continue  keyscan.o
    0x0800500c   0x0800500c   0x0000001c   Code   RO         3490    i.RCC_GetHCLKClockFreq  stm32f0xx_ll_rcc.o
    0x08005028   0x08005028   0x00000018   Code   RO         3491    i.RCC_GetPCLK1ClockFreq  stm32f0xx_ll_rcc.o
    0x08005040   0x08005040   0x00000024   Code   RO         3492    i.RCC_GetSystemClockFreq  stm32f0xx_ll_rcc.o
    0x08005064   0x08005064   0x0000003c   Code   RO         3493    i.RCC_PLL_GetFreqDomain_SYS  stm32f0xx_ll_rcc.o
    0x080050a0   0x080050a0   0x00000038   Code   RO         2332    i.RF24L01_GPIO_Init  rf24l01.o
    0x080050d8   0x080050d8   0x00000090   Code   RO         2333    i.RF24L01_Init      rf24l01.o
    0x08005168   0x08005168   0x00000028   Code   RO         2335    i.RF24L01_Set_Mode  rf24l01.o
    0x08005190   0x08005190   0x0000004c   Code   RO         2250    i.RF_reconver       pair.o
    0x080051dc   0x080051dc   0x00000094   Code   RO         3248    i.RTC_AlarmConfig   rtc.o
    0x08005270   0x08005270   0x00000010   Code   RO         3249    i.RTC_Bcd2ToByte    rtc.o
    0x08005280   0x08005280   0x00000058   Code   RO         3250    i.RTC_GetTime       rtc.o
    0x080052d8   0x080052d8   0x00000030   Code   RO          208    i.RTC_IRQHandler    stm32f0xx_it.o
    0x08005308   0x08005308   0x0000004c   Code   RO         3251    i.RTC_clock_init    rtc.o
    0x08005354   0x08005354   0x00000024   Code   RO         3252    i.RTC_disable       rtc.o
    0x08005378   0x08005378   0x00000010   Code   RO          364    i.Reset_Tx_Complete  uart.o
    0x08005388   0x08005388   0x00000044   Code   RO         2496    i.Reset_theSystem   low_power.o
    0x080053cc   0x080053cc   0x000000b8   Code   RO         2935    i.ReturnOrNext_dis  specialty_mode.o
    0x08005484   0x08005484   0x00000002   Code   RO          209    i.SVC_Handler       stm32f0xx_it.o
    0x08005486   0x08005486   0x00000002   PAD
    0x08005488   0x08005488   0x0000000c   Code   RO         2735    i.Set_DDab_set_if   ab_set.o
    0x08005494   0x08005494   0x0000000c   Code   RO         2736    i.Set_Gp_set_if     ab_set.o
    0x080054a0   0x080054a0   0x0000000c   Code   RO         2737    i.Set_ab_set_if     ab_set.o
    0x080054ac   0x080054ac   0x0000000c   Code   RO         2839    i.Set_adc_back      adc.o
    0x080054b8   0x080054b8   0x00000010   Code   RO         2936    i.Set_enter_time    specialty_mode.o
    0x080054c8   0x080054c8   0x000000b4   Code   RO         2497    i.ShutDown          low_power.o
    0x0800557c   0x0800557c   0x00000060   Code   RO         1727    i.ShutDown_AllIO_High_resistance_mode  gpio.o
    0x080055dc   0x080055dc   0x00000048   Code   RO         1010    i.Speed_display     orbital.o
    0x08005624   0x08005624   0x00000098   Code   RO         1728    i.Spi_init          gpio.o
    0x080056bc   0x080056bc   0x00000014   Code   RO         1729    i.Spi_write_data    gpio.o
    0x080056d0   0x080056d0   0x00000024   Code   RO          370    i.String_Printf     uart.o
    0x080056f4   0x080056f4   0x00000002   Code   RO          210    i.SysTick_Handler   stm32f0xx_it.o
    0x080056f6   0x080056f6   0x00000002   PAD
    0x080056f8   0x080056f8   0x00000094   Code   RO           68    i.SystemClock_Config  main.o
    0x0800578c   0x0800578c   0x0000005c   Code   RO            4    i.SystemInit        system_stm32f0xx.o
    0x080057e8   0x080057e8   0x00000034   Code   RO          211    i.TIM14_IRQHandler  stm32f0xx_it.o
    0x0800581c   0x0800581c   0x00000018   Code   RO          212    i.TIM15_IRQHandler  stm32f0xx_it.o
    0x08005834   0x08005834   0x00000002   Code   RO          213    i.TIM1_BRK_UP_TRG_COM_IRQHandler  stm32f0xx_it.o
    0x08005836   0x08005836   0x00000002   PAD
    0x08005838   0x08005838   0x00000018   Code   RO          214    i.TIM3_IRQHandler   stm32f0xx_it.o
    0x08005850   0x08005850   0x0000005c   Code   RO         1011    i.Task_Percentage_Dis  orbital.o
    0x080058ac   0x080058ac   0x0000002c   Code   RO         1935    i.The_motor_battery_dis_init  oled.o
    0x080058d8   0x080058d8   0x00000078   Code   RO         1936    i.The_page_processing  oled.o
    0x08005950   0x08005950   0x00000014   Code   RO         1013    i.Time_DCount       orbital.o
    0x08005964   0x08005964   0x00000118   Code   RO         1014    i.Time_DownCount    orbital.o
    0x08005a7c   0x08005a7c   0x0000003c   Code   RO         2498    i.Time_Out_And_Enter_Stop_Mode  low_power.o
    0x08005ab8   0x08005ab8   0x00000128   Code   RO         1937    i.TurnOff_ShutDonw_Battery_dis  oled.o
    0x08005be0   0x08005be0   0x00000050   Code   RO         2688    i.UID_Encryption_Key_Check  uid_encryption.o
    0x08005c30   0x08005c30   0x0000001c   Code   RO          215    i.USART1_IRQHandler  stm32f0xx_it.o
    0x08005c4c   0x08005c4c   0x00000030   Code   RO          216    i.USART2_IRQHandler  stm32f0xx_it.o
    0x08005c7c   0x08005c7c   0x000000d8   Code   RO         1015    i.UpOrDown_adjust_para  orbital.o
    0x08005d54   0x08005d54   0x00000002   Code   RO          378    i.Usart22_Dma_SendIRQ_Dispose  uart.o
    0x08005d56   0x08005d56   0x00000002   PAD
    0x08005d58   0x08005d58   0x00000028   Code   RO          383    i.Usart22_ReadByte  uart.o
    0x08005d80   0x08005d80   0x0000001c   Code   RO          384    i.Usart22_Receiver  uart.o
    0x08005d9c   0x08005d9c   0x00000094   Code   RO          391    i.Usart22_init      uart.o
    0x08005e30   0x08005e30   0x0000001c   Code   RO         3188    i.Video_Get_downcount_times  video.o
    0x08005e4c   0x08005e4c   0x00000180   Code   RO         3189    i.Video_check_the_motor_status  video.o
    0x08005fcc   0x08005fcc   0x00000110   Code   RO         3190    i.Video_downcount_times_display  video.o
    0x080060dc   0x080060dc   0x00000064   Code   RO         1016    i.Video_mode_cursor_shift  orbital.o
    0x08006140   0x08006140   0x0000004c   Code   RO         3191    i.Video_motor_status_display  video.o
    0x0800618c   0x0800618c   0x0000000c   Code   RO         3192    i.Video_motor_status_return  video.o
    0x08006198   0x08006198   0x0000005c   Code   RO         3193    i.Video_times_downcount  video.o
    0x080061f4   0x080061f4   0x00000028   Code   RO         4354    i.__0sprintf        mc_p.l(printfa.o)
    0x0800621c   0x0800621c   0x0000002e   Code   RO         4428    i.__ARM_clz         mf_p.l(depilogue.o)
    0x0800624a   0x0800624a   0x0000001a   Code   RO         1579    i.__ARM_common_switch8  orbital.o
    0x08006264   0x08006264   0x0000000e   Code   RO         4446    i.__scatterload_copy  mc_p.l(handlers.o)
    0x08006272   0x08006272   0x00000002   Code   RO         4447    i.__scatterload_null  mc_p.l(handlers.o)
    0x08006274   0x08006274   0x0000000e   Code   RO         4448    i.__scatterload_zeroinit  mc_p.l(handlers.o)
    0x08006282   0x08006282   0x00000002   PAD
    0x08006284   0x08006284   0x00000174   Code   RO         4359    i._fp_digits        mc_p.l(printfa.o)
    0x080063f8   0x080063f8   0x000006ec   Code   RO         4360    i._printf_core      mc_p.l(printfa.o)
    0x08006ae4   0x08006ae4   0x00000020   Code   RO         4361    i._printf_post_padding  mc_p.l(printfa.o)
    0x08006b04   0x08006b04   0x0000002c   Code   RO         4362    i._printf_pre_padding  mc_p.l(printfa.o)
    0x08006b30   0x08006b30   0x0000000a   Code   RO         4364    i._sputc            mc_p.l(printfa.o)
    0x08006b3a   0x08006b3a   0x00000002   PAD
    0x08006b3c   0x08006b3c   0x000000f4   Code   RO         2738    i.ab_set_move       ab_set.o
    0x08006c30   0x08006c30   0x00000054   Code   RO         2740    i.ab_set_press_ok   ab_set.o
    0x08006c84   0x08006c84   0x00000014   Code   RO         2499    i.active_time_out_countdown  low_power.o
    0x08006c98   0x08006c98   0x00000014   Code   RO         2840    i.adc_cout          adc.o
    0x08006cac   0x08006cac   0x00000010   Code   RO         1020    i.angle_cear        orbital.o
    0x08006cbc   0x08006cbc   0x00000074   Code   RO         1021    i.angle_display     orbital.o
    0x08006d30   0x08006d30   0x00000150   Code   RO         1938    i.battery_data_display  oled.o
    0x08006e80   0x08006e80   0x0000005c   Code   RO         1939    i.battery_display   oled.o
    0x08006edc   0x08006edc   0x0000006c   Code   RO         1940    i.battery_frame_display  oled.o
    0x08006f48   0x08006f48   0x00000050   Code   RO         1941    i.battery_init      oled.o
    0x08006f98   0x08006f98   0x000000a4   Code   RO         2643    i.bootloader_action_if  bootloader.o
    0x0800703c   0x0800703c   0x000001ec   Code   RO         1942    i.bornd_code_dis    oled.o
    0x08007228   0x08007228   0x0000000c   Code   RO         2938    i.cear_the_id_add   specialty_mode.o
    0x08007234   0x08007234   0x00000014   Code   RO         1730    i.changeIO_Init     gpio.o
    0x08007248   0x08007248   0x00000024   Code   RO         1024    i.change_page       orbital.o
    0x0800726c   0x0800726c   0x0000002c   Code   RO         2741    i.check_abpoint_Set_if  ab_set.o
    0x08007298   0x08007298   0x00000048   Code   RO         1025    i.check_connection  orbital.o
    0x080072e0   0x080072e0   0x00000058   Code   RO         2644    i.check_enter_boot_if  bootloader.o
    0x08007338   0x08007338   0x0000001c   Code   RO         1026    i.check_sum_add     orbital.o
    0x08007354   0x08007354   0x00000028   Code   RO         1605    i.check_the_powers_status  keyscan.o
    0x0800737c   0x0800737c   0x00000044   Code   RO          755    i.check_uid         flash.o
    0x080073c0   0x080073c0   0x00000026   Code   RO         2336    i.checksum_verify   rf24l01.o
    0x080073e6   0x080073e6   0x00000002   PAD
    0x080073e8   0x080073e8   0x00000850   Code   RO         1943    i.chinese_page_dis  oled.o
    0x08007c38   0x08007c38   0x00000068   Code   RO          887    i.config_page_ok    config.o
    0x08007ca0   0x08007ca0   0x00000234   Code   RO         1028    i.controller_send_data_to_motor  orbital.o
    0x08007ed4   0x08007ed4   0x0000000c   Code   RO         3194    i.count_tag_set     video.o
    0x08007ee0   0x08007ee0   0x0000004c   Code   RO          888    i.cursor_count      config.o
    0x08007f2c   0x08007f2c   0x00000064   Code   RO          889    i.cursor_display    config.o
    0x08007f90   0x08007f90   0x00000084   Code   RO         1030    i.cursor_glint      orbital.o
    0x08008014   0x08008014   0x00000080   Code   RO         1031    i.cursor_shift      orbital.o
    0x08008094   0x08008094   0x00000040   Code   RO         1032    i.data_count        orbital.o
    0x080080d4   0x080080d4   0x000000d4   Code   RO         1040    i.delay_page_ok     orbital.o
    0x080081a8   0x080081a8   0x00000088   Code   RO         2939    i.delet_paraORmode  specialty_mode.o
    0x08008230   0x08008230   0x00000080   Code   RO         2940    i.delete_jahao      specialty_mode.o
    0x080082b0   0x080082b0   0x00000090   Code   RO         2500    i.disable_interrupt  low_power.o
    0x08008340   0x08008340   0x0000004a   Code   RO         2337    i.drv_spi_read_write_byte  rf24l01.o
    0x0800838a   0x0800838a   0x00000002   PAD
    0x0800838c   0x0800838c   0x0000003c   Code   RO         1044    i.durationORdelay_time_dis  orbital.o
    0x080083c8   0x080083c8   0x0000001c   Code   RO         2501    i.enable_interrupt  low_power.o
    0x080083e4   0x080083e4   0x00000834   Code   RO         1944    i.english_page_dis  oled.o
    0x08008c18   0x08008c18   0x00000020   Code   RO         2645    i.enter_bootloader  bootloader.o
    0x08008c38   0x08008c38   0x00000012   Code   RO          756    i.erase_flash_OnePage  flash.o
    0x08008c4a   0x08008c4a   0x00000002   PAD
    0x08008c4c   0x08008c4c   0x00000044   Code   RO          891    i.factory_set_display  config.o
    0x08008c90   0x08008c90   0x000000ac   Code   RO         2841    i.filtering         adc.o
    0x08008d3c   0x08008d3c   0x00000058   Code   RO         1945    i.float_time_dis    oled.o
    0x08008d94   0x08008d94   0x00000054   Code   RO         1047    i.get_data_form_A650  orbital.o
    0x08008de8   0x08008de8   0x0000005c   Code   RO         1048    i.get_init_from_A650  orbital.o
    0x08008e44   0x08008e44   0x000000b4   Code   RO         1050    i.hours_time_dis    orbital.o
    0x08008ef8   0x08008ef8   0x0000000c   Code   RO          758    i.if_write_flash    flash.o
    0x08008f04   0x08008f04   0x00000068   Code   RO         1946    i.init_dis          oled.o
    0x08008f6c   0x08008f6c   0x0000001e   Code   RO         1731    i.input_opendrain   gpio.o
    0x08008f8a   0x08008f8a   0x00000002   PAD
    0x08008f8c   0x08008f8c   0x00000074   Code   RO         1051    i.integer_display   orbital.o
    0x08009000   0x08009000   0x0000000c   Code   RO         1054    i.inverse_get_value  orbital.o
    0x0800900c   0x0800900c   0x0000007c   Code   RO         2941    i.jiantou_display   specialty_mode.o
    0x08009088   0x08009088   0x0000008c   Code   RO         1606    i.key_Handle        keyscan.o
    0x08009114   0x08009114   0x000001b8   Code   RO         1607    i.keyscan           keyscan.o
    0x080092cc   0x080092cc   0x00000034   Code   RO         1733    i.keyscan_pin_init  gpio.o
    0x08009300   0x08009300   0x00000002   Code   RO          892    i.language_display  config.o
    0x08009302   0x08009302   0x00000002   PAD
    0x08009304   0x08009304   0x00000128   Code   RO           70    i.main              main.o
    0x0800942c   0x0800942c   0x00000094   Code   RO          893    i.main_page_ok      config.o
    0x080094c0   0x080094c0   0x00000070   Code   RO         1056    i.manulORauto_dis   orbital.o
    0x08009530   0x08009530   0x000000b4   Code   RO         1057    i.minutes_time_dis  orbital.o
    0x080095e4   0x080095e4   0x00000070   Code   RO         2942    i.mode_and_para_sendt  specialty_mode.o
    0x08009654   0x08009654   0x0000000c   Code   RO         1947    i.motor_battery_dis  oled.o
    0x08009660   0x08009660   0x00000030   Code   RO         1058    i.motor_init        orbital.o
    0x08009690   0x08009690   0x00000048   Code   RO         1062    i.move_to_disp      orbital.o
    0x080096d8   0x080096d8   0x00000028   Code   RO         1737    i.oled_gpio_init    gpio.o
    0x08009700   0x08009700   0x00000008   Code   RO         1949    i.oled_print_page   oled.o
    0x08009708   0x08009708   0x0000003c   Code   RO         1950    i.oled_print_screen  oled.o
    0x08009744   0x08009744   0x00000020   Code   RO         1951    i.page_display      oled.o
    0x08009764   0x08009764   0x0000001c   Code   RO         1608    i.page_return       keyscan.o
    0x08009780   0x08009780   0x00000080   Code   RO          894    i.page_return_adjust  config.o
    0x08009800   0x08009800   0x000000dc   Code   RO         2943    i.paraORmode_shift  specialty_mode.o
    0x080098dc   0x080098dc   0x0000004c   Code   RO         1063    i.para_count        orbital.o
    0x08009928   0x08009928   0x00000048   Code   RO          895    i.para_init         config.o
    0x08009970   0x08009970   0x0000005c   Code   RO          759    i.para_read_from_flash  flash.o
    0x080099cc   0x080099cc   0x0000037c   Code   RO         1064    i.param_adjust      orbital.o
    0x08009d48   0x08009d48   0x000001fc   Code   RO         1065    i.param_display     orbital.o
    0x08009f44   0x08009f44   0x00000070   Code   RO         1066    i.parameter_init    orbital.o
    0x08009fb4   0x08009fb4   0x0000008c   Code   RO         2944    i.pecialty_pix_amt_display  specialty_mode.o
    0x0800a040   0x0800a040   0x00000064   Code   RO         2842    i.percentage_get    adc.o
    0x0800a0a4   0x0800a0a4   0x00000098   Code   RO         1067    i.pix_amt_compara_dis  orbital.o
    0x0800a13c   0x0800a13c   0x00000078   Code   RO         1068    i.pix_amt_display   orbital.o
    0x0800a1b4   0x0800a1b4   0x0000011c   Code   RO         1609    i.press_OK_function  keyscan.o
    0x0800a2d0   0x0800a2d0   0x00000070   Code   RO         1610    i.press_key_continue  keyscan.o
    0x0800a340   0x0800a340   0x00000058   Code   RO         1070    i.press_key_continue_if  orbital.o
    0x0800a398   0x0800a398   0x00000048   Code   RO         1738    i.pwrKey_exti_interrupt  gpio.o
    0x0800a3e0   0x0800a3e0   0x00000028   Code   RO         2945    i.pwr_key_enter_moveInterfer  specialty_mode.o
    0x0800a408   0x0800a408   0x00000130   Code   RO         2843    i.read_ADC_value    adc.o
    0x0800a538   0x0800a538   0x00000034   Code   RO          760    i.read_flash_holfword  flash.o
    0x0800a56c   0x0800a56c   0x000005e8   Code   RO         1071    i.receiver_data_from_A650  orbital.o
    0x0800ab54   0x0800ab54   0x00000004   Code   RO         1072    i.remotoe_cursor_dispose  orbital.o
    0x0800ab58   0x0800ab58   0x0000000c   Code   RO         2743    i.return_mode_back  ab_set.o
    0x0800ab64   0x0800ab64   0x0000000c   Code   RO         1611    i.return_powers     keyscan.o
    0x0800ab70   0x0800ab70   0x0000005c   Code   RO         1612    i.scan_cycle_count  keyscan.o
    0x0800abcc   0x0800abcc   0x000000e4   Code   RO         1073    i.secondes_time_dis  orbital.o
    0x0800acb0   0x0800acb0   0x00000020   Code   RO          398    i.send_interval_count  uart.o
    0x0800acd0   0x0800acd0   0x0000001c   Code   RO         2503    i.set_active_time_out  low_power.o
    0x0800acec   0x0800acec   0x00000002   Code   RO         1074    i.set_addend_data   orbital.o
    0x0800acee   0x0800acee   0x00000002   PAD
    0x0800acf0   0x0800acf0   0x0000000c   Code   RO         2744    i.set_mode_back     ab_set.o
    0x0800acfc   0x0800acfc   0x0000000c   Code   RO         1613    i.set_power_on_int  keyscan.o
    0x0800ad08   0x0800ad08   0x00000010   Code   RO         1614    i.set_press_time    keyscan.o
    0x0800ad18   0x0800ad18   0x0000000c   Code   RO         2504    i.set_rtc_wackup    low_power.o
    0x0800ad24   0x0800ad24   0x00000068   Code   RO         2946    i.shotting_Get_data_from_controller  specialty_mode.o
    0x0800ad8c   0x0800ad8c   0x0000000e   Code   RO         1076    i.shutKey_start     orbital.o
    0x0800ad9a   0x0800ad9a   0x00000002   PAD
    0x0800ad9c   0x0800ad9c   0x00000034   Code   RO         1077    i.single_cursor_dis  orbital.o
    0x0800add0   0x0800add0   0x00000050   Code   RO         1078    i.sleep_time_dis    orbital.o
    0x0800ae20   0x0800ae20   0x00000074   Code   RO         1080    i.slow_start_stop_dis  orbital.o
    0x0800ae94   0x0800ae94   0x000001c4   Code   RO         2947    i.specialty_cursor_id_dis  specialty_mode.o
    0x0800b058   0x0800b058   0x0000009c   Code   RO         2948    i.specialty_cursor_id_mode_dis  specialty_mode.o
    0x0800b0f4   0x0800b0f4   0x000000a0   Code   RO         2949    i.specialty_cursor_id_para_dis  specialty_mode.o
    0x0800b194   0x0800b194   0x00000050   Code   RO         2950    i.specialty_cursor_id_shift  specialty_mode.o
    0x0800b1e4   0x0800b1e4   0x00000110   Code   RO         2951    i.specialty_jiaHao_display  specialty_mode.o
    0x0800b2f4   0x0800b2f4   0x0000006c   Code   RO         2952    i.specialty_jiaHao_scan  specialty_mode.o
    0x0800b360   0x0800b360   0x0000022c   Code   RO         2953    i.specialty_mode_OKkey  specialty_mode.o
    0x0800b58c   0x0800b58c   0x00000028   Code   RO         2954    i.specialty_mode_para_clear  specialty_mode.o
    0x0800b5b4   0x0800b5b4   0x00000080   Code   RO         2955    i.specialty_move_dis  specialty_mode.o
    0x0800b634   0x0800b634   0x00000058   Code   RO         2956    i.specialty_page_mode_dis  specialty_mode.o
    0x0800b68c   0x0800b68c   0x0000014c   Code   RO         2957    i.specialty_page_para_dis  specialty_mode.o
    0x0800b7d8   0x0800b7d8   0x0000000c   Code   RO         2958    i.specialty_para_clear  specialty_mode.o
    0x0800b7e4   0x0800b7e4   0x000002ac   Code   RO         2959    i.specialty_para_sendTo_motor  specialty_mode.o
    0x0800ba90   0x0800ba90   0x00000048   Code   RO         2960    i.specialty_totaol_time_dis  specialty_mode.o
    0x0800bad8   0x0800bad8   0x00000214   Code   RO         2961    i.specielty_para_adjust  specialty_mode.o
    0x0800bcec   0x0800bcec   0x00000078   Code   RO         2962    i.specielty_para_dis  specialty_mode.o
    0x0800bd64   0x0800bd64   0x0000004c   Code   RO         2963    i.specilty_clear_han_display  specialty_mode.o
    0x0800bdb0   0x0800bdb0   0x00000014   Code   RO         2964    i.specilty_get_reshot_form_motor  specialty_mode.o
    0x0800bdc4   0x0800bdc4   0x00000078   Code   RO         2965    i.specilty_keyscan_send  specialty_mode.o
    0x0800be3c   0x0800be3c   0x0000007c   Code   RO         2966    i.specilty_page_return  specialty_mode.o
    0x0800beb8   0x0800beb8   0x00000014   Code   RO         2967    i.splty_mode_time_count  specialty_mode.o
    0x0800becc   0x0800becc   0x00000140   Code   RO         1083    i.status_display    orbital.o
    0x0800c00c   0x0800c00c   0x00000014   Code   RO         2646    i.string_lengt      bootloader.o
    0x0800c020   0x0800c020   0x00000028   Code   RO         1087    i.time_count        orbital.o
    0x0800c048   0x0800c048   0x00000018   Code   RO         1088    i.time_delay_ms     orbital.o
    0x0800c060   0x0800c060   0x00000048   Code   RO          403    i.usart1_receiver   uart.o
    0x0800c0a8   0x0800c0a8   0x00000030   Code   RO          405    i.usart22_Recdata_Handling  uart.o
    0x0800c0d8   0x0800c0d8   0x0000000c   Code   RO          406    i.usart22_read_byte  uart.o
    0x0800c0e4   0x0800c0e4   0x00000020   Code   RO         1952    i.version_dis       oled.o
    0x0800c104   0x0800c104   0x000000a4   Code   RO         1092    i.video_page_OK     orbital.o
    0x0800c1a8   0x0800c1a8   0x00000048   Code   RO         1093    i.wait_for_init     orbital.o
    0x0800c1f0   0x0800c1f0   0x0000000c   Code   RO         2339    i.wifi24G_data_Dispose  rf24l01.o
    0x0800c1fc   0x0800c1fc   0x00000048   Code   RO         2340    i.wifi24G_read_data  rf24l01.o
    0x0800c244   0x0800c244   0x000000dc   Code   RO         2341    i.wifi24G_send_data  rf24l01.o
    0x0800c320   0x0800c320   0x00000018   Code   RO         1740    i.wifi_init         gpio.o
    0x0800c338   0x0800c338   0x00000028   Code   RO         2342    i.wifi_sleep        rf24l01.o
    0x0800c360   0x0800c360   0x00000030   Code   RO          761    i.write_bootTag     flash.o
    0x0800c390   0x0800c390   0x00000028   Code   RO          762    i.write_flash_active  flash.o
    0x0800c3b8   0x0800c3b8   0x0000000e   Code   RO          763    i.write_flash_holfword  flash.o
    0x0800c3c6   0x0800c3c6   0x00000002   PAD
    0x0800c3c8   0x0800c3c8   0x00000054   Code   RO          764    i.write_flash_holfword_buffer  flash.o
    0x0800c41c   0x0800c41c   0x00000010   Data   RO            5    .constdata          system_stm32f0xx.o
    0x0800c42c   0x0800c42c   0x00000008   Data   RO            6    .constdata          system_stm32f0xx.o
    0x0800c434   0x0800c434   0x0000000e   Data   RO           71    .constdata          main.o
    0x0800c442   0x0800c442   0x00000005   Data   RO          411    .constdata          uart.o
    0x0800c447   0x0800c447   0x00000001   PAD
    0x0800c448   0x0800c448   0x000017d2   Data   RO         1953    .constdata          oled.o
    0x0800dc1a   0x0800dc1a   0x00000002   PAD
    0x0800dc1c   0x0800dc1c   0x00000014   Data   RO         2689    .constdata          uid_encryption.o
    0x0800dc30   0x0800dc30   0x00000005   Data   RO         2845    .constdata          adc.o
    0x0800dc35   0x0800dc35   0x00000003   PAD
    0x0800dc38   0x0800dc38   0x00000263   Data   RO         1957    .conststring        oled.o
    0x0800de9b   0x0800de9b   0x00000001   PAD
    0x0800de9c   0x0800de9c   0x00000020   Data   RO         4444    Region$$Table       anon$$obj.o


    Execution Region RW_IRAM1 (Exec base: 0x200000c4, Load base: 0x0800debc, Size: 0x000011d4, Max: 0x00002000, ABSOLUTE)

    Exec Addr    Load Addr    Size         Type   Attr      Idx    E Section Name        Object

    0x200000c4   0x0800debc   0x00000004   Data   RW          413    .data               uart.o
    0x200000c8   0x0800dec0   0x00000001   Data   RW          765    .data               flash.o
    0x200000c9   0x0800dec1   0x00000006   Data   RW          896    .data               config.o
    0x200000cf   0x0800dec7   0x00000001   PAD
    0x200000d0   0x0800dec8   0x00000048   Data   RW         1095    .data               orbital.o
    0x20000118   0x0800df10   0x00000001   Data   RW         1097    .data               orbital.o
    0x20000119   0x0800df11   0x00000001   Data   RW         1098    .data               orbital.o
    0x2000011a   0x0800df12   0x00000016   Data   RW         1615    .data               keyscan.o
    0x20000130   0x0800df28   0x00000014   Data   RW         1959    .data               oled.o
    0x20000144   0x0800df3c   0x00000004   Data   RW         2254    .data               pair.o
    0x20000148   0x0800df40   0x00000003   Data   RW         2345    .data               rf24l01.o
    0x2000014b   0x0800df43   0x00000001   PAD
    0x2000014c   0x0800df44   0x00000008   Data   RW         2505    .data               low_power.o
    0x20000154   0x0800df4c   0x00000001   Data   RW         2647    .data               bootloader.o
    0x20000155   0x0800df4d   0x00000003   PAD
    0x20000158   0x0800df50   0x00000004   Data   RW         2690    .data               uid_encryption.o
    0x2000015c   0x0800df54   0x00000007   Data   RW         2749    .data               ab_set.o
    0x20000163   0x0800df5b   0x00000001   PAD
    0x20000164   0x0800df5c   0x00000018   Data   RW         2846    .data               adc.o
    0x2000017c   0x0800df74   0x00000014   Data   RW         2969    .data               specialty_mode.o
    0x20000190   0x0800df88   0x00000008   Data   RW         3195    .data               video.o
    0x20000198        -       0x00000161   Zero   RW          408    .bss                uart.o
    0x200002f9   0x0800df90   0x00000003   PAD
    0x200002fc        -       0x00000066   Zero   RW         1094    .bss                orbital.o
    0x20000362   0x0800df90   0x00000002   PAD
    0x20000364        -       0x00000190   Zero   RW         2844    .bss                adc.o
    0x200004f4        -       0x000009a0   Zero   RW         2968    .bss                specialty_mode.o
    0x20000e94   0x0800df90   0x00000004   PAD
    0x20000e98        -       0x00000400   Zero   RW         4097    STACK               startup_stm32f030x8.o


==============================================================================

Image component sizes


      Code (inc. data)   RO Data    RW Data    ZI Data      Debug   Object Name

       432         66          0          7          0      10610   ab_set.o
      1046        152          5         24        400      43188   adc.o
       304         48          0          1          0       3043   bootloader.o
       730         80          0          6          0      30460   config.o
       658        104          0          1          0      10343   flash.o
       754         90          0          0          0      38427   gpio.o
      1438        140          0         22          0      15700   keyscan.o
       758        132          0          8          0      94381   low_power.o
       856        106         14          0          0      68161   main.o
      8100       3208       6709         20          0      32385   oled.o
      8666       1250          0         74        102      49539   orbital.o
       910         86          0          4          0       5724   pair.o
      1442        128          0          3          0      19293   rf24l01.o
       552         60          0          0          0      46565   rtc.o
      6516        904          0         20       2464      31170   specialty_mode.o
        28          8        180          0       1024        608   startup_stm32f030x8.o
        52          8          0          0          0        640   stm32f0xx_hal_pwr.o
       338         56          0          0          0      76969   stm32f0xx_it.o
       160          4          0          0          0       4911   stm32f0xx_ll_exti.o
       168          0          0          0          0       6783   stm32f0xx_ll_gpio.o
       256         44          0          0          0      17080   stm32f0xx_ll_rcc.o
       694         28          0          0          0      25899   stm32f0xx_ll_rtc.o
       100          8          0          0          0      11282   stm32f0xx_ll_spi.o
       752         92          0          0          0      34447   stm32f0xx_ll_tim.o
       172         16          0          0          0      16952   stm32f0xx_ll_usart.o
        32          6          0          0          0       1681   stm32f0xx_ll_utils.o
        92         14         24          0          0     180207   system_stm32f0xx.o
       578         94          5          4        353      34932   uart.o
      1748         10         20          4          0       5774   uid_encryption.o
       876        230          0          8          0       5171   video.o

    ----------------------------------------------------------------------
     39254       7172       6996        212       4352     922325   Object Totals
         0          0         32          0          0          0   (incl. Generated)
        46          0          7          6          9          0   (incl. Padding)

    ----------------------------------------------------------------------

      Code (inc. data)   RO Data    RW Data    ZI Data      Debug   Library Member Name

         0          0          0          0          0          0   entry.o
         0          0          0          0          0          0   entry10a.o
         0          0          0          0          0          0   entry11a.o
         8          4          0          0          0          0   entry2.o
         4          0          0          0          0          0   entry5.o
         0          0          0          0          0          0   entry7b.o
         0          0          0          0          0          0   entry8b.o
         8          4          0          0          0          0   entry9a.o
        30          0          0          0          0          0   handlers.o
        36          8          0          0          0         68   init.o
         0          0          0          0          0          0   iusefp.o
        32          0          0          0          0         68   llshl.o
        38          0          0          0          0         68   llsshr.o
        34          0          0          0          0         68   llushr.o
        26          0          0          0          0         72   memcmp.o
        36          0          0          0          0         60   memcpya.o
        36          0          0          0          0        100   memseta.o
      2270         94          0          0          0        472   printfa.o
        30          0          0          0          0         72   strncmp.o
        44          0          0          0          0         72   uidiv.o
        96          0          0          0          0         84   uldiv.o
        40          2          0          0          0         68   cdrcmple.o
        20          0          0          0          0         68   cfcmple.o
        20          0          0          0          0         68   cfrcmple.o
        56          0          0          0          0         68   d2f.o
       356          4          0          0          0        140   dadd.o
       240          6          0          0          0         84   ddiv.o
       236          0          0          0          0        216   depilogue.o
        64         10          0          0          0         68   dfixul.o
       208          6          0          0          0         88   dmul.o
        40          0          0          0          0         60   f2d.o
       178          0          0          0          0        108   fadd.o
       124          0          0          0          0         72   fdiv.o
       130          0          0          0          0        144   fepilogue.o
        40          0          0          0          0         60   ffixui.o
        14          0          0          0          0         68   ffltui.o
       122          0          0          0          0         72   fmul.o

    ----------------------------------------------------------------------
      4626        138          0          0          0       2656   Library Totals
        10          0          0          0          0          0   (incl. Padding)

    ----------------------------------------------------------------------

      Code (inc. data)   RO Data    RW Data    ZI Data      Debug   Library Name

      2728        110          0          0          0       1204   mc_p.l
      1888         28          0          0          0       1452   mf_p.l

    ----------------------------------------------------------------------
      4626        138          0          0          0       2656   Library Totals

    ----------------------------------------------------------------------

==============================================================================


      Code (inc. data)   RO Data    RW Data    ZI Data      Debug   

     43880       7310       6996        212       4352     909313   Grand Totals
     43880       7310       6996        212       4352     909313   ELF Image Totals
     43880       7310       6996        212          0          0   ROM Totals

==============================================================================

    Total RO  Size (Code + RO Data)                50876 (  49.68kB)
    Total RW  Size (RW Data + ZI Data)              4564 (   4.46kB)
    Total ROM Size (Code + RO Data + RW Data)      51088 (  49.89kB)

==============================================================================

