<!doctype html public "-//w3c//dtd html 4.0 transitional//en">
<html><head>
<title>Static Call Graph - [..\output\LG-06-CTR.axf]</title></head>
<body><HR>
<H1>Static Call Graph for image ..\output\LG-06-CTR.axf</H1><HR>
<BR><P>#&#060CALLGRAPH&#062# ARM Linker, 5060750: Last Updated: Thu Jul 25 19:19:25 2024
<BR><P>
<H3>Maximum Stack Usage =        336 bytes + Unknown(Cycles, Untraceable Function Pointers)</H3><H3>
Call chain for Maximum Stack Depth:</H3>
main &rArr; keyscan &rArr; press_OK_function &rArr; specialty_mode_OKkey &rArr; specialty_cursor_id_dis &rArr; change_page &rArr; single_cursor_dis &rArr; param_display &rArr; specialty_move_dis &rArr; status_display &rArr; Oled_EnlPrint &rArr; LCD_P8x16Str &rArr; Address_set &rArr; LCD_WR_REG
<P>
<H3>
Mutually Recursive functions
</H3> <LI><a href="#[10]">ADC1_IRQHandler</a>&nbsp;&nbsp;&nbsp;&rArr;&nbsp;&nbsp;&nbsp;<a href="#[10]">ADC1_IRQHandler</a><BR>
 <LI><a href="#[2]">HardFault_Handler</a>&nbsp;&nbsp;&nbsp;&rArr;&nbsp;&nbsp;&nbsp;<a href="#[2]">HardFault_Handler</a><BR>
</UL>
<P>
<H3>
Function Pointers
</H3><UL>
 <LI><a href="#[10]">ADC1_IRQHandler</a> from startup_stm32f030x8.o(.text) referenced from startup_stm32f030x8.o(RESET)
 <LI><a href="#[d]">DMA1_Channel1_IRQHandler</a> from stm32f0xx_it.o(i.DMA1_Channel1_IRQHandler) referenced from startup_stm32f030x8.o(RESET)
 <LI><a href="#[e]">DMA1_Channel2_3_IRQHandler</a> from stm32f0xx_it.o(i.DMA1_Channel2_3_IRQHandler) referenced from startup_stm32f030x8.o(RESET)
 <LI><a href="#[f]">DMA1_Channel4_5_IRQHandler</a> from stm32f0xx_it.o(i.DMA1_Channel4_5_IRQHandler) referenced from startup_stm32f030x8.o(RESET)
 <LI><a href="#[a]">EXTI0_1_IRQHandler</a> from startup_stm32f030x8.o(.text) referenced from startup_stm32f030x8.o(RESET)
 <LI><a href="#[b]">EXTI2_3_IRQHandler</a> from stm32f0xx_it.o(i.EXTI2_3_IRQHandler) referenced from startup_stm32f030x8.o(RESET)
 <LI><a href="#[c]">EXTI4_15_IRQHandler</a> from stm32f0xx_it.o(i.EXTI4_15_IRQHandler) referenced from startup_stm32f030x8.o(RESET)
 <LI><a href="#[8]">FLASH_IRQHandler</a> from startup_stm32f030x8.o(.text) referenced from startup_stm32f030x8.o(RESET)
 <LI><a href="#[2]">HardFault_Handler</a> from stm32f0xx_it.o(i.HardFault_Handler) referenced from startup_stm32f030x8.o(RESET)
 <LI><a href="#[19]">I2C1_IRQHandler</a> from startup_stm32f030x8.o(.text) referenced from startup_stm32f030x8.o(RESET)
 <LI><a href="#[1a]">I2C2_IRQHandler</a> from startup_stm32f030x8.o(.text) referenced from startup_stm32f030x8.o(RESET)
 <LI><a href="#[1]">NMI_Handler</a> from stm32f0xx_it.o(i.NMI_Handler) referenced from startup_stm32f030x8.o(RESET)
 <LI><a href="#[4]">PendSV_Handler</a> from stm32f0xx_it.o(i.PendSV_Handler) referenced from startup_stm32f030x8.o(RESET)
 <LI><a href="#[9]">RCC_IRQHandler</a> from startup_stm32f030x8.o(.text) referenced from startup_stm32f030x8.o(RESET)
 <LI><a href="#[7]">RTC_IRQHandler</a> from startup_stm32f030x8.o(.text) referenced from startup_stm32f030x8.o(RESET)
 <LI><a href="#[0]">Reset_Handler</a> from startup_stm32f030x8.o(.text) referenced from startup_stm32f030x8.o(RESET)
 <LI><a href="#[1b]">SPI1_IRQHandler</a> from startup_stm32f030x8.o(.text) referenced from startup_stm32f030x8.o(RESET)
 <LI><a href="#[1c]">SPI2_IRQHandler</a> from startup_stm32f030x8.o(.text) referenced from startup_stm32f030x8.o(RESET)
 <LI><a href="#[3]">SVC_Handler</a> from stm32f0xx_it.o(i.SVC_Handler) referenced from startup_stm32f030x8.o(RESET)
 <LI><a href="#[5]">SysTick_Handler</a> from stm32f0xx_it.o(i.SysTick_Handler) referenced from startup_stm32f030x8.o(RESET)
 <LI><a href="#[20]">SystemInit</a> from system_stm32f0xx.o(i.SystemInit) referenced from startup_stm32f030x8.o(.text)
 <LI><a href="#[15]">TIM14_IRQHandler</a> from stm32f0xx_it.o(i.TIM14_IRQHandler) referenced from startup_stm32f030x8.o(RESET)
 <LI><a href="#[16]">TIM15_IRQHandler</a> from stm32f0xx_it.o(i.TIM15_IRQHandler) referenced from startup_stm32f030x8.o(RESET)
 <LI><a href="#[17]">TIM16_IRQHandler</a> from startup_stm32f030x8.o(.text) referenced from startup_stm32f030x8.o(RESET)
 <LI><a href="#[18]">TIM17_IRQHandler</a> from startup_stm32f030x8.o(.text) referenced from startup_stm32f030x8.o(RESET)
 <LI><a href="#[11]">TIM1_BRK_UP_TRG_COM_IRQHandler</a> from stm32f0xx_it.o(i.TIM1_BRK_UP_TRG_COM_IRQHandler) referenced from startup_stm32f030x8.o(RESET)
 <LI><a href="#[12]">TIM1_CC_IRQHandler</a> from startup_stm32f030x8.o(.text) referenced from startup_stm32f030x8.o(RESET)
 <LI><a href="#[13]">TIM3_IRQHandler</a> from stm32f0xx_it.o(i.TIM3_IRQHandler) referenced from startup_stm32f030x8.o(RESET)
 <LI><a href="#[14]">TIM6_IRQHandler</a> from startup_stm32f030x8.o(.text) referenced from startup_stm32f030x8.o(RESET)
 <LI><a href="#[1d]">USART1_IRQHandler</a> from stm32f0xx_it.o(i.USART1_IRQHandler) referenced from startup_stm32f030x8.o(RESET)
 <LI><a href="#[1e]">USART2_IRQHandler</a> from stm32f0xx_it.o(i.USART2_IRQHandler) referenced from startup_stm32f030x8.o(RESET)
 <LI><a href="#[6]">WWDG_IRQHandler</a> from startup_stm32f030x8.o(.text) referenced from startup_stm32f030x8.o(RESET)
 <LI><a href="#[21]">__main</a> from entry.o(.ARM.Collect$$$$00000000) referenced from startup_stm32f030x8.o(.text)
 <LI><a href="#[22]">_sputc</a> from printfa.o(i._sputc) referenced from printfa.o(i.__0sprintf)
 <LI><a href="#[1f]">main</a> from main.o(i.main) referenced from entry9a.o(.ARM.Collect$$$$0000000B)
</UL>
<P>
<H3>
Global Symbols
</H3>
<P><STRONG><a name="[21]"></a>__main</STRONG> (Thumb, 0 bytes, Stack size unknown bytes, entry.o(.ARM.Collect$$$$00000000))
<BR>[Address Reference Count : 1]<UL><LI> startup_stm32f030x8.o(.text)
</UL>
<P><STRONG><a name="[17e]"></a>_main_stk</STRONG> (Thumb, 0 bytes, Stack size unknown bytes, entry2.o(.ARM.Collect$$$$00000001))

<P><STRONG><a name="[23]"></a>_main_scatterload</STRONG> (Thumb, 0 bytes, Stack size unknown bytes, entry5.o(.ARM.Collect$$$$00000004))
<BR><BR>[Calls]<UL><LI><a href="#[24]">&gt;&gt;</a>&nbsp;&nbsp;&nbsp;__scatterload
</UL>

<P><STRONG><a name="[3d]"></a>__main_after_scatterload</STRONG> (Thumb, 0 bytes, Stack size unknown bytes, entry5.o(.ARM.Collect$$$$00000004))
<BR><BR>[Called By]<UL><LI><a href="#[24]">&gt;&gt;</a>&nbsp;&nbsp;&nbsp;__scatterload
</UL>

<P><STRONG><a name="[17f]"></a>_main_clock</STRONG> (Thumb, 0 bytes, Stack size unknown bytes, entry7b.o(.ARM.Collect$$$$00000008))

<P><STRONG><a name="[180]"></a>_main_cpp_init</STRONG> (Thumb, 0 bytes, Stack size unknown bytes, entry8b.o(.ARM.Collect$$$$0000000A))

<P><STRONG><a name="[181]"></a>_main_init</STRONG> (Thumb, 0 bytes, Stack size unknown bytes, entry9a.o(.ARM.Collect$$$$0000000B))

<P><STRONG><a name="[182]"></a>__rt_final_cpp</STRONG> (Thumb, 0 bytes, Stack size unknown bytes, entry10a.o(.ARM.Collect$$$$0000000D))

<P><STRONG><a name="[183]"></a>__rt_final_exit</STRONG> (Thumb, 0 bytes, Stack size unknown bytes, entry11a.o(.ARM.Collect$$$$0000000F))

<P><STRONG><a name="[0]"></a>Reset_Handler</STRONG> (Thumb, 8 bytes, Stack size 0 bytes, startup_stm32f030x8.o(.text))
<BR>[Address Reference Count : 1]<UL><LI> startup_stm32f030x8.o(RESET)
</UL>
<P><STRONG><a name="[10]"></a>ADC1_IRQHandler</STRONG> (Thumb, 0 bytes, Stack size 0 bytes, startup_stm32f030x8.o(.text))
<BR><BR>[Calls]<UL><LI><a href="#[10]">&gt;&gt;</a>&nbsp;&nbsp;&nbsp;ADC1_IRQHandler
</UL>
<BR>[Called By]<UL><LI><a href="#[10]">&gt;&gt;</a>&nbsp;&nbsp;&nbsp;ADC1_IRQHandler
</UL>
<BR>[Address Reference Count : 1]<UL><LI> startup_stm32f030x8.o(RESET)
</UL>
<P><STRONG><a name="[a]"></a>EXTI0_1_IRQHandler</STRONG> (Thumb, 0 bytes, Stack size 0 bytes, startup_stm32f030x8.o(.text))
<BR>[Address Reference Count : 1]<UL><LI> startup_stm32f030x8.o(RESET)
</UL>
<P><STRONG><a name="[8]"></a>FLASH_IRQHandler</STRONG> (Thumb, 0 bytes, Stack size 0 bytes, startup_stm32f030x8.o(.text))
<BR>[Address Reference Count : 1]<UL><LI> startup_stm32f030x8.o(RESET)
</UL>
<P><STRONG><a name="[19]"></a>I2C1_IRQHandler</STRONG> (Thumb, 0 bytes, Stack size 0 bytes, startup_stm32f030x8.o(.text))
<BR>[Address Reference Count : 1]<UL><LI> startup_stm32f030x8.o(RESET)
</UL>
<P><STRONG><a name="[1a]"></a>I2C2_IRQHandler</STRONG> (Thumb, 0 bytes, Stack size 0 bytes, startup_stm32f030x8.o(.text))
<BR>[Address Reference Count : 1]<UL><LI> startup_stm32f030x8.o(RESET)
</UL>
<P><STRONG><a name="[9]"></a>RCC_IRQHandler</STRONG> (Thumb, 0 bytes, Stack size 0 bytes, startup_stm32f030x8.o(.text))
<BR>[Address Reference Count : 1]<UL><LI> startup_stm32f030x8.o(RESET)
</UL>
<P><STRONG><a name="[7]"></a>RTC_IRQHandler</STRONG> (Thumb, 0 bytes, Stack size 0 bytes, startup_stm32f030x8.o(.text))
<BR>[Address Reference Count : 1]<UL><LI> startup_stm32f030x8.o(RESET)
</UL>
<P><STRONG><a name="[1b]"></a>SPI1_IRQHandler</STRONG> (Thumb, 0 bytes, Stack size 0 bytes, startup_stm32f030x8.o(.text))
<BR>[Address Reference Count : 1]<UL><LI> startup_stm32f030x8.o(RESET)
</UL>
<P><STRONG><a name="[1c]"></a>SPI2_IRQHandler</STRONG> (Thumb, 0 bytes, Stack size 0 bytes, startup_stm32f030x8.o(.text))
<BR>[Address Reference Count : 1]<UL><LI> startup_stm32f030x8.o(RESET)
</UL>
<P><STRONG><a name="[17]"></a>TIM16_IRQHandler</STRONG> (Thumb, 0 bytes, Stack size 0 bytes, startup_stm32f030x8.o(.text))
<BR>[Address Reference Count : 1]<UL><LI> startup_stm32f030x8.o(RESET)
</UL>
<P><STRONG><a name="[18]"></a>TIM17_IRQHandler</STRONG> (Thumb, 0 bytes, Stack size 0 bytes, startup_stm32f030x8.o(.text))
<BR>[Address Reference Count : 1]<UL><LI> startup_stm32f030x8.o(RESET)
</UL>
<P><STRONG><a name="[12]"></a>TIM1_CC_IRQHandler</STRONG> (Thumb, 0 bytes, Stack size 0 bytes, startup_stm32f030x8.o(.text))
<BR>[Address Reference Count : 1]<UL><LI> startup_stm32f030x8.o(RESET)
</UL>
<P><STRONG><a name="[14]"></a>TIM6_IRQHandler</STRONG> (Thumb, 0 bytes, Stack size 0 bytes, startup_stm32f030x8.o(.text))
<BR>[Address Reference Count : 1]<UL><LI> startup_stm32f030x8.o(RESET)
</UL>
<P><STRONG><a name="[6]"></a>WWDG_IRQHandler</STRONG> (Thumb, 0 bytes, Stack size 0 bytes, startup_stm32f030x8.o(.text))
<BR>[Address Reference Count : 1]<UL><LI> startup_stm32f030x8.o(RESET)
</UL>
<P><STRONG><a name="[184]"></a>__aeabi_uidiv</STRONG> (Thumb, 0 bytes, Stack size 12 bytes, uidiv.o(.text), UNUSED)

<P><STRONG><a name="[64]"></a>__aeabi_uidivmod</STRONG> (Thumb, 44 bytes, Stack size 12 bytes, uidiv.o(.text))
<BR><BR>[Stack]<UL><LI>Max Depth = 12<LI>Call Chain = __aeabi_uidivmod
</UL>
<BR>[Called By]<UL><LI><a href="#[168]">&gt;&gt;</a>&nbsp;&nbsp;&nbsp;receiver_data_from_A650
<LI><a href="#[a1]">&gt;&gt;</a>&nbsp;&nbsp;&nbsp;LL_USART_Init
<LI><a href="#[11d]">&gt;&gt;</a>&nbsp;&nbsp;&nbsp;param_display
<LI><a href="#[70]">&gt;&gt;</a>&nbsp;&nbsp;&nbsp;controller_send_data_to_motor
<LI><a href="#[d9]">&gt;&gt;</a>&nbsp;&nbsp;&nbsp;battery_data_display
<LI><a href="#[62]">&gt;&gt;</a>&nbsp;&nbsp;&nbsp;Charging_Dis
<LI><a href="#[bc]">&gt;&gt;</a>&nbsp;&nbsp;&nbsp;Page_preinstall_move_return
<LI><a href="#[14f]">&gt;&gt;</a>&nbsp;&nbsp;&nbsp;parameter_init
<LI><a href="#[c5]">&gt;&gt;</a>&nbsp;&nbsp;&nbsp;RCC_PLL_GetFreqDomain_SYS
<LI><a href="#[fc]">&gt;&gt;</a>&nbsp;&nbsp;&nbsp;_printf_core
</UL>

<P><STRONG><a name="[5a]"></a>__aeabi_memcpy</STRONG> (Thumb, 36 bytes, Stack size 0 bytes, memcpya.o(.text))
<BR><BR>[Called By]<UL><LI><a href="#[175]">&gt;&gt;</a>&nbsp;&nbsp;&nbsp;usart22_Recdata_Handling
<LI><a href="#[4e]">&gt;&gt;</a>&nbsp;&nbsp;&nbsp;Burn_code_value
<LI><a href="#[164]">&gt;&gt;</a>&nbsp;&nbsp;&nbsp;specialty_mode_OKkey
<LI><a href="#[125]">&gt;&gt;</a>&nbsp;&nbsp;&nbsp;paraORmode_shift
</UL>

<P><STRONG><a name="[172]"></a>__aeabi_memcpy4</STRONG> (Thumb, 0 bytes, Stack size 0 bytes, memcpya.o(.text))
<BR><BR>[Called By]<UL><LI><a href="#[c7]">&gt;&gt;</a>&nbsp;&nbsp;&nbsp;specialty_jiaHao_display
</UL>

<P><STRONG><a name="[185]"></a>__aeabi_memcpy8</STRONG> (Thumb, 0 bytes, Stack size 0 bytes, memcpya.o(.text), UNUSED)

<P><STRONG><a name="[26]"></a>__aeabi_memset</STRONG> (Thumb, 14 bytes, Stack size 0 bytes, memseta.o(.text))
<BR><BR>[Called By]<UL><LI><a href="#[27]">&gt;&gt;</a>&nbsp;&nbsp;&nbsp;_memset$wrapper
<LI><a href="#[25]">&gt;&gt;</a>&nbsp;&nbsp;&nbsp;__aeabi_memclr
</UL>

<P><STRONG><a name="[186]"></a>__aeabi_memset4</STRONG> (Thumb, 0 bytes, Stack size 0 bytes, memseta.o(.text), UNUSED)

<P><STRONG><a name="[187]"></a>__aeabi_memset8</STRONG> (Thumb, 0 bytes, Stack size 0 bytes, memseta.o(.text), UNUSED)

<P><STRONG><a name="[25]"></a>__aeabi_memclr</STRONG> (Thumb, 4 bytes, Stack size 0 bytes, memseta.o(.text))
<BR><BR>[Calls]<UL><LI><a href="#[26]">&gt;&gt;</a>&nbsp;&nbsp;&nbsp;__aeabi_memset
</UL>
<BR>[Called By]<UL><LI><a href="#[116]">&gt;&gt;</a>&nbsp;&nbsp;&nbsp;specialty_mode_para_clear
<LI><a href="#[125]">&gt;&gt;</a>&nbsp;&nbsp;&nbsp;paraORmode_shift
</UL>

<P><STRONG><a name="[6a]"></a>__aeabi_memclr4</STRONG> (Thumb, 0 bytes, Stack size 0 bytes, memseta.o(.text))
<BR><BR>[Called By]<UL><LI><a href="#[107]">&gt;&gt;</a>&nbsp;&nbsp;&nbsp;bootloader_action_if
<LI><a href="#[69]">&gt;&gt;</a>&nbsp;&nbsp;&nbsp;Cunrent_para_display
<LI><a href="#[c7]">&gt;&gt;</a>&nbsp;&nbsp;&nbsp;specialty_jiaHao_display
<LI><a href="#[171]">&gt;&gt;</a>&nbsp;&nbsp;&nbsp;specialty_cursor_id_para_dis
</UL>

<P><STRONG><a name="[188]"></a>__aeabi_memclr8</STRONG> (Thumb, 0 bytes, Stack size 0 bytes, memseta.o(.text), UNUSED)

<P><STRONG><a name="[27]"></a>_memset$wrapper</STRONG> (Thumb, 18 bytes, Stack size 8 bytes, memseta.o(.text), UNUSED)
<BR><BR>[Calls]<UL><LI><a href="#[26]">&gt;&gt;</a>&nbsp;&nbsp;&nbsp;__aeabi_memset
</UL>

<P><STRONG><a name="[109]"></a>strncmp</STRONG> (Thumb, 30 bytes, Stack size 12 bytes, strncmp.o(.text))
<BR><BR>[Stack]<UL><LI>Max Depth = 12<LI>Call Chain = strncmp
</UL>
<BR>[Called By]<UL><LI><a href="#[107]">&gt;&gt;</a>&nbsp;&nbsp;&nbsp;bootloader_action_if
</UL>

<P><STRONG><a name="[28]"></a>__aeabi_fadd</STRONG> (Thumb, 162 bytes, Stack size 24 bytes, fadd.o(.text))
<BR><BR>[Stack]<UL><LI>Max Depth = 36<LI>Call Chain = __aeabi_fadd &rArr; _float_epilogue
</UL>
<BR>[Calls]<UL><LI><a href="#[2a]">&gt;&gt;</a>&nbsp;&nbsp;&nbsp;_float_round
<LI><a href="#[29]">&gt;&gt;</a>&nbsp;&nbsp;&nbsp;_float_epilogue
</UL>
<BR>[Called By]<UL><LI><a href="#[147]">&gt;&gt;</a>&nbsp;&nbsp;&nbsp;read_ADC_value
<LI><a href="#[2b]">&gt;&gt;</a>&nbsp;&nbsp;&nbsp;__aeabi_fsub
<LI><a href="#[155]">&gt;&gt;</a>&nbsp;&nbsp;&nbsp;para_count
<LI><a href="#[2c]">&gt;&gt;</a>&nbsp;&nbsp;&nbsp;__aeabi_frsub
</UL>

<P><STRONG><a name="[2b]"></a>__aeabi_fsub</STRONG> (Thumb, 8 bytes, Stack size 0 bytes, fadd.o(.text))
<BR><BR>[Stack]<UL><LI>Max Depth = 36<LI>Call Chain = __aeabi_fsub &rArr; __aeabi_fadd &rArr; _float_epilogue
</UL>
<BR>[Calls]<UL><LI><a href="#[28]">&gt;&gt;</a>&nbsp;&nbsp;&nbsp;__aeabi_fadd
</UL>
<BR>[Called By]<UL><LI><a href="#[155]">&gt;&gt;</a>&nbsp;&nbsp;&nbsp;para_count
<LI><a href="#[12c]">&gt;&gt;</a>&nbsp;&nbsp;&nbsp;filtering
</UL>

<P><STRONG><a name="[2c]"></a>__aeabi_frsub</STRONG> (Thumb, 8 bytes, Stack size 0 bytes, fadd.o(.text), UNUSED)
<BR><BR>[Calls]<UL><LI><a href="#[28]">&gt;&gt;</a>&nbsp;&nbsp;&nbsp;__aeabi_fadd
</UL>

<P><STRONG><a name="[118]"></a>__aeabi_fmul</STRONG> (Thumb, 122 bytes, Stack size 16 bytes, fmul.o(.text))
<BR><BR>[Stack]<UL><LI>Max Depth = 16<LI>Call Chain = __aeabi_fmul
</UL>
<BR>[Called By]<UL><LI><a href="#[147]">&gt;&gt;</a>&nbsp;&nbsp;&nbsp;read_ADC_value
<LI><a href="#[70]">&gt;&gt;</a>&nbsp;&nbsp;&nbsp;controller_send_data_to_motor
<LI><a href="#[162]">&gt;&gt;</a>&nbsp;&nbsp;&nbsp;percentage_get
</UL>

<P><STRONG><a name="[2d]"></a>__aeabi_fdiv</STRONG> (Thumb, 124 bytes, Stack size 16 bytes, fdiv.o(.text))
<BR><BR>[Stack]<UL><LI>Max Depth = 16<LI>Call Chain = __aeabi_fdiv
</UL>
<BR>[Calls]<UL><LI><a href="#[2a]">&gt;&gt;</a>&nbsp;&nbsp;&nbsp;_float_round
</UL>
<BR>[Called By]<UL><LI><a href="#[168]">&gt;&gt;</a>&nbsp;&nbsp;&nbsp;receiver_data_from_A650
<LI><a href="#[147]">&gt;&gt;</a>&nbsp;&nbsp;&nbsp;read_ADC_value
<LI><a href="#[162]">&gt;&gt;</a>&nbsp;&nbsp;&nbsp;percentage_get
</UL>

<P><STRONG><a name="[2e]"></a>__aeabi_dadd</STRONG> (Thumb, 328 bytes, Stack size 48 bytes, dadd.o(.text))
<BR><BR>[Stack]<UL><LI>Max Depth = 104<LI>Call Chain = __aeabi_dadd &rArr; _double_epilogue &rArr; __aeabi_llsr
</UL>
<BR>[Calls]<UL><LI><a href="#[30]">&gt;&gt;</a>&nbsp;&nbsp;&nbsp;__aeabi_lasr
<LI><a href="#[2f]">&gt;&gt;</a>&nbsp;&nbsp;&nbsp;__aeabi_llsl
<LI><a href="#[32]">&gt;&gt;</a>&nbsp;&nbsp;&nbsp;_double_round
<LI><a href="#[31]">&gt;&gt;</a>&nbsp;&nbsp;&nbsp;_double_epilogue
</UL>
<BR>[Called By]<UL><LI><a href="#[33]">&gt;&gt;</a>&nbsp;&nbsp;&nbsp;__aeabi_dsub
<LI><a href="#[12c]">&gt;&gt;</a>&nbsp;&nbsp;&nbsp;filtering
<LI><a href="#[34]">&gt;&gt;</a>&nbsp;&nbsp;&nbsp;__aeabi_drsub
<LI><a href="#[fd]">&gt;&gt;</a>&nbsp;&nbsp;&nbsp;_fp_digits
</UL>

<P><STRONG><a name="[33]"></a>__aeabi_dsub</STRONG> (Thumb, 12 bytes, Stack size 8 bytes, dadd.o(.text))
<BR><BR>[Stack]<UL><LI>Max Depth = 112<LI>Call Chain = __aeabi_dsub &rArr; __aeabi_dadd &rArr; _double_epilogue &rArr; __aeabi_llsr
</UL>
<BR>[Calls]<UL><LI><a href="#[2e]">&gt;&gt;</a>&nbsp;&nbsp;&nbsp;__aeabi_dadd
</UL>
<BR>[Called By]<UL><LI><a href="#[162]">&gt;&gt;</a>&nbsp;&nbsp;&nbsp;percentage_get
<LI><a href="#[12c]">&gt;&gt;</a>&nbsp;&nbsp;&nbsp;filtering
</UL>

<P><STRONG><a name="[34]"></a>__aeabi_drsub</STRONG> (Thumb, 12 bytes, Stack size 8 bytes, dadd.o(.text), UNUSED)
<BR><BR>[Calls]<UL><LI><a href="#[2e]">&gt;&gt;</a>&nbsp;&nbsp;&nbsp;__aeabi_dadd
</UL>

<P><STRONG><a name="[35]"></a>__aeabi_ui2f</STRONG> (Thumb, 14 bytes, Stack size 8 bytes, ffltui.o(.text))
<BR><BR>[Stack]<UL><LI>Max Depth = 20<LI>Call Chain = __aeabi_ui2f &rArr; _float_epilogue
</UL>
<BR>[Calls]<UL><LI><a href="#[29]">&gt;&gt;</a>&nbsp;&nbsp;&nbsp;_float_epilogue
</UL>
<BR>[Called By]<UL><LI><a href="#[168]">&gt;&gt;</a>&nbsp;&nbsp;&nbsp;receiver_data_from_A650
<LI><a href="#[147]">&gt;&gt;</a>&nbsp;&nbsp;&nbsp;read_ADC_value
<LI><a href="#[155]">&gt;&gt;</a>&nbsp;&nbsp;&nbsp;para_count
</UL>

<P><STRONG><a name="[106]"></a>__aeabi_f2uiz</STRONG> (Thumb, 40 bytes, Stack size 0 bytes, ffixui.o(.text))
<BR><BR>[Called By]<UL><LI><a href="#[147]">&gt;&gt;</a>&nbsp;&nbsp;&nbsp;read_ADC_value
<LI><a href="#[70]">&gt;&gt;</a>&nbsp;&nbsp;&nbsp;controller_send_data_to_motor
<LI><a href="#[d9]">&gt;&gt;</a>&nbsp;&nbsp;&nbsp;battery_data_display
<LI><a href="#[162]">&gt;&gt;</a>&nbsp;&nbsp;&nbsp;percentage_get
</UL>

<P><STRONG><a name="[131]"></a>__aeabi_f2d</STRONG> (Thumb, 40 bytes, Stack size 0 bytes, f2d.o(.text))
<BR><BR>[Called By]<UL><LI><a href="#[135]">&gt;&gt;</a>&nbsp;&nbsp;&nbsp;interval_time_dis
<LI><a href="#[162]">&gt;&gt;</a>&nbsp;&nbsp;&nbsp;percentage_get
<LI><a href="#[12c]">&gt;&gt;</a>&nbsp;&nbsp;&nbsp;filtering
</UL>

<P><STRONG><a name="[36]"></a>__aeabi_d2f</STRONG> (Thumb, 56 bytes, Stack size 8 bytes, d2f.o(.text))
<BR><BR>[Stack]<UL><LI>Max Depth = 8<LI>Call Chain = __aeabi_d2f
</UL>
<BR>[Calls]<UL><LI><a href="#[2a]">&gt;&gt;</a>&nbsp;&nbsp;&nbsp;_float_round
</UL>
<BR>[Called By]<UL><LI><a href="#[162]">&gt;&gt;</a>&nbsp;&nbsp;&nbsp;percentage_get
<LI><a href="#[12c]">&gt;&gt;</a>&nbsp;&nbsp;&nbsp;filtering
</UL>

<P><STRONG><a name="[189]"></a>__aeabi_cfcmpeq</STRONG> (Thumb, 0 bytes, Stack size 0 bytes, cfcmple.o(.text), UNUSED)

<P><STRONG><a name="[12e]"></a>__aeabi_cfcmple</STRONG> (Thumb, 20 bytes, Stack size 0 bytes, cfcmple.o(.text))
<BR><BR>[Called By]<UL><LI><a href="#[155]">&gt;&gt;</a>&nbsp;&nbsp;&nbsp;para_count
<LI><a href="#[12c]">&gt;&gt;</a>&nbsp;&nbsp;&nbsp;filtering
</UL>

<P><STRONG><a name="[130]"></a>__aeabi_cfrcmple</STRONG> (Thumb, 20 bytes, Stack size 0 bytes, cfrcmple.o(.text))
<BR><BR>[Called By]<UL><LI><a href="#[155]">&gt;&gt;</a>&nbsp;&nbsp;&nbsp;para_count
<LI><a href="#[12c]">&gt;&gt;</a>&nbsp;&nbsp;&nbsp;filtering
</UL>

<P><STRONG><a name="[37]"></a>__aeabi_uldivmod</STRONG> (Thumb, 96 bytes, Stack size 48 bytes, uldiv.o(.text), UNUSED)
<BR><BR>[Calls]<UL><LI><a href="#[38]">&gt;&gt;</a>&nbsp;&nbsp;&nbsp;__aeabi_llsr
<LI><a href="#[2f]">&gt;&gt;</a>&nbsp;&nbsp;&nbsp;__aeabi_llsl
</UL>
<BR>[Called By]<UL><LI><a href="#[fc]">&gt;&gt;</a>&nbsp;&nbsp;&nbsp;_printf_core
<LI><a href="#[fd]">&gt;&gt;</a>&nbsp;&nbsp;&nbsp;_fp_digits
</UL>

<P><STRONG><a name="[2f]"></a>__aeabi_llsl</STRONG> (Thumb, 32 bytes, Stack size 8 bytes, llshl.o(.text))
<BR><BR>[Stack]<UL><LI>Max Depth = 8<LI>Call Chain = __aeabi_llsl
</UL>
<BR>[Called By]<UL><LI><a href="#[2e]">&gt;&gt;</a>&nbsp;&nbsp;&nbsp;__aeabi_dadd
<LI><a href="#[37]">&gt;&gt;</a>&nbsp;&nbsp;&nbsp;__aeabi_uldivmod
<LI><a href="#[31]">&gt;&gt;</a>&nbsp;&nbsp;&nbsp;_double_epilogue
<LI><a href="#[3c]">&gt;&gt;</a>&nbsp;&nbsp;&nbsp;__aeabi_d2ulz
</UL>

<P><STRONG><a name="[18a]"></a>_ll_shift_l</STRONG> (Thumb, 0 bytes, Stack size 8 bytes, llshl.o(.text), UNUSED)

<P><STRONG><a name="[30]"></a>__aeabi_lasr</STRONG> (Thumb, 38 bytes, Stack size 8 bytes, llsshr.o(.text))
<BR><BR>[Stack]<UL><LI>Max Depth = 8<LI>Call Chain = __aeabi_lasr
</UL>
<BR>[Called By]<UL><LI><a href="#[2e]">&gt;&gt;</a>&nbsp;&nbsp;&nbsp;__aeabi_dadd
</UL>

<P><STRONG><a name="[18b]"></a>_ll_sshift_r</STRONG> (Thumb, 0 bytes, Stack size 8 bytes, llsshr.o(.text), UNUSED)

<P><STRONG><a name="[18c]"></a>__I$use$fp</STRONG> (Thumb, 0 bytes, Stack size 0 bytes, iusefp.o(.text), UNUSED)

<P><STRONG><a name="[2a]"></a>_float_round</STRONG> (Thumb, 16 bytes, Stack size 0 bytes, fepilogue.o(.text))
<BR><BR>[Called By]<UL><LI><a href="#[2d]">&gt;&gt;</a>&nbsp;&nbsp;&nbsp;__aeabi_fdiv
<LI><a href="#[28]">&gt;&gt;</a>&nbsp;&nbsp;&nbsp;__aeabi_fadd
<LI><a href="#[36]">&gt;&gt;</a>&nbsp;&nbsp;&nbsp;__aeabi_d2f
</UL>

<P><STRONG><a name="[29]"></a>_float_epilogue</STRONG> (Thumb, 114 bytes, Stack size 12 bytes, fepilogue.o(.text))
<BR><BR>[Stack]<UL><LI>Max Depth = 12<LI>Call Chain = _float_epilogue
</UL>
<BR>[Called By]<UL><LI><a href="#[35]">&gt;&gt;</a>&nbsp;&nbsp;&nbsp;__aeabi_ui2f
<LI><a href="#[28]">&gt;&gt;</a>&nbsp;&nbsp;&nbsp;__aeabi_fadd
</UL>

<P><STRONG><a name="[32]"></a>_double_round</STRONG> (Thumb, 26 bytes, Stack size 8 bytes, depilogue.o(.text))
<BR><BR>[Stack]<UL><LI>Max Depth = 8<LI>Call Chain = _double_round
</UL>
<BR>[Called By]<UL><LI><a href="#[2e]">&gt;&gt;</a>&nbsp;&nbsp;&nbsp;__aeabi_dadd
<LI><a href="#[31]">&gt;&gt;</a>&nbsp;&nbsp;&nbsp;_double_epilogue
<LI><a href="#[3b]">&gt;&gt;</a>&nbsp;&nbsp;&nbsp;__aeabi_ddiv
</UL>

<P><STRONG><a name="[31]"></a>_double_epilogue</STRONG> (Thumb, 164 bytes, Stack size 48 bytes, depilogue.o(.text))
<BR><BR>[Stack]<UL><LI>Max Depth = 56<LI>Call Chain = _double_epilogue &rArr; __aeabi_llsr
</UL>
<BR>[Calls]<UL><LI><a href="#[38]">&gt;&gt;</a>&nbsp;&nbsp;&nbsp;__aeabi_llsr
<LI><a href="#[39]">&gt;&gt;</a>&nbsp;&nbsp;&nbsp;__ARM_clz
<LI><a href="#[2f]">&gt;&gt;</a>&nbsp;&nbsp;&nbsp;__aeabi_llsl
<LI><a href="#[32]">&gt;&gt;</a>&nbsp;&nbsp;&nbsp;_double_round
</UL>
<BR>[Called By]<UL><LI><a href="#[2e]">&gt;&gt;</a>&nbsp;&nbsp;&nbsp;__aeabi_dadd
<LI><a href="#[3a]">&gt;&gt;</a>&nbsp;&nbsp;&nbsp;__aeabi_dmul
</UL>

<P><STRONG><a name="[3a]"></a>__aeabi_dmul</STRONG> (Thumb, 202 bytes, Stack size 72 bytes, dmul.o(.text), UNUSED)
<BR><BR>[Calls]<UL><LI><a href="#[31]">&gt;&gt;</a>&nbsp;&nbsp;&nbsp;_double_epilogue
</UL>
<BR>[Called By]<UL><LI><a href="#[fd]">&gt;&gt;</a>&nbsp;&nbsp;&nbsp;_fp_digits
</UL>

<P><STRONG><a name="[3b]"></a>__aeabi_ddiv</STRONG> (Thumb, 234 bytes, Stack size 40 bytes, ddiv.o(.text), UNUSED)
<BR><BR>[Calls]<UL><LI><a href="#[32]">&gt;&gt;</a>&nbsp;&nbsp;&nbsp;_double_round
</UL>
<BR>[Called By]<UL><LI><a href="#[fd]">&gt;&gt;</a>&nbsp;&nbsp;&nbsp;_fp_digits
</UL>

<P><STRONG><a name="[3c]"></a>__aeabi_d2ulz</STRONG> (Thumb, 54 bytes, Stack size 8 bytes, dfixul.o(.text), UNUSED)
<BR><BR>[Calls]<UL><LI><a href="#[38]">&gt;&gt;</a>&nbsp;&nbsp;&nbsp;__aeabi_llsr
<LI><a href="#[2f]">&gt;&gt;</a>&nbsp;&nbsp;&nbsp;__aeabi_llsl
</UL>
<BR>[Called By]<UL><LI><a href="#[fd]">&gt;&gt;</a>&nbsp;&nbsp;&nbsp;_fp_digits
</UL>

<P><STRONG><a name="[fe]"></a>__aeabi_cdrcmple</STRONG> (Thumb, 38 bytes, Stack size 0 bytes, cdrcmple.o(.text), UNUSED)
<BR><BR>[Called By]<UL><LI><a href="#[fd]">&gt;&gt;</a>&nbsp;&nbsp;&nbsp;_fp_digits
</UL>

<P><STRONG><a name="[24]"></a>__scatterload</STRONG> (Thumb, 28 bytes, Stack size 0 bytes, init.o(.text))
<BR><BR>[Calls]<UL><LI><a href="#[3d]">&gt;&gt;</a>&nbsp;&nbsp;&nbsp;__main_after_scatterload
</UL>
<BR>[Called By]<UL><LI><a href="#[23]">&gt;&gt;</a>&nbsp;&nbsp;&nbsp;_main_scatterload
</UL>

<P><STRONG><a name="[18d]"></a>__scatterload_rt2</STRONG> (Thumb, 0 bytes, Stack size 0 bytes, init.o(.text), UNUSED)

<P><STRONG><a name="[38]"></a>__aeabi_llsr</STRONG> (Thumb, 34 bytes, Stack size 8 bytes, llushr.o(.text))
<BR><BR>[Stack]<UL><LI>Max Depth = 8<LI>Call Chain = __aeabi_llsr
</UL>
<BR>[Called By]<UL><LI><a href="#[37]">&gt;&gt;</a>&nbsp;&nbsp;&nbsp;__aeabi_uldivmod
<LI><a href="#[31]">&gt;&gt;</a>&nbsp;&nbsp;&nbsp;_double_epilogue
<LI><a href="#[3c]">&gt;&gt;</a>&nbsp;&nbsp;&nbsp;__aeabi_d2ulz
</UL>

<P><STRONG><a name="[18e]"></a>_ll_ushift_r</STRONG> (Thumb, 0 bytes, Stack size 8 bytes, llushr.o(.text), UNUSED)

<P><STRONG><a name="[43]"></a>ADC_GetCalibrationFactor</STRONG> (Thumb, 52 bytes, Stack size 8 bytes, adc.o(i.ADC_GetCalibrationFactor))
<BR><BR>[Stack]<UL><LI>Max Depth = 8<LI>Call Chain = ADC_GetCalibrationFactor
</UL>
<BR>[Called By]<UL><LI><a href="#[40]">&gt;&gt;</a>&nbsp;&nbsp;&nbsp;Adc_function_init
</UL>

<P><STRONG><a name="[83]"></a>ADC_shutdown</STRONG> (Thumb, 76 bytes, Stack size 8 bytes, low_power.o(i.ADC_shutdown))
<BR><BR>[Stack]<UL><LI>Max Depth = 8<LI>Call Chain = ADC_shutdown
</UL>
<BR>[Called By]<UL><LI><a href="#[c2]">&gt;&gt;</a>&nbsp;&nbsp;&nbsp;ShutDown
<LI><a href="#[81]">&gt;&gt;</a>&nbsp;&nbsp;&nbsp;Forbidden_Used
</UL>

<P><STRONG><a name="[3e]"></a>A_d_c_int</STRONG> (Thumb, 16 bytes, Stack size 8 bytes, adc.o(i.A_d_c_int))
<BR><BR>[Stack]<UL><LI>Max Depth = 60<LI>Call Chain = A_d_c_int &rArr; Adc_Gpio_init &rArr; LL_GPIO_Init
</UL>
<BR>[Calls]<UL><LI><a href="#[41]">&gt;&gt;</a>&nbsp;&nbsp;&nbsp;Dma_int
<LI><a href="#[40]">&gt;&gt;</a>&nbsp;&nbsp;&nbsp;Adc_function_init
<LI><a href="#[3f]">&gt;&gt;</a>&nbsp;&nbsp;&nbsp;Adc_Gpio_init
</UL>
<BR>[Called By]<UL><LI><a href="#[1f]">&gt;&gt;</a>&nbsp;&nbsp;&nbsp;main
</UL>

<P><STRONG><a name="[3f]"></a>Adc_Gpio_init</STRONG> (Thumb, 48 bytes, Stack size 32 bytes, adc.o(i.Adc_Gpio_init))
<BR><BR>[Stack]<UL><LI>Max Depth = 52<LI>Call Chain = Adc_Gpio_init &rArr; LL_GPIO_Init
</UL>
<BR>[Calls]<UL><LI><a href="#[42]">&gt;&gt;</a>&nbsp;&nbsp;&nbsp;LL_GPIO_Init
</UL>
<BR>[Called By]<UL><LI><a href="#[3e]">&gt;&gt;</a>&nbsp;&nbsp;&nbsp;A_d_c_int
</UL>

<P><STRONG><a name="[40]"></a>Adc_function_init</STRONG> (Thumb, 110 bytes, Stack size 12 bytes, adc.o(i.Adc_function_init))
<BR><BR>[Stack]<UL><LI>Max Depth = 20<LI>Call Chain = Adc_function_init &rArr; ADC_GetCalibrationFactor
</UL>
<BR>[Calls]<UL><LI><a href="#[43]">&gt;&gt;</a>&nbsp;&nbsp;&nbsp;ADC_GetCalibrationFactor
</UL>
<BR>[Called By]<UL><LI><a href="#[3e]">&gt;&gt;</a>&nbsp;&nbsp;&nbsp;A_d_c_int
</UL>

<P><STRONG><a name="[44]"></a>Address_set</STRONG> (Thumb, 86 bytes, Stack size 24 bytes, oled.o(i.Address_set))
<BR><BR>[Stack]<UL><LI>Max Depth = 32<LI>Call Chain = Address_set &rArr; LCD_WR_REG
</UL>
<BR>[Calls]<UL><LI><a href="#[45]">&gt;&gt;</a>&nbsp;&nbsp;&nbsp;LCD_WR_REG
<LI><a href="#[46]">&gt;&gt;</a>&nbsp;&nbsp;&nbsp;LCD_WR_DATA8
</UL>
<BR>[Called By]<UL><LI><a href="#[de]">&gt;&gt;</a>&nbsp;&nbsp;&nbsp;TurnOff_ShutDonw_Battery_dis
<LI><a href="#[a3]">&gt;&gt;</a>&nbsp;&nbsp;&nbsp;Logo_display
<LI><a href="#[54]">&gt;&gt;</a>&nbsp;&nbsp;&nbsp;LCD_Fill
<LI><a href="#[da]">&gt;&gt;</a>&nbsp;&nbsp;&nbsp;battery_frame_display
<LI><a href="#[d9]">&gt;&gt;</a>&nbsp;&nbsp;&nbsp;battery_data_display
<LI><a href="#[94]">&gt;&gt;</a>&nbsp;&nbsp;&nbsp;LCD_P8x16Str
<LI><a href="#[93]">&gt;&gt;</a>&nbsp;&nbsp;&nbsp;LCD_P16x16Str
<LI><a href="#[96]">&gt;&gt;</a>&nbsp;&nbsp;&nbsp;LCD_shi_fen_miao_display
<LI><a href="#[91]">&gt;&gt;</a>&nbsp;&nbsp;&nbsp;LCD_Clear
<LI><a href="#[c7]">&gt;&gt;</a>&nbsp;&nbsp;&nbsp;specialty_jiaHao_display
</UL>

<P><STRONG><a name="[47]"></a>Angle_dis</STRONG> (Thumb, 94 bytes, Stack size 24 bytes, specialty_mode.o(i.Angle_dis))
<BR><BR>[Stack]<UL><LI>Max Depth = 152<LI>Call Chain = Angle_dis &rArr; Oled_EnlPrint &rArr; LCD_P8x16Str &rArr; Address_set &rArr; LCD_WR_REG
</UL>
<BR>[Calls]<UL><LI><a href="#[4a]">&gt;&gt;</a>&nbsp;&nbsp;&nbsp;Oled_EnlPrint
<LI><a href="#[49]">&gt;&gt;</a>&nbsp;&nbsp;&nbsp;Check_String
<LI><a href="#[48]">&gt;&gt;</a>&nbsp;&nbsp;&nbsp;__2sprintf
</UL>
<BR>[Called By]<UL><LI><a href="#[15e]">&gt;&gt;</a>&nbsp;&nbsp;&nbsp;specielty_para_dis
</UL>

<P><STRONG><a name="[4b]"></a>Boost_init</STRONG> (Thumb, 22 bytes, Stack size 16 bytes, gpio.o(i.Boost_init))
<BR><BR>[Stack]<UL><LI>Max Depth = 68<LI>Call Chain = Boost_init &rArr; GPIO_OUT_init &rArr; LL_GPIO_Init
</UL>
<BR>[Calls]<UL><LI><a href="#[4c]">&gt;&gt;</a>&nbsp;&nbsp;&nbsp;GPIO_OUT_init
</UL>
<BR>[Called By]<UL><LI><a href="#[71]">&gt;&gt;</a>&nbsp;&nbsp;&nbsp;Device_init
</UL>

<P><STRONG><a name="[4d]"></a>Brightness_dis</STRONG> (Thumb, 68 bytes, Stack size 24 bytes, orbital.o(i.Brightness_dis))
<BR><BR>[Stack]<UL><LI>Max Depth = 152<LI>Call Chain = Brightness_dis &rArr; Oled_EnlPrint &rArr; LCD_P8x16Str &rArr; Address_set &rArr; LCD_WR_REG
</UL>
<BR>[Calls]<UL><LI><a href="#[4a]">&gt;&gt;</a>&nbsp;&nbsp;&nbsp;Oled_EnlPrint
<LI><a href="#[49]">&gt;&gt;</a>&nbsp;&nbsp;&nbsp;Check_String
<LI><a href="#[48]">&gt;&gt;</a>&nbsp;&nbsp;&nbsp;__2sprintf
</UL>
<BR>[Called By]<UL><LI><a href="#[11d]">&gt;&gt;</a>&nbsp;&nbsp;&nbsp;param_display
</UL>

<P><STRONG><a name="[4e]"></a>Burn_code_value</STRONG> (Thumb, 296 bytes, Stack size 32 bytes, pair.o(i.Burn_code_value))
<BR><BR>[Stack]<UL><LI>Max Depth = 208<LI>Call Chain = Burn_code_value &rArr; bornd_code_dis &rArr; The_page_processing &rArr; Oled_EnlPrint &rArr; LCD_P8x16Str &rArr; Address_set &rArr; LCD_WR_REG
</UL>
<BR>[Calls]<UL><LI><a href="#[56]">&gt;&gt;</a>&nbsp;&nbsp;&nbsp;Feed_IWDG
<LI><a href="#[54]">&gt;&gt;</a>&nbsp;&nbsp;&nbsp;LCD_Fill
<LI><a href="#[5b]">&gt;&gt;</a>&nbsp;&nbsp;&nbsp;if_write_flash
<LI><a href="#[53]">&gt;&gt;</a>&nbsp;&nbsp;&nbsp;RF24L01_Set_Mode
<LI><a href="#[4f]">&gt;&gt;</a>&nbsp;&nbsp;&nbsp;NRF24L01_Write_Reg
<LI><a href="#[5c]">&gt;&gt;</a>&nbsp;&nbsp;&nbsp;NRF24L01_TxPacket
<LI><a href="#[50]">&gt;&gt;</a>&nbsp;&nbsp;&nbsp;NRF24L01_Set_TxAddr
<LI><a href="#[51]">&gt;&gt;</a>&nbsp;&nbsp;&nbsp;NRF24L01_Set_RxAddr
<LI><a href="#[58]">&gt;&gt;</a>&nbsp;&nbsp;&nbsp;NRF24L01_RxPacket
<LI><a href="#[5d]">&gt;&gt;</a>&nbsp;&nbsp;&nbsp;RF_reconver
<LI><a href="#[59]">&gt;&gt;</a>&nbsp;&nbsp;&nbsp;ICcode_checksum_verify
<LI><a href="#[57]">&gt;&gt;</a>&nbsp;&nbsp;&nbsp;Pair_send_data
<LI><a href="#[55]">&gt;&gt;</a>&nbsp;&nbsp;&nbsp;bornd_code_dis
<LI><a href="#[52]">&gt;&gt;</a>&nbsp;&nbsp;&nbsp;check_sum_add
<LI><a href="#[5a]">&gt;&gt;</a>&nbsp;&nbsp;&nbsp;__aeabi_memcpy
</UL>
<BR>[Called By]<UL><LI><a href="#[1f]">&gt;&gt;</a>&nbsp;&nbsp;&nbsp;main
</UL>

<P><STRONG><a name="[5e]"></a>ChangeKey_exti_interrupt</STRONG> (Thumb, 44 bytes, Stack size 8 bytes, gpio.o(i.ChangeKey_exti_interrupt))
<BR><BR>[Stack]<UL><LI>Max Depth = 16<LI>Call Chain = ChangeKey_exti_interrupt &rArr; LL_SYSCFG_SetEXTISource
</UL>
<BR>[Calls]<UL><LI><a href="#[60]">&gt;&gt;</a>&nbsp;&nbsp;&nbsp;NVIC_SetPriority
<LI><a href="#[61]">&gt;&gt;</a>&nbsp;&nbsp;&nbsp;NVIC_EnableIRQ
<LI><a href="#[5f]">&gt;&gt;</a>&nbsp;&nbsp;&nbsp;LL_SYSCFG_SetEXTISource
</UL>
<BR>[Called By]<UL><LI><a href="#[81]">&gt;&gt;</a>&nbsp;&nbsp;&nbsp;Forbidden_Used
</UL>

<P><STRONG><a name="[62]"></a>Charging_Dis</STRONG> (Thumb, 54 bytes, Stack size 8 bytes, oled.o(i.Charging_Dis))
<BR><BR>[Stack]<UL><LI>Max Depth = 104<LI>Call Chain = Charging_Dis &rArr; battery_display &rArr; LCD_Fill &rArr; Address_set &rArr; LCD_WR_REG
</UL>
<BR>[Calls]<UL><LI><a href="#[63]">&gt;&gt;</a>&nbsp;&nbsp;&nbsp;return_powers
<LI><a href="#[65]">&gt;&gt;</a>&nbsp;&nbsp;&nbsp;battery_display
<LI><a href="#[64]">&gt;&gt;</a>&nbsp;&nbsp;&nbsp;__aeabi_uidivmod
</UL>
<BR>[Called By]<UL><LI><a href="#[147]">&gt;&gt;</a>&nbsp;&nbsp;&nbsp;read_ADC_value
</UL>

<P><STRONG><a name="[102]"></a>Check_Buffer_Empty</STRONG> (Thumb, 28 bytes, Stack size 0 bytes, config.o(i.Check_Buffer_Empty))
<BR><BR>[Called By]<UL><LI><a href="#[133]">&gt;&gt;</a>&nbsp;&nbsp;&nbsp;get_init_from_A650
<LI><a href="#[70]">&gt;&gt;</a>&nbsp;&nbsp;&nbsp;controller_send_data_to_motor
<LI><a href="#[13a]">&gt;&gt;</a>&nbsp;&nbsp;&nbsp;specilty_keyscan_send
<LI><a href="#[124]">&gt;&gt;</a>&nbsp;&nbsp;&nbsp;delet_paraORmode
<LI><a href="#[101]">&gt;&gt;</a>&nbsp;&nbsp;&nbsp;ab_set_move
<LI><a href="#[14d]">&gt;&gt;</a>&nbsp;&nbsp;&nbsp;mode_and_para_sendt
<LI><a href="#[174]">&gt;&gt;</a>&nbsp;&nbsp;&nbsp;specialty_para_sendTo_motor
</UL>

<P><STRONG><a name="[49]"></a>Check_String</STRONG> (Thumb, 18 bytes, Stack size 4 bytes, oled.o(i.Check_String))
<BR><BR>[Stack]<UL><LI>Max Depth = 4<LI>Call Chain = Check_String
</UL>
<BR>[Calls]<UL><LI><a href="#[66]">&gt;&gt;</a>&nbsp;&nbsp;&nbsp;Check_String_Size
</UL>
<BR>[Called By]<UL><LI><a href="#[de]">&gt;&gt;</a>&nbsp;&nbsp;&nbsp;TurnOff_ShutDonw_Battery_dis
<LI><a href="#[a3]">&gt;&gt;</a>&nbsp;&nbsp;&nbsp;Logo_display
<LI><a href="#[d7]">&gt;&gt;</a>&nbsp;&nbsp;&nbsp;Task_Percentage_Dis
<LI><a href="#[b0]">&gt;&gt;</a>&nbsp;&nbsp;&nbsp;Speed_display
<LI><a href="#[6f]">&gt;&gt;</a>&nbsp;&nbsp;&nbsp;Delay_pix_amt_display
<LI><a href="#[4d]">&gt;&gt;</a>&nbsp;&nbsp;&nbsp;Brightness_dis
<LI><a href="#[12b]">&gt;&gt;</a>&nbsp;&nbsp;&nbsp;factory_set_display
<LI><a href="#[d9]">&gt;&gt;</a>&nbsp;&nbsp;&nbsp;battery_data_display
<LI><a href="#[db]">&gt;&gt;</a>&nbsp;&nbsp;&nbsp;The_page_processing
<LI><a href="#[6b]">&gt;&gt;</a>&nbsp;&nbsp;&nbsp;Current_Status_display
<LI><a href="#[69]">&gt;&gt;</a>&nbsp;&nbsp;&nbsp;Cunrent_para_display
<LI><a href="#[159]">&gt;&gt;</a>&nbsp;&nbsp;&nbsp;status_display
<LI><a href="#[160]">&gt;&gt;</a>&nbsp;&nbsp;&nbsp;slow_start_stop_dis
<LI><a href="#[15c]">&gt;&gt;</a>&nbsp;&nbsp;&nbsp;sleep_time_dis
<LI><a href="#[e5]">&gt;&gt;</a>&nbsp;&nbsp;&nbsp;secondes_time_dis
<LI><a href="#[15a]">&gt;&gt;</a>&nbsp;&nbsp;&nbsp;pix_amt_display
<LI><a href="#[15b]">&gt;&gt;</a>&nbsp;&nbsp;&nbsp;pix_amt_compara_dis
<LI><a href="#[150]">&gt;&gt;</a>&nbsp;&nbsp;&nbsp;move_to_disp
<LI><a href="#[e4]">&gt;&gt;</a>&nbsp;&nbsp;&nbsp;minutes_time_dis
<LI><a href="#[14c]">&gt;&gt;</a>&nbsp;&nbsp;&nbsp;manulORauto_dis
<LI><a href="#[135]">&gt;&gt;</a>&nbsp;&nbsp;&nbsp;interval_time_dis
<LI><a href="#[134]">&gt;&gt;</a>&nbsp;&nbsp;&nbsp;integer_display
<LI><a href="#[e3]">&gt;&gt;</a>&nbsp;&nbsp;&nbsp;hours_time_dis
<LI><a href="#[105]">&gt;&gt;</a>&nbsp;&nbsp;&nbsp;angle_display
<LI><a href="#[c7]">&gt;&gt;</a>&nbsp;&nbsp;&nbsp;specialty_jiaHao_display
<LI><a href="#[171]">&gt;&gt;</a>&nbsp;&nbsp;&nbsp;specialty_cursor_id_para_dis
<LI><a href="#[170]">&gt;&gt;</a>&nbsp;&nbsp;&nbsp;specialty_cursor_id_mode_dis
<LI><a href="#[161]">&gt;&gt;</a>&nbsp;&nbsp;&nbsp;pecialty_pix_amt_display
<LI><a href="#[c0]">&gt;&gt;</a>&nbsp;&nbsp;&nbsp;jiantou_display
<LI><a href="#[126]">&gt;&gt;</a>&nbsp;&nbsp;&nbsp;delete_jahao
<LI><a href="#[47]">&gt;&gt;</a>&nbsp;&nbsp;&nbsp;Angle_dis
<LI><a href="#[f8]">&gt;&gt;</a>&nbsp;&nbsp;&nbsp;Video_motor_status_display
</UL>

<P><STRONG><a name="[66]"></a>Check_String_Size</STRONG> (Thumb, 26 bytes, Stack size 0 bytes, oled.o(i.Check_String_Size))
<BR><BR>[Called By]<UL><LI><a href="#[49]">&gt;&gt;</a>&nbsp;&nbsp;&nbsp;Check_String
</UL>

<P><STRONG><a name="[67]"></a>ConfirmOrCancel_dis</STRONG> (Thumb, 96 bytes, Stack size 24 bytes, specialty_mode.o(i.ConfirmOrCancel_dis))
<BR><BR>[Stack]<UL><LI>Max Depth = 152<LI>Call Chain = ConfirmOrCancel_dis &rArr; Oled_EnlPrint &rArr; LCD_P8x16Str &rArr; Address_set &rArr; LCD_WR_REG
</UL>
<BR>[Calls]<UL><LI><a href="#[68]">&gt;&gt;</a>&nbsp;&nbsp;&nbsp;inverse_get_value
<LI><a href="#[4a]">&gt;&gt;</a>&nbsp;&nbsp;&nbsp;Oled_EnlPrint
</UL>
<BR>[Called By]<UL><LI><a href="#[11b]">&gt;&gt;</a>&nbsp;&nbsp;&nbsp;specialty_cursor_id_dis
<LI><a href="#[164]">&gt;&gt;</a>&nbsp;&nbsp;&nbsp;specialty_mode_OKkey
</UL>

<P><STRONG><a name="[69]"></a>Cunrent_para_display</STRONG> (Thumb, 122 bytes, Stack size 64 bytes, specialty_mode.o(i.Cunrent_para_display))
<BR><BR>[Stack]<UL><LI>Max Depth = 192<LI>Call Chain = Cunrent_para_display &rArr; Oled_EnlPrint &rArr; LCD_P8x16Str &rArr; Address_set &rArr; LCD_WR_REG
</UL>
<BR>[Calls]<UL><LI><a href="#[4a]">&gt;&gt;</a>&nbsp;&nbsp;&nbsp;Oled_EnlPrint
<LI><a href="#[49]">&gt;&gt;</a>&nbsp;&nbsp;&nbsp;Check_String
<LI><a href="#[48]">&gt;&gt;</a>&nbsp;&nbsp;&nbsp;__2sprintf
<LI><a href="#[6a]">&gt;&gt;</a>&nbsp;&nbsp;&nbsp;__aeabi_memclr4
</UL>
<BR>[Called By]<UL><LI><a href="#[168]">&gt;&gt;</a>&nbsp;&nbsp;&nbsp;receiver_data_from_A650
<LI><a href="#[167]">&gt;&gt;</a>&nbsp;&nbsp;&nbsp;specialty_totaol_time_dis
</UL>

<P><STRONG><a name="[6b]"></a>Current_Status_display</STRONG> (Thumb, 386 bytes, Stack size 48 bytes, specialty_mode.o(i.Current_Status_display))
<BR><BR>[Stack]<UL><LI>Max Depth = 176<LI>Call Chain = Current_Status_display &rArr; Oled_EnlPrint &rArr; LCD_P8x16Str &rArr; Address_set &rArr; LCD_WR_REG
</UL>
<BR>[Calls]<UL><LI><a href="#[68]">&gt;&gt;</a>&nbsp;&nbsp;&nbsp;inverse_get_value
<LI><a href="#[4a]">&gt;&gt;</a>&nbsp;&nbsp;&nbsp;Oled_EnlPrint
<LI><a href="#[49]">&gt;&gt;</a>&nbsp;&nbsp;&nbsp;Check_String
<LI><a href="#[48]">&gt;&gt;</a>&nbsp;&nbsp;&nbsp;__2sprintf
</UL>
<BR>[Called By]<UL><LI><a href="#[168]">&gt;&gt;</a>&nbsp;&nbsp;&nbsp;receiver_data_from_A650
<LI><a href="#[164]">&gt;&gt;</a>&nbsp;&nbsp;&nbsp;specialty_mode_OKkey
<LI><a href="#[16e]">&gt;&gt;</a>&nbsp;&nbsp;&nbsp;shotting_Get_data_from_controller
</UL>

<P><STRONG><a name="[d]"></a>DMA1_Channel1_IRQHandler</STRONG> (Thumb, 2 bytes, Stack size 0 bytes, stm32f0xx_it.o(i.DMA1_Channel1_IRQHandler))
<BR>[Address Reference Count : 1]<UL><LI> startup_stm32f030x8.o(RESET)
</UL>
<P><STRONG><a name="[e]"></a>DMA1_Channel2_3_IRQHandler</STRONG> (Thumb, 8 bytes, Stack size 8 bytes, stm32f0xx_it.o(i.DMA1_Channel2_3_IRQHandler))
<BR><BR>[Stack]<UL><LI>Max Depth = 16<LI>Call Chain = DMA1_Channel2_3_IRQHandler &rArr; Dma_SendIRQ_Dispose
</UL>
<BR>[Calls]<UL><LI><a href="#[6c]">&gt;&gt;</a>&nbsp;&nbsp;&nbsp;Dma_SendIRQ_Dispose
</UL>
<BR>[Address Reference Count : 1]<UL><LI> startup_stm32f030x8.o(RESET)
</UL>
<P><STRONG><a name="[f]"></a>DMA1_Channel4_5_IRQHandler</STRONG> (Thumb, 8 bytes, Stack size 8 bytes, stm32f0xx_it.o(i.DMA1_Channel4_5_IRQHandler))
<BR><BR>[Stack]<UL><LI>Max Depth = 16<LI>Call Chain = DMA1_Channel4_5_IRQHandler &rArr; Usart22_Dma_SendIRQ_Dispose
</UL>
<BR>[Calls]<UL><LI><a href="#[6d]">&gt;&gt;</a>&nbsp;&nbsp;&nbsp;Usart22_Dma_SendIRQ_Dispose
</UL>
<BR>[Address Reference Count : 1]<UL><LI> startup_stm32f030x8.o(RESET)
</UL>
<P><STRONG><a name="[6e]"></a>Delay_amount_adjust</STRONG> (Thumb, 288 bytes, Stack size 24 bytes, orbital.o(i.Delay_amount_adjust))
<BR><BR>[Stack]<UL><LI>Max Depth = 184<LI>Call Chain = Delay_amount_adjust &rArr; Delay_pix_amt_display &rArr; Oled_EnlPrint &rArr; LCD_P8x16Str &rArr; Address_set &rArr; LCD_WR_REG
</UL>
<BR>[Calls]<UL><LI><a href="#[6f]">&gt;&gt;</a>&nbsp;&nbsp;&nbsp;Delay_pix_amt_display
<LI><a href="#[70]">&gt;&gt;</a>&nbsp;&nbsp;&nbsp;controller_send_data_to_motor
<LI><a href="#[5b]">&gt;&gt;</a>&nbsp;&nbsp;&nbsp;if_write_flash
</UL>
<BR>[Called By]<UL><LI><a href="#[e2]">&gt;&gt;</a>&nbsp;&nbsp;&nbsp;UpOrDown_adjust_para
</UL>

<P><STRONG><a name="[139]"></a>Delay_mode_cursor_shift</STRONG> (Thumb, 50 bytes, Stack size 0 bytes, orbital.o(i.Delay_mode_cursor_shift))
<BR><BR>[Called By]<UL><LI><a href="#[137]">&gt;&gt;</a>&nbsp;&nbsp;&nbsp;keyscan
</UL>

<P><STRONG><a name="[6f]"></a>Delay_pix_amt_display</STRONG> (Thumb, 54 bytes, Stack size 32 bytes, orbital.o(i.Delay_pix_amt_display))
<BR><BR>[Stack]<UL><LI>Max Depth = 160<LI>Call Chain = Delay_pix_amt_display &rArr; Oled_EnlPrint &rArr; LCD_P8x16Str &rArr; Address_set &rArr; LCD_WR_REG
</UL>
<BR>[Calls]<UL><LI><a href="#[4a]">&gt;&gt;</a>&nbsp;&nbsp;&nbsp;Oled_EnlPrint
<LI><a href="#[49]">&gt;&gt;</a>&nbsp;&nbsp;&nbsp;Check_String
<LI><a href="#[48]">&gt;&gt;</a>&nbsp;&nbsp;&nbsp;__2sprintf
</UL>
<BR>[Called By]<UL><LI><a href="#[6e]">&gt;&gt;</a>&nbsp;&nbsp;&nbsp;Delay_amount_adjust
<LI><a href="#[11d]">&gt;&gt;</a>&nbsp;&nbsp;&nbsp;param_display
<LI><a href="#[10f]">&gt;&gt;</a>&nbsp;&nbsp;&nbsp;cursor_glint
</UL>

<P><STRONG><a name="[71]"></a>Device_init</STRONG> (Thumb, 28 bytes, Stack size 8 bytes, gpio.o(i.Device_init))
<BR><BR>[Stack]<UL><LI>Max Depth = 116<LI>Call Chain = Device_init &rArr; Spi_init &rArr; LL_GPIO_Init
</UL>
<BR>[Calls]<UL><LI><a href="#[75]">&gt;&gt;</a>&nbsp;&nbsp;&nbsp;wifi_init
<LI><a href="#[73]">&gt;&gt;</a>&nbsp;&nbsp;&nbsp;oled_gpio_init
<LI><a href="#[76]">&gt;&gt;</a>&nbsp;&nbsp;&nbsp;keyscan_pin_init
<LI><a href="#[72]">&gt;&gt;</a>&nbsp;&nbsp;&nbsp;changeIO_Init
<LI><a href="#[74]">&gt;&gt;</a>&nbsp;&nbsp;&nbsp;Spi_init
<LI><a href="#[4b]">&gt;&gt;</a>&nbsp;&nbsp;&nbsp;Boost_init
</UL>
<BR>[Called By]<UL><LI><a href="#[1f]">&gt;&gt;</a>&nbsp;&nbsp;&nbsp;main
</UL>

<P><STRONG><a name="[6c]"></a>Dma_SendIRQ_Dispose</STRONG> (Thumb, 34 bytes, Stack size 8 bytes, uart.o(i.Dma_SendIRQ_Dispose))
<BR><BR>[Stack]<UL><LI>Max Depth = 8<LI>Call Chain = Dma_SendIRQ_Dispose
</UL>
<BR>[Calls]<UL><LI><a href="#[79]">&gt;&gt;</a>&nbsp;&nbsp;&nbsp;Reset_Tx_Complete
<LI><a href="#[77]">&gt;&gt;</a>&nbsp;&nbsp;&nbsp;LL_DMA_DisableIT_TC
<LI><a href="#[78]">&gt;&gt;</a>&nbsp;&nbsp;&nbsp;LL_DMA_DisableChannel
</UL>
<BR>[Called By]<UL><LI><a href="#[e]">&gt;&gt;</a>&nbsp;&nbsp;&nbsp;DMA1_Channel2_3_IRQHandler
<LI><a href="#[82]">&gt;&gt;</a>&nbsp;&nbsp;&nbsp;disable_interrupt
</UL>

<P><STRONG><a name="[41]"></a>Dma_int</STRONG> (Thumb, 156 bytes, Stack size 16 bytes, adc.o(i.Dma_int))
<BR><BR>[Stack]<UL><LI>Max Depth = 16<LI>Call Chain = Dma_int
</UL>
<BR>[Called By]<UL><LI><a href="#[3e]">&gt;&gt;</a>&nbsp;&nbsp;&nbsp;A_d_c_int
</UL>

<P><STRONG><a name="[b]"></a>EXTI2_3_IRQHandler</STRONG> (Thumb, 8 bytes, Stack size 0 bytes, stm32f0xx_it.o(i.EXTI2_3_IRQHandler))
<BR>[Address Reference Count : 1]<UL><LI> startup_stm32f030x8.o(RESET)
</UL>
<P><STRONG><a name="[c]"></a>EXTI4_15_IRQHandler</STRONG> (Thumb, 46 bytes, Stack size 8 bytes, stm32f0xx_it.o(i.EXTI4_15_IRQHandler))
<BR><BR>[Stack]<UL><LI>Max Depth = 8<LI>Call Chain = EXTI4_15_IRQHandler
</UL>
<BR>[Calls]<UL><LI><a href="#[7a]">&gt;&gt;</a>&nbsp;&nbsp;&nbsp;set_press_time
</UL>
<BR>[Address Reference Count : 1]<UL><LI> startup_stm32f030x8.o(RESET)
</UL>
<P><STRONG><a name="[7b]"></a>Enter_into_Pair</STRONG> (Thumb, 266 bytes, Stack size 32 bytes, pair.o(i.Enter_into_Pair))
<BR><BR>[Stack]<UL><LI>Max Depth = 208<LI>Call Chain = Enter_into_Pair &rArr; bornd_code_dis &rArr; The_page_processing &rArr; Oled_EnlPrint &rArr; LCD_P8x16Str &rArr; Address_set &rArr; LCD_WR_REG
</UL>
<BR>[Calls]<UL><LI><a href="#[7c]">&gt;&gt;</a>&nbsp;&nbsp;&nbsp;time_delay_ms
<LI><a href="#[56]">&gt;&gt;</a>&nbsp;&nbsp;&nbsp;Feed_IWDG
<LI><a href="#[54]">&gt;&gt;</a>&nbsp;&nbsp;&nbsp;LCD_Fill
<LI><a href="#[53]">&gt;&gt;</a>&nbsp;&nbsp;&nbsp;RF24L01_Set_Mode
<LI><a href="#[4f]">&gt;&gt;</a>&nbsp;&nbsp;&nbsp;NRF24L01_Write_Reg
<LI><a href="#[5c]">&gt;&gt;</a>&nbsp;&nbsp;&nbsp;NRF24L01_TxPacket
<LI><a href="#[50]">&gt;&gt;</a>&nbsp;&nbsp;&nbsp;NRF24L01_Set_TxAddr
<LI><a href="#[51]">&gt;&gt;</a>&nbsp;&nbsp;&nbsp;NRF24L01_Set_RxAddr
<LI><a href="#[58]">&gt;&gt;</a>&nbsp;&nbsp;&nbsp;NRF24L01_RxPacket
<LI><a href="#[5d]">&gt;&gt;</a>&nbsp;&nbsp;&nbsp;RF_reconver
<LI><a href="#[55]">&gt;&gt;</a>&nbsp;&nbsp;&nbsp;bornd_code_dis
<LI><a href="#[52]">&gt;&gt;</a>&nbsp;&nbsp;&nbsp;check_sum_add
</UL>
<BR>[Called By]<UL><LI><a href="#[8f]">&gt;&gt;</a>&nbsp;&nbsp;&nbsp;Key_To_Pair
</UL>

<P><STRONG><a name="[7d]"></a>FLASH_ErasePage</STRONG> (Thumb, 52 bytes, Stack size 20 bytes, flash.o(i.FLASH_ErasePage))
<BR><BR>[Stack]<UL><LI>Max Depth = 24<LI>Call Chain = FLASH_ErasePage &rArr; FLASH_WaitForLastOperation
</UL>
<BR>[Calls]<UL><LI><a href="#[7e]">&gt;&gt;</a>&nbsp;&nbsp;&nbsp;FLASH_WaitForLastOperation
</UL>
<BR>[Called By]<UL><LI><a href="#[12a]">&gt;&gt;</a>&nbsp;&nbsp;&nbsp;erase_flash_OnePage
</UL>

<P><STRONG><a name="[80]"></a>FLASH_GetStatus</STRONG> (Thumb, 34 bytes, Stack size 0 bytes, flash.o(i.FLASH_GetStatus))
<BR><BR>[Called By]<UL><LI><a href="#[7e]">&gt;&gt;</a>&nbsp;&nbsp;&nbsp;FLASH_WaitForLastOperation
</UL>

<P><STRONG><a name="[17d]"></a>FLASH_Lock</STRONG> (Thumb, 12 bytes, Stack size 0 bytes, flash.o(i.FLASH_Lock))
<BR><BR>[Called By]<UL><LI><a href="#[17a]">&gt;&gt;</a>&nbsp;&nbsp;&nbsp;write_flash_holfword_buffer
</UL>

<P><STRONG><a name="[7f]"></a>FLASH_ProgramHalfWord</STRONG> (Thumb, 48 bytes, Stack size 20 bytes, flash.o(i.FLASH_ProgramHalfWord))
<BR><BR>[Stack]<UL><LI>Max Depth = 24<LI>Call Chain = FLASH_ProgramHalfWord &rArr; FLASH_WaitForLastOperation
</UL>
<BR>[Calls]<UL><LI><a href="#[7e]">&gt;&gt;</a>&nbsp;&nbsp;&nbsp;FLASH_WaitForLastOperation
</UL>
<BR>[Called By]<UL><LI><a href="#[17b]">&gt;&gt;</a>&nbsp;&nbsp;&nbsp;write_flash_holfword
</UL>

<P><STRONG><a name="[17c]"></a>FLASH_Unlock</STRONG> (Thumb, 18 bytes, Stack size 0 bytes, flash.o(i.FLASH_Unlock))
<BR><BR>[Called By]<UL><LI><a href="#[17a]">&gt;&gt;</a>&nbsp;&nbsp;&nbsp;write_flash_holfword_buffer
</UL>

<P><STRONG><a name="[7e]"></a>FLASH_WaitForLastOperation</STRONG> (Thumb, 34 bytes, Stack size 4 bytes, flash.o(i.FLASH_WaitForLastOperation))
<BR><BR>[Stack]<UL><LI>Max Depth = 4<LI>Call Chain = FLASH_WaitForLastOperation
</UL>
<BR>[Calls]<UL><LI><a href="#[80]">&gt;&gt;</a>&nbsp;&nbsp;&nbsp;FLASH_GetStatus
</UL>
<BR>[Called By]<UL><LI><a href="#[7f]">&gt;&gt;</a>&nbsp;&nbsp;&nbsp;FLASH_ProgramHalfWord
<LI><a href="#[7d]">&gt;&gt;</a>&nbsp;&nbsp;&nbsp;FLASH_ErasePage
</UL>

<P><STRONG><a name="[56]"></a>Feed_IWDG</STRONG> (Thumb, 2 bytes, Stack size 0 bytes, main.o(i.Feed_IWDG))
<BR><BR>[Called By]<UL><LI><a href="#[7c]">&gt;&gt;</a>&nbsp;&nbsp;&nbsp;time_delay_ms
<LI><a href="#[4e]">&gt;&gt;</a>&nbsp;&nbsp;&nbsp;Burn_code_value
<LI><a href="#[4a]">&gt;&gt;</a>&nbsp;&nbsp;&nbsp;Oled_EnlPrint
<LI><a href="#[17a]">&gt;&gt;</a>&nbsp;&nbsp;&nbsp;write_flash_holfword_buffer
<LI><a href="#[156]">&gt;&gt;</a>&nbsp;&nbsp;&nbsp;read_flash_holfword
<LI><a href="#[12a]">&gt;&gt;</a>&nbsp;&nbsp;&nbsp;erase_flash_OnePage
<LI><a href="#[5c]">&gt;&gt;</a>&nbsp;&nbsp;&nbsp;NRF24L01_TxPacket
<LI><a href="#[da]">&gt;&gt;</a>&nbsp;&nbsp;&nbsp;battery_frame_display
<LI><a href="#[d9]">&gt;&gt;</a>&nbsp;&nbsp;&nbsp;battery_data_display
<LI><a href="#[94]">&gt;&gt;</a>&nbsp;&nbsp;&nbsp;LCD_P8x16Str
<LI><a href="#[93]">&gt;&gt;</a>&nbsp;&nbsp;&nbsp;LCD_P16x16Str
<LI><a href="#[7b]">&gt;&gt;</a>&nbsp;&nbsp;&nbsp;Enter_into_Pair
<LI><a href="#[96]">&gt;&gt;</a>&nbsp;&nbsp;&nbsp;LCD_shi_fen_miao_display
<LI><a href="#[91]">&gt;&gt;</a>&nbsp;&nbsp;&nbsp;LCD_Clear
<LI><a href="#[b8]">&gt;&gt;</a>&nbsp;&nbsp;&nbsp;NRF24L01_check
</UL>

<P><STRONG><a name="[81]"></a>Forbidden_Used</STRONG> (Thumb, 96 bytes, Stack size 0 bytes, low_power.o(i.Forbidden_Used))
<BR><BR>[Stack]<UL><LI>Max Depth = 100<LI>Call Chain = Forbidden_Used &rArr; ShutDown_AllIO_High_resistance_mode &rArr; input_opendrain &rArr; LL_GPIO_Init
</UL>
<BR>[Calls]<UL><LI><a href="#[86]">&gt;&gt;</a>&nbsp;&nbsp;&nbsp;write_flash_active
<LI><a href="#[5b]">&gt;&gt;</a>&nbsp;&nbsp;&nbsp;if_write_flash
<LI><a href="#[85]">&gt;&gt;</a>&nbsp;&nbsp;&nbsp;ShutDown_AllIO_High_resistance_mode
<LI><a href="#[5e]">&gt;&gt;</a>&nbsp;&nbsp;&nbsp;ChangeKey_exti_interrupt
<LI><a href="#[89]">&gt;&gt;</a>&nbsp;&nbsp;&nbsp;HAL_PWR_EnterSTOPMode
<LI><a href="#[82]">&gt;&gt;</a>&nbsp;&nbsp;&nbsp;disable_interrupt
<LI><a href="#[87]">&gt;&gt;</a>&nbsp;&nbsp;&nbsp;Reset_theSystem
<LI><a href="#[83]">&gt;&gt;</a>&nbsp;&nbsp;&nbsp;ADC_shutdown
<LI><a href="#[8a]">&gt;&gt;</a>&nbsp;&nbsp;&nbsp;NVIC_SystemReset
<LI><a href="#[88]">&gt;&gt;</a>&nbsp;&nbsp;&nbsp;LL_APB1_GRP1_EnableClock
<LI><a href="#[84]">&gt;&gt;</a>&nbsp;&nbsp;&nbsp;wifi_sleep
</UL>
<BR>[Called By]<UL><LI><a href="#[147]">&gt;&gt;</a>&nbsp;&nbsp;&nbsp;read_ADC_value
</UL>

<P><STRONG><a name="[8b]"></a>GPIO_INUP_Init</STRONG> (Thumb, 26 bytes, Stack size 32 bytes, gpio.o(i.GPIO_INUP_Init))
<BR><BR>[Stack]<UL><LI>Max Depth = 52<LI>Call Chain = GPIO_INUP_Init &rArr; LL_GPIO_Init
</UL>
<BR>[Calls]<UL><LI><a href="#[42]">&gt;&gt;</a>&nbsp;&nbsp;&nbsp;LL_GPIO_Init
</UL>
<BR>[Called By]<UL><LI><a href="#[ba]">&gt;&gt;</a>&nbsp;&nbsp;&nbsp;RF24L01_GPIO_Init
<LI><a href="#[76]">&gt;&gt;</a>&nbsp;&nbsp;&nbsp;keyscan_pin_init
<LI><a href="#[72]">&gt;&gt;</a>&nbsp;&nbsp;&nbsp;changeIO_Init
<LI><a href="#[8e]">&gt;&gt;</a>&nbsp;&nbsp;&nbsp;Irq_gpio_init
</UL>

<P><STRONG><a name="[4c]"></a>GPIO_OUT_init</STRONG> (Thumb, 28 bytes, Stack size 32 bytes, gpio.o(i.GPIO_OUT_init))
<BR><BR>[Stack]<UL><LI>Max Depth = 52<LI>Call Chain = GPIO_OUT_init &rArr; LL_GPIO_Init
</UL>
<BR>[Calls]<UL><LI><a href="#[42]">&gt;&gt;</a>&nbsp;&nbsp;&nbsp;LL_GPIO_Init
</UL>
<BR>[Called By]<UL><LI><a href="#[ba]">&gt;&gt;</a>&nbsp;&nbsp;&nbsp;RF24L01_GPIO_Init
<LI><a href="#[75]">&gt;&gt;</a>&nbsp;&nbsp;&nbsp;wifi_init
<LI><a href="#[73]">&gt;&gt;</a>&nbsp;&nbsp;&nbsp;oled_gpio_init
<LI><a href="#[4b]">&gt;&gt;</a>&nbsp;&nbsp;&nbsp;Boost_init
</UL>

<P><STRONG><a name="[8c]"></a>Get_data_from_Motor</STRONG> (Thumb, 110 bytes, Stack size 16 bytes, specialty_mode.o(i.Get_data_from_Motor))
<BR><BR>[Stack]<UL><LI>Max Depth = 192<LI>Call Chain = Get_data_from_Motor &rArr; specialty_page_mode_dis &rArr; specialty_cursor_id_mode_dis &rArr; Oled_EnlPrint &rArr; LCD_P8x16Str &rArr; Address_set &rArr; LCD_WR_REG
</UL>
<BR>[Calls]<UL><LI><a href="#[8d]">&gt;&gt;</a>&nbsp;&nbsp;&nbsp;specialty_page_mode_dis
</UL>
<BR>[Called By]<UL><LI><a href="#[168]">&gt;&gt;</a>&nbsp;&nbsp;&nbsp;receiver_data_from_A650
</UL>

<P><STRONG><a name="[89]"></a>HAL_PWR_EnterSTOPMode</STRONG> (Thumb, 44 bytes, Stack size 0 bytes, stm32f0xx_hal_pwr.o(i.HAL_PWR_EnterSTOPMode))
<BR><BR>[Called By]<UL><LI><a href="#[c2]">&gt;&gt;</a>&nbsp;&nbsp;&nbsp;ShutDown
<LI><a href="#[81]">&gt;&gt;</a>&nbsp;&nbsp;&nbsp;Forbidden_Used
</UL>

<P><STRONG><a name="[2]"></a>HardFault_Handler</STRONG> (Thumb, 2 bytes, Stack size 0 bytes, stm32f0xx_it.o(i.HardFault_Handler))
<BR><BR>[Calls]<UL><LI><a href="#[2]">&gt;&gt;</a>&nbsp;&nbsp;&nbsp;HardFault_Handler
</UL>
<BR>[Called By]<UL><LI><a href="#[2]">&gt;&gt;</a>&nbsp;&nbsp;&nbsp;HardFault_Handler
</UL>
<BR>[Address Reference Count : 1]<UL><LI> startup_stm32f030x8.o(RESET)
</UL>
<P><STRONG><a name="[59]"></a>ICcode_checksum_verify</STRONG> (Thumb, 38 bytes, Stack size 8 bytes, pair.o(i.ICcode_checksum_verify))
<BR><BR>[Stack]<UL><LI>Max Depth = 8<LI>Call Chain = ICcode_checksum_verify
</UL>
<BR>[Called By]<UL><LI><a href="#[4e]">&gt;&gt;</a>&nbsp;&nbsp;&nbsp;Burn_code_value
</UL>

<P><STRONG><a name="[8e]"></a>Irq_gpio_init</STRONG> (Thumb, 12 bytes, Stack size 8 bytes, rf24l01.o(i.Irq_gpio_init))
<BR><BR>[Stack]<UL><LI>Max Depth = 60<LI>Call Chain = Irq_gpio_init &rArr; GPIO_INUP_Init &rArr; LL_GPIO_Init
</UL>
<BR>[Calls]<UL><LI><a href="#[8b]">&gt;&gt;</a>&nbsp;&nbsp;&nbsp;GPIO_INUP_Init
</UL>
<BR>[Called By]<UL><LI><a href="#[ba]">&gt;&gt;</a>&nbsp;&nbsp;&nbsp;RF24L01_GPIO_Init
</UL>

<P><STRONG><a name="[8f]"></a>Key_To_Pair</STRONG> (Thumb, 74 bytes, Stack size 16 bytes, keyscan.o(i.Key_To_Pair))
<BR><BR>[Stack]<UL><LI>Max Depth = 224<LI>Call Chain = Key_To_Pair &rArr; Enter_into_Pair &rArr; bornd_code_dis &rArr; The_page_processing &rArr; Oled_EnlPrint &rArr; LCD_P8x16Str &rArr; Address_set &rArr; LCD_WR_REG
</UL>
<BR>[Calls]<UL><LI><a href="#[7c]">&gt;&gt;</a>&nbsp;&nbsp;&nbsp;time_delay_ms
<LI><a href="#[7b]">&gt;&gt;</a>&nbsp;&nbsp;&nbsp;Enter_into_Pair
<LI><a href="#[90]">&gt;&gt;</a>&nbsp;&nbsp;&nbsp;LL_GPIO_IsInputPinSet
</UL>
<BR>[Called By]<UL><LI><a href="#[1f]">&gt;&gt;</a>&nbsp;&nbsp;&nbsp;main
</UL>

<P><STRONG><a name="[91]"></a>LCD_Clear</STRONG> (Thumb, 44 bytes, Stack size 16 bytes, oled.o(i.LCD_Clear))
<BR><BR>[Stack]<UL><LI>Max Depth = 48<LI>Call Chain = LCD_Clear &rArr; Address_set &rArr; LCD_WR_REG
</UL>
<BR>[Calls]<UL><LI><a href="#[56]">&gt;&gt;</a>&nbsp;&nbsp;&nbsp;Feed_IWDG
<LI><a href="#[92]">&gt;&gt;</a>&nbsp;&nbsp;&nbsp;LCD_WR_DATA
<LI><a href="#[44]">&gt;&gt;</a>&nbsp;&nbsp;&nbsp;Address_set
</UL>
<BR>[Called By]<UL><LI><a href="#[168]">&gt;&gt;</a>&nbsp;&nbsp;&nbsp;receiver_data_from_A650
<LI><a href="#[a2]">&gt;&gt;</a>&nbsp;&nbsp;&nbsp;Lcd_Init
<LI><a href="#[4a]">&gt;&gt;</a>&nbsp;&nbsp;&nbsp;Oled_EnlPrint
<LI><a href="#[c1]">&gt;&gt;</a>&nbsp;&nbsp;&nbsp;Pwr_key_continue
</UL>

<P><STRONG><a name="[54]"></a>LCD_Fill</STRONG> (Thumb, 76 bytes, Stack size 40 bytes, oled.o(i.LCD_Fill))
<BR><BR>[Stack]<UL><LI>Max Depth = 72<LI>Call Chain = LCD_Fill &rArr; Address_set &rArr; LCD_WR_REG
</UL>
<BR>[Calls]<UL><LI><a href="#[92]">&gt;&gt;</a>&nbsp;&nbsp;&nbsp;LCD_WR_DATA
<LI><a href="#[44]">&gt;&gt;</a>&nbsp;&nbsp;&nbsp;Address_set
</UL>
<BR>[Called By]<UL><LI><a href="#[168]">&gt;&gt;</a>&nbsp;&nbsp;&nbsp;receiver_data_from_A650
<LI><a href="#[c3]">&gt;&gt;</a>&nbsp;&nbsp;&nbsp;wait_for_init
<LI><a href="#[10e]">&gt;&gt;</a>&nbsp;&nbsp;&nbsp;check_connection
<LI><a href="#[c4]">&gt;&gt;</a>&nbsp;&nbsp;&nbsp;battery_init
<LI><a href="#[de]">&gt;&gt;</a>&nbsp;&nbsp;&nbsp;TurnOff_ShutDonw_Battery_dis
<LI><a href="#[a3]">&gt;&gt;</a>&nbsp;&nbsp;&nbsp;Logo_display
<LI><a href="#[4e]">&gt;&gt;</a>&nbsp;&nbsp;&nbsp;Burn_code_value
<LI><a href="#[dc]">&gt;&gt;</a>&nbsp;&nbsp;&nbsp;Time_DownCount
<LI><a href="#[13f]">&gt;&gt;</a>&nbsp;&nbsp;&nbsp;page_return_adjust
<LI><a href="#[65]">&gt;&gt;</a>&nbsp;&nbsp;&nbsp;battery_display
<LI><a href="#[db]">&gt;&gt;</a>&nbsp;&nbsp;&nbsp;The_page_processing
<LI><a href="#[d8]">&gt;&gt;</a>&nbsp;&nbsp;&nbsp;The_motor_battery_dis_init
<LI><a href="#[7b]">&gt;&gt;</a>&nbsp;&nbsp;&nbsp;Enter_into_Pair
<LI><a href="#[121]">&gt;&gt;</a>&nbsp;&nbsp;&nbsp;delay_page_ok
<LI><a href="#[f9]">&gt;&gt;</a>&nbsp;&nbsp;&nbsp;Video_downcount_times_display
</UL>

<P><STRONG><a name="[93]"></a>LCD_P16x16Str</STRONG> (Thumb, 228 bytes, Stack size 48 bytes, oled.o(i.LCD_P16x16Str))
<BR><BR>[Stack]<UL><LI>Max Depth = 80<LI>Call Chain = LCD_P16x16Str &rArr; Address_set &rArr; LCD_WR_REG
</UL>
<BR>[Calls]<UL><LI><a href="#[56]">&gt;&gt;</a>&nbsp;&nbsp;&nbsp;Feed_IWDG
<LI><a href="#[92]">&gt;&gt;</a>&nbsp;&nbsp;&nbsp;LCD_WR_DATA
<LI><a href="#[44]">&gt;&gt;</a>&nbsp;&nbsp;&nbsp;Address_set
</UL>
<BR>[Called By]<UL><LI><a href="#[4a]">&gt;&gt;</a>&nbsp;&nbsp;&nbsp;Oled_EnlPrint
</UL>

<P><STRONG><a name="[94]"></a>LCD_P8x16Str</STRONG> (Thumb, 142 bytes, Stack size 48 bytes, oled.o(i.LCD_P8x16Str))
<BR><BR>[Stack]<UL><LI>Max Depth = 80<LI>Call Chain = LCD_P8x16Str &rArr; Address_set &rArr; LCD_WR_REG
</UL>
<BR>[Calls]<UL><LI><a href="#[56]">&gt;&gt;</a>&nbsp;&nbsp;&nbsp;Feed_IWDG
<LI><a href="#[92]">&gt;&gt;</a>&nbsp;&nbsp;&nbsp;LCD_WR_DATA
<LI><a href="#[44]">&gt;&gt;</a>&nbsp;&nbsp;&nbsp;Address_set
</UL>
<BR>[Called By]<UL><LI><a href="#[4a]">&gt;&gt;</a>&nbsp;&nbsp;&nbsp;Oled_EnlPrint
</UL>

<P><STRONG><a name="[92]"></a>LCD_WR_DATA</STRONG> (Thumb, 30 bytes, Stack size 8 bytes, oled.o(i.LCD_WR_DATA))
<BR><BR>[Stack]<UL><LI>Max Depth = 8<LI>Call Chain = LCD_WR_DATA
</UL>
<BR>[Calls]<UL><LI><a href="#[95]">&gt;&gt;</a>&nbsp;&nbsp;&nbsp;Spi_write_data
</UL>
<BR>[Called By]<UL><LI><a href="#[de]">&gt;&gt;</a>&nbsp;&nbsp;&nbsp;TurnOff_ShutDonw_Battery_dis
<LI><a href="#[a3]">&gt;&gt;</a>&nbsp;&nbsp;&nbsp;Logo_display
<LI><a href="#[54]">&gt;&gt;</a>&nbsp;&nbsp;&nbsp;LCD_Fill
<LI><a href="#[da]">&gt;&gt;</a>&nbsp;&nbsp;&nbsp;battery_frame_display
<LI><a href="#[d9]">&gt;&gt;</a>&nbsp;&nbsp;&nbsp;battery_data_display
<LI><a href="#[94]">&gt;&gt;</a>&nbsp;&nbsp;&nbsp;LCD_P8x16Str
<LI><a href="#[93]">&gt;&gt;</a>&nbsp;&nbsp;&nbsp;LCD_P16x16Str
<LI><a href="#[96]">&gt;&gt;</a>&nbsp;&nbsp;&nbsp;LCD_shi_fen_miao_display
<LI><a href="#[91]">&gt;&gt;</a>&nbsp;&nbsp;&nbsp;LCD_Clear
<LI><a href="#[173]">&gt;&gt;</a>&nbsp;&nbsp;&nbsp;specialty_jiaHao_scan
</UL>

<P><STRONG><a name="[46]"></a>LCD_WR_DATA8</STRONG> (Thumb, 18 bytes, Stack size 8 bytes, oled.o(i.LCD_WR_DATA8))
<BR><BR>[Stack]<UL><LI>Max Depth = 8<LI>Call Chain = LCD_WR_DATA8
</UL>
<BR>[Calls]<UL><LI><a href="#[95]">&gt;&gt;</a>&nbsp;&nbsp;&nbsp;Spi_write_data
</UL>
<BR>[Called By]<UL><LI><a href="#[a2]">&gt;&gt;</a>&nbsp;&nbsp;&nbsp;Lcd_Init
<LI><a href="#[44]">&gt;&gt;</a>&nbsp;&nbsp;&nbsp;Address_set
</UL>

<P><STRONG><a name="[45]"></a>LCD_WR_REG</STRONG> (Thumb, 18 bytes, Stack size 8 bytes, oled.o(i.LCD_WR_REG))
<BR><BR>[Stack]<UL><LI>Max Depth = 8<LI>Call Chain = LCD_WR_REG
</UL>
<BR>[Calls]<UL><LI><a href="#[95]">&gt;&gt;</a>&nbsp;&nbsp;&nbsp;Spi_write_data
</UL>
<BR>[Called By]<UL><LI><a href="#[a2]">&gt;&gt;</a>&nbsp;&nbsp;&nbsp;Lcd_Init
<LI><a href="#[44]">&gt;&gt;</a>&nbsp;&nbsp;&nbsp;Address_set
</UL>

<P><STRONG><a name="[96]"></a>LCD_shi_fen_miao_display</STRONG> (Thumb, 156 bytes, Stack size 40 bytes, oled.o(i.LCD_shi_fen_miao_display))
<BR><BR>[Stack]<UL><LI>Max Depth = 72<LI>Call Chain = LCD_shi_fen_miao_display &rArr; Address_set &rArr; LCD_WR_REG
</UL>
<BR>[Calls]<UL><LI><a href="#[56]">&gt;&gt;</a>&nbsp;&nbsp;&nbsp;Feed_IWDG
<LI><a href="#[92]">&gt;&gt;</a>&nbsp;&nbsp;&nbsp;LCD_WR_DATA
<LI><a href="#[44]">&gt;&gt;</a>&nbsp;&nbsp;&nbsp;Address_set
</UL>
<BR>[Called By]<UL><LI><a href="#[dc]">&gt;&gt;</a>&nbsp;&nbsp;&nbsp;Time_DownCount
<LI><a href="#[e5]">&gt;&gt;</a>&nbsp;&nbsp;&nbsp;secondes_time_dis
<LI><a href="#[e4]">&gt;&gt;</a>&nbsp;&nbsp;&nbsp;minutes_time_dis
<LI><a href="#[e3]">&gt;&gt;</a>&nbsp;&nbsp;&nbsp;hours_time_dis
<LI><a href="#[f9]">&gt;&gt;</a>&nbsp;&nbsp;&nbsp;Video_downcount_times_display
</UL>

<P><STRONG><a name="[42]"></a>LL_GPIO_Init</STRONG> (Thumb, 168 bytes, Stack size 20 bytes, stm32f0xx_ll_gpio.o(i.LL_GPIO_Init))
<BR><BR>[Stack]<UL><LI>Max Depth = 20<LI>Call Chain = LL_GPIO_Init
</UL>
<BR>[Called By]<UL><LI><a href="#[ac]">&gt;&gt;</a>&nbsp;&nbsp;&nbsp;Usart22_init
<LI><a href="#[a6]">&gt;&gt;</a>&nbsp;&nbsp;&nbsp;MX_TIM3_Init
<LI><a href="#[cc]">&gt;&gt;</a>&nbsp;&nbsp;&nbsp;input_opendrain
<LI><a href="#[74]">&gt;&gt;</a>&nbsp;&nbsp;&nbsp;Spi_init
<LI><a href="#[85]">&gt;&gt;</a>&nbsp;&nbsp;&nbsp;ShutDown_AllIO_High_resistance_mode
<LI><a href="#[4c]">&gt;&gt;</a>&nbsp;&nbsp;&nbsp;GPIO_OUT_init
<LI><a href="#[8b]">&gt;&gt;</a>&nbsp;&nbsp;&nbsp;GPIO_INUP_Init
<LI><a href="#[3f]">&gt;&gt;</a>&nbsp;&nbsp;&nbsp;Adc_Gpio_init
</UL>

<P><STRONG><a name="[97]"></a>LL_RCC_GetSystemClocksFreq</STRONG> (Thumb, 24 bytes, Stack size 8 bytes, stm32f0xx_ll_rcc.o(i.LL_RCC_GetSystemClocksFreq))
<BR><BR>[Stack]<UL><LI>Max Depth = 36<LI>Call Chain = LL_RCC_GetSystemClocksFreq &rArr; RCC_GetSystemClockFreq &rArr; RCC_PLL_GetFreqDomain_SYS &rArr; __aeabi_uidivmod
</UL>
<BR>[Calls]<UL><LI><a href="#[98]">&gt;&gt;</a>&nbsp;&nbsp;&nbsp;RCC_GetSystemClockFreq
<LI><a href="#[9a]">&gt;&gt;</a>&nbsp;&nbsp;&nbsp;RCC_GetPCLK1ClockFreq
<LI><a href="#[99]">&gt;&gt;</a>&nbsp;&nbsp;&nbsp;RCC_GetHCLKClockFreq
</UL>
<BR>[Called By]<UL><LI><a href="#[a1]">&gt;&gt;</a>&nbsp;&nbsp;&nbsp;LL_USART_Init
</UL>

<P><STRONG><a name="[9b]"></a>LL_RCC_GetUSARTClockFreq</STRONG> (Thumb, 76 bytes, Stack size 8 bytes, stm32f0xx_ll_rcc.o(i.LL_RCC_GetUSARTClockFreq))
<BR><BR>[Stack]<UL><LI>Max Depth = 36<LI>Call Chain = LL_RCC_GetUSARTClockFreq &rArr; RCC_GetSystemClockFreq &rArr; RCC_PLL_GetFreqDomain_SYS &rArr; __aeabi_uidivmod
</UL>
<BR>[Calls]<UL><LI><a href="#[98]">&gt;&gt;</a>&nbsp;&nbsp;&nbsp;RCC_GetSystemClockFreq
<LI><a href="#[9a]">&gt;&gt;</a>&nbsp;&nbsp;&nbsp;RCC_GetPCLK1ClockFreq
<LI><a href="#[99]">&gt;&gt;</a>&nbsp;&nbsp;&nbsp;RCC_GetHCLKClockFreq
</UL>
<BR>[Called By]<UL><LI><a href="#[a1]">&gt;&gt;</a>&nbsp;&nbsp;&nbsp;LL_USART_Init
</UL>

<P><STRONG><a name="[cd]"></a>LL_SPI_Init</STRONG> (Thumb, 92 bytes, Stack size 8 bytes, stm32f0xx_ll_spi.o(i.LL_SPI_Init))
<BR><BR>[Stack]<UL><LI>Max Depth = 8<LI>Call Chain = LL_SPI_Init
</UL>
<BR>[Called By]<UL><LI><a href="#[74]">&gt;&gt;</a>&nbsp;&nbsp;&nbsp;Spi_init
</UL>

<P><STRONG><a name="[a9]"></a>LL_TIM_Init</STRONG> (Thumb, 108 bytes, Stack size 20 bytes, stm32f0xx_ll_tim.o(i.LL_TIM_Init))
<BR><BR>[Stack]<UL><LI>Max Depth = 20<LI>Call Chain = LL_TIM_Init
</UL>
<BR>[Called By]<UL><LI><a href="#[1f]">&gt;&gt;</a>&nbsp;&nbsp;&nbsp;main
<LI><a href="#[a6]">&gt;&gt;</a>&nbsp;&nbsp;&nbsp;MX_TIM3_Init
</UL>

<P><STRONG><a name="[9c]"></a>LL_TIM_OC_Init</STRONG> (Thumb, 68 bytes, Stack size 8 bytes, stm32f0xx_ll_tim.o(i.LL_TIM_OC_Init))
<BR><BR>[Stack]<UL><LI>Max Depth = 24<LI>Call Chain = LL_TIM_OC_Init &rArr; OC4Config
</UL>
<BR>[Calls]<UL><LI><a href="#[9d]">&gt;&gt;</a>&nbsp;&nbsp;&nbsp;OC4Config
<LI><a href="#[a0]">&gt;&gt;</a>&nbsp;&nbsp;&nbsp;OC3Config
<LI><a href="#[9f]">&gt;&gt;</a>&nbsp;&nbsp;&nbsp;OC2Config
<LI><a href="#[9e]">&gt;&gt;</a>&nbsp;&nbsp;&nbsp;OC1Config
</UL>
<BR>[Called By]<UL><LI><a href="#[a6]">&gt;&gt;</a>&nbsp;&nbsp;&nbsp;MX_TIM3_Init
</UL>

<P><STRONG><a name="[a1]"></a>LL_USART_Init</STRONG> (Thumb, 156 bytes, Stack size 32 bytes, stm32f0xx_ll_usart.o(i.LL_USART_Init))
<BR><BR>[Stack]<UL><LI>Max Depth = 68<LI>Call Chain = LL_USART_Init &rArr; LL_RCC_GetUSARTClockFreq &rArr; RCC_GetSystemClockFreq &rArr; RCC_PLL_GetFreqDomain_SYS &rArr; __aeabi_uidivmod
</UL>
<BR>[Calls]<UL><LI><a href="#[9b]">&gt;&gt;</a>&nbsp;&nbsp;&nbsp;LL_RCC_GetUSARTClockFreq
<LI><a href="#[97]">&gt;&gt;</a>&nbsp;&nbsp;&nbsp;LL_RCC_GetSystemClocksFreq
<LI><a href="#[64]">&gt;&gt;</a>&nbsp;&nbsp;&nbsp;__aeabi_uidivmod
</UL>
<BR>[Called By]<UL><LI><a href="#[ac]">&gt;&gt;</a>&nbsp;&nbsp;&nbsp;Usart22_init
</UL>

<P><STRONG><a name="[a2]"></a>Lcd_Init</STRONG> (Thumb, 578 bytes, Stack size 16 bytes, oled.o(i.Lcd_Init))
<BR><BR>[Stack]<UL><LI>Max Depth = 64<LI>Call Chain = Lcd_Init &rArr; LCD_Clear &rArr; Address_set &rArr; LCD_WR_REG
</UL>
<BR>[Calls]<UL><LI><a href="#[7c]">&gt;&gt;</a>&nbsp;&nbsp;&nbsp;time_delay_ms
<LI><a href="#[45]">&gt;&gt;</a>&nbsp;&nbsp;&nbsp;LCD_WR_REG
<LI><a href="#[46]">&gt;&gt;</a>&nbsp;&nbsp;&nbsp;LCD_WR_DATA8
<LI><a href="#[91]">&gt;&gt;</a>&nbsp;&nbsp;&nbsp;LCD_Clear
</UL>
<BR>[Called By]<UL><LI><a href="#[1f]">&gt;&gt;</a>&nbsp;&nbsp;&nbsp;main
</UL>

<P><STRONG><a name="[a3]"></a>Logo_display</STRONG> (Thumb, 208 bytes, Stack size 24 bytes, oled.o(i.Logo_display))
<BR><BR>[Stack]<UL><LI>Max Depth = 152<LI>Call Chain = Logo_display &rArr; Oled_EnlPrint &rArr; LCD_P8x16Str &rArr; Address_set &rArr; LCD_WR_REG
</UL>
<BR>[Calls]<UL><LI><a href="#[7c]">&gt;&gt;</a>&nbsp;&nbsp;&nbsp;time_delay_ms
<LI><a href="#[4a]">&gt;&gt;</a>&nbsp;&nbsp;&nbsp;Oled_EnlPrint
<LI><a href="#[54]">&gt;&gt;</a>&nbsp;&nbsp;&nbsp;LCD_Fill
<LI><a href="#[49]">&gt;&gt;</a>&nbsp;&nbsp;&nbsp;Check_String
<LI><a href="#[92]">&gt;&gt;</a>&nbsp;&nbsp;&nbsp;LCD_WR_DATA
<LI><a href="#[44]">&gt;&gt;</a>&nbsp;&nbsp;&nbsp;Address_set
</UL>
<BR>[Called By]<UL><LI><a href="#[1f]">&gt;&gt;</a>&nbsp;&nbsp;&nbsp;main
</UL>

<P><STRONG><a name="[a4]"></a>LowBattery_wakeup</STRONG> (Thumb, 20 bytes, Stack size 4 bytes, low_power.o(i.LowBattery_wakeup))
<BR><BR>[Stack]<UL><LI>Max Depth = 4<LI>Call Chain = LowBattery_wakeup
</UL>
<BR>[Calls]<UL><LI><a href="#[a5]">&gt;&gt;</a>&nbsp;&nbsp;&nbsp;set_active_time_out
</UL>
<BR>[Called By]<UL><LI><a href="#[137]">&gt;&gt;</a>&nbsp;&nbsp;&nbsp;keyscan
</UL>

<P><STRONG><a name="[a6]"></a>MX_TIM3_Init</STRONG> (Thumb, 170 bytes, Stack size 104 bytes, main.o(i.MX_TIM3_Init))
<BR><BR>[Stack]<UL><LI>Max Depth = 128<LI>Call Chain = MX_TIM3_Init &rArr; LL_TIM_OC_Init &rArr; OC4Config
</UL>
<BR>[Calls]<UL><LI><a href="#[9c]">&gt;&gt;</a>&nbsp;&nbsp;&nbsp;LL_TIM_OC_Init
<LI><a href="#[a9]">&gt;&gt;</a>&nbsp;&nbsp;&nbsp;LL_TIM_Init
<LI><a href="#[42]">&gt;&gt;</a>&nbsp;&nbsp;&nbsp;LL_GPIO_Init
<LI><a href="#[a8]">&gt;&gt;</a>&nbsp;&nbsp;&nbsp;NVIC_SetPriority
<LI><a href="#[aa]">&gt;&gt;</a>&nbsp;&nbsp;&nbsp;LL_TIM_OC_EnablePreload
<LI><a href="#[a7]">&gt;&gt;</a>&nbsp;&nbsp;&nbsp;LL_APB1_GRP1_EnableClock
</UL>
<BR>[Called By]<UL><LI><a href="#[1f]">&gt;&gt;</a>&nbsp;&nbsp;&nbsp;main
</UL>

<P><STRONG><a name="[ab]"></a>MX_USART2_UART_Init</STRONG> (Thumb, 26 bytes, Stack size 8 bytes, uart.o(i.MX_USART2_UART_Init))
<BR><BR>[Stack]<UL><LI>Max Depth = 156<LI>Call Chain = MX_USART2_UART_Init &rArr; Usart22_init &rArr; LL_USART_Init &rArr; LL_RCC_GetUSARTClockFreq &rArr; RCC_GetSystemClockFreq &rArr; RCC_PLL_GetFreqDomain_SYS &rArr; __aeabi_uidivmod
</UL>
<BR>[Calls]<UL><LI><a href="#[ac]">&gt;&gt;</a>&nbsp;&nbsp;&nbsp;Usart22_init
<LI><a href="#[ae]">&gt;&gt;</a>&nbsp;&nbsp;&nbsp;Usart22_Send_Dma_Init
<LI><a href="#[ad]">&gt;&gt;</a>&nbsp;&nbsp;&nbsp;Usart22_Receiver_Dma_Init
</UL>
<BR>[Called By]<UL><LI><a href="#[1f]">&gt;&gt;</a>&nbsp;&nbsp;&nbsp;main
</UL>

<P><STRONG><a name="[af]"></a>Manual_page_OK</STRONG> (Thumb, 42 bytes, Stack size 16 bytes, orbital.o(i.Manual_page_OK))
<BR><BR>[Stack]<UL><LI>Max Depth = 168<LI>Call Chain = Manual_page_OK &rArr; Speed_display &rArr; Oled_EnlPrint &rArr; LCD_P8x16Str &rArr; Address_set &rArr; LCD_WR_REG
</UL>
<BR>[Calls]<UL><LI><a href="#[b0]">&gt;&gt;</a>&nbsp;&nbsp;&nbsp;Speed_display
</UL>
<BR>[Called By]<UL><LI><a href="#[13d]">&gt;&gt;</a>&nbsp;&nbsp;&nbsp;press_OK_function
</UL>

<P><STRONG><a name="[1]"></a>NMI_Handler</STRONG> (Thumb, 2 bytes, Stack size 0 bytes, stm32f0xx_it.o(i.NMI_Handler))
<BR>[Address Reference Count : 1]<UL><LI> startup_stm32f030x8.o(RESET)
</UL>
<P><STRONG><a name="[b1]"></a>NRF24L01_Clear_IRQ_Flag</STRONG> (Thumb, 44 bytes, Stack size 16 bytes, rf24l01.o(i.NRF24L01_Clear_IRQ_Flag))
<BR><BR>[Stack]<UL><LI>Max Depth = 48<LI>Call Chain = NRF24L01_Clear_IRQ_Flag &rArr; NRF24L01_Read_Status_Register &rArr; drv_spi_read_write_byte
</UL>
<BR>[Calls]<UL><LI><a href="#[b3]">&gt;&gt;</a>&nbsp;&nbsp;&nbsp;drv_spi_read_write_byte
<LI><a href="#[b2]">&gt;&gt;</a>&nbsp;&nbsp;&nbsp;NRF24L01_Read_Status_Register
</UL>
<BR>[Called By]<UL><LI><a href="#[bb]">&gt;&gt;</a>&nbsp;&nbsp;&nbsp;RF24L01_Init
</UL>

<P><STRONG><a name="[b4]"></a>NRF24L01_Read_Buf</STRONG> (Thumb, 42 bytes, Stack size 24 bytes, rf24l01.o(i.NRF24L01_Read_Buf))
<BR><BR>[Stack]<UL><LI>Max Depth = 48<LI>Call Chain = NRF24L01_Read_Buf &rArr; drv_spi_read_write_byte
</UL>
<BR>[Calls]<UL><LI><a href="#[b3]">&gt;&gt;</a>&nbsp;&nbsp;&nbsp;drv_spi_read_write_byte
</UL>
<BR>[Called By]<UL><LI><a href="#[58]">&gt;&gt;</a>&nbsp;&nbsp;&nbsp;NRF24L01_RxPacket
<LI><a href="#[b8]">&gt;&gt;</a>&nbsp;&nbsp;&nbsp;NRF24L01_check
</UL>

<P><STRONG><a name="[b5]"></a>NRF24L01_Read_Reg</STRONG> (Thumb, 24 bytes, Stack size 8 bytes, rf24l01.o(i.NRF24L01_Read_Reg))
<BR><BR>[Stack]<UL><LI>Max Depth = 32<LI>Call Chain = NRF24L01_Read_Reg &rArr; drv_spi_read_write_byte
</UL>
<BR>[Calls]<UL><LI><a href="#[b3]">&gt;&gt;</a>&nbsp;&nbsp;&nbsp;drv_spi_read_write_byte
</UL>
<BR>[Called By]<UL><LI><a href="#[53]">&gt;&gt;</a>&nbsp;&nbsp;&nbsp;RF24L01_Set_Mode
<LI><a href="#[5c]">&gt;&gt;</a>&nbsp;&nbsp;&nbsp;NRF24L01_TxPacket
<LI><a href="#[58]">&gt;&gt;</a>&nbsp;&nbsp;&nbsp;NRF24L01_RxPacket
<LI><a href="#[177]">&gt;&gt;</a>&nbsp;&nbsp;&nbsp;wifi24G_send_data
<LI><a href="#[bb]">&gt;&gt;</a>&nbsp;&nbsp;&nbsp;RF24L01_Init
</UL>

<P><STRONG><a name="[b2]"></a>NRF24L01_Read_Status_Register</STRONG> (Thumb, 20 bytes, Stack size 8 bytes, rf24l01.o(i.NRF24L01_Read_Status_Register))
<BR><BR>[Stack]<UL><LI>Max Depth = 32<LI>Call Chain = NRF24L01_Read_Status_Register &rArr; drv_spi_read_write_byte
</UL>
<BR>[Calls]<UL><LI><a href="#[b3]">&gt;&gt;</a>&nbsp;&nbsp;&nbsp;drv_spi_read_write_byte
</UL>
<BR>[Called By]<UL><LI><a href="#[b1]">&gt;&gt;</a>&nbsp;&nbsp;&nbsp;NRF24L01_Clear_IRQ_Flag
</UL>

<P><STRONG><a name="[58]"></a>NRF24L01_RxPacket</STRONG> (Thumb, 78 bytes, Stack size 16 bytes, rf24l01.o(i.NRF24L01_RxPacket))
<BR><BR>[Stack]<UL><LI>Max Depth = 64<LI>Call Chain = NRF24L01_RxPacket &rArr; NRF24L01_Read_Buf &rArr; drv_spi_read_write_byte
</UL>
<BR>[Calls]<UL><LI><a href="#[b6]">&gt;&gt;</a>&nbsp;&nbsp;&nbsp;LL_GPIO_IsInputPinSet
<LI><a href="#[4f]">&gt;&gt;</a>&nbsp;&nbsp;&nbsp;NRF24L01_Write_Reg
<LI><a href="#[b5]">&gt;&gt;</a>&nbsp;&nbsp;&nbsp;NRF24L01_Read_Reg
<LI><a href="#[b4]">&gt;&gt;</a>&nbsp;&nbsp;&nbsp;NRF24L01_Read_Buf
</UL>
<BR>[Called By]<UL><LI><a href="#[4e]">&gt;&gt;</a>&nbsp;&nbsp;&nbsp;Burn_code_value
<LI><a href="#[7b]">&gt;&gt;</a>&nbsp;&nbsp;&nbsp;Enter_into_Pair
<LI><a href="#[178]">&gt;&gt;</a>&nbsp;&nbsp;&nbsp;wifi24G_read_data
</UL>

<P><STRONG><a name="[51]"></a>NRF24L01_Set_RxAddr</STRONG> (Thumb, 24 bytes, Stack size 8 bytes, rf24l01.o(i.NRF24L01_Set_RxAddr))
<BR><BR>[Stack]<UL><LI>Max Depth = 56<LI>Call Chain = NRF24L01_Set_RxAddr &rArr; NRF24L01_Write_Buf &rArr; drv_spi_read_write_byte
</UL>
<BR>[Calls]<UL><LI><a href="#[b7]">&gt;&gt;</a>&nbsp;&nbsp;&nbsp;NRF24L01_Write_Buf
</UL>
<BR>[Called By]<UL><LI><a href="#[4e]">&gt;&gt;</a>&nbsp;&nbsp;&nbsp;Burn_code_value
<LI><a href="#[5d]">&gt;&gt;</a>&nbsp;&nbsp;&nbsp;RF_reconver
<LI><a href="#[7b]">&gt;&gt;</a>&nbsp;&nbsp;&nbsp;Enter_into_Pair
<LI><a href="#[bb]">&gt;&gt;</a>&nbsp;&nbsp;&nbsp;RF24L01_Init
</UL>

<P><STRONG><a name="[50]"></a>NRF24L01_Set_TxAddr</STRONG> (Thumb, 20 bytes, Stack size 8 bytes, rf24l01.o(i.NRF24L01_Set_TxAddr))
<BR><BR>[Stack]<UL><LI>Max Depth = 56<LI>Call Chain = NRF24L01_Set_TxAddr &rArr; NRF24L01_Write_Buf &rArr; drv_spi_read_write_byte
</UL>
<BR>[Calls]<UL><LI><a href="#[b7]">&gt;&gt;</a>&nbsp;&nbsp;&nbsp;NRF24L01_Write_Buf
</UL>
<BR>[Called By]<UL><LI><a href="#[4e]">&gt;&gt;</a>&nbsp;&nbsp;&nbsp;Burn_code_value
<LI><a href="#[5d]">&gt;&gt;</a>&nbsp;&nbsp;&nbsp;RF_reconver
<LI><a href="#[7b]">&gt;&gt;</a>&nbsp;&nbsp;&nbsp;Enter_into_Pair
<LI><a href="#[bb]">&gt;&gt;</a>&nbsp;&nbsp;&nbsp;RF24L01_Init
</UL>

<P><STRONG><a name="[5c]"></a>NRF24L01_TxPacket</STRONG> (Thumb, 142 bytes, Stack size 32 bytes, rf24l01.o(i.NRF24L01_TxPacket))
<BR><BR>[Stack]<UL><LI>Max Depth = 80<LI>Call Chain = NRF24L01_TxPacket &rArr; NRF24L01_Write_Buf &rArr; drv_spi_read_write_byte
</UL>
<BR>[Calls]<UL><LI><a href="#[7c]">&gt;&gt;</a>&nbsp;&nbsp;&nbsp;time_delay_ms
<LI><a href="#[56]">&gt;&gt;</a>&nbsp;&nbsp;&nbsp;Feed_IWDG
<LI><a href="#[b6]">&gt;&gt;</a>&nbsp;&nbsp;&nbsp;LL_GPIO_IsInputPinSet
<LI><a href="#[4f]">&gt;&gt;</a>&nbsp;&nbsp;&nbsp;NRF24L01_Write_Reg
<LI><a href="#[b3]">&gt;&gt;</a>&nbsp;&nbsp;&nbsp;drv_spi_read_write_byte
<LI><a href="#[b7]">&gt;&gt;</a>&nbsp;&nbsp;&nbsp;NRF24L01_Write_Buf
<LI><a href="#[b5]">&gt;&gt;</a>&nbsp;&nbsp;&nbsp;NRF24L01_Read_Reg
</UL>
<BR>[Called By]<UL><LI><a href="#[4e]">&gt;&gt;</a>&nbsp;&nbsp;&nbsp;Burn_code_value
<LI><a href="#[57]">&gt;&gt;</a>&nbsp;&nbsp;&nbsp;Pair_send_data
<LI><a href="#[7b]">&gt;&gt;</a>&nbsp;&nbsp;&nbsp;Enter_into_Pair
<LI><a href="#[177]">&gt;&gt;</a>&nbsp;&nbsp;&nbsp;wifi24G_send_data
</UL>

<P><STRONG><a name="[b7]"></a>NRF24L01_Write_Buf</STRONG> (Thumb, 44 bytes, Stack size 24 bytes, rf24l01.o(i.NRF24L01_Write_Buf))
<BR><BR>[Stack]<UL><LI>Max Depth = 48<LI>Call Chain = NRF24L01_Write_Buf &rArr; drv_spi_read_write_byte
</UL>
<BR>[Calls]<UL><LI><a href="#[b3]">&gt;&gt;</a>&nbsp;&nbsp;&nbsp;drv_spi_read_write_byte
</UL>
<BR>[Called By]<UL><LI><a href="#[5c]">&gt;&gt;</a>&nbsp;&nbsp;&nbsp;NRF24L01_TxPacket
<LI><a href="#[50]">&gt;&gt;</a>&nbsp;&nbsp;&nbsp;NRF24L01_Set_TxAddr
<LI><a href="#[51]">&gt;&gt;</a>&nbsp;&nbsp;&nbsp;NRF24L01_Set_RxAddr
<LI><a href="#[b8]">&gt;&gt;</a>&nbsp;&nbsp;&nbsp;NRF24L01_check
</UL>

<P><STRONG><a name="[4f]"></a>NRF24L01_Write_Reg</STRONG> (Thumb, 30 bytes, Stack size 16 bytes, rf24l01.o(i.NRF24L01_Write_Reg))
<BR><BR>[Stack]<UL><LI>Max Depth = 40<LI>Call Chain = NRF24L01_Write_Reg &rArr; drv_spi_read_write_byte
</UL>
<BR>[Calls]<UL><LI><a href="#[b3]">&gt;&gt;</a>&nbsp;&nbsp;&nbsp;drv_spi_read_write_byte
</UL>
<BR>[Called By]<UL><LI><a href="#[4e]">&gt;&gt;</a>&nbsp;&nbsp;&nbsp;Burn_code_value
<LI><a href="#[53]">&gt;&gt;</a>&nbsp;&nbsp;&nbsp;RF24L01_Set_Mode
<LI><a href="#[5c]">&gt;&gt;</a>&nbsp;&nbsp;&nbsp;NRF24L01_TxPacket
<LI><a href="#[58]">&gt;&gt;</a>&nbsp;&nbsp;&nbsp;NRF24L01_RxPacket
<LI><a href="#[5d]">&gt;&gt;</a>&nbsp;&nbsp;&nbsp;RF_reconver
<LI><a href="#[7b]">&gt;&gt;</a>&nbsp;&nbsp;&nbsp;Enter_into_Pair
<LI><a href="#[84]">&gt;&gt;</a>&nbsp;&nbsp;&nbsp;wifi_sleep
<LI><a href="#[bb]">&gt;&gt;</a>&nbsp;&nbsp;&nbsp;RF24L01_Init
</UL>

<P><STRONG><a name="[b8]"></a>NRF24L01_check</STRONG> (Thumb, 110 bytes, Stack size 40 bytes, rf24l01.o(i.NRF24L01_check))
<BR><BR>[Stack]<UL><LI>Max Depth = 168<LI>Call Chain = NRF24L01_check &rArr; Oled_EnlPrint &rArr; LCD_P8x16Str &rArr; Address_set &rArr; LCD_WR_REG
</UL>
<BR>[Calls]<UL><LI><a href="#[7c]">&gt;&gt;</a>&nbsp;&nbsp;&nbsp;time_delay_ms
<LI><a href="#[56]">&gt;&gt;</a>&nbsp;&nbsp;&nbsp;Feed_IWDG
<LI><a href="#[4a]">&gt;&gt;</a>&nbsp;&nbsp;&nbsp;Oled_EnlPrint
<LI><a href="#[b7]">&gt;&gt;</a>&nbsp;&nbsp;&nbsp;NRF24L01_Write_Buf
<LI><a href="#[b4]">&gt;&gt;</a>&nbsp;&nbsp;&nbsp;NRF24L01_Read_Buf
</UL>
<BR>[Called By]<UL><LI><a href="#[b9]">&gt;&gt;</a>&nbsp;&nbsp;&nbsp;Nrf24L01_init
</UL>

<P><STRONG><a name="[b9]"></a>Nrf24L01_init</STRONG> (Thumb, 54 bytes, Stack size 16 bytes, rf24l01.o(i.Nrf24L01_init))
<BR><BR>[Stack]<UL><LI>Max Depth = 184<LI>Call Chain = Nrf24L01_init &rArr; NRF24L01_check &rArr; Oled_EnlPrint &rArr; LCD_P8x16Str &rArr; Address_set &rArr; LCD_WR_REG
</UL>
<BR>[Calls]<UL><LI><a href="#[7c]">&gt;&gt;</a>&nbsp;&nbsp;&nbsp;time_delay_ms
<LI><a href="#[53]">&gt;&gt;</a>&nbsp;&nbsp;&nbsp;RF24L01_Set_Mode
<LI><a href="#[ba]">&gt;&gt;</a>&nbsp;&nbsp;&nbsp;RF24L01_GPIO_Init
<LI><a href="#[bb]">&gt;&gt;</a>&nbsp;&nbsp;&nbsp;RF24L01_Init
<LI><a href="#[b8]">&gt;&gt;</a>&nbsp;&nbsp;&nbsp;NRF24L01_check
</UL>
<BR>[Called By]<UL><LI><a href="#[1f]">&gt;&gt;</a>&nbsp;&nbsp;&nbsp;main
</UL>

<P><STRONG><a name="[4a]"></a>Oled_EnlPrint</STRONG> (Thumb, 186 bytes, Stack size 48 bytes, oled.o(i.Oled_EnlPrint))
<BR><BR>[Stack]<UL><LI>Max Depth = 128<LI>Call Chain = Oled_EnlPrint &rArr; LCD_P8x16Str &rArr; Address_set &rArr; LCD_WR_REG
</UL>
<BR>[Calls]<UL><LI><a href="#[56]">&gt;&gt;</a>&nbsp;&nbsp;&nbsp;Feed_IWDG
<LI><a href="#[94]">&gt;&gt;</a>&nbsp;&nbsp;&nbsp;LCD_P8x16Str
<LI><a href="#[93]">&gt;&gt;</a>&nbsp;&nbsp;&nbsp;LCD_P16x16Str
<LI><a href="#[91]">&gt;&gt;</a>&nbsp;&nbsp;&nbsp;LCD_Clear
</UL>
<BR>[Called By]<UL><LI><a href="#[de]">&gt;&gt;</a>&nbsp;&nbsp;&nbsp;TurnOff_ShutDonw_Battery_dis
<LI><a href="#[a3]">&gt;&gt;</a>&nbsp;&nbsp;&nbsp;Logo_display
<LI><a href="#[dc]">&gt;&gt;</a>&nbsp;&nbsp;&nbsp;Time_DownCount
<LI><a href="#[d7]">&gt;&gt;</a>&nbsp;&nbsp;&nbsp;Task_Percentage_Dis
<LI><a href="#[b0]">&gt;&gt;</a>&nbsp;&nbsp;&nbsp;Speed_display
<LI><a href="#[6f]">&gt;&gt;</a>&nbsp;&nbsp;&nbsp;Delay_pix_amt_display
<LI><a href="#[4d]">&gt;&gt;</a>&nbsp;&nbsp;&nbsp;Brightness_dis
<LI><a href="#[14b]">&gt;&gt;</a>&nbsp;&nbsp;&nbsp;version_dis
<LI><a href="#[12b]">&gt;&gt;</a>&nbsp;&nbsp;&nbsp;factory_set_display
<LI><a href="#[57]">&gt;&gt;</a>&nbsp;&nbsp;&nbsp;Pair_send_data
<LI><a href="#[db]">&gt;&gt;</a>&nbsp;&nbsp;&nbsp;The_page_processing
<LI><a href="#[164]">&gt;&gt;</a>&nbsp;&nbsp;&nbsp;specialty_mode_OKkey
<LI><a href="#[15f]">&gt;&gt;</a>&nbsp;&nbsp;&nbsp;specialty_move_dis
<LI><a href="#[55]">&gt;&gt;</a>&nbsp;&nbsp;&nbsp;bornd_code_dis
<LI><a href="#[6b]">&gt;&gt;</a>&nbsp;&nbsp;&nbsp;Current_Status_display
<LI><a href="#[69]">&gt;&gt;</a>&nbsp;&nbsp;&nbsp;Cunrent_para_display
<LI><a href="#[159]">&gt;&gt;</a>&nbsp;&nbsp;&nbsp;status_display
<LI><a href="#[160]">&gt;&gt;</a>&nbsp;&nbsp;&nbsp;slow_start_stop_dis
<LI><a href="#[15c]">&gt;&gt;</a>&nbsp;&nbsp;&nbsp;sleep_time_dis
<LI><a href="#[e5]">&gt;&gt;</a>&nbsp;&nbsp;&nbsp;secondes_time_dis
<LI><a href="#[15a]">&gt;&gt;</a>&nbsp;&nbsp;&nbsp;pix_amt_display
<LI><a href="#[15b]">&gt;&gt;</a>&nbsp;&nbsp;&nbsp;pix_amt_compara_dis
<LI><a href="#[150]">&gt;&gt;</a>&nbsp;&nbsp;&nbsp;move_to_disp
<LI><a href="#[e4]">&gt;&gt;</a>&nbsp;&nbsp;&nbsp;minutes_time_dis
<LI><a href="#[14c]">&gt;&gt;</a>&nbsp;&nbsp;&nbsp;manulORauto_dis
<LI><a href="#[135]">&gt;&gt;</a>&nbsp;&nbsp;&nbsp;interval_time_dis
<LI><a href="#[134]">&gt;&gt;</a>&nbsp;&nbsp;&nbsp;integer_display
<LI><a href="#[e3]">&gt;&gt;</a>&nbsp;&nbsp;&nbsp;hours_time_dis
<LI><a href="#[105]">&gt;&gt;</a>&nbsp;&nbsp;&nbsp;angle_display
<LI><a href="#[171]">&gt;&gt;</a>&nbsp;&nbsp;&nbsp;specialty_cursor_id_para_dis
<LI><a href="#[170]">&gt;&gt;</a>&nbsp;&nbsp;&nbsp;specialty_cursor_id_mode_dis
<LI><a href="#[161]">&gt;&gt;</a>&nbsp;&nbsp;&nbsp;pecialty_pix_amt_display
<LI><a href="#[c0]">&gt;&gt;</a>&nbsp;&nbsp;&nbsp;jiantou_display
<LI><a href="#[126]">&gt;&gt;</a>&nbsp;&nbsp;&nbsp;delete_jahao
<LI><a href="#[bf]">&gt;&gt;</a>&nbsp;&nbsp;&nbsp;ReturnOrNext_dis
<LI><a href="#[67]">&gt;&gt;</a>&nbsp;&nbsp;&nbsp;ConfirmOrCancel_dis
<LI><a href="#[47]">&gt;&gt;</a>&nbsp;&nbsp;&nbsp;Angle_dis
<LI><a href="#[b8]">&gt;&gt;</a>&nbsp;&nbsp;&nbsp;NRF24L01_check
<LI><a href="#[f8]">&gt;&gt;</a>&nbsp;&nbsp;&nbsp;Video_motor_status_display
<LI><a href="#[f9]">&gt;&gt;</a>&nbsp;&nbsp;&nbsp;Video_downcount_times_display
<LI><a href="#[154]">&gt;&gt;</a>&nbsp;&nbsp;&nbsp;specilty_clear_han_display
</UL>

<P><STRONG><a name="[bc]"></a>Page_preinstall_move_return</STRONG> (Thumb, 70 bytes, Stack size 8 bytes, specialty_mode.o(i.Page_preinstall_move_return))
<BR><BR>[Stack]<UL><LI>Max Depth = 224<LI>Call Chain = Page_preinstall_move_return &rArr; change_page &rArr; single_cursor_dis &rArr; param_display &rArr; specialty_move_dis &rArr; status_display &rArr; Oled_EnlPrint &rArr; LCD_P8x16Str &rArr; Address_set &rArr; LCD_WR_REG
</UL>
<BR>[Calls]<UL><LI><a href="#[bd]">&gt;&gt;</a>&nbsp;&nbsp;&nbsp;change_page
<LI><a href="#[c0]">&gt;&gt;</a>&nbsp;&nbsp;&nbsp;jiantou_display
<LI><a href="#[bf]">&gt;&gt;</a>&nbsp;&nbsp;&nbsp;ReturnOrNext_dis
<LI><a href="#[be]">&gt;&gt;</a>&nbsp;&nbsp;&nbsp;specialty_page_para_dis
<LI><a href="#[64]">&gt;&gt;</a>&nbsp;&nbsp;&nbsp;__aeabi_uidivmod
</UL>
<BR>[Called By]<UL><LI><a href="#[168]">&gt;&gt;</a>&nbsp;&nbsp;&nbsp;receiver_data_from_A650
</UL>

<P><STRONG><a name="[d2]"></a>Pairing_time</STRONG> (Thumb, 14 bytes, Stack size 0 bytes, pair.o(i.Pairing_time))
<BR><BR>[Called By]<UL><LI><a href="#[15]">&gt;&gt;</a>&nbsp;&nbsp;&nbsp;TIM14_IRQHandler
</UL>

<P><STRONG><a name="[4]"></a>PendSV_Handler</STRONG> (Thumb, 2 bytes, Stack size 0 bytes, stm32f0xx_it.o(i.PendSV_Handler))
<BR>[Address Reference Count : 1]<UL><LI> startup_stm32f030x8.o(RESET)
</UL>
<P><STRONG><a name="[c1]"></a>Pwr_key_continue</STRONG> (Thumb, 140 bytes, Stack size 24 bytes, keyscan.o(i.Pwr_key_continue))
<BR><BR>[Stack]<UL><LI>Max Depth = 208<LI>Call Chain = Pwr_key_continue &rArr; wait_for_init &rArr; TurnOff_ShutDonw_Battery_dis &rArr; Oled_EnlPrint &rArr; LCD_P8x16Str &rArr; Address_set &rArr; LCD_WR_REG
</UL>
<BR>[Calls]<UL><LI><a href="#[86]">&gt;&gt;</a>&nbsp;&nbsp;&nbsp;write_flash_active
<LI><a href="#[c3]">&gt;&gt;</a>&nbsp;&nbsp;&nbsp;wait_for_init
<LI><a href="#[c4]">&gt;&gt;</a>&nbsp;&nbsp;&nbsp;battery_init
<LI><a href="#[5b]">&gt;&gt;</a>&nbsp;&nbsp;&nbsp;if_write_flash
<LI><a href="#[c2]">&gt;&gt;</a>&nbsp;&nbsp;&nbsp;ShutDown
<LI><a href="#[90]">&gt;&gt;</a>&nbsp;&nbsp;&nbsp;LL_GPIO_IsInputPinSet
<LI><a href="#[91]">&gt;&gt;</a>&nbsp;&nbsp;&nbsp;LCD_Clear
</UL>
<BR>[Called By]<UL><LI><a href="#[137]">&gt;&gt;</a>&nbsp;&nbsp;&nbsp;keyscan
</UL>

<P><STRONG><a name="[99]"></a>RCC_GetHCLKClockFreq</STRONG> (Thumb, 18 bytes, Stack size 0 bytes, stm32f0xx_ll_rcc.o(i.RCC_GetHCLKClockFreq))
<BR><BR>[Called By]<UL><LI><a href="#[9b]">&gt;&gt;</a>&nbsp;&nbsp;&nbsp;LL_RCC_GetUSARTClockFreq
<LI><a href="#[97]">&gt;&gt;</a>&nbsp;&nbsp;&nbsp;LL_RCC_GetSystemClocksFreq
</UL>

<P><STRONG><a name="[9a]"></a>RCC_GetPCLK1ClockFreq</STRONG> (Thumb, 16 bytes, Stack size 0 bytes, stm32f0xx_ll_rcc.o(i.RCC_GetPCLK1ClockFreq))
[...]
<LI><a href="#[c1]">&gt;&gt;</a>&nbsp;&nbsp;&nbsp;Pwr_key_continue
<LI><a href="#[81]">&gt;&gt;</a>&nbsp;&nbsp;&nbsp;Forbidden_Used
</UL>

<P><STRONG><a name="[17b]"></a>write_flash_holfword</STRONG> (Thumb, 14 bytes, Stack size 4 bytes, flash.o(i.write_flash_holfword))
<BR><BR>[Stack]<UL><LI>Max Depth = 28<LI>Call Chain = write_flash_holfword &rArr; FLASH_ProgramHalfWord &rArr; FLASH_WaitForLastOperation
</UL>
<BR>[Calls]<UL><LI><a href="#[7f]">&gt;&gt;</a>&nbsp;&nbsp;&nbsp;FLASH_ProgramHalfWord
</UL>
<BR>[Called By]<UL><LI><a href="#[17a]">&gt;&gt;</a>&nbsp;&nbsp;&nbsp;write_flash_holfword_buffer
</UL>

<P><STRONG><a name="[17a]"></a>write_flash_holfword_buffer</STRONG> (Thumb, 78 bytes, Stack size 32 bytes, flash.o(i.write_flash_holfword_buffer))
<BR><BR>[Stack]<UL><LI>Max Depth = 64<LI>Call Chain = write_flash_holfword_buffer &rArr; erase_flash_OnePage &rArr; FLASH_ErasePage &rArr; FLASH_WaitForLastOperation
</UL>
<BR>[Calls]<UL><LI><a href="#[56]">&gt;&gt;</a>&nbsp;&nbsp;&nbsp;Feed_IWDG
<LI><a href="#[17b]">&gt;&gt;</a>&nbsp;&nbsp;&nbsp;write_flash_holfword
<LI><a href="#[12a]">&gt;&gt;</a>&nbsp;&nbsp;&nbsp;erase_flash_OnePage
<LI><a href="#[17c]">&gt;&gt;</a>&nbsp;&nbsp;&nbsp;FLASH_Unlock
<LI><a href="#[17d]">&gt;&gt;</a>&nbsp;&nbsp;&nbsp;FLASH_Lock
</UL>
<BR>[Called By]<UL><LI><a href="#[86]">&gt;&gt;</a>&nbsp;&nbsp;&nbsp;write_flash_active
<LI><a href="#[129]">&gt;&gt;</a>&nbsp;&nbsp;&nbsp;write_bootTag
</UL>
<P>
<H3>
Local Symbols
</H3>
<P><STRONG><a name="[145]"></a>LL_AHB1_GRP1_EnableClock</STRONG> (Thumb, 18 bytes, Stack size 8 bytes, main.o(i.LL_AHB1_GRP1_EnableClock))
<BR><BR>[Stack]<UL><LI>Max Depth = 8<LI>Call Chain = LL_AHB1_GRP1_EnableClock
</UL>
<BR>[Called By]<UL><LI><a href="#[1f]">&gt;&gt;</a>&nbsp;&nbsp;&nbsp;main
</UL>

<P><STRONG><a name="[a7]"></a>LL_APB1_GRP1_EnableClock</STRONG> (Thumb, 18 bytes, Stack size 8 bytes, main.o(i.LL_APB1_GRP1_EnableClock))
<BR><BR>[Stack]<UL><LI>Max Depth = 8<LI>Call Chain = LL_APB1_GRP1_EnableClock
</UL>
<BR>[Called By]<UL><LI><a href="#[1f]">&gt;&gt;</a>&nbsp;&nbsp;&nbsp;main
<LI><a href="#[a6]">&gt;&gt;</a>&nbsp;&nbsp;&nbsp;MX_TIM3_Init
</UL>

<P><STRONG><a name="[aa]"></a>LL_TIM_OC_EnablePreload</STRONG> (Thumb, 82 bytes, Stack size 0 bytes, main.o(i.LL_TIM_OC_EnablePreload))
<BR><BR>[Called By]<UL><LI><a href="#[a6]">&gt;&gt;</a>&nbsp;&nbsp;&nbsp;MX_TIM3_Init
</UL>

<P><STRONG><a name="[a8]"></a>NVIC_SetPriority</STRONG> (Thumb, 60 bytes, Stack size 0 bytes, main.o(i.NVIC_SetPriority))
<BR><BR>[Called By]<UL><LI><a href="#[1f]">&gt;&gt;</a>&nbsp;&nbsp;&nbsp;main
<LI><a href="#[a6]">&gt;&gt;</a>&nbsp;&nbsp;&nbsp;MX_TIM3_Init
</UL>

<P><STRONG><a name="[e9]"></a>LL_AHB1_GRP1_EnableClock</STRONG> (Thumb, 18 bytes, Stack size 8 bytes, uart.o(i.LL_AHB1_GRP1_EnableClock))
<BR><BR>[Stack]<UL><LI>Max Depth = 8<LI>Call Chain = LL_AHB1_GRP1_EnableClock
</UL>
<BR>[Called By]<UL><LI><a href="#[ae]">&gt;&gt;</a>&nbsp;&nbsp;&nbsp;Usart22_Send_Dma_Init
<LI><a href="#[ad]">&gt;&gt;</a>&nbsp;&nbsp;&nbsp;Usart22_Receiver_Dma_Init
</UL>

<P><STRONG><a name="[78]"></a>LL_DMA_DisableChannel</STRONG> (Thumb, 18 bytes, Stack size 0 bytes, uart.o(i.LL_DMA_DisableChannel))
<BR><BR>[Called By]<UL><LI><a href="#[e7]">&gt;&gt;</a>&nbsp;&nbsp;&nbsp;Usart22_Receiver
<LI><a href="#[e0]">&gt;&gt;</a>&nbsp;&nbsp;&nbsp;usart1_receiver
<LI><a href="#[6d]">&gt;&gt;</a>&nbsp;&nbsp;&nbsp;Usart22_Dma_SendIRQ_Dispose
<LI><a href="#[6c]">&gt;&gt;</a>&nbsp;&nbsp;&nbsp;Dma_SendIRQ_Dispose
</UL>

<P><STRONG><a name="[77]"></a>LL_DMA_DisableIT_TC</STRONG> (Thumb, 18 bytes, Stack size 0 bytes, uart.o(i.LL_DMA_DisableIT_TC))
<BR><BR>[Called By]<UL><LI><a href="#[6d]">&gt;&gt;</a>&nbsp;&nbsp;&nbsp;Usart22_Dma_SendIRQ_Dispose
<LI><a href="#[6c]">&gt;&gt;</a>&nbsp;&nbsp;&nbsp;Dma_SendIRQ_Dispose
</UL>

<P><STRONG><a name="[f4]"></a>LL_DMA_EnableChannel</STRONG> (Thumb, 18 bytes, Stack size 0 bytes, uart.o(i.LL_DMA_EnableChannel))
<BR><BR>[Called By]<UL><LI><a href="#[175]">&gt;&gt;</a>&nbsp;&nbsp;&nbsp;usart22_Recdata_Handling
<LI><a href="#[ad]">&gt;&gt;</a>&nbsp;&nbsp;&nbsp;Usart22_Receiver_Dma_Init
</UL>

<P><STRONG><a name="[e8]"></a>LL_DMA_GetDataLength</STRONG> (Thumb, 16 bytes, Stack size 0 bytes, uart.o(i.LL_DMA_GetDataLength))
<BR><BR>[Called By]<UL><LI><a href="#[e7]">&gt;&gt;</a>&nbsp;&nbsp;&nbsp;Usart22_Receiver
<LI><a href="#[e0]">&gt;&gt;</a>&nbsp;&nbsp;&nbsp;usart1_receiver
</UL>

<P><STRONG><a name="[ee]"></a>LL_DMA_SetChannelPriorityLevel</STRONG> (Thumb, 24 bytes, Stack size 8 bytes, uart.o(i.LL_DMA_SetChannelPriorityLevel))
<BR><BR>[Stack]<UL><LI>Max Depth = 8<LI>Call Chain = LL_DMA_SetChannelPriorityLevel
</UL>
<BR>[Called By]<UL><LI><a href="#[ae]">&gt;&gt;</a>&nbsp;&nbsp;&nbsp;Usart22_Send_Dma_Init
<LI><a href="#[ad]">&gt;&gt;</a>&nbsp;&nbsp;&nbsp;Usart22_Receiver_Dma_Init
</UL>

<P><STRONG><a name="[ec]"></a>LL_DMA_SetDataLength</STRONG> (Thumb, 22 bytes, Stack size 0 bytes, uart.o(i.LL_DMA_SetDataLength))
<BR><BR>[Called By]<UL><LI><a href="#[175]">&gt;&gt;</a>&nbsp;&nbsp;&nbsp;usart22_Recdata_Handling
<LI><a href="#[ae]">&gt;&gt;</a>&nbsp;&nbsp;&nbsp;Usart22_Send_Dma_Init
<LI><a href="#[ad]">&gt;&gt;</a>&nbsp;&nbsp;&nbsp;Usart22_Receiver_Dma_Init
</UL>

<P><STRONG><a name="[ed]"></a>LL_DMA_SetDataTransferDirection</STRONG> (Thumb, 22 bytes, Stack size 8 bytes, uart.o(i.LL_DMA_SetDataTransferDirection))
<BR><BR>[Stack]<UL><LI>Max Depth = 8<LI>Call Chain = LL_DMA_SetDataTransferDirection
</UL>
<BR>[Called By]<UL><LI><a href="#[ae]">&gt;&gt;</a>&nbsp;&nbsp;&nbsp;Usart22_Send_Dma_Init
<LI><a href="#[ad]">&gt;&gt;</a>&nbsp;&nbsp;&nbsp;Usart22_Receiver_Dma_Init
</UL>

<P><STRONG><a name="[eb]"></a>LL_DMA_SetMemoryAddress</STRONG> (Thumb, 14 bytes, Stack size 0 bytes, uart.o(i.LL_DMA_SetMemoryAddress))
<BR><BR>[Called By]<UL><LI><a href="#[ae]">&gt;&gt;</a>&nbsp;&nbsp;&nbsp;Usart22_Send_Dma_Init
<LI><a href="#[ad]">&gt;&gt;</a>&nbsp;&nbsp;&nbsp;Usart22_Receiver_Dma_Init
</UL>

<P><STRONG><a name="[f0]"></a>LL_DMA_SetMemoryIncMode</STRONG> (Thumb, 22 bytes, Stack size 8 bytes, uart.o(i.LL_DMA_SetMemoryIncMode))
<BR><BR>[Stack]<UL><LI>Max Depth = 8<LI>Call Chain = LL_DMA_SetMemoryIncMode
</UL>
<BR>[Called By]<UL><LI><a href="#[ae]">&gt;&gt;</a>&nbsp;&nbsp;&nbsp;Usart22_Send_Dma_Init
<LI><a href="#[ad]">&gt;&gt;</a>&nbsp;&nbsp;&nbsp;Usart22_Receiver_Dma_Init
</UL>

<P><STRONG><a name="[f2]"></a>LL_DMA_SetMemorySize</STRONG> (Thumb, 24 bytes, Stack size 8 bytes, uart.o(i.LL_DMA_SetMemorySize))
<BR><BR>[Stack]<UL><LI>Max Depth = 8<LI>Call Chain = LL_DMA_SetMemorySize
</UL>
<BR>[Called By]<UL><LI><a href="#[ae]">&gt;&gt;</a>&nbsp;&nbsp;&nbsp;Usart22_Send_Dma_Init
<LI><a href="#[ad]">&gt;&gt;</a>&nbsp;&nbsp;&nbsp;Usart22_Receiver_Dma_Init
</UL>

<P><STRONG><a name="[f3]"></a>LL_DMA_SetMode</STRONG> (Thumb, 22 bytes, Stack size 8 bytes, uart.o(i.LL_DMA_SetMode))
<BR><BR>[Stack]<UL><LI>Max Depth = 8<LI>Call Chain = LL_DMA_SetMode
</UL>
<BR>[Called By]<UL><LI><a href="#[ae]">&gt;&gt;</a>&nbsp;&nbsp;&nbsp;Usart22_Send_Dma_Init
<LI><a href="#[ad]">&gt;&gt;</a>&nbsp;&nbsp;&nbsp;Usart22_Receiver_Dma_Init
</UL>

<P><STRONG><a name="[ea]"></a>LL_DMA_SetPeriphAddress</STRONG> (Thumb, 14 bytes, Stack size 0 bytes, uart.o(i.LL_DMA_SetPeriphAddress))
<BR><BR>[Called By]<UL><LI><a href="#[ae]">&gt;&gt;</a>&nbsp;&nbsp;&nbsp;Usart22_Send_Dma_Init
<LI><a href="#[ad]">&gt;&gt;</a>&nbsp;&nbsp;&nbsp;Usart22_Receiver_Dma_Init
</UL>

<P><STRONG><a name="[ef]"></a>LL_DMA_SetPeriphIncMode</STRONG> (Thumb, 22 bytes, Stack size 8 bytes, uart.o(i.LL_DMA_SetPeriphIncMode))
<BR><BR>[Stack]<UL><LI>Max Depth = 8<LI>Call Chain = LL_DMA_SetPeriphIncMode
</UL>
<BR>[Called By]<UL><LI><a href="#[ae]">&gt;&gt;</a>&nbsp;&nbsp;&nbsp;Usart22_Send_Dma_Init
<LI><a href="#[ad]">&gt;&gt;</a>&nbsp;&nbsp;&nbsp;Usart22_Receiver_Dma_Init
</UL>

<P><STRONG><a name="[f1]"></a>LL_DMA_SetPeriphSize</STRONG> (Thumb, 24 bytes, Stack size 8 bytes, uart.o(i.LL_DMA_SetPeriphSize))
<BR><BR>[Stack]<UL><LI>Max Depth = 8<LI>Call Chain = LL_DMA_SetPeriphSize
</UL>
<BR>[Called By]<UL><LI><a href="#[ae]">&gt;&gt;</a>&nbsp;&nbsp;&nbsp;Usart22_Send_Dma_Init
<LI><a href="#[ad]">&gt;&gt;</a>&nbsp;&nbsp;&nbsp;Usart22_Receiver_Dma_Init
</UL>

<P><STRONG><a name="[f6]"></a>NVIC_EnableIRQ</STRONG> (Thumb, 14 bytes, Stack size 0 bytes, uart.o(i.NVIC_EnableIRQ))
<BR><BR>[Called By]<UL><LI><a href="#[ac]">&gt;&gt;</a>&nbsp;&nbsp;&nbsp;Usart22_init
<LI><a href="#[ae]">&gt;&gt;</a>&nbsp;&nbsp;&nbsp;Usart22_Send_Dma_Init
</UL>

<P><STRONG><a name="[f5]"></a>NVIC_SetPriority</STRONG> (Thumb, 60 bytes, Stack size 0 bytes, uart.o(i.NVIC_SetPriority))
<BR><BR>[Called By]<UL><LI><a href="#[ac]">&gt;&gt;</a>&nbsp;&nbsp;&nbsp;Usart22_init
<LI><a href="#[ae]">&gt;&gt;</a>&nbsp;&nbsp;&nbsp;Usart22_Send_Dma_Init
</UL>

<P><STRONG><a name="[ad]"></a>Usart22_Receiver_Dma_Init</STRONG> (Thumb, 122 bytes, Stack size 8 bytes, uart.o(i.Usart22_Receiver_Dma_Init))
<BR><BR>[Stack]<UL><LI>Max Depth = 16<LI>Call Chain = Usart22_Receiver_Dma_Init &rArr; LL_DMA_SetPeriphSize
</UL>
<BR>[Calls]<UL><LI><a href="#[f1]">&gt;&gt;</a>&nbsp;&nbsp;&nbsp;LL_DMA_SetPeriphSize
<LI><a href="#[ef]">&gt;&gt;</a>&nbsp;&nbsp;&nbsp;LL_DMA_SetPeriphIncMode
<LI><a href="#[ea]">&gt;&gt;</a>&nbsp;&nbsp;&nbsp;LL_DMA_SetPeriphAddress
<LI><a href="#[f3]">&gt;&gt;</a>&nbsp;&nbsp;&nbsp;LL_DMA_SetMode
<LI><a href="#[f2]">&gt;&gt;</a>&nbsp;&nbsp;&nbsp;LL_DMA_SetMemorySize
<LI><a href="#[f0]">&gt;&gt;</a>&nbsp;&nbsp;&nbsp;LL_DMA_SetMemoryIncMode
<LI><a href="#[eb]">&gt;&gt;</a>&nbsp;&nbsp;&nbsp;LL_DMA_SetMemoryAddress
<LI><a href="#[ed]">&gt;&gt;</a>&nbsp;&nbsp;&nbsp;LL_DMA_SetDataTransferDirection
<LI><a href="#[ec]">&gt;&gt;</a>&nbsp;&nbsp;&nbsp;LL_DMA_SetDataLength
<LI><a href="#[ee]">&gt;&gt;</a>&nbsp;&nbsp;&nbsp;LL_DMA_SetChannelPriorityLevel
<LI><a href="#[f4]">&gt;&gt;</a>&nbsp;&nbsp;&nbsp;LL_DMA_EnableChannel
<LI><a href="#[e9]">&gt;&gt;</a>&nbsp;&nbsp;&nbsp;LL_AHB1_GRP1_EnableClock
</UL>
<BR>[Called By]<UL><LI><a href="#[ab]">&gt;&gt;</a>&nbsp;&nbsp;&nbsp;MX_USART2_UART_Init
</UL>

<P><STRONG><a name="[ae]"></a>Usart22_Send_Dma_Init</STRONG> (Thumb, 136 bytes, Stack size 16 bytes, uart.o(i.Usart22_Send_Dma_Init))
<BR><BR>[Stack]<UL><LI>Max Depth = 24<LI>Call Chain = Usart22_Send_Dma_Init &rArr; LL_DMA_SetPeriphSize
</UL>
<BR>[Calls]<UL><LI><a href="#[f5]">&gt;&gt;</a>&nbsp;&nbsp;&nbsp;NVIC_SetPriority
<LI><a href="#[f6]">&gt;&gt;</a>&nbsp;&nbsp;&nbsp;NVIC_EnableIRQ
<LI><a href="#[f1]">&gt;&gt;</a>&nbsp;&nbsp;&nbsp;LL_DMA_SetPeriphSize
<LI><a href="#[ef]">&gt;&gt;</a>&nbsp;&nbsp;&nbsp;LL_DMA_SetPeriphIncMode
<LI><a href="#[ea]">&gt;&gt;</a>&nbsp;&nbsp;&nbsp;LL_DMA_SetPeriphAddress
<LI><a href="#[f3]">&gt;&gt;</a>&nbsp;&nbsp;&nbsp;LL_DMA_SetMode
<LI><a href="#[f2]">&gt;&gt;</a>&nbsp;&nbsp;&nbsp;LL_DMA_SetMemorySize
<LI><a href="#[f0]">&gt;&gt;</a>&nbsp;&nbsp;&nbsp;LL_DMA_SetMemoryIncMode
<LI><a href="#[eb]">&gt;&gt;</a>&nbsp;&nbsp;&nbsp;LL_DMA_SetMemoryAddress
<LI><a href="#[ed]">&gt;&gt;</a>&nbsp;&nbsp;&nbsp;LL_DMA_SetDataTransferDirection
<LI><a href="#[ec]">&gt;&gt;</a>&nbsp;&nbsp;&nbsp;LL_DMA_SetDataLength
<LI><a href="#[ee]">&gt;&gt;</a>&nbsp;&nbsp;&nbsp;LL_DMA_SetChannelPriorityLevel
<LI><a href="#[e9]">&gt;&gt;</a>&nbsp;&nbsp;&nbsp;LL_AHB1_GRP1_EnableClock
</UL>
<BR>[Called By]<UL><LI><a href="#[ab]">&gt;&gt;</a>&nbsp;&nbsp;&nbsp;MX_USART2_UART_Init
</UL>

<P><STRONG><a name="[ac]"></a>Usart22_init</STRONG> (Thumb, 154 bytes, Stack size 80 bytes, uart.o(i.Usart22_init))
<BR><BR>[Stack]<UL><LI>Max Depth = 148<LI>Call Chain = Usart22_init &rArr; LL_USART_Init &rArr; LL_RCC_GetUSARTClockFreq &rArr; RCC_GetSystemClockFreq &rArr; RCC_PLL_GetFreqDomain_SYS &rArr; __aeabi_uidivmod
</UL>
<BR>[Calls]<UL><LI><a href="#[a1]">&gt;&gt;</a>&nbsp;&nbsp;&nbsp;LL_USART_Init
<LI><a href="#[f5]">&gt;&gt;</a>&nbsp;&nbsp;&nbsp;NVIC_SetPriority
<LI><a href="#[f6]">&gt;&gt;</a>&nbsp;&nbsp;&nbsp;NVIC_EnableIRQ
<LI><a href="#[42]">&gt;&gt;</a>&nbsp;&nbsp;&nbsp;LL_GPIO_Init
</UL>
<BR>[Called By]<UL><LI><a href="#[ab]">&gt;&gt;</a>&nbsp;&nbsp;&nbsp;MX_USART2_UART_Init
</UL>

<P><STRONG><a name="[90]"></a>LL_GPIO_IsInputPinSet</STRONG> (Thumb, 14 bytes, Stack size 0 bytes, keyscan.o(i.LL_GPIO_IsInputPinSet))
<BR><BR>[Called By]<UL><LI><a href="#[8f]">&gt;&gt;</a>&nbsp;&nbsp;&nbsp;Key_To_Pair
<LI><a href="#[136]">&gt;&gt;</a>&nbsp;&nbsp;&nbsp;key_Handle
<LI><a href="#[112]">&gt;&gt;</a>&nbsp;&nbsp;&nbsp;check_the_powers_status
<LI><a href="#[c1]">&gt;&gt;</a>&nbsp;&nbsp;&nbsp;Pwr_key_continue
</UL>

<P><STRONG><a name="[143]"></a>LL_AHB1_GRP1_EnableClock</STRONG> (Thumb, 18 bytes, Stack size 8 bytes, gpio.o(i.LL_AHB1_GRP1_EnableClock))
<BR><BR>[Stack]<UL><LI>Max Depth = 8<LI>Call Chain = LL_AHB1_GRP1_EnableClock
</UL>
<BR>[Called By]<UL><LI><a href="#[76]">&gt;&gt;</a>&nbsp;&nbsp;&nbsp;keyscan_pin_init
</UL>

<P><STRONG><a name="[5f]"></a>LL_SYSCFG_SetEXTISource</STRONG> (Thumb, 28 bytes, Stack size 8 bytes, gpio.o(i.LL_SYSCFG_SetEXTISource))
<BR><BR>[Stack]<UL><LI>Max Depth = 8<LI>Call Chain = LL_SYSCFG_SetEXTISource
</UL>
<BR>[Called By]<UL><LI><a href="#[ca]">&gt;&gt;</a>&nbsp;&nbsp;&nbsp;pwrKey_exti_interrupt
<LI><a href="#[5e]">&gt;&gt;</a>&nbsp;&nbsp;&nbsp;ChangeKey_exti_interrupt
</UL>

<P><STRONG><a name="[61]"></a>NVIC_EnableIRQ</STRONG> (Thumb, 14 bytes, Stack size 0 bytes, gpio.o(i.NVIC_EnableIRQ))
<BR><BR>[Called By]<UL><LI><a href="#[ca]">&gt;&gt;</a>&nbsp;&nbsp;&nbsp;pwrKey_exti_interrupt
<LI><a href="#[5e]">&gt;&gt;</a>&nbsp;&nbsp;&nbsp;ChangeKey_exti_interrupt
</UL>

<P><STRONG><a name="[60]"></a>NVIC_SetPriority</STRONG> (Thumb, 60 bytes, Stack size 0 bytes, gpio.o(i.NVIC_SetPriority))
<BR><BR>[Called By]<UL><LI><a href="#[ca]">&gt;&gt;</a>&nbsp;&nbsp;&nbsp;pwrKey_exti_interrupt
<LI><a href="#[5e]">&gt;&gt;</a>&nbsp;&nbsp;&nbsp;ChangeKey_exti_interrupt
</UL>

<P><STRONG><a name="[df]"></a>LL_GPIO_IsInputPinSet</STRONG> (Thumb, 14 bytes, Stack size 0 bytes, oled.o(i.LL_GPIO_IsInputPinSet))
<BR><BR>[Called By]<UL><LI><a href="#[de]">&gt;&gt;</a>&nbsp;&nbsp;&nbsp;TurnOff_ShutDonw_Battery_dis
<LI><a href="#[d9]">&gt;&gt;</a>&nbsp;&nbsp;&nbsp;battery_data_display
</UL>

<P><STRONG><a name="[57]"></a>Pair_send_data</STRONG> (Thumb, 138 bytes, Stack size 32 bytes, pair.o(i.Pair_send_data))
<BR><BR>[Stack]<UL><LI>Max Depth = 160<LI>Call Chain = Pair_send_data &rArr; Oled_EnlPrint &rArr; LCD_P8x16Str &rArr; Address_set &rArr; LCD_WR_REG
</UL>
<BR>[Calls]<UL><LI><a href="#[4a]">&gt;&gt;</a>&nbsp;&nbsp;&nbsp;Oled_EnlPrint
<LI><a href="#[53]">&gt;&gt;</a>&nbsp;&nbsp;&nbsp;RF24L01_Set_Mode
<LI><a href="#[5c]">&gt;&gt;</a>&nbsp;&nbsp;&nbsp;NRF24L01_TxPacket
<LI><a href="#[48]">&gt;&gt;</a>&nbsp;&nbsp;&nbsp;__2sprintf
</UL>
<BR>[Called By]<UL><LI><a href="#[4e]">&gt;&gt;</a>&nbsp;&nbsp;&nbsp;Burn_code_value
</UL>

<P><STRONG><a name="[b6]"></a>LL_GPIO_IsInputPinSet</STRONG> (Thumb, 14 bytes, Stack size 0 bytes, rf24l01.o(i.LL_GPIO_IsInputPinSet))
<BR><BR>[Called By]<UL><LI><a href="#[5c]">&gt;&gt;</a>&nbsp;&nbsp;&nbsp;NRF24L01_TxPacket
<LI><a href="#[58]">&gt;&gt;</a>&nbsp;&nbsp;&nbsp;NRF24L01_RxPacket
<LI><a href="#[177]">&gt;&gt;</a>&nbsp;&nbsp;&nbsp;wifi24G_send_data
<LI><a href="#[b3]">&gt;&gt;</a>&nbsp;&nbsp;&nbsp;drv_spi_read_write_byte
</UL>

<P><STRONG><a name="[88]"></a>LL_APB1_GRP1_EnableClock</STRONG> (Thumb, 18 bytes, Stack size 8 bytes, low_power.o(i.LL_APB1_GRP1_EnableClock))
<BR><BR>[Stack]<UL><LI>Max Depth = 8<LI>Call Chain = LL_APB1_GRP1_EnableClock
</UL>
<BR>[Called By]<UL><LI><a href="#[c2]">&gt;&gt;</a>&nbsp;&nbsp;&nbsp;ShutDown
<LI><a href="#[81]">&gt;&gt;</a>&nbsp;&nbsp;&nbsp;Forbidden_Used
</UL>

<P><STRONG><a name="[c8]"></a>LL_GPIO_IsInputPinSet</STRONG> (Thumb, 14 bytes, Stack size 0 bytes, low_power.o(i.LL_GPIO_IsInputPinSet))
<BR><BR>[Called By]<UL><LI><a href="#[dd]">&gt;&gt;</a>&nbsp;&nbsp;&nbsp;Time_Out_And_Enter_Stop_Mode
<LI><a href="#[c2]">&gt;&gt;</a>&nbsp;&nbsp;&nbsp;ShutDown
</UL>

<P><STRONG><a name="[c6]"></a>LL_RCC_SetSysClkSource</STRONG> (Thumb, 14 bytes, Stack size 0 bytes, low_power.o(i.LL_RCC_SetSysClkSource))
<BR><BR>[Called By]<UL><LI><a href="#[87]">&gt;&gt;</a>&nbsp;&nbsp;&nbsp;Reset_theSystem
</UL>

<P><STRONG><a name="[127]"></a>NVIC_DisableIRQ</STRONG> (Thumb, 14 bytes, Stack size 0 bytes, low_power.o(i.NVIC_DisableIRQ))
<BR><BR>[Called By]<UL><LI><a href="#[82]">&gt;&gt;</a>&nbsp;&nbsp;&nbsp;disable_interrupt
</UL>

<P><STRONG><a name="[8a]"></a>NVIC_SystemReset</STRONG> (Thumb, 18 bytes, Stack size 0 bytes, low_power.o(i.NVIC_SystemReset))
<BR><BR>[Called By]<UL><LI><a href="#[c2]">&gt;&gt;</a>&nbsp;&nbsp;&nbsp;ShutDown
<LI><a href="#[81]">&gt;&gt;</a>&nbsp;&nbsp;&nbsp;Forbidden_Used
</UL>

<P><STRONG><a name="[12d]"></a>LL_GPIO_IsInputPinSet</STRONG> (Thumb, 14 bytes, Stack size 0 bytes, adc.o(i.LL_GPIO_IsInputPinSet))
<BR><BR>[Called By]<UL><LI><a href="#[147]">&gt;&gt;</a>&nbsp;&nbsp;&nbsp;read_ADC_value
<LI><a href="#[12c]">&gt;&gt;</a>&nbsp;&nbsp;&nbsp;filtering
</UL>

<P><STRONG><a name="[9e]"></a>OC1Config</STRONG> (Thumb, 124 bytes, Stack size 12 bytes, stm32f0xx_ll_tim.o(i.OC1Config))
<BR><BR>[Stack]<UL><LI>Max Depth = 12<LI>Call Chain = OC1Config
</UL>
<BR>[Called By]<UL><LI><a href="#[9c]">&gt;&gt;</a>&nbsp;&nbsp;&nbsp;LL_TIM_OC_Init
</UL>

<P><STRONG><a name="[9f]"></a>OC2Config</STRONG> (Thumb, 128 bytes, Stack size 16 bytes, stm32f0xx_ll_tim.o(i.OC2Config))
<BR><BR>[Stack]<UL><LI>Max Depth = 16<LI>Call Chain = OC2Config
</UL>
<BR>[Called By]<UL><LI><a href="#[9c]">&gt;&gt;</a>&nbsp;&nbsp;&nbsp;LL_TIM_OC_Init
</UL>

<P><STRONG><a name="[a0]"></a>OC3Config</STRONG> (Thumb, 134 bytes, Stack size 16 bytes, stm32f0xx_ll_tim.o(i.OC3Config))
<BR><BR>[Stack]<UL><LI>Max Depth = 16<LI>Call Chain = OC3Config
</UL>
<BR>[Called By]<UL><LI><a href="#[9c]">&gt;&gt;</a>&nbsp;&nbsp;&nbsp;LL_TIM_OC_Init
</UL>

<P><STRONG><a name="[9d]"></a>OC4Config</STRONG> (Thumb, 98 bytes, Stack size 16 bytes, stm32f0xx_ll_tim.o(i.OC4Config))
<BR><BR>[Stack]<UL><LI>Max Depth = 16<LI>Call Chain = OC4Config
</UL>
<BR>[Called By]<UL><LI><a href="#[9c]">&gt;&gt;</a>&nbsp;&nbsp;&nbsp;LL_TIM_OC_Init
</UL>

<P><STRONG><a name="[fd]"></a>_fp_digits</STRONG> (Thumb, 344 bytes, Stack size 64 bytes, printfa.o(i._fp_digits), UNUSED)
<BR><BR>[Calls]<UL><LI><a href="#[2e]">&gt;&gt;</a>&nbsp;&nbsp;&nbsp;__aeabi_dadd
<LI><a href="#[37]">&gt;&gt;</a>&nbsp;&nbsp;&nbsp;__aeabi_uldivmod
<LI><a href="#[3a]">&gt;&gt;</a>&nbsp;&nbsp;&nbsp;__aeabi_dmul
<LI><a href="#[3b]">&gt;&gt;</a>&nbsp;&nbsp;&nbsp;__aeabi_ddiv
<LI><a href="#[3c]">&gt;&gt;</a>&nbsp;&nbsp;&nbsp;__aeabi_d2ulz
<LI><a href="#[fe]">&gt;&gt;</a>&nbsp;&nbsp;&nbsp;__aeabi_cdrcmple
</UL>
<BR>[Called By]<UL><LI><a href="#[fc]">&gt;&gt;</a>&nbsp;&nbsp;&nbsp;_printf_core
</UL>

<P><STRONG><a name="[fc]"></a>_printf_core</STRONG> (Thumb, 1754 bytes, Stack size 128 bytes, printfa.o(i._printf_core), UNUSED)
<BR><BR>[Calls]<UL><LI><a href="#[37]">&gt;&gt;</a>&nbsp;&nbsp;&nbsp;__aeabi_uldivmod
<LI><a href="#[ff]">&gt;&gt;</a>&nbsp;&nbsp;&nbsp;_printf_pre_padding
<LI><a href="#[100]">&gt;&gt;</a>&nbsp;&nbsp;&nbsp;_printf_post_padding
<LI><a href="#[fd]">&gt;&gt;</a>&nbsp;&nbsp;&nbsp;_fp_digits
<LI><a href="#[64]">&gt;&gt;</a>&nbsp;&nbsp;&nbsp;__aeabi_uidivmod
</UL>
<BR>[Called By]<UL><LI><a href="#[fb]">&gt;&gt;</a>&nbsp;&nbsp;&nbsp;__0sprintf
</UL>

<P><STRONG><a name="[100]"></a>_printf_post_padding</STRONG> (Thumb, 32 bytes, Stack size 24 bytes, printfa.o(i._printf_post_padding), UNUSED)
<BR><BR>[Called By]<UL><LI><a href="#[fc]">&gt;&gt;</a>&nbsp;&nbsp;&nbsp;_printf_core
</UL>

<P><STRONG><a name="[ff]"></a>_printf_pre_padding</STRONG> (Thumb, 44 bytes, Stack size 40 bytes, printfa.o(i._printf_pre_padding), UNUSED)
<BR><BR>[Called By]<UL><LI><a href="#[fc]">&gt;&gt;</a>&nbsp;&nbsp;&nbsp;_printf_core
</UL>

<P><STRONG><a name="[22]"></a>_sputc</STRONG> (Thumb, 10 bytes, Stack size 0 bytes, printfa.o(i._sputc))
<BR><BR>[Called By]<UL><LI><a href="#[fb]">&gt;&gt;</a>&nbsp;&nbsp;&nbsp;__0sprintf
</UL>
<BR>[Address Reference Count : 1]<UL><LI> printfa.o(i.__0sprintf)
</UL><P>
<H3>
Undefined Global Symbols
</H3><HR></body></html>
