<html>
<body>
<pre>
<h1>µVision Build Log</h1>
<h2>Project:</h2>
D:\C project\project\720\LG-06\lg-06\LG-06 (Cotroller)\aplication\MDK-ARM\A610.uvproj
Project File Date:  06/13/2024

<h2>Output:</h2>
Build target 'A610'
compiling oled.c...
linking...
Program Size: Code=39192 RO-data=6232 RW-data=192 ZI-data=4340  
FromELF: creating hex file...
After Build - User command #1: C:\Keil\ARM\ARMCC\bin\fromelf.exe --bin --output ../output/LG-06-CTR.bin ../output/LG-06-CTR.axf
"..\output\LG-06-CTR.axf" - 0 Error(s), 0 Warning(s).
_mode.c: 2 warnings, 0 errors
linking...
Program Size: Code=39192 RO-data=6232 RW-data=192 ZI-data=4340  
FromELF: creating hex file...
After Build - User command #1: C:\Keil\ARM\ARMCC\bin\fromelf.exe --bin --output ../output/LG-06-CTR.bin ../output/LG-06-CTR.axf
"..\output\LG-06-CTR.axf" - 0 Error(s), 2 Warning(s).
