Component: ARM Compiler 5.06 update 6 (build 750) Tool: armlink [4d35ed]

==============================================================================

Section Cross References

    system_stm32f0xx.o(i.SystemCoreClockUpdate) refers to uidiv.o(.text) for __aeabi_uidivmod
    system_stm32f0xx.o(i.SystemCoreClockUpdate) refers to system_stm32f0xx.o(.data) for .data
    system_stm32f0xx.o(i.SystemCoreClockUpdate) refers to system_stm32f0xx.o(.constdata) for .constdata
    main.o(i.LL_TIM_OC_EnablePreload) refers to main.o(.constdata) for .constdata
    main.o(i.MX_TIM3_Init) refers to main.o(i.LL_APB1_GRP1_EnableClock) for LL_APB1_GRP1_EnableClock
    main.o(i.MX_TIM3_Init) refers to main.o(i.NVIC_SetPriority) for NVIC_SetPriority
    main.o(i.MX_TIM3_Init) refers to stm32f0xx_ll_tim.o(i.LL_TIM_Init) for LL_TIM_Init
    main.o(i.MX_TIM3_Init) refers to main.o(i.LL_TIM_OC_EnablePreload) for LL_TIM_OC_EnablePreload
    main.o(i.MX_TIM3_Init) refers to stm32f0xx_ll_tim.o(i.LL_TIM_OC_Init) for LL_TIM_OC_Init
    main.o(i.MX_TIM3_Init) refers to stm32f0xx_ll_gpio.o(i.LL_GPIO_Init) for LL_GPIO_Init
    main.o(i.MX_TIM3_Init) refers to orbital.o(.bss) for wifi_id
    main.o(i.MX_TIM3_Init) refers to main.o(.constdata) for .constdata
    main.o(i.main) refers to main.o(i.SystemClock_Config) for SystemClock_Config
    main.o(i.main) refers to main.o(i.LL_AHB1_GRP1_EnableClock) for LL_AHB1_GRP1_EnableClock
    main.o(i.main) refers to gpio.o(i.Device_init) for Device_init
    main.o(i.main) refers to main.o(i.LL_APB1_GRP1_EnableClock) for LL_APB1_GRP1_EnableClock
    main.o(i.main) refers to main.o(i.NVIC_SetPriority) for NVIC_SetPriority
    main.o(i.main) refers to stm32f0xx_ll_tim.o(i.LL_TIM_Init) for LL_TIM_Init
    main.o(i.main) refers to uart.o(i.MX_USART2_UART_Init) for MX_USART2_UART_Init
    main.o(i.main) refers to adc.o(i.A_d_c_int) for A_d_c_int
    main.o(i.main) refers to oled.o(i.Lcd_Init) for Lcd_Init
    main.o(i.main) refers to orbital.o(i.time_delay_ms) for time_delay_ms
    main.o(i.main) refers to orbital.o(i.motor_init) for motor_init
    main.o(i.main) refers to rf24l01.o(i.Nrf24L01_init) for Nrf24L01_init
    main.o(i.main) refers to main.o(i.MX_TIM3_Init) for MX_TIM3_Init
    main.o(i.main) refers to oled.o(i.TurnOff_ShutDonw_Battery_dis) for TurnOff_ShutDonw_Battery_dis
    main.o(i.main) refers to orbital.o(i.wait_for_init) for wait_for_init
    main.o(i.main) refers to oled.o(i.battery_init) for battery_init
    main.o(i.main) refers to low_power.o(i.set_active_time_out) for set_active_time_out
    main.o(i.main) refers to flash.o(i.write_flash_active) for write_flash_active
    main.o(i.main) refers to keyscan.o(i.keyscan) for keyscan
    main.o(i.main) refers to adc.o(i.read_ADC_value) for read_ADC_value
    main.o(i.main) refers to keyscan.o(i.return_powers) for return_powers
    main.o(i.main) refers to pair.o(i.Burn_code_value) for Burn_code_value
    main.o(i.main) refers to keyscan.o(i.Key_To_Pair) for Key_To_Pair
    main.o(i.main) refers to oled.o(i.Logo_display) for Logo_display
    main.o(i.main) refers to orbital.o(i.check_connection) for check_connection
    main.o(i.main) refers to orbital.o(i.get_init_from_A650) for get_init_from_A650
    main.o(i.main) refers to rf24l01.o(i.wifi24G_data_Dispose) for wifi24G_data_Dispose
    main.o(i.main) refers to low_power.o(i.Time_Out_And_Enter_Stop_Mode) for Time_Out_And_Enter_Stop_Mode
    main.o(i.main) refers to orbital.o(.bss) for wifi_id
    stm32f0xx_it.o(i.DMA1_Channel2_3_IRQHandler) refers to uart.o(i.Dma_SendIRQ_Dispose) for Dma_SendIRQ_Dispose
    stm32f0xx_it.o(i.DMA1_Channel4_5_IRQHandler) refers to uart.o(i.Usart22_Dma_SendIRQ_Dispose) for Usart22_Dma_SendIRQ_Dispose
    stm32f0xx_it.o(i.EXTI4_15_IRQHandler) refers to keyscan.o(i.set_press_time) for set_press_time
    stm32f0xx_it.o(i.EXTI4_15_IRQHandler) refers to low_power.o(.data) for charge_tag
    stm32f0xx_it.o(i.TIM14_IRQHandler) refers to adc.o(i.adc_cout) for adc_cout
    stm32f0xx_it.o(i.TIM14_IRQHandler) refers to orbital.o(i.time_count) for time_count
    stm32f0xx_it.o(i.TIM14_IRQHandler) refers to keyscan.o(i.scan_cycle_count) for scan_cycle_count
    stm32f0xx_it.o(i.TIM14_IRQHandler) refers to uart.o(i.send_interval_count) for send_interval_count
    stm32f0xx_it.o(i.TIM14_IRQHandler) refers to pair.o(i.Pairing_time) for Pairing_time
    stm32f0xx_it.o(i.TIM14_IRQHandler) refers to orbital.o(i.Time_DCount) for Time_DCount
    stm32f0xx_it.o(i.TIM14_IRQHandler) refers to low_power.o(i.active_time_out_countdown) for active_time_out_countdown
    stm32f0xx_it.o(i.TIM14_IRQHandler) refers to specialty_mode.o(i.splty_mode_time_count) for splty_mode_time_count
    stm32f0xx_it.o(i.TIM14_IRQHandler) refers to video.o(i.Video_times_downcount) for Video_times_downcount
    stm32f0xx_it.o(i.USART1_IRQHandler) refers to uart.o(i.usart1_receiver) for usart1_receiver
    stm32f0xx_it.o(i.USART2_IRQHandler) refers to uart.o(i.usart22_read_byte) for usart22_read_byte
[...]
    __aeabi_f2uiz                            0x08001c93   Thumb Code    40  ffixui.o(.text)
    __aeabi_f2d                              0x08001cbb   Thumb Code    40  f2d.o(.text)
    __aeabi_d2f                              0x08001ce3   Thumb Code    56  d2f.o(.text)
    __aeabi_cfcmpeq                          0x08001d1d   Thumb Code     0  cfcmple.o(.text)
    __aeabi_cfcmple                          0x08001d1d   Thumb Code    20  cfcmple.o(.text)
    __aeabi_cfrcmple                         0x08001d31   Thumb Code    20  cfrcmple.o(.text)
    __aeabi_uldivmod                         0x08001d45   Thumb Code    96  uldiv.o(.text)
    __aeabi_llsl                             0x08001da5   Thumb Code    32  llshl.o(.text)
    _ll_shift_l                              0x08001da5   Thumb Code     0  llshl.o(.text)
    __aeabi_lasr                             0x08001dc5   Thumb Code    38  llsshr.o(.text)
    _ll_sshift_r                             0x08001dc5   Thumb Code     0  llsshr.o(.text)
    __I$use$fp                               0x08001deb   Thumb Code     0  iusefp.o(.text)
    _float_round                             0x08001deb   Thumb Code    16  fepilogue.o(.text)
    _float_epilogue                          0x08001dfb   Thumb Code   114  fepilogue.o(.text)
    _double_round                            0x08001e6d   Thumb Code    26  depilogue.o(.text)
    _double_epilogue                         0x08001e87   Thumb Code   164  depilogue.o(.text)
    __aeabi_dmul                             0x08001f2d   Thumb Code   202  dmul.o(.text)
    __aeabi_ddiv                             0x08001ffd   Thumb Code   234  ddiv.o(.text)
    __aeabi_d2ulz                            0x080020ed   Thumb Code    54  dfixul.o(.text)
    __aeabi_cdrcmple                         0x0800212d   Thumb Code    38  cdrcmple.o(.text)
    __scatterload                            0x08002155   Thumb Code    28  init.o(.text)
    __scatterload_rt2                        0x08002155   Thumb Code     0  init.o(.text)
    __aeabi_llsr                             0x08002179   Thumb Code    34  llushr.o(.text)
    _ll_ushift_r                             0x08002179   Thumb Code     0  llushr.o(.text)
    ADC_GetCalibrationFactor                 0x0800219d   Thumb Code    52  adc.o(i.ADC_GetCalibrationFactor)
    ADC_shutdown                             0x080021d5   Thumb Code    76  low_power.o(i.ADC_shutdown)
    A_d_c_int                                0x0800222d   Thumb Code    16  adc.o(i.A_d_c_int)
    Adc_Gpio_init                            0x0800223d   Thumb Code    48  adc.o(i.Adc_Gpio_init)
    Adc_function_init                        0x08002271   Thumb Code   110  adc.o(i.Adc_function_init)
    Address_set                              0x080022e9   Thumb Code    86  oled.o(i.Address_set)
    Angle_dis                                0x08002341   Thumb Code    94  specialty_mode.o(i.Angle_dis)
    Boost_init                               0x080023b5   Thumb Code    22  gpio.o(i.Boost_init)
    Brightness_dis                           0x080023cd   Thumb Code    68  orbital.o(i.Brightness_dis)
    Burn_code_value                          0x0800242d   Thumb Code   296  pair.o(i.Burn_code_value)
    ChangeKey_exti_interrupt                 0x08002571   Thumb Code    44  gpio.o(i.ChangeKey_exti_interrupt)
    Charging_Dis                             0x080025a1   Thumb Code    54  oled.o(i.Charging_Dis)
    Check_Buffer_Empty                       0x080025dd   Thumb Code    28  config.o(i.Check_Buffer_Empty)
    Check_String                             0x080025fd   Thumb Code    18  oled.o(i.Check_String)
    Check_String_Size                        0x08002615   Thumb Code    26  oled.o(i.Check_String_Size)
    ConfirmOrCancel_dis                      0x08002631   Thumb Code    96  specialty_mode.o(i.ConfirmOrCancel_dis)
    Cunrent_para_display                     0x080026b9   Thumb Code   122  specialty_mode.o(i.Cunrent_para_display)
    Current_Status_display                   0x08002771   Thumb Code   386  specialty_mode.o(i.Current_Status_display)
    DMA1_Channel1_IRQHandler                 0x08002969   Thumb Code     2  stm32f0xx_it.o(i.DMA1_Channel1_IRQHandler)
    DMA1_Channel2_3_IRQHandler               0x0800296b   Thumb Code     8  stm32f0xx_it.o(i.DMA1_Channel2_3_IRQHandler)
    DMA1_Channel4_5_IRQHandler               0x08002973   Thumb Code     8  stm32f0xx_it.o(i.DMA1_Channel4_5_IRQHandler)
    Delay_amount_adjust                      0x0800297d   Thumb Code   288  orbital.o(i.Delay_amount_adjust)
    Delay_mode_cursor_shift                  0x08002aad   Thumb Code    50  orbital.o(i.Delay_mode_cursor_shift)
    Delay_pix_amt_display                    0x08002aed   Thumb Code    54  orbital.o(i.Delay_pix_amt_display)
    Device_init                              0x08002b31   Thumb Code    28  gpio.o(i.Device_init)
    Dma_SendIRQ_Dispose                      0x08002b4d   Thumb Code    34  uart.o(i.Dma_SendIRQ_Dispose)
    Dma_int                                  0x08002b75   Thumb Code   156  adc.o(i.Dma_int)
    EXTI2_3_IRQHandler                       0x08002c29   Thumb Code     8  stm32f0xx_it.o(i.EXTI2_3_IRQHandler)
    EXTI4_15_IRQHandler                      0x08002c35   Thumb Code    46  stm32f0xx_it.o(i.EXTI4_15_IRQHandler)
    Enter_into_Pair                          0x08002c71   Thumb Code   266  pair.o(i.Enter_into_Pair)
    FLASH_ErasePage                          0x08002d95   Thumb Code    52  flash.o(i.FLASH_ErasePage)
    FLASH_GetStatus                          0x08002dcd   Thumb Code    34  flash.o(i.FLASH_GetStatus)
    FLASH_Lock                               0x08002df5   Thumb Code    12  flash.o(i.FLASH_Lock)
    FLASH_ProgramHalfWord                    0x08002e05   Thumb Code    48  flash.o(i.FLASH_ProgramHalfWord)
    FLASH_Unlock                             0x08002e39   Thumb Code    18  flash.o(i.FLASH_Unlock)
    FLASH_WaitForLastOperation               0x08002e59   Thumb Code    34  flash.o(i.FLASH_WaitForLastOperation)
    Feed_IWDG                                0x08002e7b   Thumb Code     2  main.o(i.Feed_IWDG)
    Forbidden_Used                           0x08002e7d   Thumb Code    96  low_power.o(i.Forbidden_Used)
    GPIO_INUP_Init                           0x08002eed   Thumb Code    26  gpio.o(i.GPIO_INUP_Init)
    GPIO_OUT_init                            0x08002f07   Thumb Code    28  gpio.o(i.GPIO_OUT_init)
    Get_data_from_Motor                      0x08002f25   Thumb Code   110  specialty_mode.o(i.Get_data_from_Motor)
    HAL_PWR_EnterSTOPMode                    0x08002fa1   Thumb Code    44  stm32f0xx_hal_pwr.o(i.HAL_PWR_EnterSTOPMode)
    HardFault_Handler                        0x08002fd5   Thumb Code     2  stm32f0xx_it.o(i.HardFault_Handler)
    ICcode_checksum_verify                   0x08002fd7   Thumb Code    38  pair.o(i.ICcode_checksum_verify)
    Irq_gpio_init                            0x08002ffd   Thumb Code    12  rf24l01.o(i.Irq_gpio_init)
    Key_To_Pair                              0x0800300d   Thumb Code    74  keyscan.o(i.Key_To_Pair)
    LCD_Clear                                0x0800305d   Thumb Code    44  oled.o(i.LCD_Clear)
    LCD_Fill                                 0x08003089   Thumb Code    76  oled.o(i.LCD_Fill)
    LCD_P16x16Str                            0x080030d5   Thumb Code   228  oled.o(i.LCD_P16x16Str)
    LCD_P8x16Str                             0x080031c5   Thumb Code   142  oled.o(i.LCD_P8x16Str)
    LCD_WR_DATA                              0x0800325d   Thumb Code    30  oled.o(i.LCD_WR_DATA)
    LCD_WR_DATA8                             0x0800327b   Thumb Code    18  oled.o(i.LCD_WR_DATA8)
    LCD_WR_REG                               0x0800328d   Thumb Code    18  oled.o(i.LCD_WR_REG)
    LCD_shi_fen_miao_display                 0x080032a1   Thumb Code   156  oled.o(i.LCD_shi_fen_miao_display)
    LL_GPIO_Init                             0x08003525   Thumb Code   168  stm32f0xx_ll_gpio.o(i.LL_GPIO_Init)
    LL_RCC_GetSystemClocksFreq               0x08003613   Thumb Code    24  stm32f0xx_ll_rcc.o(i.LL_RCC_GetSystemClocksFreq)
    LL_RCC_GetUSARTClockFreq                 0x0800362d   Thumb Code    76  stm32f0xx_ll_rcc.o(i.LL_RCC_GetUSARTClockFreq)
    LL_SPI_Init                              0x08003695   Thumb Code    92  stm32f0xx_ll_spi.o(i.LL_SPI_Init)
    LL_TIM_Init                              0x08003719   Thumb Code   108  stm32f0xx_ll_tim.o(i.LL_TIM_Init)
    LL_TIM_OC_Init                           0x080037f5   Thumb Code    68  stm32f0xx_ll_tim.o(i.LL_TIM_OC_Init)
    LL_USART_Init                            0x08003839   Thumb Code   156  stm32f0xx_ll_usart.o(i.LL_USART_Init)
    Lcd_Init                                 0x080038e5   Thumb Code   578  oled.o(i.Lcd_Init)
    Logo_display                             0x08003b2d   Thumb Code   208  oled.o(i.Logo_display)
    LowBattery_wakeup                        0x08003c19   Thumb Code    20  low_power.o(i.LowBattery_wakeup)
    MX_TIM3_Init                             0x08003c31   Thumb Code   170  main.o(i.MX_TIM3_Init)
    MX_USART2_UART_Init                      0x08003cf1   Thumb Code    26  uart.o(i.MX_USART2_UART_Init)
    Manual_page_OK                           0x08003d11   Thumb Code    42  orbital.o(i.Manual_page_OK)
    NMI_Handler                              0x08003d45   Thumb Code     2  stm32f0xx_it.o(i.NMI_Handler)
    NRF24L01_Clear_IRQ_Flag                  0x08003d49   Thumb Code    44  rf24l01.o(i.NRF24L01_Clear_IRQ_Flag)
    NRF24L01_Read_Buf                        0x08003d79   Thumb Code    42  rf24l01.o(i.NRF24L01_Read_Buf)
    NRF24L01_Read_Reg                        0x08003da9   Thumb Code    24  rf24l01.o(i.NRF24L01_Read_Reg)
    NRF24L01_Read_Status_Register            0x08003dc5   Thumb Code    20  rf24l01.o(i.NRF24L01_Read_Status_Register)
    NRF24L01_RxPacket                        0x08003ddd   Thumb Code    78  rf24l01.o(i.NRF24L01_RxPacket)
    NRF24L01_Set_RxAddr                      0x08003e31   Thumb Code    24  rf24l01.o(i.NRF24L01_Set_RxAddr)
    NRF24L01_Set_TxAddr                      0x08003e49   Thumb Code    20  rf24l01.o(i.NRF24L01_Set_TxAddr)
    NRF24L01_TxPacket                        0x08003e5d   Thumb Code   142  rf24l01.o(i.NRF24L01_TxPacket)
    NRF24L01_Write_Buf                       0x08003ef1   Thumb Code    44  rf24l01.o(i.NRF24L01_Write_Buf)
    NRF24L01_Write_Reg                       0x08003f21   Thumb Code    30  rf24l01.o(i.NRF24L01_Write_Reg)
    NRF24L01_check                           0x08003f45   Thumb Code   110  rf24l01.o(i.NRF24L01_check)
    Nrf24L01_init                            0x080040fd   Thumb Code    54  rf24l01.o(i.Nrf24L01_init)
    Oled_EnlPrint                            0x08004361   Thumb Code   186  oled.o(i.Oled_EnlPrint)
    Page_preinstall_move_return              0x08004425   Thumb Code    70  specialty_mode.o(i.Page_preinstall_move_return)
    Pairing_time                             0x08004519   Thumb Code    14  pair.o(i.Pairing_time)
    PendSV_Handler                           0x0800452d   Thumb Code     2  stm32f0xx_it.o(i.PendSV_Handler)
    Pwr_key_continue                         0x08004531   Thumb Code   140  keyscan.o(i.Pwr_key_continue)
    RCC_GetHCLKClockFreq                     0x080045d9   Thumb Code    18  stm32f0xx_ll_rcc.o(i.RCC_GetHCLKClockFreq)
    RCC_GetPCLK1ClockFreq                    0x080045f5   Thumb Code    16  stm32f0xx_ll_rcc.o(i.RCC_GetPCLK1ClockFreq)
    RCC_GetSystemClockFreq                   0x0800460d   Thumb Code    28  stm32f0xx_ll_rcc.o(i.RCC_GetSystemClockFreq)
    RCC_PLL_GetFreqDomain_SYS                0x08004631   Thumb Code    50  stm32f0xx_ll_rcc.o(i.RCC_PLL_GetFreqDomain_SYS)
    RF24L01_GPIO_Init                        0x0800466d   Thumb Code    52  rf24l01.o(i.RF24L01_GPIO_Init)
    RF24L01_Init                             0x080046a5   Thumb Code   140  rf24l01.o(i.RF24L01_Init)
    RF24L01_Set_Mode                         0x08004735   Thumb Code    40  rf24l01.o(i.RF24L01_Set_Mode)
    RF_reconver                              0x0800475d   Thumb Code    72  pair.o(i.RF_reconver)
    Reset_Tx_Complete                        0x080047a9   Thumb Code    12  uart.o(i.Reset_Tx_Complete)
    Reset_theSystem                          0x080047b9   Thumb Code    64  low_power.o(i.Reset_theSystem)
    ReturnOrNext_dis                         0x080047fd   Thumb Code   134  specialty_mode.o(i.ReturnOrNext_dis)
    SVC_Handler                              0x080048b5   Thumb Code     2  stm32f0xx_it.o(i.SVC_Handler)
    Set_DDab_set_if                          0x080048b9   Thumb Code     6  ab_set.o(i.Set_DDab_set_if)
    Set_ab_set_if                            0x080048c5   Thumb Code     6  ab_set.o(i.Set_ab_set_if)
    Set_adc_back                             0x080048d1   Thumb Code     8  adc.o(i.Set_adc_back)
    Set_enter_time                           0x080048dd   Thumb Code     8  specialty_mode.o(i.Set_enter_time)
    ShutDown                                 0x080048ed   Thumb Code   136  low_power.o(i.ShutDown)
    ShutDown_AllIO_High_resistance_mode      0x08004985   Thumb Code    76  gpio.o(i.ShutDown_AllIO_High_resistance_mode)
    Speed_display                            0x080049e5   Thumb Code    60  orbital.o(i.Speed_display)
    Spi_init                                 0x08004a2d   Thumb Code   140  gpio.o(i.Spi_init)
    Spi_write_data                           0x08004ac5   Thumb Code    14  gpio.o(i.Spi_write_data)
    String_Printf                            0x08004ad9   Thumb Code    30  uart.o(i.String_Printf)
    SysTick_Handler                          0x08004afd   Thumb Code     2  stm32f0xx_it.o(i.SysTick_Handler)
    SystemClock_Config                       0x08004b01   Thumb Code   132  main.o(i.SystemClock_Config)
    SystemInit                               0x08004b8d   Thumb Code    78  system_stm32f0xx.o(i.SystemInit)
    TIM14_IRQHandler                         0x08004be9   Thumb Code    48  stm32f0xx_it.o(i.TIM14_IRQHandler)
    TIM15_IRQHandler                         0x08004c1d   Thumb Code    18  stm32f0xx_it.o(i.TIM15_IRQHandler)
    TIM1_BRK_UP_TRG_COM_IRQHandler           0x08004c35   Thumb Code     2  stm32f0xx_it.o(i.TIM1_BRK_UP_TRG_COM_IRQHandler)
    TIM3_IRQHandler                          0x08004c39   Thumb Code    18  stm32f0xx_it.o(i.TIM3_IRQHandler)
    Task_Percentage_Dis                      0x08004c51   Thumb Code    66  orbital.o(i.Task_Percentage_Dis)
    The_motor_battery_dis_init               0x08004cad   Thumb Code    38  oled.o(i.The_motor_battery_dis_init)
    The_page_processing                      0x08004cd9   Thumb Code   114  oled.o(i.The_page_processing)
    Time_DCount                              0x08004d51   Thumb Code    14  orbital.o(i.Time_DCount)
    Time_DownCount                           0x08004d65   Thumb Code   240  orbital.o(i.Time_DownCount)
    Time_Out_And_Enter_Stop_Mode             0x08004e7d   Thumb Code    34  low_power.o(i.Time_Out_And_Enter_Stop_Mode)
    TurnOff_ShutDonw_Battery_dis             0x08004ea9   Thumb Code   266  oled.o(i.TurnOff_ShutDonw_Battery_dis)
    USART1_IRQHandler                        0x08004fd1   Thumb Code    22  stm32f0xx_it.o(i.USART1_IRQHandler)
    USART2_IRQHandler                        0x08004fed   Thumb Code    22  stm32f0xx_it.o(i.USART2_IRQHandler)
    UpOrDown_adjust_para                     0x08005009   Thumb Code   200  orbital.o(i.UpOrDown_adjust_para)
    Usart22_Dma_SendIRQ_Dispose              0x080050e1   Thumb Code    36  uart.o(i.Usart22_Dma_SendIRQ_Dispose)
    Usart22_Receiver                         0x08005109   Thumb Code    58  uart.o(i.Usart22_Receiver)
    Usart22_Reset_Tx_Complete                0x080051d9   Thumb Code    12  uart.o(i.Usart22_Reset_Tx_Complete)
    Video_Get_downcount_times                0x08005321   Thumb Code    18  video.o(i.Video_Get_downcount_times)
    Video_check_the_motor_status             0x0800533d   Thumb Code   134  video.o(i.Video_check_the_motor_status)
    Video_downcount_times_display            0x08005431   Thumb Code   228  video.o(i.Video_downcount_times_display)
    Video_mode_cursor_shift                  0x08005541   Thumb Code    84  orbital.o(i.Video_mode_cursor_shift)
    Video_motor_status_display               0x080055a5   Thumb Code    68  video.o(i.Video_motor_status_display)
    Video_motor_status_return                0x080055f1   Thumb Code     6  video.o(i.Video_motor_status_return)
    Video_times_downcount                    0x080055fd   Thumb Code    84  video.o(i.Video_times_downcount)
    __0sprintf                               0x08005659   Thumb Code    36  printfa.o(i.__0sprintf)
    __1sprintf                               0x08005659   Thumb Code     0  printfa.o(i.__0sprintf)
    __2sprintf                               0x08005659   Thumb Code     0  printfa.o(i.__0sprintf)
    __c89sprintf                             0x08005659   Thumb Code     0  printfa.o(i.__0sprintf)
    sprintf                                  0x08005659   Thumb Code     0  printfa.o(i.__0sprintf)
    __ARM_clz                                0x08005681   Thumb Code    46  depilogue.o(i.__ARM_clz)
    __ARM_common_switch8                     0x080056af   Thumb Code    26  orbital.o(i.__ARM_common_switch8)
    __scatterload_copy                       0x080056c9   Thumb Code    14  handlers.o(i.__scatterload_copy)
    __scatterload_null                       0x080056d7   Thumb Code     2  handlers.o(i.__scatterload_null)
    __scatterload_zeroinit                   0x080056d9   Thumb Code    14  handlers.o(i.__scatterload_zeroinit)
    ab_set_move                              0x08005fa1   Thumb Code   222  ab_set.o(i.ab_set_move)
    ab_set_press_ok                          0x08006095   Thumb Code    76  ab_set.o(i.ab_set_press_ok)
    active_time_out_countdown                0x080060e9   Thumb Code    14  low_power.o(i.active_time_out_countdown)
    adc_cout                                 0x080060fd   Thumb Code    14  adc.o(i.adc_cout)
    angle_cear                               0x08006111   Thumb Code    10  orbital.o(i.angle_cear)
    angle_display                            0x08006121   Thumb Code    82  orbital.o(i.angle_display)
    battery_data_display                     0x08006195   Thumb Code   292  oled.o(i.battery_data_display)
    battery_display                          0x080062e5   Thumb Code    86  oled.o(i.battery_display)
    battery_frame_display                    0x08006341   Thumb Code    98  oled.o(i.battery_frame_display)
    battery_init                             0x080063ad   Thumb Code    66  oled.o(i.battery_init)
    bootloader_action_if                     0x080063f9   Thumb Code   134  bootloader.o(i.bootloader_action_if)
    bornd_code_dis                           0x0800649d   Thumb Code   168  oled.o(i.bornd_code_dis)
    cear_the_id_add                          0x08006689   Thumb Code     6  specialty_mode.o(i.cear_the_id_add)
    changeIO_Init                            0x08006695   Thumb Code    14  gpio.o(i.changeIO_Init)
    change_page                              0x080066a9   Thumb Code    28  orbital.o(i.change_page)
    check_abpoint_Set_if                     0x080066cd   Thumb Code    28  ab_set.o(i.check_abpoint_Set_if)
    check_connection                         0x080066ed   Thumb Code    56  orbital.o(i.check_connection)
    check_enter_boot_if                      0x08006735   Thumb Code    78  bootloader.o(i.check_enter_boot_if)
    check_sum_add                            0x0800678d   Thumb Code    28  orbital.o(i.check_sum_add)
    check_the_powers_status                  0x080067a9   Thumb Code    30  keyscan.o(i.check_the_powers_status)
    checksum_verify                          0x080067d1   Thumb Code    38  rf24l01.o(i.checksum_verify)
    chinese_page_dis                         0x080067f9   Thumb Code  1752  oled.o(i.chinese_page_dis)
    config_page_ok                           0x08006ee9   Thumb Code    88  config.o(i.config_page_ok)
    controller_send_data_to_motor            0x08006f51   Thumb Code   540  orbital.o(i.controller_send_data_to_motor)
    count_tag_set                            0x08007185   Thumb Code     6  video.o(i.count_tag_set)
    cursor_count                             0x08007191   Thumb Code    70  config.o(i.cursor_count)
    cursor_display                           0x080071dd   Thumb Code    94  config.o(i.cursor_display)
    cursor_glint                             0x08007241   Thumb Code   114  orbital.o(i.cursor_glint)
    cursor_shift                             0x080072c5   Thumb Code   108  orbital.o(i.cursor_shift)
    data_count                               0x08007341   Thumb Code    56  orbital.o(i.data_count)
    delay_page_ok                            0x08007381   Thumb Code   200  orbital.o(i.delay_page_ok)
    delet_paraORmode                         0x08007455   Thumb Code   116  specialty_mode.o(i.delet_paraORmode)
    delete_jahao                             0x080074dd   Thumb Code   104  specialty_mode.o(i.delete_jahao)
    disable_interrupt                        0x0800755d   Thumb Code   122  low_power.o(i.disable_interrupt)
    drv_spi_read_write_byte                  0x080075ed   Thumb Code    74  rf24l01.o(i.drv_spi_read_write_byte)
    durationORdelay_time_dis                 0x08007639   Thumb Code    52  orbital.o(i.durationORdelay_time_dis)
    enable_interrupt                         0x08007675   Thumb Code    18  low_power.o(i.enable_interrupt)
    english_page_dis                         0x08007691   Thumb Code  1700  oled.o(i.english_page_dis)
    enter_bootloader                         0x08007dd9   Thumb Code    24  bootloader.o(i.enter_bootloader)
    erase_flash_OnePage                      0x08007df9   Thumb Code    18  flash.o(i.erase_flash_OnePage)
    factory_set_display                      0x08007e0d   Thumb Code    48  config.o(i.factory_set_display)
    filtering                                0x08007e51   Thumb Code   142  adc.o(i.filtering)
    get_data_form_A650                       0x08007efd   Thumb Code    78  orbital.o(i.get_data_form_A650)
    get_init_from_A650                       0x08007f51   Thumb Code    82  orbital.o(i.get_init_from_A650)
    hours_time_dis                           0x08007fad   Thumb Code   148  orbital.o(i.hours_time_dis)
    if_write_flash                           0x08008061   Thumb Code     8  flash.o(i.if_write_flash)
    input_opendrain                          0x0800806d   Thumb Code    30  gpio.o(i.input_opendrain)
    integer_display                          0x0800808d   Thumb Code    58  orbital.o(i.integer_display)
    interval_time_dis                        0x080080d5   Thumb Code    66  orbital.o(i.interval_time_dis)
    inverse_get_value                        0x08008135   Thumb Code     6  orbital.o(i.inverse_get_value)
    jiantou_display                          0x08008141   Thumb Code    98  specialty_mode.o(i.jiantou_display)
    key_Handle                               0x080081bd   Thumb Code   134  keyscan.o(i.key_Handle)
    keyscan                                  0x08008249   Thumb Code   432  keyscan.o(i.keyscan)
    keyscan_pin_init                         0x08008401   Thumb Code    48  gpio.o(i.keyscan_pin_init)
    language_display                         0x08008435   Thumb Code     2  config.o(i.language_display)
    main                                     0x08008439   Thumb Code   216  main.o(i.main)
    main_page_ok                             0x08008525   Thumb Code   130  config.o(i.main_page_ok)
    manulORauto_dis                          0x080085ad   Thumb Code    78  orbital.o(i.manulORauto_dis)
    minutes_time_dis                         0x0800861d   Thumb Code   148  orbital.o(i.minutes_time_dis)
    mode_and_para_sendt                      0x080086d1   Thumb Code    98  specialty_mode.o(i.mode_and_para_sendt)
    motor_battery_dis                        0x08008741   Thumb Code    12  oled.o(i.motor_battery_dis)
    motor_init                               0x0800874d   Thumb Code    36  orbital.o(i.motor_init)
    move_to_disp                             0x0800877d   Thumb Code    46  orbital.o(i.move_to_disp)
    oled_gpio_init                           0x080087c5   Thumb Code    34  gpio.o(i.oled_gpio_init)
    oled_print_page                          0x080087ed   Thumb Code     8  oled.o(i.oled_print_page)
    oled_print_screen                        0x080087f5   Thumb Code    56  oled.o(i.oled_print_screen)
    page_display                             0x08008831   Thumb Code    26  oled.o(i.page_display)
    page_return                              0x08008851   Thumb Code    22  keyscan.o(i.page_return)
    page_return_adjust                       0x0800886d   Thumb Code   112  config.o(i.page_return_adjust)
    paraORmode_shift                         0x080088ed   Thumb Code   198  specialty_mode.o(i.paraORmode_shift)
    para_count                               0x080089c9   Thumb Code    70  orbital.o(i.para_count)
    para_init                                0x08008a15   Thumb Code    64  config.o(i.para_init)
    para_read_from_flash                     0x08008a5d   Thumb Code    72  flash.o(i.para_read_from_flash)
    param_adjust                             0x08008ab9   Thumb Code   782  orbital.o(i.param_adjust)
    param_display                            0x08008ded   Thumb Code   342  orbital.o(i.param_display)
    parameter_init                           0x08008f55   Thumb Code    96  orbital.o(i.parameter_init)
    pecialty_pix_amt_display                 0x08008fc5   Thumb Code   108  specialty_mode.o(i.pecialty_pix_amt_display)
    percentage_get                           0x08009051   Thumb Code    70  adc.o(i.percentage_get)
    pix_amt_compara_dis                      0x080090b5   Thumb Code    96  orbital.o(i.pix_amt_compara_dis)
    pix_amt_display                          0x0800914d   Thumb Code    90  orbital.o(i.pix_amt_display)
    press_OK_function                        0x080091cd   Thumb Code   234  keyscan.o(i.press_OK_function)
    press_key_continue                       0x080092c5   Thumb Code    84  keyscan.o(i.press_key_continue)
    press_key_continue_if                    0x08009335   Thumb Code    76  orbital.o(i.press_key_continue_if)
    pwrKey_exti_interrupt                    0x08009391   Thumb Code    64  gpio.o(i.pwrKey_exti_interrupt)
    pwr_key_enter_moveInterfer               0x080093d9   Thumb Code    30  specialty_mode.o(i.pwr_key_enter_moveInterfer)
    read_ADC_value                           0x08009401   Thumb Code   256  adc.o(i.read_ADC_value)
    read_flash_holfword                      0x08009529   Thumb Code    52  flash.o(i.read_flash_holfword)
    receiver_data_from_A650                  0x0800955d   Thumb Code  1384  orbital.o(i.receiver_data_from_A650)
    remotoe_cursor_dispose                   0x08009add   Thumb Code     4  orbital.o(i.remotoe_cursor_dispose)
    return_mode_back                         0x08009ae1   Thumb Code     6  ab_set.o(i.return_mode_back)
    return_powers                            0x08009aed   Thumb Code     6  keyscan.o(i.return_powers)
    scan_cycle_count                         0x08009af9   Thumb Code    78  keyscan.o(i.scan_cycle_count)
    secondes_time_dis                        0x08009b55   Thumb Code   186  orbital.o(i.secondes_time_dis)
    send_interval_count                      0x08009c3d   Thumb Code    28  uart.o(i.send_interval_count)
    set_active_time_out                      0x08009c5d   Thumb Code    14  low_power.o(i.set_active_time_out)
    set_addend_data                          0x08009c79   Thumb Code     2  orbital.o(i.set_addend_data)
    set_mode_back                            0x08009c7d   Thumb Code     6  ab_set.o(i.set_mode_back)
    set_power_on_int                         0x08009c89   Thumb Code     6  keyscan.o(i.set_power_on_int)
    set_press_time                           0x08009c95   Thumb Code     8  keyscan.o(i.set_press_time)
    shotting_Get_data_from_controller        0x08009ca5   Thumb Code    86  specialty_mode.o(i.shotting_Get_data_from_controller)
    shutKey_start                            0x08009d0d   Thumb Code    14  orbital.o(i.shutKey_start)
    single_cursor_dis                        0x08009d1d   Thumb Code    44  orbital.o(i.single_cursor_dis)
    sleep_time_dis                           0x08009d51   Thumb Code    60  orbital.o(i.sleep_time_dis)
    slow_start_stop_dis                      0x08009da1   Thumb Code    80  orbital.o(i.slow_start_stop_dis)
    specialty_cursor_id_dis                  0x08009e15   Thumb Code   436  specialty_mode.o(i.specialty_cursor_id_dis)
    specialty_cursor_id_mode_dis             0x08009fd9   Thumb Code   126  specialty_mode.o(i.specialty_cursor_id_mode_dis)
    specialty_cursor_id_para_dis             0x0800a075   Thumb Code   124  specialty_mode.o(i.specialty_cursor_id_para_dis)
    specialty_cursor_id_shift                0x0800a115   Thumb Code    66  specialty_mode.o(i.specialty_cursor_id_shift)
    specialty_jiaHao_display                 0x0800a165   Thumb Code   222  specialty_mode.o(i.specialty_jiaHao_display)
    specialty_jiaHao_scan                    0x0800a275   Thumb Code    98  specialty_mode.o(i.specialty_jiaHao_scan)
    specialty_mode_OKkey                     0x0800a2e1   Thumb Code   504  specialty_mode.o(i.specialty_mode_OKkey)
    specialty_mode_para_clear                0x0800a50d   Thumb Code    30  specialty_mode.o(i.specialty_mode_para_clear)
    specialty_move_dis                       0x0800a535   Thumb Code   106  specialty_mode.o(i.specialty_move_dis)
    specialty_page_mode_dis                  0x0800a5b5   Thumb Code    76  specialty_mode.o(i.specialty_page_mode_dis)
    specialty_page_para_dis                  0x0800a60d   Thumb Code   320  specialty_mode.o(i.specialty_page_para_dis)
    specialty_para_clear                     0x0800a759   Thumb Code     8  specialty_mode.o(i.specialty_para_clear)
    specialty_para_sendTo_motor              0x0800a765   Thumb Code   662  specialty_mode.o(i.specialty_para_sendTo_motor)
    specialty_totaol_time_dis                0x0800aa11   Thumb Code    58  specialty_mode.o(i.specialty_totaol_time_dis)
    specielty_para_adjust                    0x0800aa59   Thumb Code   516  specialty_mode.o(i.specielty_para_adjust)
    specielty_para_dis                       0x0800ac6d   Thumb Code   108  specialty_mode.o(i.specielty_para_dis)
    specilty_clear_han_display               0x0800ace5   Thumb Code    42  specialty_mode.o(i.specilty_clear_han_display)
    specilty_get_reshot_form_motor           0x0800ad31   Thumb Code    14  specialty_mode.o(i.specilty_get_reshot_form_motor)
    specilty_keyscan_send                    0x0800ad45   Thumb Code   108  specialty_mode.o(i.specilty_keyscan_send)
    specilty_page_return                     0x0800adbd   Thumb Code   110  specialty_mode.o(i.specilty_page_return)
    splty_mode_time_count                    0x0800ae39   Thumb Code    14  specialty_mode.o(i.splty_mode_time_count)
    status_display                           0x0800ae4d   Thumb Code   390  orbital.o(i.status_display)
    string_lengt                             0x0800b0d9   Thumb Code    20  bootloader.o(i.string_lengt)
    time_count                               0x0800b0ed   Thumb Code    34  orbital.o(i.time_count)
    time_delay_ms                            0x0800b115   Thumb Code    20  orbital.o(i.time_delay_ms)
    usart1_receiver                          0x0800b12d   Thumb Code    58  uart.o(i.usart1_receiver)
    usart22_Recdata_Handling                 0x0800b175   Thumb Code    72  uart.o(i.usart22_Recdata_Handling)
    usart22_read_byte                        0x0800b1c9   Thumb Code    12  uart.o(i.usart22_read_byte)
    version_dis                              0x0800b1d5   Thumb Code    20  oled.o(i.version_dis)
    video_page_OK                            0x0800b1f5   Thumb Code   148  orbital.o(i.video_page_OK)
    wait_for_init                            0x0800b299   Thumb Code    60  orbital.o(i.wait_for_init)
    wifi24G_data_Dispose                     0x0800b2e1   Thumb Code    12  rf24l01.o(i.wifi24G_data_Dispose)
    wifi24G_read_data                        0x0800b2ed   Thumb Code    62  rf24l01.o(i.wifi24G_read_data)
    wifi24G_send_data                        0x0800b335   Thumb Code   204  rf24l01.o(i.wifi24G_send_data)
    wifi_init                                0x0800b411   Thumb Code    20  gpio.o(i.wifi_init)
    wifi_sleep                               0x0800b429   Thumb Code    34  rf24l01.o(i.wifi_sleep)
    write_bootTag                            0x0800b451   Thumb Code    42  flash.o(i.write_bootTag)
    write_flash_active                       0x0800b481   Thumb Code    26  flash.o(i.write_flash_active)
    write_flash_holfword                     0x0800b4a9   Thumb Code    14  flash.o(i.write_flash_holfword)
    write_flash_holfword_buffer              0x0800b4b9   Thumb Code    78  flash.o(i.write_flash_holfword_buffer)
    AHBPrescTable                            0x0800b50c   Data          16  system_stm32f0xx.o(.constdata)
    APBPrescTable                            0x0800b51c   Data           8  system_stm32f0xx.o(.constdata)
    zhi_f16x16                               0x0800b538   Data        3976  oled.o(.constdata)
    LOGO720YUN                               0x0800c4c0   Data         320  oled.o(.constdata)
    Biaoyu                                   0x0800c600   Data         256  oled.o(.constdata)
    battery                                  0x0800c700   Data          42  oled.o(.constdata)
    F8X16                                    0x0800c72a   Data        1140  oled.o(.constdata)
    Region$$Table$$Base                      0x0800cdd4   Number         0  anon$$obj.o(Region$$Table)
    Region$$Table$$Limit                     0x0800cdf4   Number         0  anon$$obj.o(Region$$Table)
    whether_write_flash                      0x200000c4   Data           1  flash.o(.data)
    page_id                                  0x200000c5   Data           1  config.o(.data)
    cursor_id                                0x200000c6   Data           1  config.o(.data)
    cursor_id_back                           0x200000c7   Data           1  config.o(.data)
    Factory_set                              0x200000c8   Data           1  config.o(.data)
    auto_fine_abpoint                        0x200000c9   Data           1  config.o(.data)
    device_confirm                           0x200000ca   Data           1  config.o(.data)
    page_id_back                             0x200000cc   Data           1  orbital.o(.data)
    specialty_get                            0x200000cd   Data           1  orbital.o(.data)
    std_manul_tag                            0x200000ce   Data           1  orbital.o(.data)
    wid_manul_tag                            0x200000cf   Data           1  orbital.o(.data)
    move_begin                               0x200000d0   Data           1  orbital.o(.data)
    m_start                                  0x200000d1   Data           1  orbital.o(.data)
    move_begin_backup                        0x200000d2   Data           1  orbital.o(.data)
    minutes                                  0x200000d3   Data           1  orbital.o(.data)
    seconds                                  0x200000d4   Data           1  orbital.o(.data)
    check_start_point                        0x200000d5   Data           1  orbital.o(.data)
    ramp_flag                                0x200000d6   Data           1  orbital.o(.data)
    move_mode                                0x200000d7   Data           1  orbital.o(.data)
    locus_numb                               0x200000d8   Data           1  orbital.o(.data)
    Inverse_Dis                              0x200000d9   Data           1  orbital.o(.data)
    adj_parm_sel                             0x200000da   Data           1  orbital.o(.data)
    delay_time_set                           0x200000db   Data           1  orbital.o(.data)
    video_fisrt_time                         0x200000dc   Data           1  orbital.o(.data)
    manual_flag                              0x200000dd   Data           1  orbital.o(.data)
    get_init_tag                             0x200000de   Data           1  orbital.o(.data)
    get_init_time                            0x200000e0   Data           2  orbital.o(.data)
    led_time                                 0x200000e2   Data           2  orbital.o(.data)
    sub_contunue                             0x200000e4   Data           2  orbital.o(.data)
    add_contunue                             0x200000e6   Data           2  orbital.o(.data)
    MS_count                                 0x200000e8   Data           2  orbital.o(.data)
    p_amount                                 0x200000ea   Data           2  orbital.o(.data)
    p_move_step                              0x200000ec   Data           2  orbital.o(.data)
    hours                                    0x200000ee   Data           2  orbital.o(.data)
    addend_value                             0x200000f0   Data           2  orbital.o(.data)
    connection_flag                          0x200000f2   Data           2  orbital.o(.data)
    V_agnle                                  0x200000f4   Data           2  orbital.o(.data)
    H_agnle                                  0x200000f6   Data           2  orbital.o(.data)
    fps_buffer                               0x200000f8   Data           3  orbital.o(.data)
    D_amount                                 0x200000fb   Data           4  orbital.o(.data)
    move_time_bakeup                         0x20000100   Data           4  orbital.o(.data)
    p_move_time                              0x20000104   Data           4  orbital.o(.data)
    dynamic_speed                            0x20000108   Data           4  orbital.o(.data)
    boot_time                                0x2000010c   Data           4  orbital.o(.data)
    value_add                                0x20000110   Data           4  orbital.o(.data)
    reverse_cur                              0x20000114   Data           1  orbital.o(.data)
    ramp_flag11                              0x20000115   Data           1  orbital.o(.data)
    scan_cycle                               0x20000116   Data           1  keyscan.o(.data)
    key_final_status                         0x20000117   Data           1  keyscan.o(.data)
    return_key                               0x20000118   Data           1  keyscan.o(.data)
    keyup_status                             0x20000119   Data           1  keyscan.o(.data)
    keydown_status                           0x2000011a   Data           1  keyscan.o(.data)
    keyleft_status                           0x2000011b   Data           1  keyscan.o(.data)
    keyright_status                          0x2000011c   Data           1  keyscan.o(.data)
    keyok_status                             0x2000011d   Data           1  keyscan.o(.data)
    keyPwr_status                            0x2000011e   Data           1  keyscan.o(.data)
    keyMain_status                           0x2000011f   Data           1  keyscan.o(.data)
    keyShut_status                           0x20000120   Data           1  keyscan.o(.data)
    key_debounce                             0x20000121   Data           1  keyscan.o(.data)
    Pwrkey_debounce                          0x20000122   Data           1  keyscan.o(.data)
    powers_off                               0x20000123   Data           1  keyscan.o(.data)
    return_key_time                          0x20000124   Data           2  keyscan.o(.data)
    key_contunue_cout                        0x20000126   Data           2  keyscan.o(.data)
    press_time                               0x20000128   Data           2  keyscan.o(.data)
    continues                                0x2000012a   Data           2  keyscan.o(.data)
    Battery_percentage                       0x2000012c   Data           1  oled.o(.data)
    POINT_COLOR                              0x20000130   Data           4  oled.o(.data)
    z_buffer                                 0x20000134   Data           4  oled.o(.data)
    battery_colour                           0x20000138   Data           4  oled.o(.data)
    m_battery_colour                         0x2000013c   Data           4  oled.o(.data)
    send_mode                                0x20000140   Data           1  pair.o(.data)
    Pair_times                               0x20000142   Data           2  pair.o(.data)
    lowbattery_dis_if                        0x20000148   Data           1  low_power.o(.data)
    charge_tag                               0x20000149   Data           1  low_power.o(.data)
    active_time_out                          0x2000014c   Data           4  low_power.o(.data)
    boot_action                              0x20000150   Data           1  bootloader.o(.data)
    ab_set_if                                0x20000151   Data           1  ab_set.o(.data)
    DDab_set_if                              0x20000152   Data           1  ab_set.o(.data)
    mode_back                                0x20000153   Data           1  ab_set.o(.data)
    adc_init                                 0x20000158   Data           1  adc.o(.data)
    ADCConvertedValue                        0x2000015c   Data           2  adc.o(.data)
    adc_send_time                            0x2000015e   Data           2  adc.o(.data)
    low_voltage                              0x20000160   Data           2  adc.o(.data)
    adc_back                                 0x20000164   Data           4  adc.o(.data)
    adc_cenrent                              0x20000168   Data           4  adc.o(.data)
    adc_active                               0x2000016c   Data           4  adc.o(.data)
    id_add                                   0x20000170   Data           1  specialty_mode.o(.data)
    id_add_back                              0x20000171   Data           1  specialty_mode.o(.data)
    mode_id                                  0x20000172   Data           1  specialty_mode.o(.data)
    mid_cr_back                              0x20000173   Data           1  specialty_mode.o(.data)
    mid_cr                                   0x20000174   Data           1  specialty_mode.o(.data)
    pid_cr                                   0x20000175   Data           1  specialty_mode.o(.data)
    fanye                                    0x20000176   Data           1  specialty_mode.o(.data)
    Reshot                                   0x20000177   Data           1  specialty_mode.o(.data)
    sp_start                                 0x20000178   Data           1  specialty_mode.o(.data)
    enter_time                               0x2000017a   Data           2  specialty_mode.o(.data)
    sp_lip                                   0x2000017c   Data           8  specialty_mode.o(.data)
    count_tag                                0x20000184   Data           1  video.o(.data)
    v_seconds                                0x20000185   Data           1  video.o(.data)
    v_minutes                                0x20000186   Data           1  video.o(.data)
    v_hours                                  0x20000187   Data           1  video.o(.data)
    motor_statu                              0x20000188   Data           1  video.o(.data)
    tims_count                               0x2000018a   Data           2  video.o(.data)
    app_read_buffer                          0x2000018c   Data          40  uart.o(.bss)
    usart_rev                                0x200001b4   Data          42  uart.o(.bss)
    usart_send                               0x200001de   Data          26  uart.o(.bss)
    usart22_rev                              0x200001f8   Data          22  uart.o(.bss)
    usart22_send                             0x2000020e   Data          25  uart.o(.bss)
    App_Buffer                               0x20000227   Data         176  uart.o(.bss)
    App_buffer_spt                           0x200002d7   Data          22  uart.o(.bss)
    glob_para                                0x200002f0   Data          76  orbital.o(.bss)
    wifi_id                                  0x2000033c   Data          14  orbital.o(.bss)
    adc_buffer                               0x2000034c   Data         200  adc.o(.bss)
    adc_buffer22                             0x20000414   Data         200  adc.o(.bss)
    spe_para                                 0x200004dc   Data        2464  specialty_mode.o(.bss)
    __initial_sp                             0x20001280   Data           0  startup_stm32f030x8.o(STACK)



==============================================================================

Memory Map of the image

  Image Entry point : 0x080018b5

  Load Region LR_IROM1 (Base: 0x08001800, Size: 0x0000b6bc, Max: 0x0000e000, ABSOLUTE)

    Execution Region ER_IROM1 (Exec base: 0x08001800, Load base: 0x08001800, Size: 0x0000b5f4, Max: 0x0000e000, ABSOLUTE)

    Exec Addr    Load Addr    Size         Type   Attr      Idx    E Section Name        Object

    0x08001800   0x08001800   0x000000b4   Data   RO         4025    RESET               startup_stm32f030x8.o
    0x080018b4   0x080018b4   0x00000000   Code   RO         4030  * .ARM.Collect$$$$00000000  mc_p.l(entry.o)
    0x080018b4   0x080018b4   0x00000004   Code   RO         4326    .ARM.Collect$$$$00000001  mc_p.l(entry2.o)
    0x080018b8   0x080018b8   0x00000004   Code   RO         4329    .ARM.Collect$$$$00000004  mc_p.l(entry5.o)
    0x080018bc   0x080018bc   0x00000000   Code   RO         4331    .ARM.Collect$$$$00000008  mc_p.l(entry7b.o)
    0x080018bc   0x080018bc   0x00000000   Code   RO         4333    .ARM.Collect$$$$0000000A  mc_p.l(entry8b.o)
    0x080018bc   0x080018bc   0x00000008   Code   RO         4334    .ARM.Collect$$$$0000000B  mc_p.l(entry9a.o)
    0x080018c4   0x080018c4   0x00000000   Code   RO         4336    .ARM.Collect$$$$0000000D  mc_p.l(entry10a.o)
    0x080018c4   0x080018c4   0x00000000   Code   RO         4338    .ARM.Collect$$$$0000000F  mc_p.l(entry11a.o)
    0x080018c4   0x080018c4   0x00000004   Code   RO         4327    .ARM.Collect$$$$00002712  mc_p.l(entry2.o)
    0x080018c8   0x080018c8   0x0000001c   Code   RO         4026    .text               startup_stm32f030x8.o
    0x080018e4   0x080018e4   0x0000002c   Code   RO         4033    .text               mc_p.l(uidiv.o)
    0x08001910   0x08001910   0x00000024   Code   RO         4035    .text               mc_p.l(memcpya.o)
    0x08001934   0x08001934   0x00000024   Code   RO         4037    .text               mc_p.l(memseta.o)
    0x08001958   0x08001958   0x0000001e   Code   RO         4041    .text               mc_p.l(strncmp.o)
    0x08001976   0x08001976   0x000000b2   Code   RO         4306    .text               mf_p.l(fadd.o)
    0x08001a28   0x08001a28   0x0000007a   Code   RO         4308    .text               mf_p.l(fmul.o)
    0x08001aa2   0x08001aa2   0x0000007c   Code   RO         4310    .text               mf_p.l(fdiv.o)
    0x08001b1e   0x08001b1e   0x00000002   PAD
    0x08001b20   0x08001b20   0x00000164   Code   RO         4312    .text               mf_p.l(dadd.o)
    0x08001c84   0x08001c84   0x0000000e   Code   RO         4314    .text               mf_p.l(ffltui.o)
    0x08001c92   0x08001c92   0x00000028   Code   RO         4316    .text               mf_p.l(ffixui.o)
    0x08001cba   0x08001cba   0x00000028   Code   RO         4318    .text               mf_p.l(f2d.o)
    0x08001ce2   0x08001ce2   0x00000038   Code   RO         4320    .text               mf_p.l(d2f.o)
    0x08001d1a   0x08001d1a   0x00000002   PAD
    0x08001d1c   0x08001d1c   0x00000014   Code   RO         4322    .text               mf_p.l(cfcmple.o)
    0x08001d30   0x08001d30   0x00000014   Code   RO         4324    .text               mf_p.l(cfrcmple.o)
    0x08001d44   0x08001d44   0x00000060   Code   RO         4343    .text               mc_p.l(uldiv.o)
    0x08001da4   0x08001da4   0x00000020   Code   RO         4345    .text               mc_p.l(llshl.o)
    0x08001dc4   0x08001dc4   0x00000026   Code   RO         4347    .text               mc_p.l(llsshr.o)
    0x08001dea   0x08001dea   0x00000000   Code   RO         4349    .text               mc_p.l(iusefp.o)
    0x08001dea   0x08001dea   0x00000082   Code   RO         4350    .text               mf_p.l(fepilogue.o)
    0x08001e6c   0x08001e6c   0x000000be   Code   RO         4352    .text               mf_p.l(depilogue.o)
    0x08001f2a   0x08001f2a   0x00000002   PAD
    0x08001f2c   0x08001f2c   0x000000d0   Code   RO         4356    .text               mf_p.l(dmul.o)
    0x08001ffc   0x08001ffc   0x000000f0   Code   RO         4358    .text               mf_p.l(ddiv.o)
    0x080020ec   0x080020ec   0x00000040   Code   RO         4360    .text               mf_p.l(dfixul.o)
    0x0800212c   0x0800212c   0x00000028   Code   RO         4362    .text               mf_p.l(cdrcmple.o)
    0x08002154   0x08002154   0x00000024   Code   RO         4364    .text               mc_p.l(init.o)
    0x08002178   0x08002178   0x00000022   Code   RO         4367    .text               mc_p.l(llushr.o)
    0x0800219a   0x0800219a   0x00000002   PAD
    0x0800219c   0x0800219c   0x00000038   Code   RO         2829    i.ADC_GetCalibrationFactor  adc.o
    0x080021d4   0x080021d4   0x00000058   Code   RO         2495    i.ADC_shutdown      low_power.o
    0x0800222c   0x0800222c   0x00000010   Code   RO         2830    i.A_d_c_int         adc.o
    0x0800223c   0x0800223c   0x00000034   Code   RO         2831    i.Adc_Gpio_init     adc.o
    0x08002270   0x08002270   0x00000078   Code   RO         2832    i.Adc_function_init  adc.o
    0x080022e8   0x080022e8   0x00000056   Code   RO         1921    i.Address_set       oled.o
    0x0800233e   0x0800233e   0x00000002   PAD
    0x08002340   0x08002340   0x00000074   Code   RO         2925    i.Angle_dis         specialty_mode.o
    0x080023b4   0x080023b4   0x00000016   Code   RO         1733    i.Boost_init        gpio.o
    0x080023ca   0x080023ca   0x00000002   PAD
    0x080023cc   0x080023cc   0x00000060   Code   RO         1027    i.Brightness_dis    orbital.o
    0x0800242c   0x0800242c   0x00000144   Code   RO         2251    i.Burn_code_value   pair.o
    0x08002570   0x08002570   0x00000030   Code   RO         1735    i.ChangeKey_exti_interrupt  gpio.o
    0x080025a0   0x080025a0   0x0000003c   Code   RO         1922    i.Charging_Dis      oled.o
    0x080025dc   0x080025dc   0x00000020   Code   RO          912    i.Check_Buffer_Empty  config.o
    0x080025fc   0x080025fc   0x00000018   Code   RO         1923    i.Check_String      oled.o
    0x08002614   0x08002614   0x0000001a   Code   RO         1924    i.Check_String_Size  oled.o
    0x0800262e   0x0800262e   0x00000002   PAD
    0x08002630   0x08002630   0x00000088   Code   RO         2926    i.ConfirmOrCancel_dis  specialty_mode.o
    0x080026b8   0x080026b8   0x000000b8   Code   RO         2927    i.Cunrent_para_display  specialty_mode.o
    0x08002770   0x08002770   0x000001f8   Code   RO         2928    i.Current_Status_display  specialty_mode.o
    0x08002968   0x08002968   0x00000002   Code   RO          200    i.DMA1_Channel1_IRQHandler  stm32f0xx_it.o
    0x0800296a   0x0800296a   0x00000008   Code   RO          201    i.DMA1_Channel2_3_IRQHandler  stm32f0xx_it.o
    0x08002972   0x08002972   0x00000008   Code   RO          202    i.DMA1_Channel4_5_IRQHandler  stm32f0xx_it.o
    0x0800297a   0x0800297a   0x00000002   PAD
    0x0800297c   0x0800297c   0x00000130   Code   RO         1028    i.Delay_amount_adjust  orbital.o
    0x08002aac   0x08002aac   0x00000040   Code   RO         1029    i.Delay_mode_cursor_shift  orbital.o
    0x08002aec   0x08002aec   0x00000044   Code   RO         1030    i.Delay_pix_amt_display  orbital.o
    0x08002b30   0x08002b30   0x0000001c   Code   RO         1736    i.Device_init       gpio.o
    0x08002b4c   0x08002b4c   0x00000028   Code   RO          331    i.Dma_SendIRQ_Dispose  uart.o
    0x08002b74   0x08002b74   0x000000b4   Code   RO         2833    i.Dma_int           adc.o
    0x08002c28   0x08002c28   0x0000000c   Code   RO          203    i.EXTI2_3_IRQHandler  stm32f0xx_it.o
    0x08002c34   0x08002c34   0x0000003c   Code   RO          204    i.EXTI4_15_IRQHandler  stm32f0xx_it.o
    0x08002c70   0x08002c70   0x00000124   Code   RO         2252    i.Enter_into_Pair   pair.o
    0x08002d94   0x08002d94   0x00000038   Code   RO          772    i.FLASH_ErasePage   flash.o
    0x08002dcc   0x08002dcc   0x00000028   Code   RO          773    i.FLASH_GetStatus   flash.o
    0x08002df4   0x08002df4   0x00000010   Code   RO          774    i.FLASH_Lock        flash.o
    0x08002e04   0x08002e04   0x00000034   Code   RO          779    i.FLASH_ProgramHalfWord  flash.o
    0x08002e38   0x08002e38   0x00000020   Code   RO          780    i.FLASH_Unlock      flash.o
    0x08002e58   0x08002e58   0x00000022   Code   RO          781    i.FLASH_WaitForLastOperation  flash.o
    0x08002e7a   0x08002e7a   0x00000002   Code   RO           61    i.Feed_IWDG         main.o
    0x08002e7c   0x08002e7c   0x00000070   Code   RO         2497    i.Forbidden_Used    low_power.o
    0x08002eec   0x08002eec   0x0000001a   Code   RO         1737    i.GPIO_INUP_Init    gpio.o
    0x08002f06   0x08002f06   0x0000001c   Code   RO         1738    i.GPIO_OUT_init     gpio.o
    0x08002f22   0x08002f22   0x00000002   PAD
    0x08002f24   0x08002f24   0x0000007c   Code   RO         2929    i.Get_data_from_Motor  specialty_mode.o
    0x08002fa0   0x08002fa0   0x00000034   Code   RO         3908    i.HAL_PWR_EnterSTOPMode  stm32f0xx_hal_pwr.o
    0x08002fd4   0x08002fd4   0x00000002   Code   RO          205    i.HardFault_Handler  stm32f0xx_it.o
    0x08002fd6   0x08002fd6   0x00000026   Code   RO         2254    i.ICcode_checksum_verify  pair.o
    0x08002ffc   0x08002ffc   0x00000010   Code   RO         2326    i.Irq_gpio_init     rf24l01.o
    0x0800300c   0x0800300c   0x00000050   Code   RO         1621    i.Key_To_Pair       keyscan.o
    0x0800305c   0x0800305c   0x0000002c   Code   RO         1930    i.LCD_Clear         oled.o
    0x08003088   0x08003088   0x0000004c   Code   RO         1935    i.LCD_Fill          oled.o
    0x080030d4   0x080030d4   0x000000f0   Code   RO         1936    i.LCD_P16x16Str     oled.o
    0x080031c4   0x080031c4   0x00000098   Code   RO         1937    i.LCD_P8x16Str      oled.o
    0x0800325c   0x0800325c   0x0000001e   Code   RO         1942    i.LCD_WR_DATA       oled.o
    0x0800327a   0x0800327a   0x00000012   Code   RO         1943    i.LCD_WR_DATA8      oled.o
    0x0800328c   0x0800328c   0x00000012   Code   RO         1944    i.LCD_WR_REG        oled.o
    0x0800329e   0x0800329e   0x00000002   PAD
    0x080032a0   0x080032a0   0x000000a4   Code   RO         1947    i.LCD_shi_fen_miao_display  oled.o
    0x08003344   0x08003344   0x00000018   Code   RO           62    i.LL_AHB1_GRP1_EnableClock  main.o
    0x0800335c   0x0800335c   0x00000018   Code   RO          333    i.LL_AHB1_GRP1_EnableClock  uart.o
    0x08003374   0x08003374   0x00000018   Code   RO         1741    i.LL_AHB1_GRP1_EnableClock  gpio.o
    0x0800338c   0x0800338c   0x00000018   Code   RO           63    i.LL_APB1_GRP1_EnableClock  main.o
    0x080033a4   0x080033a4   0x00000018   Code   RO         2498    i.LL_APB1_GRP1_EnableClock  low_power.o
    0x080033bc   0x080033bc   0x00000018   Code   RO          334    i.LL_DMA_DisableChannel  uart.o
    0x080033d4   0x080033d4   0x00000018   Code   RO          335    i.LL_DMA_DisableIT_TC  uart.o
    0x080033ec   0x080033ec   0x00000018   Code   RO          336    i.LL_DMA_EnableChannel  uart.o
    0x08003404   0x08003404   0x00000014   Code   RO          338    i.LL_DMA_GetDataLength  uart.o
    0x08003418   0x08003418   0x0000001c   Code   RO          339    i.LL_DMA_SetChannelPriorityLevel  uart.o
    0x08003434   0x08003434   0x0000001c   Code   RO          340    i.LL_DMA_SetDataLength  uart.o
    0x08003450   0x08003450   0x00000020   Code   RO          341    i.LL_DMA_SetDataTransferDirection  uart.o
    0x08003470   0x08003470   0x00000014   Code   RO          342    i.LL_DMA_SetMemoryAddress  uart.o
    0x08003484   0x08003484   0x0000001c   Code   RO          343    i.LL_DMA_SetMemoryIncMode  uart.o
    0x080034a0   0x080034a0   0x0000001c   Code   RO          344    i.LL_DMA_SetMemorySize  uart.o
    0x080034bc   0x080034bc   0x0000001c   Code   RO          345    i.LL_DMA_SetMode    uart.o
    0x080034d8   0x080034d8   0x00000014   Code   RO          346    i.LL_DMA_SetPeriphAddress  uart.o
    0x080034ec   0x080034ec   0x0000001c   Code   RO          347    i.LL_DMA_SetPeriphIncMode  uart.o
    0x08003508   0x08003508   0x0000001c   Code   RO          348    i.LL_DMA_SetPeriphSize  uart.o
    0x08003524   0x08003524   0x000000a8   Code   RO         3710    i.LL_GPIO_Init      stm32f0xx_ll_gpio.o
    0x080035cc   0x080035cc   0x0000000e   Code   RO         1622    i.LL_GPIO_IsInputPinSet  keyscan.o
    0x080035da   0x080035da   0x0000000e   Code   RO         1948    i.LL_GPIO_IsInputPinSet  oled.o
    0x080035e8   0x080035e8   0x0000000e   Code   RO         2327    i.LL_GPIO_IsInputPinSet  rf24l01.o
    0x080035f6   0x080035f6   0x0000000e   Code   RO         2499    i.LL_GPIO_IsInputPinSet  low_power.o
    0x08003604   0x08003604   0x0000000e   Code   RO         2834    i.LL_GPIO_IsInputPinSet  adc.o
    0x08003612   0x08003612   0x00000018   Code   RO         3411    i.LL_RCC_GetSystemClocksFreq  stm32f0xx_ll_rcc.o
    0x0800362a   0x0800362a   0x00000002   PAD
    0x0800362c   0x0800362c   0x00000054   Code   RO         3412    i.LL_RCC_GetUSARTClockFreq  stm32f0xx_ll_rcc.o
    0x08003680   0x08003680   0x00000014   Code   RO         2500    i.LL_RCC_SetSysClkSource  low_power.o
    0x08003694   0x08003694   0x00000064   Code   RO         3863    i.LL_SPI_Init       stm32f0xx_ll_spi.o
    0x080036f8   0x080036f8   0x00000020   Code   RO         1742    i.LL_SYSCFG_SetEXTISource  gpio.o
    0x08003718   0x08003718   0x00000084   Code   RO         3483    i.LL_TIM_Init       stm32f0xx_ll_tim.o
    0x0800379c   0x0800379c   0x00000058   Code   RO           64    i.LL_TIM_OC_EnablePreload  main.o
    0x080037f4   0x080037f4   0x00000044   Code   RO         3484    i.LL_TIM_OC_Init    stm32f0xx_ll_tim.o
    0x08003838   0x08003838   0x000000ac   Code   RO         3603    i.LL_USART_Init     stm32f0xx_ll_usart.o
    0x080038e4   0x080038e4   0x00000248   Code   RO         1949    i.Lcd_Init          oled.o
    0x08003b2c   0x08003b2c   0x000000ec   Code   RO         1950    i.Logo_display      oled.o
    0x08003c18   0x08003c18   0x00000018   Code   RO         2501    i.LowBattery_wakeup  low_power.o
    0x08003c30   0x08003c30   0x000000c0   Code   RO           65    i.MX_TIM3_Init      main.o
    0x08003cf0   0x08003cf0   0x00000020   Code   RO          351    i.MX_USART2_UART_Init  uart.o
    0x08003d10   0x08003d10   0x00000034   Code   RO         1032    i.Manual_page_OK    orbital.o
    0x08003d44   0x08003d44   0x00000002   Code   RO          206    i.NMI_Handler       stm32f0xx_it.o
    0x08003d46   0x08003d46   0x00000002   PAD
    0x08003d48   0x08003d48   0x00000030   Code   RO         2328    i.NRF24L01_Clear_IRQ_Flag  rf24l01.o
    0x08003d78   0x08003d78   0x00000030   Code   RO         2329    i.NRF24L01_Read_Buf  rf24l01.o
    0x08003da8   0x08003da8   0x0000001c   Code   RO         2330    i.NRF24L01_Read_Reg  rf24l01.o
    0x08003dc4   0x08003dc4   0x00000018   Code   RO         2331    i.NRF24L01_Read_Status_Register  rf24l01.o
    0x08003ddc   0x08003ddc   0x00000054   Code   RO         2332    i.NRF24L01_RxPacket  rf24l01.o
    0x08003e30   0x08003e30   0x00000018   Code   RO         2333    i.NRF24L01_Set_RxAddr  rf24l01.o
    0x08003e48   0x08003e48   0x00000014   Code   RO         2334    i.NRF24L01_Set_TxAddr  rf24l01.o
    0x08003e5c   0x08003e5c   0x00000094   Code   RO         2335    i.NRF24L01_TxPacket  rf24l01.o
    0x08003ef0   0x08003ef0   0x00000030   Code   RO         2336    i.NRF24L01_Write_Buf  rf24l01.o
    0x08003f20   0x08003f20   0x00000024   Code   RO         2337    i.NRF24L01_Write_Reg  rf24l01.o
    0x08003f44   0x08003f44   0x00000094   Code   RO         2338    i.NRF24L01_check    rf24l01.o
    0x08003fd8   0x08003fd8   0x00000014   Code   RO         2502    i.NVIC_DisableIRQ   low_power.o
    0x08003fec   0x08003fec   0x00000014   Code   RO          352    i.NVIC_EnableIRQ    uart.o
    0x08004000   0x08004000   0x00000014   Code   RO         1744    i.NVIC_EnableIRQ    gpio.o
    0x08004014   0x08004014   0x00000044   Code   RO           66    i.NVIC_SetPriority  main.o
    0x08004058   0x08004058   0x00000044   Code   RO          353    i.NVIC_SetPriority  uart.o
    0x0800409c   0x0800409c   0x00000044   Code   RO         1745    i.NVIC_SetPriority  gpio.o
    0x080040e0   0x080040e0   0x0000001c   Code   RO         2503    i.NVIC_SystemReset  low_power.o
    0x080040fc   0x080040fc   0x0000003c   Code   RO         2339    i.Nrf24L01_init     rf24l01.o
    0x08004138   0x08004138   0x0000008c   Code   RO         3487    i.OC1Config         stm32f0xx_ll_tim.o
    0x080041c4   0x080041c4   0x00000090   Code   RO         3488    i.OC2Config         stm32f0xx_ll_tim.o
    0x08004254   0x08004254   0x00000098   Code   RO         3489    i.OC3Config         stm32f0xx_ll_tim.o
    0x080042ec   0x080042ec   0x00000074   Code   RO         3490    i.OC4Config         stm32f0xx_ll_tim.o
    0x08004360   0x08004360   0x000000c4   Code   RO         1952    i.Oled_EnlPrint     oled.o
    0x08004424   0x08004424   0x00000054   Code   RO         2930    i.Page_preinstall_move_return  specialty_mode.o
    0x08004478   0x08004478   0x000000a0   Code   RO         2256    i.Pair_send_data    pair.o
    0x08004518   0x08004518   0x00000014   Code   RO         2257    i.Pairing_time      pair.o
    0x0800452c   0x0800452c   0x00000002   Code   RO          207    i.PendSV_Handler    stm32f0xx_it.o
    0x0800452e   0x0800452e   0x00000002   PAD
    0x08004530   0x08004530   0x000000a8   Code   RO         1623    i.Pwr_key_continue  keyscan.o
    0x080045d8   0x080045d8   0x0000001c   Code   RO         3413    i.RCC_GetHCLKClockFreq  stm32f0xx_ll_rcc.o
    0x080045f4   0x080045f4   0x00000018   Code   RO         3414    i.RCC_GetPCLK1ClockFreq  stm32f0xx_ll_rcc.o
    0x0800460c   0x0800460c   0x00000024   Code   RO         3415    i.RCC_GetSystemClockFreq  stm32f0xx_ll_rcc.o
    0x08004630   0x08004630   0x0000003c   Code   RO         3416    i.RCC_PLL_GetFreqDomain_SYS  stm32f0xx_ll_rcc.o
    0x0800466c   0x0800466c   0x00000038   Code   RO         2340    i.RF24L01_GPIO_Init  rf24l01.o
    0x080046a4   0x080046a4   0x00000090   Code   RO         2341    i.RF24L01_Init      rf24l01.o
    0x08004734   0x08004734   0x00000028   Code   RO         2343    i.RF24L01_Set_Mode  rf24l01.o
    0x0800475c   0x0800475c   0x0000004c   Code   RO         2258    i.RF_reconver       pair.o
    0x080047a8   0x080047a8   0x00000010   Code   RO          357    i.Reset_Tx_Complete  uart.o
    0x080047b8   0x080047b8   0x00000044   Code   RO         2504    i.Reset_theSystem   low_power.o
    0x080047fc   0x080047fc   0x000000b8   Code   RO         2931    i.ReturnOrNext_dis  specialty_mode.o
    0x080048b4   0x080048b4   0x00000002   Code   RO          208    i.SVC_Handler       stm32f0xx_it.o
    0x080048b6   0x080048b6   0x00000002   PAD
    0x080048b8   0x080048b8   0x0000000c   Code   RO         2737    i.Set_DDab_set_if   ab_set.o
    0x080048c4   0x080048c4   0x0000000c   Code   RO         2738    i.Set_ab_set_if     ab_set.o
    0x080048d0   0x080048d0   0x0000000c   Code   RO         2835    i.Set_adc_back      adc.o
    0x080048dc   0x080048dc   0x00000010   Code   RO         2932    i.Set_enter_time    specialty_mode.o
    0x080048ec   0x080048ec   0x00000098   Code   RO         2505    i.ShutDown          low_power.o
    0x08004984   0x08004984   0x00000060   Code   RO         1747    i.ShutDown_AllIO_High_resistance_mode  gpio.o
    0x080049e4   0x080049e4   0x00000048   Code   RO         1034    i.Speed_display     orbital.o
    0x08004a2c   0x08004a2c   0x00000098   Code   RO         1748    i.Spi_init          gpio.o
    0x08004ac4   0x08004ac4   0x00000014   Code   RO         1749    i.Spi_write_data    gpio.o
    0x08004ad8   0x08004ad8   0x00000024   Code   RO          363    i.String_Printf     uart.o
    0x08004afc   0x08004afc   0x00000002   Code   RO          209    i.SysTick_Handler   stm32f0xx_it.o
    0x08004afe   0x08004afe   0x00000002   PAD
    0x08004b00   0x08004b00   0x0000008c   Code   RO           68    i.SystemClock_Config  main.o
    0x08004b8c   0x08004b8c   0x0000005c   Code   RO            4    i.SystemInit        system_stm32f0xx.o
    0x08004be8   0x08004be8   0x00000034   Code   RO          210    i.TIM14_IRQHandler  stm32f0xx_it.o
    0x08004c1c   0x08004c1c   0x00000018   Code   RO          211    i.TIM15_IRQHandler  stm32f0xx_it.o
    0x08004c34   0x08004c34   0x00000002   Code   RO          212    i.TIM1_BRK_UP_TRG_COM_IRQHandler  stm32f0xx_it.o
    0x08004c36   0x08004c36   0x00000002   PAD
    0x08004c38   0x08004c38   0x00000018   Code   RO          213    i.TIM3_IRQHandler   stm32f0xx_it.o
    0x08004c50   0x08004c50   0x0000005c   Code   RO         1036    i.Task_Percentage_Dis  orbital.o
    0x08004cac   0x08004cac   0x0000002c   Code   RO         1955    i.The_motor_battery_dis_init  oled.o
    0x08004cd8   0x08004cd8   0x00000078   Code   RO         1956    i.The_page_processing  oled.o
    0x08004d50   0x08004d50   0x00000014   Code   RO         1038    i.Time_DCount       orbital.o
    0x08004d64   0x08004d64   0x00000118   Code   RO         1039    i.Time_DownCount    orbital.o
    0x08004e7c   0x08004e7c   0x0000002c   Code   RO         2506    i.Time_Out_And_Enter_Stop_Mode  low_power.o
    0x08004ea8   0x08004ea8   0x00000128   Code   RO         1957    i.TurnOff_ShutDonw_Battery_dis  oled.o
    0x08004fd0   0x08004fd0   0x0000001c   Code   RO          214    i.USART1_IRQHandler  stm32f0xx_it.o
    0x08004fec   0x08004fec   0x0000001c   Code   RO          215    i.USART2_IRQHandler  stm32f0xx_it.o
    0x08005008   0x08005008   0x000000d8   Code   RO         1040    i.UpOrDown_adjust_para  orbital.o
    0x080050e0   0x080050e0   0x00000028   Code   RO          371    i.Usart22_Dma_SendIRQ_Dispose  uart.o
    0x08005108   0x08005108   0x00000048   Code   RO          376    i.Usart22_Receiver  uart.o
    0x08005150   0x08005150   0x00000088   Code   RO          377    i.Usart22_Receiver_Dma_Init  uart.o
    0x080051d8   0x080051d8   0x00000010   Code   RO          380    i.Usart22_Reset_Tx_Complete  uart.o
    0x080051e8   0x080051e8   0x00000094   Code   RO          382    i.Usart22_Send_Dma_Init  uart.o
    0x0800527c   0x0800527c   0x000000a4   Code   RO          386    i.Usart22_init      uart.o
    0x08005320   0x08005320   0x0000001c   Code   RO         3184    i.Video_Get_downcount_times  video.o
    0x0800533c   0x0800533c   0x000000f4   Code   RO         3185    i.Video_check_the_motor_status  video.o
    0x08005430   0x08005430   0x00000110   Code   RO         3186    i.Video_downcount_times_display  video.o
    0x08005540   0x08005540   0x00000064   Code   RO         1041    i.Video_mode_cursor_shift  orbital.o
    0x080055a4   0x080055a4   0x0000004c   Code   RO         3187    i.Video_motor_status_display  video.o
    0x080055f0   0x080055f0   0x0000000c   Code   RO         3188    i.Video_motor_status_return  video.o
    0x080055fc   0x080055fc   0x0000005c   Code   RO         3189    i.Video_times_downcount  video.o
    0x08005658   0x08005658   0x00000028   Code   RO         4280    i.__0sprintf        mc_p.l(printfa.o)
    0x08005680   0x08005680   0x0000002e   Code   RO         4354    i.__ARM_clz         mf_p.l(depilogue.o)
    0x080056ae   0x080056ae   0x0000001a   Code   RO         1599    i.__ARM_common_switch8  orbital.o
    0x080056c8   0x080056c8   0x0000000e   Code   RO         4372    i.__scatterload_copy  mc_p.l(handlers.o)
    0x080056d6   0x080056d6   0x00000002   Code   RO         4373    i.__scatterload_null  mc_p.l(handlers.o)
    0x080056d8   0x080056d8   0x0000000e   Code   RO         4374    i.__scatterload_zeroinit  mc_p.l(handlers.o)
    0x080056e6   0x080056e6   0x00000002   PAD
    0x080056e8   0x080056e8   0x00000174   Code   RO         4285    i._fp_digits        mc_p.l(printfa.o)
    0x0800585c   0x0800585c   0x000006ec   Code   RO         4286    i._printf_core      mc_p.l(printfa.o)
    0x08005f48   0x08005f48   0x00000020   Code   RO         4287    i._printf_post_padding  mc_p.l(printfa.o)
    0x08005f68   0x08005f68   0x0000002c   Code   RO         4288    i._printf_pre_padding  mc_p.l(printfa.o)
    0x08005f94   0x08005f94   0x0000000a   Code   RO         4290    i._sputc            mc_p.l(printfa.o)
    0x08005f9e   0x08005f9e   0x00000002   PAD
    0x08005fa0   0x08005fa0   0x000000f4   Code   RO         2739    i.ab_set_move       ab_set.o
    0x08006094   0x08006094   0x00000054   Code   RO         2741    i.ab_set_press_ok   ab_set.o
    0x080060e8   0x080060e8   0x00000014   Code   RO         2507    i.active_time_out_countdown  low_power.o
    0x080060fc   0x080060fc   0x00000014   Code   RO         2836    i.adc_cout          adc.o
    0x08006110   0x08006110   0x00000010   Code   RO         1045    i.angle_cear        orbital.o
    0x08006120   0x08006120   0x00000074   Code   RO         1046    i.angle_display     orbital.o
    0x08006194   0x08006194   0x00000150   Code   RO         1958    i.battery_data_display  oled.o
    0x080062e4   0x080062e4   0x0000005c   Code   RO         1959    i.battery_display   oled.o
    0x08006340   0x08006340   0x0000006c   Code   RO         1960    i.battery_frame_display  oled.o
    0x080063ac   0x080063ac   0x0000004c   Code   RO         1961    i.battery_init      oled.o
    0x080063f8   0x080063f8   0x000000a4   Code   RO         2645    i.bootloader_action_if  bootloader.o
    0x0800649c   0x0800649c   0x000001ec   Code   RO         1962    i.bornd_code_dis    oled.o
    0x08006688   0x08006688   0x0000000c   Code   RO         2934    i.cear_the_id_add   specialty_mode.o
    0x08006694   0x08006694   0x00000014   Code   RO         1750    i.changeIO_Init     gpio.o
    0x080066a8   0x080066a8   0x00000024   Code   RO         1049    i.change_page       orbital.o
    0x080066cc   0x080066cc   0x00000020   Code   RO         2742    i.check_abpoint_Set_if  ab_set.o
    0x080066ec   0x080066ec   0x00000048   Code   RO         1050    i.check_connection  orbital.o
    0x08006734   0x08006734   0x00000058   Code   RO         2646    i.check_enter_boot_if  bootloader.o
    0x0800678c   0x0800678c   0x0000001c   Code   RO         1051    i.check_sum_add     orbital.o
    0x080067a8   0x080067a8   0x00000028   Code   RO         1625    i.check_the_powers_status  keyscan.o
    0x080067d0   0x080067d0   0x00000026   Code   RO         2344    i.checksum_verify   rf24l01.o
    0x080067f6   0x080067f6   0x00000002   PAD
    0x080067f8   0x080067f8   0x000006f0   Code   RO         1963    i.chinese_page_dis  oled.o
    0x08006ee8   0x08006ee8   0x00000068   Code   RO          914    i.config_page_ok    config.o
    0x08006f50   0x08006f50   0x00000234   Code   RO         1053    i.controller_send_data_to_motor  orbital.o
    0x08007184   0x08007184   0x0000000c   Code   RO         3190    i.count_tag_set     video.o
    0x08007190   0x08007190   0x0000004c   Code   RO          915    i.cursor_count      config.o
    0x080071dc   0x080071dc   0x00000064   Code   RO          916    i.cursor_display    config.o
    0x08007240   0x08007240   0x00000084   Code   RO         1055    i.cursor_glint      orbital.o
    0x080072c4   0x080072c4   0x0000007c   Code   RO         1056    i.cursor_shift      orbital.o
    0x08007340   0x08007340   0x00000040   Code   RO         1057    i.data_count        orbital.o
    0x08007380   0x08007380   0x000000d4   Code   RO         1065    i.delay_page_ok     orbital.o
    0x08007454   0x08007454   0x00000088   Code   RO         2935    i.delet_paraORmode  specialty_mode.o
    0x080074dc   0x080074dc   0x00000080   Code   RO         2936    i.delete_jahao      specialty_mode.o
    0x0800755c   0x0800755c   0x00000090   Code   RO         2508    i.disable_interrupt  low_power.o
    0x080075ec   0x080075ec   0x0000004a   Code   RO         2345    i.drv_spi_read_write_byte  rf24l01.o
    0x08007636   0x08007636   0x00000002   PAD
    0x08007638   0x08007638   0x0000003c   Code   RO         1069    i.durationORdelay_time_dis  orbital.o
    0x08007674   0x08007674   0x0000001c   Code   RO         2509    i.enable_interrupt  low_power.o
    0x08007690   0x08007690   0x00000748   Code   RO         1964    i.english_page_dis  oled.o
    0x08007dd8   0x08007dd8   0x00000020   Code   RO         2647    i.enter_bootloader  bootloader.o
    0x08007df8   0x08007df8   0x00000012   Code   RO          783    i.erase_flash_OnePage  flash.o
    0x08007e0a   0x08007e0a   0x00000002   PAD
    0x08007e0c   0x08007e0c   0x00000044   Code   RO          918    i.factory_set_display  config.o
    0x08007e50   0x08007e50   0x000000ac   Code   RO         2837    i.filtering         adc.o
    0x08007efc   0x08007efc   0x00000054   Code   RO         1072    i.get_data_form_A650  orbital.o
    0x08007f50   0x08007f50   0x0000005c   Code   RO         1073    i.get_init_from_A650  orbital.o
    0x08007fac   0x08007fac   0x000000b4   Code   RO         1075    i.hours_time_dis    orbital.o
    0x08008060   0x08008060   0x0000000c   Code   RO          785    i.if_write_flash    flash.o
    0x0800806c   0x0800806c   0x0000001e   Code   RO         1751    i.input_opendrain   gpio.o
    0x0800808a   0x0800808a   0x00000002   PAD
    0x0800808c   0x0800808c   0x00000048   Code   RO         1076    i.integer_display   orbital.o
    0x080080d4   0x080080d4   0x00000060   Code   RO         1078    i.interval_time_dis  orbital.o
    0x08008134   0x08008134   0x0000000c   Code   RO         1080    i.inverse_get_value  orbital.o
    0x08008140   0x08008140   0x0000007c   Code   RO         2937    i.jiantou_display   specialty_mode.o
    0x080081bc   0x080081bc   0x0000008c   Code   RO         1626    i.key_Handle        keyscan.o
    0x08008248   0x08008248   0x000001b8   Code   RO         1627    i.keyscan           keyscan.o
    0x08008400   0x08008400   0x00000034   Code   RO         1753    i.keyscan_pin_init  gpio.o
    0x08008434   0x08008434   0x00000002   Code   RO          919    i.language_display  config.o
    0x08008436   0x08008436   0x00000002   PAD
    0x08008438   0x08008438   0x000000ec   Code   RO           70    i.main              main.o
    0x08008524   0x08008524   0x00000088   Code   RO          920    i.main_page_ok      config.o
    0x080085ac   0x080085ac   0x00000070   Code   RO         1082    i.manulORauto_dis   orbital.o
    0x0800861c   0x0800861c   0x000000b4   Code   RO         1083    i.minutes_time_dis  orbital.o
    0x080086d0   0x080086d0   0x00000070   Code   RO         2938    i.mode_and_para_sendt  specialty_mode.o
    0x08008740   0x08008740   0x0000000c   Code   RO         1965    i.motor_battery_dis  oled.o
    0x0800874c   0x0800874c   0x00000030   Code   RO         1084    i.motor_init        orbital.o
    0x0800877c   0x0800877c   0x00000048   Code   RO         1088    i.move_to_disp      orbital.o
    0x080087c4   0x080087c4   0x00000028   Code   RO         1757    i.oled_gpio_init    gpio.o
    0x080087ec   0x080087ec   0x00000008   Code   RO         1967    i.oled_print_page   oled.o
    0x080087f4   0x080087f4   0x0000003c   Code   RO         1968    i.oled_print_screen  oled.o
    0x08008830   0x08008830   0x00000020   Code   RO         1969    i.page_display      oled.o
    0x08008850   0x08008850   0x0000001c   Code   RO         1628    i.page_return       keyscan.o
    0x0800886c   0x0800886c   0x00000080   Code   RO          921    i.page_return_adjust  config.o
    0x080088ec   0x080088ec   0x000000dc   Code   RO         2939    i.paraORmode_shift  specialty_mode.o
    0x080089c8   0x080089c8   0x0000004c   Code   RO         1089    i.para_count        orbital.o
    0x08008a14   0x08008a14   0x00000048   Code   RO          922    i.para_init         config.o
    0x08008a5c   0x08008a5c   0x0000005c   Code   RO          786    i.para_read_from_flash  flash.o
    0x08008ab8   0x08008ab8   0x00000334   Code   RO         1090    i.param_adjust      orbital.o
    0x08008dec   0x08008dec   0x00000168   Code   RO         1091    i.param_display     orbital.o
    0x08008f54   0x08008f54   0x00000070   Code   RO         1092    i.parameter_init    orbital.o
    0x08008fc4   0x08008fc4   0x0000008c   Code   RO         2940    i.pecialty_pix_amt_display  specialty_mode.o
    0x08009050   0x08009050   0x00000064   Code   RO         2838    i.percentage_get    adc.o
    0x080090b4   0x080090b4   0x00000098   Code   RO         1093    i.pix_amt_compara_dis  orbital.o
    0x0800914c   0x0800914c   0x00000080   Code   RO         1094    i.pix_amt_display   orbital.o
    0x080091cc   0x080091cc   0x000000f8   Code   RO         1629    i.press_OK_function  keyscan.o
    0x080092c4   0x080092c4   0x00000070   Code   RO         1630    i.press_key_continue  keyscan.o
    0x08009334   0x08009334   0x0000005c   Code   RO         1096    i.press_key_continue_if  orbital.o
    0x08009390   0x08009390   0x00000048   Code   RO         1758    i.pwrKey_exti_interrupt  gpio.o
    0x080093d8   0x080093d8   0x00000028   Code   RO         2941    i.pwr_key_enter_moveInterfer  specialty_mode.o
    0x08009400   0x08009400   0x00000128   Code   RO         2839    i.read_ADC_value    adc.o
    0x08009528   0x08009528   0x00000034   Code   RO          787    i.read_flash_holfword  flash.o
    0x0800955c   0x0800955c   0x00000580   Code   RO         1097    i.receiver_data_from_A650  orbital.o
    0x08009adc   0x08009adc   0x00000004   Code   RO         1098    i.remotoe_cursor_dispose  orbital.o
    0x08009ae0   0x08009ae0   0x0000000c   Code   RO         2744    i.return_mode_back  ab_set.o
    0x08009aec   0x08009aec   0x0000000c   Code   RO         1631    i.return_powers     keyscan.o
    0x08009af8   0x08009af8   0x0000005c   Code   RO         1632    i.scan_cycle_count  keyscan.o
    0x08009b54   0x08009b54   0x000000e8   Code   RO         1099    i.secondes_time_dis  orbital.o
    0x08009c3c   0x08009c3c   0x00000020   Code   RO          394    i.send_interval_count  uart.o
    0x08009c5c   0x08009c5c   0x0000001c   Code   RO         2511    i.set_active_time_out  low_power.o
    0x08009c78   0x08009c78   0x00000002   Code   RO         1100    i.set_addend_data   orbital.o
    0x08009c7a   0x08009c7a   0x00000002   PAD
    0x08009c7c   0x08009c7c   0x0000000c   Code   RO         2745    i.set_mode_back     ab_set.o
    0x08009c88   0x08009c88   0x0000000c   Code   RO         1633    i.set_power_on_int  keyscan.o
    0x08009c94   0x08009c94   0x00000010   Code   RO         1634    i.set_press_time    keyscan.o
    0x08009ca4   0x08009ca4   0x00000068   Code   RO         2942    i.shotting_Get_data_from_controller  specialty_mode.o
    0x08009d0c   0x08009d0c   0x0000000e   Code   RO         1102    i.shutKey_start     orbital.o
    0x08009d1a   0x08009d1a   0x00000002   PAD
    0x08009d1c   0x08009d1c   0x00000034   Code   RO         1103    i.single_cursor_dis  orbital.o
    0x08009d50   0x08009d50   0x00000050   Code   RO         1104    i.sleep_time_dis    orbital.o
    0x08009da0   0x08009da0   0x00000074   Code   RO         1106    i.slow_start_stop_dis  orbital.o
    0x08009e14   0x08009e14   0x000001c4   Code   RO         2943    i.specialty_cursor_id_dis  specialty_mode.o
    0x08009fd8   0x08009fd8   0x0000009c   Code   RO         2944    i.specialty_cursor_id_mode_dis  specialty_mode.o
    0x0800a074   0x0800a074   0x000000a0   Code   RO         2945    i.specialty_cursor_id_para_dis  specialty_mode.o
    0x0800a114   0x0800a114   0x00000050   Code   RO         2946    i.specialty_cursor_id_shift  specialty_mode.o
    0x0800a164   0x0800a164   0x00000110   Code   RO         2947    i.specialty_jiaHao_display  specialty_mode.o
    0x0800a274   0x0800a274   0x0000006c   Code   RO         2948    i.specialty_jiaHao_scan  specialty_mode.o
    0x0800a2e0   0x0800a2e0   0x0000022c   Code   RO         2949    i.specialty_mode_OKkey  specialty_mode.o
    0x0800a50c   0x0800a50c   0x00000028   Code   RO         2950    i.specialty_mode_para_clear  specialty_mode.o
    0x0800a534   0x0800a534   0x00000080   Code   RO         2951    i.specialty_move_dis  specialty_mode.o
    0x0800a5b4   0x0800a5b4   0x00000058   Code   RO         2952    i.specialty_page_mode_dis  specialty_mode.o
    0x0800a60c   0x0800a60c   0x0000014c   Code   RO         2953    i.specialty_page_para_dis  specialty_mode.o
    0x0800a758   0x0800a758   0x0000000c   Code   RO         2954    i.specialty_para_clear  specialty_mode.o
    0x0800a764   0x0800a764   0x000002ac   Code   RO         2955    i.specialty_para_sendTo_motor  specialty_mode.o
    0x0800aa10   0x0800aa10   0x00000048   Code   RO         2956    i.specialty_totaol_time_dis  specialty_mode.o
    0x0800aa58   0x0800aa58   0x00000214   Code   RO         2957    i.specielty_para_adjust  specialty_mode.o
    0x0800ac6c   0x0800ac6c   0x00000078   Code   RO         2958    i.specielty_para_dis  specialty_mode.o
    0x0800ace4   0x0800ace4   0x0000004c   Code   RO         2959    i.specilty_clear_han_display  specialty_mode.o
    0x0800ad30   0x0800ad30   0x00000014   Code   RO         2960    i.specilty_get_reshot_form_motor  specialty_mode.o
    0x0800ad44   0x0800ad44   0x00000078   Code   RO         2961    i.specilty_keyscan_send  specialty_mode.o
    0x0800adbc   0x0800adbc   0x0000007c   Code   RO         2962    i.specilty_page_return  specialty_mode.o
    0x0800ae38   0x0800ae38   0x00000014   Code   RO         2963    i.splty_mode_time_count  specialty_mode.o
    0x0800ae4c   0x0800ae4c   0x0000028c   Code   RO         1109    i.status_display    orbital.o
    0x0800b0d8   0x0800b0d8   0x00000014   Code   RO         2648    i.string_lengt      bootloader.o
    0x0800b0ec   0x0800b0ec   0x00000028   Code   RO         1113    i.time_count        orbital.o
    0x0800b114   0x0800b114   0x00000018   Code   RO         1114    i.time_delay_ms     orbital.o
    0x0800b12c   0x0800b12c   0x00000048   Code   RO          399    i.usart1_receiver   uart.o
    0x0800b174   0x0800b174   0x00000054   Code   RO          401    i.usart22_Recdata_Handling  uart.o
    0x0800b1c8   0x0800b1c8   0x0000000c   Code   RO          402    i.usart22_read_byte  uart.o
    0x0800b1d4   0x0800b1d4   0x00000020   Code   RO         1970    i.version_dis       oled.o
    0x0800b1f4   0x0800b1f4   0x000000a4   Code   RO         1118    i.video_page_OK     orbital.o
    0x0800b298   0x0800b298   0x00000048   Code   RO         1119    i.wait_for_init     orbital.o
    0x0800b2e0   0x0800b2e0   0x0000000c   Code   RO         2347    i.wifi24G_data_Dispose  rf24l01.o
    0x0800b2ec   0x0800b2ec   0x00000048   Code   RO         2348    i.wifi24G_read_data  rf24l01.o
    0x0800b334   0x0800b334   0x000000dc   Code   RO         2349    i.wifi24G_send_data  rf24l01.o
    0x0800b410   0x0800b410   0x00000018   Code   RO         1760    i.wifi_init         gpio.o
    0x0800b428   0x0800b428   0x00000028   Code   RO         2350    i.wifi_sleep        rf24l01.o
    0x0800b450   0x0800b450   0x00000030   Code   RO          788    i.write_bootTag     flash.o
    0x0800b480   0x0800b480   0x00000028   Code   RO          789    i.write_flash_active  flash.o
    0x0800b4a8   0x0800b4a8   0x0000000e   Code   RO          790    i.write_flash_holfword  flash.o
    0x0800b4b6   0x0800b4b6   0x00000002   PAD
    0x0800b4b8   0x0800b4b8   0x00000054   Code   RO          791    i.write_flash_holfword_buffer  flash.o
    0x0800b50c   0x0800b50c   0x00000010   Data   RO            5    .constdata          system_stm32f0xx.o
    0x0800b51c   0x0800b51c   0x00000008   Data   RO            6    .constdata          system_stm32f0xx.o
    0x0800b524   0x0800b524   0x0000000e   Data   RO           71    .constdata          main.o
    0x0800b532   0x0800b532   0x00000005   Data   RO          407    .constdata          uart.o
    0x0800b537   0x0800b537   0x00000001   PAD
    0x0800b538   0x0800b538   0x00001666   Data   RO         1971    .constdata          oled.o
    0x0800cb9e   0x0800cb9e   0x00000005   Data   RO         2841    .constdata          adc.o
    0x0800cba3   0x0800cba3   0x00000001   PAD
    0x0800cba4   0x0800cba4   0x0000022f   Data   RO         1975    .conststring        oled.o
    0x0800cdd3   0x0800cdd3   0x00000001   PAD
    0x0800cdd4   0x0800cdd4   0x00000020   Data   RO         4370    Region$$Table       anon$$obj.o


    Execution Region RW_IRAM1 (Exec base: 0x200000c4, Load base: 0x0800cdf4, Size: 0x000011bc, Max: 0x00002000, ABSOLUTE)

    Exec Addr    Load Addr    Size         Type   Attr      Idx    E Section Name        Object

    0x200000c4   0x0800cdf4   0x00000001   Data   RW          792    .data               flash.o
    0x200000c5   0x0800cdf5   0x00000006   Data   RW          923    .data               config.o
    0x200000cb   0x0800cdfb   0x00000001   PAD
    0x200000cc   0x0800cdfc   0x00000048   Data   RW         1121    .data               orbital.o
    0x20000114   0x0800ce44   0x00000001   Data   RW         1122    .data               orbital.o
    0x20000115   0x0800ce45   0x00000001   Data   RW         1123    .data               orbital.o
    0x20000116   0x0800ce46   0x00000016   Data   RW         1635    .data               keyscan.o
    0x2000012c   0x0800ce5c   0x00000014   Data   RW         1977    .data               oled.o
    0x20000140   0x0800ce70   0x00000004   Data   RW         2262    .data               pair.o
    0x20000144   0x0800ce74   0x00000003   Data   RW         2353    .data               rf24l01.o
    0x20000147   0x0800ce77   0x00000001   PAD
    0x20000148   0x0800ce78   0x00000008   Data   RW         2512    .data               low_power.o
    0x20000150   0x0800ce80   0x00000001   Data   RW         2649    .data               bootloader.o
    0x20000151   0x0800ce81   0x00000006   Data   RW         2750    .data               ab_set.o
    0x20000157   0x0800ce87   0x00000001   PAD
    0x20000158   0x0800ce88   0x00000018   Data   RW         2842    .data               adc.o
    0x20000170   0x0800cea0   0x00000014   Data   RW         2965    .data               specialty_mode.o
    0x20000184   0x0800ceb4   0x00000008   Data   RW         3191    .data               video.o
    0x2000018c        -       0x00000161   Zero   RW          404    .bss                uart.o
    0x200002ed   0x0800cebc   0x00000003   PAD
    0x200002f0        -       0x0000005a   Zero   RW         1120    .bss                orbital.o
    0x2000034a   0x0800cebc   0x00000002   PAD
    0x2000034c        -       0x00000190   Zero   RW         2840    .bss                adc.o
    0x200004dc        -       0x000009a0   Zero   RW         2964    .bss                specialty_mode.o
    0x20000e7c   0x0800cebc   0x00000004   PAD
    0x20000e80        -       0x00000400   Zero   RW         4023    STACK               startup_stm32f030x8.o


==============================================================================

Image component sizes


      Code (inc. data)   RO Data    RW Data    ZI Data      Debug   Object Name

       408         58          0          6          0       9937   ab_set.o
      1038        152          5         24        400      43184   adc.o
       304         48          0          1          0       3043   bootloader.o
       718         82          0          6          0      30428   config.o
       590         82          0          1          0       9267   flash.o
       802         94          0          0          0      39066   gpio.o
      1402        140          0         22          0      15644   keyscan.o
       814        142          0          8          0      94538   low_power.o
       774         76         14          0          0      65668   main.o
      7316       2754       6293         20          0      30861   oled.o
      8362       1290          0         74         90      47851   orbital.o
       910         86          0          4          0       5716   pair.o
      1442        128          0          3          0      19293   rf24l01.o
      6516        904          0         20       2464      31057   specialty_mode.o
        28          8        180          0       1024        608   startup_stm32f030x8.o
        52          8          0          0          0        640   stm32f0xx_hal_pwr.o
       258         46          0          0          0      61332   stm32f0xx_it.o
       168          0          0          0          0       6783   stm32f0xx_ll_gpio.o
       256         44          0          0          0      17080   stm32f0xx_ll_rcc.o
       100          8          0          0          0      11282   stm32f0xx_ll_spi.o
       752         92          0          0          0      34447   stm32f0xx_ll_tim.o
       172         16          0          0          0      16952   stm32f0xx_ll_usart.o
        92         14         24          0          0     180207   system_stm32f0xx.o
      1372        210          5          0        353      43325   uart.o
       736        192          0          8          0       5003   video.o

    ----------------------------------------------------------------------
     35422       6674       6556        200       4340     823212   Object Totals
         0          0         32          0          0          0   (incl. Generated)
        40          0          3          3          9          0   (incl. Padding)

    ----------------------------------------------------------------------

      Code (inc. data)   RO Data    RW Data    ZI Data      Debug   Library Member Name

         0          0          0          0          0          0   entry.o
         0          0          0          0          0          0   entry10a.o
         0          0          0          0          0          0   entry11a.o
         8          4          0          0          0          0   entry2.o
         4          0          0          0          0          0   entry5.o
         0          0          0          0          0          0   entry7b.o
         0          0          0          0          0          0   entry8b.o
         8          4          0          0          0          0   entry9a.o
        30          0          0          0          0          0   handlers.o
        36          8          0          0          0         68   init.o
         0          0          0          0          0          0   iusefp.o
        32          0          0          0          0         68   llshl.o
        38          0          0          0          0         68   llsshr.o
        34          0          0          0          0         68   llushr.o
        36          0          0          0          0         60   memcpya.o
        36          0          0          0          0        100   memseta.o
      2270         94          0          0          0        472   printfa.o
        30          0          0          0          0         72   strncmp.o
        44          0          0          0          0         72   uidiv.o
        96          0          0          0          0         84   uldiv.o
        40          2          0          0          0         68   cdrcmple.o
        20          0          0          0          0         68   cfcmple.o
        20          0          0          0          0         68   cfrcmple.o
        56          0          0          0          0         68   d2f.o
       356          4          0          0          0        140   dadd.o
       240          6          0          0          0         84   ddiv.o
       236          0          0          0          0        216   depilogue.o
        64         10          0          0          0         68   dfixul.o
       208          6          0          0          0         88   dmul.o
        40          0          0          0          0         60   f2d.o
       178          0          0          0          0        108   fadd.o
       124          0          0          0          0         72   fdiv.o
       130          0          0          0          0        144   fepilogue.o
        40          0          0          0          0         60   ffixui.o
        14          0          0          0          0         68   ffltui.o
       122          0          0          0          0         72   fmul.o

    ----------------------------------------------------------------------
      4602        138          0          0          0       2584   Library Totals
        12          0          0          0          0          0   (incl. Padding)

    ----------------------------------------------------------------------

      Code (inc. data)   RO Data    RW Data    ZI Data      Debug   Library Name

      2702        110          0          0          0       1132   mc_p.l
      1888         28          0          0          0       1452   mf_p.l

    ----------------------------------------------------------------------
      4602        138          0          0          0       2584   Library Totals

    ----------------------------------------------------------------------

==============================================================================


      Code (inc. data)   RO Data    RW Data    ZI Data      Debug   

     40024       6812       6556        200       4340     810656   Grand Totals
     40024       6812       6556        200       4340     810656   ELF Image Totals
     40024       6812       6556        200          0          0   ROM Totals

==============================================================================

    Total RO  Size (Code + RO Data)                46580 (  45.49kB)
    Total RW  Size (RW Data + ZI Data)              4540 (   4.43kB)
    Total ROM Size (Code + RO Data + RW Data)      46780 (  45.68kB)

==============================================================================

