<html>
<body>
<pre>
<h1>µVision Build Log</h1>
<h2>Project:</h2>
D:\C project\project\720\LG-06\lg-06\LG-06 (Cotroller)\aplication\MDK-ARM\A610.uvproj
Project File Date:  10/11/2023

<h2>Output:</h2>
Build target 'A610'
compiling orbital.c...
compiling specialty_mode.c...
..\Src\User\specialty_mode.c(1346): warning:  #177-D: variable "i" was declared but never referenced
        uint8_t i=0;
..\Src\User\specialty_mode.c(1362): warning:  #177-D: variable "temp_id" was declared but never referenced
        uint8_t temp_id = 0;
..\Src\User\specialty_mode.c: 2 warnings, 0 errors
linking...
Program Size: Code=40560 RO-data=6036 RW-data=196 ZI-data=4336  
FromELF: creating hex file...
After Build - User command #1: C:\Keil\ARM\ARMCC\bin\fromelf.exe --bin --output ../output/LG-06-CTR.bin ../output/LG-06-CTR.axf
"..\output\LG-06-CTR.axf" - 0 Error(s), 2 Warning(s).
</pre>
</body>
</html>
: 5 warnings, 0 errors
compiling stm32f0xx_it.c...
compiling uart.c...
compiling flash.c...
compiling config.c...
compiling orbital.c...
compiling keyscan.c...
compiling GPIO.c...
compiling oled.c...
compiling Pair.c...
compiling RF24L01.c...
compiling low_power.c...
compiling bootloader.c...
compiling ab_set.c...
compiling ADC.c...
compiling specialty_mode.c...
..\Src\User\specialty_mode.c(1346): warning:  #177-D: variable "i" was declared but never referenced
        uint8_t i=0;
..\Src\User\specialty_mode.c(1362): warning:  #177-D: variable "temp_id" was declared but never referenced
        uint8_t temp_id = 0;
..\Src\User\specialty_mode.c: 2 warnings, 0 errors
compiling stm32f0xx_hal_pwr.c...
linking...
Program Size: Code=40536 RO-data=6036 RW-data=196 ZI-data=4336  
FromELF: creating hex file...
After Build - User command #1: C:\Keil\ARM\ARMCC\bin\fromelf.exe --bin --output ../output/LG-06-CTR.bin ../output/LG-06-CTR.axf
"..\output\LG-06-CTR.axf" - 0 Error(s), 7 Warning(s).
c...
compiling stm32f0xx_ll_gpio.c...
compiling stm32f0xx_ll_rtc.c...
compiling stm32f0xx_ll_spi.c...
compiling stm32f0xx_hal_pwr.c...
assembling startup_stm32f030x8.s...
linking...
Program Size: Code=40552 RO-data=6036 RW-data=196 ZI-data=4336  
FromELF: creating hex file...
After Build - User command #1: C:\Keil\ARM\ARMCC\bin\fromelf.exe --bin --output ../output/LG-06-CTR.bin ../output/LG-06-CTR.axf
"..\output\LG-06-CTR.axf" - 0 Error(s), 7 Warning(s).
